{"message": "{\"timestamp\": 0.01707601547241211, \"object_type\": \"info\", \"data\": \"Setting up channels and logging:\", \"data_type\": \"<type 'str'>\"}"}
{"message": "{\"timestamp\": 1.2469160556793213, \"object_type\": \"info\", \"data\": \"Labjack opened.\", \"data_type\": \"<type 'str'>\"}"}
{"message": "{\"timestamp\": 1.2487249374389648, \"object_type\": \"info\", \"data\": \"Streaming addresses:[0, 2, 4, 6]\", \"data_type\": \"<type 'str'>\"}"}
{"message": "{\"timestamp\": 1.2537360191345215, \"object_type\": \"info\", \"data\": \"Configuring U6 stream...\", \"data_type\": \"<type 'str'>\"}"}
{"message": "{\"timestamp\": 1.2545430660247803, \"object_type\": \"info\", \"data\": \"Analog addresses[5000, 5002]\", \"data_type\": \"<type 'str'>\"}"}
{"message": "{\"timestamp\": 1.2561061382293701, \"object_type\": \"info\", \"data\": \"Digital addresses [6000]\", \"data_type\": \"<type 'str'>\"}"}
{"message": "{\"timestamp\": 1.256761074066162, \"object_type\": \"info\", \"data\": \"Generating logfile\", \"data_type\": \"<type 'str'>\"}"}
{"message": "{\"timestamp\": 1.2567880153656006, \"object_type\": \"info\", \"data\": \"Setup complete\", \"data_type\": \"<type 'str'>\"}"}
{"message": "{\"timestamp\": 1.5291409492492676, \"object_type\": \"labjack_stream\", \"data\": {\"AIN0\": [4.694306300862081, 0.2652439939811302, -3.758075993125658, -7.232199140441935, -9.84851021118402, -10.5669790544448, -10.5669790544448, -10.566348542076867, -10.5669790544448, -10.566348542076867, -10.566663798260834, -10.566663798260834, -10.5669790544448, -10.566663798260834, -10.566348542076867, -10.566663798260834, -10.566663798260834, -10.566663798260834, -10.5669790544448, -10.566663798260834, -10.5669790544448, -10.566663798260834, -10.566348542076867, -10.566663798260834, -10.566663798260834, -10.566663798260834, -10.566663798260834, -10.566348542076867, -10.566663798260834, -10.566663798260834, -10.566663798260834, -10.566348542076867, -10.566663798260834, -10.566663798260834, -10.566663798260834, -10.566348542076867, -10.566348542076867, -10.566663798260834, -10.566348542076867, -10.566663798260834, -10.566663798260834, -10.5669790544448, -10.5669790544448, -10.566348542076867, -10.566663798260834, -10.5660332858929, -10.5669790544448, -10.5669790544448, -10.566663798260834, -10.566348542076867, -10.566663798260834, -10.566663798260834, -10.566663798260834, -10.566663798260834, -10.566663798260834, -10.5669790544448, -10.566663798260834, -10.566663798260834, -10.566663798260834, -10.566663798260834, -10.566663798260834, -10.566663798260834, -10.566663798260834, -10.566663798260834, -10.566348542076867, -10.5669790544448, -10.5669790544448, -10.566663798260834, -10.5669790544448, -10.566348542076867, -10.566348542076867, -10.566348542076867, -10.566348542076867, -10.5669790544448, -10.566663798260834, -10.5669790544448, -10.566663798260834, -10.5669790544448, -10.566663798260834, -10.566663798260834, -10.566663798260834, -10.5669790544448, -10.5669790544448, -10.566348542076867, -10.566663798260834, -10.566348542076867, -10.5660332858929, -10.566348542076867, -10.5669790544448, -10.566663798260834, -10.566663798260834, -10.566663798260834, -10.566663798260834, -10.5669790544448, -10.5669790544448, -10.566663798260834, -10.5669790544448, -10.566663798260834, -10.566663798260834, -10.566663798260834, -10.566663798260834, -10.566663798260834, -10.566348542076867, -10.566663798260834, -10.5669790544448, -10.5669790544448, -10.566663798260834, -10.566663798260834, -10.566663798260834, -10.566663798260834, -10.5669790544448, -10.566663798260834, -10.566663798260834, -10.566663798260834, -10.566663798260834, -10.5669790544448, -10.566663798260834, -10.566663798260834, -10.566663798260834, -10.5669790544448, -10.5669790544448, -10.566663798260834, -10.566663798260834, -10.566663798260834, -10.566663798260834, -10.566663798260834, -10.5669790544448, -10.566348542076867, -10.566348542076867, -10.566348542076867, -10.5669790544448, -10.566348542076867, -10.5669790544448, -10.566348542076867, -10.566663798260834, -10.566348542076867, -10.566348542076867, -10.566663798260834, -10.566348542076867, -10.566348542076867, -10.566663798260834, -10.5660332858929, -10.566663798260834, -10.5669790544448, -10.566663798260834, -10.566663798260834, -10.5669790544448, -10.5669790544448, -10.566663798260834, -10.566663798260834, -10.566663798260834, -10.5669790544448, -10.566663798260834, -10.566348542076867, -10.566348542076867, -10.566663798260834, -10.5669790544448, -10.5669790544448, -10.566663798260834, -10.566348542076867, -10.566663798260834, -10.566348542076867, -10.566663798260834, -10.566663798260834, -10.566663798260834, -10.566663798260834, -10.566663798260834, -10.5669790544448, -10.566348542076867, -10.566348542076867, -10.5669790544448, -10.566348542076867, -10.566348542076867, -10.5669790544448, -10.5669790544448, -10.566663798260834, -10.566663798260834, -10.566663798260834, -10.566663798260834, -10.566663798260834, -10.5669790544448, -10.5669790544448, -10.566663798260834, -10.5669790544448, -10.566663798260834, -10.566348542076867, -10.566663798260834, -10.566663798260834, -10.566663798260834, -10.566348542076867, -10.566348542076867, -10.566348542076867, -10.566348542076867, -10.566348542076867, -10.566663798260834, -10.5669790544448, -10.566663798260834, -10.566663798260834, -10.566663798260834, -10.566663798260834, -10.566663798260834, -10.566663798260834, -10.5669790544448, -10.566663798260834, -10.5669790544448, -10.566663798260834, -10.566348542076867, -10.5669790544448, -10.566663798260834, -10.5669790544448, -10.566663798260834, -10.5669790544448, -10.566348542076867, -10.5669790544448, -10.566663798260834, -10.566663798260834, -10.566663798260834, -10.566663798260834, -10.566348542076867, -10.566663798260834, -10.566663798260834, -10.566663798260834, -10.566348542076867, -10.566348542076867, -10.566663798260834, -10.566663798260834, -10.566663798260834, -10.566663798260834, -10.566663798260834, -10.566663798260834, -10.566663798260834, -10.566348542076867, -10.566663798260834, -10.566663798260834, -10.5669790544448, -10.566663798260834, -10.5669790544448, -10.566663798260834, -10.566348542076867, -10.566348542076867, -10.566663798260834, -10.5669790544448, -10.5669790544448, -10.566663798260834, -10.5669790544448, -10.566663798260834, -10.566663798260834, -10.5669790544448, -10.566663798260834, -10.566348542076867], \"AIN1\": [1.7448559961303545, -1.1783346397237437, -4.906239015133451, -8.183642303654324, -10.5335618989443, -10.566348542076867, -10.5669790544448, -10.566663798260834, -10.566663798260834, -10.566348542076867, -10.566663798260834, -10.566663798260834, -10.5669790544448, -10.566348542076867, -10.566663798260834, -10.566663798260834, -10.566663798260834, -10.566663798260834, -10.566663798260834, -10.566663798260834, -10.566348542076867, -10.566663798260834, -10.566348542076867, -10.566663798260834, -10.566663798260834, -10.566348542076867, -10.566663798260834, -10.5669790544448, -10.5669790544448, -10.566663798260834, -10.5669790544448, -10.566663798260834, -10.566663798260834, -10.566663798260834, -10.566663798260834, -10.566348542076867, -10.566663798260834, -10.566348542076867, -10.5669790544448, -10.566663798260834, -10.566663798260834, -10.5669790544448, -10.566348542076867, -10.566663798260834, -10.566663798260834, -10.5669790544448, -10.5669790544448, -10.566663798260834, -10.5669790544448, -10.566663798260834, -10.566663798260834, -10.566663798260834, -10.566663798260834, -10.566663798260834, -10.566348542076867, -10.566663798260834, -10.566663798260834, -10.566663798260834, -10.566663798260834, -10.566663798260834, -10.566663798260834, -10.566663798260834, -10.566663798260834, -10.566348542076867, -10.566663798260834, -10.566663798260834, -10.566663798260834, -10.566663798260834, -10.5669790544448, -10.566348542076867, -10.566348542076867, -10.566663798260834, -10.566663798260834, -10.566663798260834, -10.566663798260834, -10.566663798260834, -10.566348542076867, -10.566663798260834, -10.566663798260834, -10.566663798260834, -10.566348542076867, -10.566663798260834, -10.566663798260834, -10.566348542076867, -10.566663798260834, -10.566663798260834, -10.566663798260834, -10.566348542076867, -10.5669790544448, -10.566348542076867, -10.5669790544448, -10.566663798260834, -10.566663798260834, -10.566663798260834, -10.5669790544448, -10.5669790544448, -10.5669790544448, -10.566663798260834, -10.566663798260834, -10.5669790544448, -10.566663798260834, -10.566663798260834, -10.566663798260834, -10.5669790544448, -10.566663798260834, -10.566663798260834, -10.566663798260834, -10.566663798260834, -10.5669790544448, -10.5669790544448, -10.566663798260834, -10.566663798260834, -10.566663798260834, -10.566348542076867, -10.566348542076867, -10.5669790544448, -10.566663798260834, -10.566663798260834, -10.566348542076867, -10.5669790544448, -10.566663798260834, -10.566348542076867, -10.5669790544448, -10.5669790544448, -10.5669790544448, -10.5669790544448, -10.566348542076867, -10.566663798260834, -10.566663798260834, -10.5669790544448, -10.566663798260834, -10.566663798260834, -10.5669790544448, -10.566663798260834, -10.566663798260834, -10.566348542076867, -10.5669790544448, -10.566663798260834, -10.566663798260834, -10.566663798260834, -10.566663798260834, -10.566348542076867, -10.566348542076867, -10.566348542076867, -10.566663798260834, -10.566663798260834, -10.5669790544448, -10.5669790544448, -10.566348542076867, -10.566663798260834, -10.566663798260834, -10.567294310628768, -10.566663798260834, -10.566663798260834, -10.566663798260834, -10.5669790544448, -10.566663798260834, -10.5669790544448, -10.566348542076867, -10.566663798260834, -10.566663798260834, -10.566663798260834, -10.566663798260834, -10.566348542076867, -10.566663798260834, -10.566663798260834, -10.5669790544448, -10.566663798260834, -10.566663798260834, -10.5669790544448, -10.5669790544448, -10.5669790544448, -10.566663798260834, -10.5669790544448, -10.5669790544448, -10.566663798260834, -10.5669790544448, -10.5669790544448, -10.566663798260834, -10.5669790544448, -10.5669790544448, -10.5669790544448, -10.5669790544448, -10.566663798260834, -10.566348542076867, -10.566348542076867, -10.5669790544448, -10.566348542076867, -10.566663798260834, -10.5669790544448, -10.566663798260834, -10.566348542076867, -10.566348542076867, -10.566663798260834, -10.5669790544448, -10.566663798260834, -10.5669790544448, -10.566348542076867, -10.566348542076867, -10.566663798260834, -10.566663798260834, -10.5669790544448, -10.566663798260834, -10.566663798260834, -10.566663798260834, -10.566663798260834, -10.566348542076867, -10.566663798260834, -10.566348542076867, -10.566348542076867, -10.566663798260834, -10.566348542076867, -10.5669790544448, -10.566348542076867, -10.566348542076867, -10.566348542076867, -10.566663798260834, -10.5669790544448, -10.566663798260834, -10.5669790544448, -10.566663798260834, -10.566348542076867, -10.566663798260834, -10.566348542076867, -10.566663798260834, -10.566663798260834, -10.566663798260834, -10.566663798260834, -10.566348542076867, -10.5669790544448, -10.5669790544448, -10.566663798260834, -10.566663798260834, -10.566663798260834, -10.566663798260834, -10.566663798260834, -10.566663798260834, -10.566663798260834, -10.566348542076867, -10.566663798260834, -10.566663798260834, -10.5669790544448, -10.566663798260834, -10.566663798260834, -10.566663798260834, -10.566663798260834, -10.566663798260834, -10.566663798260834, -10.566663798260834, -10.566663798260834], \"AIN2\": [2.0339683349266124, -2.050963756944384, -5.800936065231781, -8.888555131004523, -10.566663798260834, -10.566348542076867, -10.566663798260834, -10.566663798260834, -10.566663798260834, -10.566348542076867, -10.566663798260834, -10.5669790544448, -10.566663798260834, -10.5669790544448, -10.566348542076867, -10.566663798260834, -10.566348542076867, -10.566663798260834, -10.566663798260834, -10.5669790544448, -10.566663798260834, -10.566663798260834, -10.566663798260834, -10.566348542076867, -10.566663798260834, -10.5669790544448, -10.566348542076867, -10.566663798260834, -10.566663798260834, -10.566348542076867, -10.5669790544448, -10.5669790544448, -10.566663798260834, -10.5669790544448, -10.566663798260834, -10.566348542076867, -10.566348542076867, -10.566663798260834, -10.5669790544448, -10.5669790544448, -10.566663798260834, -10.566663798260834, -10.566663798260834, -10.566663798260834, -10.566663798260834, -10.5669790544448, -10.566663798260834, -10.566663798260834, -10.566663798260834, -10.5669790544448, -10.566663798260834, -10.5669790544448, -10.5669790544448, -10.566348542076867, -10.566663798260834, -10.5669790544448, -10.566663798260834, -10.566663798260834, -10.5669790544448, -10.566663798260834, -10.5669790544448, -10.566663798260834, -10.566663798260834, -10.566663798260834, -10.566663798260834, -10.5669790544448, -10.566663798260834, -10.5669790544448, -10.5669790544448, -10.566663798260834, -10.566663798260834, -10.5669790544448, -10.5669790544448, -10.5669790544448, -10.566663798260834, -10.566663798260834, -10.566348542076867, -10.5669790544448, -10.5669790544448, -10.566663798260834, -10.5669790544448, -10.566663798260834, -10.5669790544448, -10.566663798260834, -10.566348542076867, -10.566663798260834, -10.566348542076867, -10.5669790544448, -10.5669790544448, -10.566348542076867, -10.566663798260834, -10.566663798260834, -10.5669790544448, -10.566663798260834, -10.566663798260834, -10.566663798260834, -10.566663798260834, -10.566663798260834, -10.566348542076867, -10.566663798260834, -10.566663798260834, -10.566663798260834, -10.566663798260834, -10.5669790544448, -10.5669790544448, -10.5669790544448, -10.566663798260834, -10.566348542076867, -10.5669790544448, -10.566663798260834, -10.566663798260834, -10.566663798260834, -10.5669790544448, -10.5669790544448, -10.5669790544448, -10.5669790544448, -10.5669790544448, -10.5669790544448, -10.566348542076867, -10.5669790544448, -10.5669790544448, -10.566663798260834, -10.566663798260834, -10.566663798260834, -10.566663798260834, -10.5669790544448, -10.566663798260834, -10.566663798260834, -10.5669790544448, -10.566663798260834, -10.5669790544448, -10.5669790544448, -10.566663798260834, -10.566663798260834, -10.5669790544448, -10.566663798260834, -10.566663798260834, -10.566663798260834, -10.5669790544448, -10.566348542076867, -10.566663798260834, -10.5669790544448, -10.566663798260834, -10.566348542076867, -10.566348542076867, -10.566663798260834, -10.566348542076867, -10.566663798260834, -10.566663798260834, -10.566663798260834, -10.5669790544448, -10.5669790544448, -10.566663798260834, -10.566663798260834, -10.5669790544448, -10.566663798260834, -10.566663798260834, -10.566663798260834, -10.566663798260834, -10.566348542076867, -10.566663798260834, -10.566663798260834, -10.566348542076867, -10.5669790544448, -10.566663798260834, -10.566663798260834, -10.5669790544448, -10.5669790544448, -10.5669790544448, -10.5669790544448, -10.566663798260834, -10.566663798260834, -10.566663798260834, -10.566663798260834, -10.566663798260834, -10.566348542076867, -10.566663798260834, -10.566663798260834, -10.566348542076867, -10.566663798260834, -10.566663798260834, -10.566663798260834, -10.566663798260834, -10.5669790544448, -10.5669790544448, -10.566663798260834, -10.566663798260834, -10.5669790544448, -10.566348542076867, -10.566663798260834, -10.566663798260834, -10.566348542076867, -10.566663798260834, -10.5669790544448, -10.566663798260834, -10.566663798260834, -10.5669790544448, -10.5669790544448, -10.566663798260834, -10.566663798260834, -10.566663798260834, -10.566663798260834, -10.566348542076867, -10.5669790544448, -10.566348542076867, -10.566663798260834, -10.5669790544448, -10.566663798260834, -10.5669790544448, -10.566663798260834, -10.566663798260834, -10.566663798260834, -10.5669790544448, -10.566663798260834, -10.566348542076867, -10.566663798260834, -10.566663798260834, -10.566663798260834, -10.566663798260834, -10.566663798260834, -10.566663798260834, -10.566663798260834, -10.5669790544448, -10.566663798260834, -10.5669790544448, -10.5669790544448, -10.566663798260834, -10.566663798260834, -10.5669790544448, -10.566348542076867, -10.566663798260834, -10.5669790544448, -10.566663798260834, -10.566663798260834, -10.566663798260834, -10.566663798260834, -10.5669790544448, -10.566663798260834, -10.566663798260834, -10.5669790544448, -10.5669790544448, -10.566348542076867, -10.5669790544448, -10.566663798260834, -10.5669790544448, -10.5669790544448, -10.566663798260834, -10.566663798260834, -10.566348542076867, -10.566348542076867], \"AIN3\": [1.124383713959105, -3.0588377770868647, -6.658748141805972, -9.548386324047442, -10.566663798260834, -10.5669790544448, -10.566348542076867, -10.566663798260834, -10.566663798260834, -10.566663798260834, -10.5669790544448, -10.566663798260834, -10.566663798260834, -10.5669790544448, -10.566663798260834, -10.566663798260834, -10.566348542076867, -10.566663798260834, -10.566663798260834, -10.566663798260834, -10.566663798260834, -10.566348542076867, -10.566663798260834, -10.5669790544448, -10.566663798260834, -10.566348542076867, -10.5669790544448, -10.5669790544448, -10.566663798260834, -10.5669790544448, -10.566348542076867, -10.5669790544448, -10.566663798260834, -10.566663798260834, -10.5669790544448, -10.566663798260834, -10.566663798260834, -10.566348542076867, -10.566663798260834, -10.566663798260834, -10.5669790544448, -10.566348542076867, -10.566663798260834, -10.5669790544448, -10.566348542076867, -10.566663798260834, -10.566663798260834, -10.5669790544448, -10.5669790544448, -10.566663798260834, -10.566348542076867, -10.566348542076867, -10.566663798260834, -10.566663798260834, -10.5669790544448, -10.566663798260834, -10.566663798260834, -10.566663798260834, -10.567294310628768, -10.566348542076867, -10.566663798260834, -10.566348542076867, -10.5669790544448, -10.5669790544448, -10.566663798260834, -10.566663798260834, -10.566663798260834, -10.566663798260834, -10.566663798260834, -10.566663798260834, -10.566663798260834, -10.5669790544448, -10.566663798260834, -10.566348542076867, -10.566663798260834, -10.566663798260834, -10.566348542076867, -10.566663798260834, -10.566663798260834, -10.566663798260834, -10.566663798260834, -10.566348542076867, -10.566348542076867, -10.566348542076867, -10.566663798260834, -10.5669790544448, -10.566663798260834, -10.566663798260834, -10.566663798260834, -10.566348542076867, -10.566663798260834, -10.566348542076867, -10.566348542076867, -10.566663798260834, -10.566663798260834, -10.567294310628768, -10.5669790544448, -10.566663798260834, -10.566663798260834, -10.5669790544448, -10.566663798260834, -10.566348542076867, -10.566663798260834, -10.5669790544448, -10.566348542076867, -10.566663798260834, -10.566348542076867, -10.5669790544448, -10.5669790544448, -10.566663798260834, -10.566663798260834, -10.566663798260834, -10.566663798260834, -10.566663798260834, -10.5669790544448, -10.5669790544448, -10.566663798260834, -10.5669790544448, -10.566663798260834, -10.5669790544448, -10.566663798260834, -10.566663798260834, -10.566348542076867, -10.566663798260834, -10.566663798260834, -10.566663798260834, -10.5669790544448, -10.566348542076867, -10.5669790544448, -10.5669790544448, -10.566348542076867, -10.566348542076867, -10.566663798260834, -10.566663798260834, -10.566348542076867, -10.566663798260834, -10.566348542076867, -10.5669790544448, -10.566663798260834, -10.566348542076867, -10.5669790544448, -10.5669790544448, -10.5669790544448, -10.5669790544448, -10.566663798260834, -10.5669790544448, -10.566663798260834, -10.566663798260834, -10.566663798260834, -10.5669790544448, -10.566348542076867, -10.566663798260834, -10.566663798260834, -10.566663798260834, -10.566348542076867, -10.566663798260834, -10.566348542076867, -10.566663798260834, -10.566348542076867, -10.566348542076867, -10.566663798260834, -10.566348542076867, -10.566348542076867, -10.5669790544448, -10.566663798260834, -10.566348542076867, -10.566663798260834, -10.566663798260834, -10.5669790544448, -10.5669790544448, -10.566663798260834, -10.566663798260834, -10.566663798260834, -10.5669790544448, -10.566663798260834, -10.5669790544448, -10.5669790544448, -10.5669790544448, -10.566663798260834, -10.566663798260834, -10.566663798260834, -10.566663798260834, -10.566663798260834, -10.566663798260834, -10.566663798260834, -10.566663798260834, -10.566663798260834, -10.5669790544448, -10.566663798260834, -10.566663798260834, -10.5669790544448, -10.566663798260834, -10.5669790544448, -10.566663798260834, -10.5669790544448, -10.5669790544448, -10.566663798260834, -10.566663798260834, -10.566663798260834, -10.566663798260834, -10.566663798260834, -10.566348542076867, -10.566663798260834, -10.566663798260834, -10.5669790544448, -10.566348542076867, -10.566663798260834, -10.566348542076867, -10.5669790544448, -10.566348542076867, -10.5669790544448, -10.566348542076867, -10.566663798260834, -10.566663798260834, -10.566663798260834, -10.5669790544448, -10.566348542076867, -10.566663798260834, -10.5669790544448, -10.566663798260834, -10.566663798260834, -10.566663798260834, -10.566663798260834, -10.566663798260834, -10.566663798260834, -10.5669790544448, -10.566663798260834, -10.566663798260834, -10.566348542076867, -10.566348542076867, -10.566663798260834, -10.566348542076867, -10.5669790544448, -10.566663798260834, -10.566663798260834, -10.566663798260834, -10.566663798260834, -10.566663798260834, -10.566348542076867, -10.566663798260834, -10.566663798260834, -10.566663798260834, -10.566663798260834, -10.566663798260834, -10.566663798260834, -10.5669790544448, -10.5669790544448, -10.566663798260834, -10.566348542076867, -10.566663798260834]}, \"data_type\": \"<type 'collections.defaultdict'>\"}"}
{"message": "{\"timestamp\": 1.804995059967041, \"object_type\": \"labjack_stream\", \"data\": {\"AIN0\": [-10.566663798260834, -10.566663798260834, -10.566663798260834, -10.566663798260834, -10.5669790544448, -10.5669790544448, -10.566348542076867, -10.566663798260834, -10.566663798260834, -10.566663798260834, -10.5669790544448, -10.5669790544448, -10.566663798260834, -10.5669790544448, -10.566348542076867, -10.566663798260834, -10.566348542076867, -10.5669790544448, -10.566348542076867, -10.566348542076867, -10.566663798260834, -10.566663798260834, -10.566663798260834, -10.5669790544448, -10.566663798260834, -10.5669790544448, -10.566348542076867, -10.566663798260834, -10.566663798260834, -10.566348542076867, -10.5669790544448, -10.5669790544448, -10.5669790544448, -10.5669790544448, -10.566663798260834, -10.566348542076867, -10.566348542076867, -10.566663798260834, -10.5669790544448, -10.566663798260834, -10.5669790544448, -10.566663798260834, -10.566663798260834, -10.566663798260834, -10.5669790544448, -10.566663798260834, -10.5669790544448, -10.566348542076867, -10.566663798260834, -10.566663798260834, -10.566663798260834, -10.5669790544448, -10.566663798260834, -10.566663798260834, -10.566348542076867, -10.566348542076867, -10.566663798260834, -10.566348542076867, -10.566663798260834, -10.566663798260834, -10.5669790544448, -10.566663798260834, -10.566663798260834, -10.566663798260834, -10.566663798260834, -10.566663798260834, -10.566348542076867, -10.566663798260834, -10.566663798260834, -10.566663798260834, -10.5669790544448, -10.566663798260834, -10.5669790544448, -10.566348542076867, -10.566663798260834, -10.566348542076867, -10.5669790544448, -10.5669790544448, -10.566348542076867, -10.5669790544448, -10.566663798260834, -10.566663798260834, -10.5669790544448, -10.566663798260834, -10.566663798260834, -10.566663798260834, -10.566663798260834, -10.566663798260834, -10.566663798260834, -10.566348542076867, -10.566663798260834, -10.566348542076867, -10.566663798260834, -10.566663798260834, -10.5669790544448, -10.566348542076867, -10.566663798260834, -10.5669790544448, -10.566663798260834, -10.566348542076867, -10.566663798260834, -10.566663798260834, -10.566663798260834, -10.566663798260834, -10.5669790544448, -10.566663798260834, -10.566663798260834, -10.566663798260834, -10.566663798260834, -10.566663798260834, -10.566663798260834, -10.566663798260834, -10.566663798260834, -10.566663798260834, -10.5669790544448, -10.566663798260834, -10.566663798260834, -10.566663798260834, -10.566348542076867, -10.566663798260834, -10.566663798260834, -10.566348542076867, -10.566663798260834, -10.5669790544448, -10.566663798260834, -10.5669790544448, -10.566663798260834, -10.566663798260834, -10.566348542076867, -10.566663798260834, -10.5669790544448, -10.566348542076867, -10.5669790544448, -10.566663798260834, -10.566348542076867, -10.566663798260834, -10.5669790544448, -10.566663798260834, -10.566348542076867, -10.566348542076867, -10.566663798260834, -10.566663798260834, -10.566348542076867, -10.566663798260834, -10.5669790544448, -10.566663798260834, -10.566663798260834, -10.566348542076867, -10.566348542076867, -10.5669790544448, -10.566663798260834, -10.5669790544448, -10.566663798260834, -10.566348542076867, -10.5669790544448, -10.566663798260834, -10.566348542076867, -10.566663798260834, -10.566663798260834, -10.566663798260834, -10.566663798260834, -10.566663798260834, -10.566348542076867, -10.566663798260834, -10.5669790544448, -10.5669790544448, -10.5660332858929, -10.566663798260834, -10.566663798260834, -10.566663798260834, -10.566663798260834, -10.566663798260834, -10.566663798260834, -10.566663798260834, -10.5669790544448, -10.566663798260834, -10.566663798260834, -10.566348542076867, -10.566663798260834, -10.566663798260834, -10.5669790544448, -10.566663798260834, -10.566348542076867, -10.566348542076867, -10.566663798260834, -10.566663798260834, -10.5669790544448, -10.566663798260834, -10.566663798260834, -10.5669790544448, -10.566663798260834, -10.566663798260834, -10.5660332858929, -10.566348542076867, -10.566663798260834, -10.566348542076867, -10.566663798260834, -10.5669790544448, -10.566663798260834, -10.566663798260834, -10.5669790544448, -10.5669790544448, -10.566663798260834, -10.5669790544448, -10.5669790544448, -10.566663798260834, -10.5669790544448, -10.566348542076867, -10.566663798260834, -10.566663798260834, -10.566348542076867, -10.566348542076867, -10.566663798260834, -10.566663798260834, -10.5669790544448, -10.566663798260834, -10.566663798260834, -10.5669790544448, -10.5669790544448, -10.566663798260834, -10.566663798260834, -10.566348542076867, -10.566348542076867, -10.566663798260834, -10.566663798260834, -10.5669790544448, -10.5669790544448, -10.5669790544448, -10.566663798260834, -10.566348542076867, -10.566663798260834, -10.566663798260834, -10.5669790544448, -10.566663798260834, -10.566663798260834, -10.566663798260834, -10.566663798260834, -10.566348542076867, -10.566348542076867, -10.566663798260834, -10.566663798260834, -10.566348542076867, -10.5669790544448, -10.566663798260834, -10.566663798260834, -10.566663798260834, -10.566663798260834, -10.566348542076867, -10.5669790544448, -10.566348542076867], \"AIN1\": [-10.5669790544448, -10.566663798260834, -10.566663798260834, -10.566663798260834, -10.5669790544448, -10.566348542076867, -10.566663798260834, -10.566663798260834, -10.5669790544448, -10.566663798260834, -10.5669790544448, -10.566663798260834, -10.5669790544448, -10.5669790544448, -10.5669790544448, -10.566663798260834, -10.566348542076867, -10.566663798260834, -10.566348542076867, -10.5669790544448, -10.566663798260834, -10.5669790544448, -10.566663798260834, -10.566663798260834, -10.566663798260834, -10.566348542076867, -10.5669790544448, -10.566348542076867, -10.566663798260834, -10.5669790544448, -10.5669790544448, -10.566348542076867, -10.5669790544448, -10.566663798260834, -10.566348542076867, -10.566663798260834, -10.5669790544448, -10.566663798260834, -10.566348542076867, -10.5669790544448, -10.566663798260834, -10.566348542076867, -10.566663798260834, -10.566663798260834, -10.566663798260834, -10.566348542076867, -10.566663798260834, -10.566348542076867, -10.566348542076867, -10.566663798260834, -10.5669790544448, -10.566663798260834, -10.566663798260834, -10.566663798260834, -10.5669790544448, -10.566663798260834, -10.566348542076867, -10.566663798260834, -10.566663798260834, -10.566663798260834, -10.566663798260834, -10.566663798260834, -10.5669790544448, -10.5669790544448, -10.566348542076867, -10.566663798260834, -10.566348542076867, -10.5669790544448, -10.5669790544448, -10.566663798260834, -10.566663798260834, -10.566663798260834, -10.566348542076867, -10.5669790544448, -10.5669790544448, -10.5669790544448, -10.566663798260834, -10.566663798260834, -10.5669790544448, -10.566663798260834, -10.566663798260834, -10.566348542076867, -10.566663798260834, -10.5669790544448, -10.566348542076867, -10.5669790544448, -10.566663798260834, -10.5669790544448, -10.566663798260834, -10.5669790544448, -10.5669790544448, -10.566663798260834, -10.566663798260834, -10.566663798260834, -10.5669790544448, -10.566663798260834, -10.566348542076867, -10.566348542076867, -10.566663798260834, -10.566663798260834, -10.5669790544448, -10.566663798260834, -10.566663798260834, -10.566348542076867, -10.5669790544448, -10.5669790544448, -10.566663798260834, -10.5669790544448, -10.566663798260834, -10.5669790544448, -10.566663798260834, -10.566663798260834, -10.566663798260834, -10.5669790544448, -10.566663798260834, -10.566348542076867, -10.566663798260834, -10.566663798260834, -10.5669790544448, -10.566663798260834, -10.566663798260834, -10.5669790544448, -10.566663798260834, -10.566663798260834, -10.5669790544448, -10.5669790544448, -10.5669790544448, -10.566663798260834, -10.566663798260834, -10.5669790544448, -10.5669790544448, -10.5669790544448, -10.566663798260834, -10.566348542076867, -10.5669790544448, -10.566663798260834, -10.566663798260834, -10.5669790544448, -10.566663798260834, -10.566348542076867, -10.566663798260834, -10.566663798260834, -10.566663798260834, -10.566348542076867, -10.566663798260834, -10.566348542076867, -10.566663798260834, -10.566663798260834, -10.5669790544448, -10.566663798260834, -10.566348542076867, -10.566663798260834, -10.566663798260834, -10.566663798260834, -10.566663798260834, -10.5669790544448, -10.566663798260834, -10.566663798260834, -10.566663798260834, -10.566663798260834, -10.566663798260834, -10.566663798260834, -10.566663798260834, -10.5669790544448, -10.5669790544448, -10.566663798260834, -10.566663798260834, -10.566663798260834, -10.566348542076867, -10.566348542076867, -10.5669790544448, -10.566663798260834, -10.566348542076867, -10.566663798260834, -10.566663798260834, -10.566663798260834, -10.566348542076867, -10.5669790544448, -10.566663798260834, -10.5669790544448, -10.5669790544448, -10.566348542076867, -10.566663798260834, -10.566663798260834, -10.566663798260834, -10.566663798260834, -10.566663798260834, -10.566663798260834, -10.566663798260834, -10.566663798260834, -10.5669790544448, -10.5669790544448, -10.566663798260834, -10.566663798260834, -10.566663798260834, -10.566663798260834, -10.566348542076867, -10.566663798260834, -10.566663798260834, -10.566348542076867, -10.5669790544448, -10.566663798260834, -10.5669790544448, -10.566348542076867, -10.5669790544448, -10.566348542076867, -10.5669790544448, -10.566663798260834, -10.566663798260834, -10.5669790544448, -10.566663798260834, -10.566663798260834, -10.566663798260834, -10.566348542076867, -10.566663798260834, -10.566663798260834, -10.566663798260834, -10.566663798260834, -10.566663798260834, -10.5669790544448, -10.566663798260834, -10.566663798260834, -10.566663798260834, -10.5669790544448, -10.566663798260834, -10.5660332858929, -10.5669790544448, -10.566348542076867, -10.5669790544448, -10.566663798260834, -10.566663798260834, -10.566348542076867, -10.566663798260834, -10.5669790544448, -10.5669790544448, -10.566663798260834, -10.566663798260834, -10.566348542076867, -10.566663798260834, -10.566663798260834, -10.566348542076867, -10.5669790544448, -10.5669790544448, -10.566663798260834, -10.566663798260834, -10.5669790544448, -10.566663798260834, -10.566663798260834, -10.566663798260834, -10.566663798260834], \"AIN2\": [-10.566663798260834, -10.566663798260834, -10.5669790544448, -10.566663798260834, -10.566663798260834, -10.566663798260834, -10.566663798260834, -10.566663798260834, -10.566663798260834, -10.566348542076867, -10.566663798260834, -10.566663798260834, -10.566663798260834, -10.566348542076867, -10.566663798260834, -10.5669790544448, -10.5669790544448, -10.566348542076867, -10.566663798260834, -10.566663798260834, -10.566663798260834, -10.566663798260834, -10.5669790544448, -10.566663798260834, -10.566348542076867, -10.566663798260834, -10.566348542076867, -10.5669790544448, -10.566663798260834, -10.566663798260834, -10.566663798260834, -10.566663798260834, -10.566663798260834, -10.566663798260834, -10.5669790544448, -10.566663798260834, -10.5669790544448, -10.566663798260834, -10.5669790544448, -10.566663798260834, -10.566663798260834, -10.566663798260834, -10.566663798260834, -10.5669790544448, -10.566663798260834, -10.566348542076867, -10.566348542076867, -10.566663798260834, -10.5669790544448, -10.5669790544448, -10.566663798260834, -10.566663798260834, -10.566663798260834, -10.566663798260834, -10.5669790544448, -10.5669790544448, -10.566663798260834, -10.566663798260834, -10.5669790544448, -10.566663798260834, -10.5669790544448, -10.566663798260834, -10.5669790544448, -10.566348542076867, -10.566663798260834, -10.566663798260834, -10.566663798260834, -10.566663798260834, -10.566663798260834, -10.566663798260834, -10.566663798260834, -10.566663798260834, -10.566663798260834, -10.566663798260834, -10.566348542076867, -10.566663798260834, -10.566663798260834, -10.566663798260834, -10.5669790544448, -10.5669790544448, -10.5669790544448, -10.5669790544448, -10.5669790544448, -10.566663798260834, -10.566348542076867, -10.5669790544448, -10.566663798260834, -10.566663798260834, -10.5669790544448, -10.566348542076867, -10.566348542076867, -10.566663798260834, -10.566663798260834, -10.566663798260834, -10.5669790544448, -10.5669790544448, -10.5669790544448, -10.566663798260834, -10.566663798260834, -10.5669790544448, -10.5669790544448, -10.5669790544448, -10.566663798260834, -10.5669790544448, -10.566663798260834, -10.566348542076867, -10.566663798260834, -10.5669790544448, -10.566663798260834, -10.566663798260834, -10.566663798260834, -10.566348542076867, -10.566348542076867, -10.566663798260834, -10.566348542076867, -10.566663798260834, -10.566663798260834, -10.566663798260834, -10.566348542076867, -10.5669790544448, -10.566663798260834, -10.5669790544448, -10.566348542076867, -10.566663798260834, -10.5669790544448, -10.566663798260834, -10.566663798260834, -10.566663798260834, -10.5669790544448, -10.566663798260834, -10.566663798260834, -10.5669790544448, -10.566663798260834, -10.566663798260834, -10.566663798260834, -10.5669790544448, -10.566663798260834, -10.566663798260834, -10.566663798260834, -10.5669790544448, -10.566663798260834, -10.5669790544448, -10.566663798260834, -10.566663798260834, -10.566663798260834, -10.566348542076867, -10.566663798260834, -10.5669790544448, -10.5669790544448, -10.5669790544448, -10.566348542076867, -10.5660332858929, -10.566348542076867, -10.566663798260834, -10.566348542076867, -10.566348542076867, -10.566663798260834, -10.566663798260834, -10.5669790544448, -10.5669790544448, -10.5669790544448, -10.5669790544448, -10.566663798260834, -10.5669790544448, -10.566348542076867, -10.566663798260834, -10.5669790544448, -10.566663798260834, -10.566663798260834, -10.5669790544448, -10.566348542076867, -10.566663798260834, -10.5669790544448, -10.566663798260834, -10.566348542076867, -10.5669790544448, -10.566663798260834, -10.566663798260834, -10.566348542076867, -10.566663798260834, -10.566663798260834, -10.566348542076867, -10.566663798260834, -10.566663798260834, -10.566348542076867, -10.566663798260834, -10.566663798260834, -10.5669790544448, -10.566663798260834, -10.566663798260834, -10.566663798260834, -10.566663798260834, -10.5669790544448, -10.566663798260834, -10.566663798260834, -10.5669790544448, -10.5669790544448, -10.566348542076867, -10.5669790544448, -10.566663798260834, -10.566663798260834, -10.5669790544448, -10.566663798260834, -10.5669790544448, -10.5669790544448, -10.566348542076867, -10.566348542076867, -10.5669790544448, -10.566663798260834, -10.566663798260834, -10.566663798260834, -10.5669790544448, -10.566348542076867, -10.566663798260834, -10.5669790544448, -10.566663798260834, -10.5669790544448, -10.566348542076867, -10.566348542076867, -10.566663798260834, -10.566663798260834, -10.566663798260834, -10.566348542076867, -10.566663798260834, -10.5669790544448, -10.5669790544448, -10.5669790544448, -10.566663798260834, -10.5669790544448, -10.566663798260834, -10.5669790544448, -10.5669790544448, -10.566663798260834, -10.566663798260834, -10.5669790544448, -10.566663798260834, -10.5669790544448, -10.566663798260834, -10.566663798260834, -10.566663798260834, -10.566663798260834, -10.566663798260834, -10.566663798260834, -10.5669790544448, -10.566663798260834, -10.566663798260834, -10.5669790544448, -10.5669790544448, -10.566663798260834, -10.5669790544448], \"AIN3\": [-10.566663798260834, -10.566348542076867, -10.5669790544448, -10.566348542076867, -10.566663798260834, -10.566663798260834, -10.566348542076867, -10.5669790544448, -10.566348542076867, -10.566663798260834, -10.566663798260834, -10.566663798260834, -10.566663798260834, -10.5669790544448, -10.5669790544448, -10.5669790544448, -10.566348542076867, -10.566663798260834, -10.566663798260834, -10.566663798260834, -10.566663798260834, -10.566663798260834, -10.566663798260834, -10.5669790544448, -10.5669790544448, -10.566663798260834, -10.566663798260834, -10.566663798260834, -10.566348542076867, -10.5669790544448, -10.566348542076867, -10.5669790544448, -10.566348542076867, -10.566663798260834, -10.5669790544448, -10.566663798260834, -10.566663798260834, -10.5669790544448, -10.5669790544448, -10.566663798260834, -10.566663798260834, -10.566663798260834, -10.5669790544448, -10.566663798260834, -10.566348542076867, -10.566663798260834, -10.566663798260834, -10.566663798260834, -10.566348542076867, -10.566663798260834, -10.5669790544448, -10.5669790544448, -10.566663798260834, -10.566663798260834, -10.566663798260834, -10.566663798260834, -10.566663798260834, -10.5669790544448, -10.566663798260834, -10.566663798260834, -10.566663798260834, -10.5669790544448, -10.566348542076867, -10.566663798260834, -10.566663798260834, -10.5669790544448, -10.566663798260834, -10.566663798260834, -10.566663798260834, -10.566663798260834, -10.5669790544448, -10.5669790544448, -10.566663798260834, -10.566348542076867, -10.566663798260834, -10.566663798260834, -10.566663798260834, -10.566663798260834, -10.5669790544448, -10.5669790544448, -10.566663798260834, -10.5669790544448, -10.5669790544448, -10.5669790544448, -10.566663798260834, -10.5669790544448, -10.5669790544448, -10.5669790544448, -10.566663798260834, -10.566663798260834, -10.566663798260834, -10.5669790544448, -10.566663798260834, -10.5669790544448, -10.566663798260834, -10.566348542076867, -10.566663798260834, -10.5669790544448, -10.566348542076867, -10.5669790544448, -10.566663798260834, -10.566663798260834, -10.566663798260834, -10.566348542076867, -10.566663798260834, -10.5669790544448, -10.566663798260834, -10.5669790544448, -10.566663798260834, -10.566663798260834, -10.5669790544448, -10.566663798260834, -10.566663798260834, -10.5669790544448, -10.566663798260834, -10.566663798260834, -10.5669790544448, -10.566663798260834, -10.566348542076867, -10.5669790544448, -10.566663798260834, -10.566663798260834, -10.566348542076867, -10.566663798260834, -10.5669790544448, -10.566663798260834, -10.566663798260834, -10.5669790544448, -10.566663798260834, -10.5669790544448, -10.566663798260834, -10.566348542076867, -10.566663798260834, -10.5669790544448, -10.5669790544448, -10.566663798260834, -10.566348542076867, -10.5669790544448, -10.566663798260834, -10.566663798260834, -10.566663798260834, -10.5669790544448, -10.566663798260834, -10.5669790544448, -10.566663798260834, -10.566663798260834, -10.5669790544448, -10.566663798260834, -10.566663798260834, -10.566663798260834, -10.566663798260834, -10.5669790544448, -10.566663798260834, -10.566663798260834, -10.566663798260834, -10.566663798260834, -10.566663798260834, -10.566663798260834, -10.566663798260834, -10.5669790544448, -10.566663798260834, -10.5669790544448, -10.566663798260834, -10.566663798260834, -10.566663798260834, -10.566663798260834, -10.566663798260834, -10.566663798260834, -10.566663798260834, -10.566348542076867, -10.566348542076867, -10.566663798260834, -10.566348542076867, -10.566663798260834, -10.566663798260834, -10.5669790544448, -10.566663798260834, -10.566663798260834, -10.566348542076867, -10.566663798260834, -10.566663798260834, -10.566348542076867, -10.5669790544448, -10.5669790544448, -10.566663798260834, -10.5669790544448, -10.566663798260834, -10.566663798260834, -10.5669790544448, -10.5669790544448, -10.5669790544448, -10.566663798260834, -10.5669790544448, -10.566663798260834, -10.566663798260834, -10.5669790544448, -10.566663798260834, -10.566663798260834, -10.5669790544448, -10.5669790544448, -10.566663798260834, -10.5669790544448, -10.5669790544448, -10.5669790544448, -10.566663798260834, -10.566348542076867, -10.566663798260834, -10.566663798260834, -10.566663798260834, -10.5669790544448, -10.566663798260834, -10.566348542076867, -10.566663798260834, -10.5669790544448, -10.5669790544448, -10.566663798260834, -10.566663798260834, -10.566348542076867, -10.566663798260834, -10.5669790544448, -10.566663798260834, -10.566663798260834, -10.566663798260834, -10.566663798260834, -10.5669790544448, -10.5669790544448, -10.566663798260834, -10.566663798260834, -10.566663798260834, -10.566663798260834, -10.566663798260834, -10.566663798260834, -10.566663798260834, -10.566663798260834, -10.566663798260834, -10.566663798260834, -10.566663798260834, -10.566663798260834, -10.566663798260834, -10.566663798260834, -10.566663798260834, -10.566348542076867, -10.566663798260834, -10.566663798260834, -10.566663798260834, -10.567294310628768, -10.566663798260834, -10.566663798260834, -10.566663798260834, -10.5669790544448]}, \"data_type\": \"<type 'collections.defaultdict'>\"}"}
{"message": "{\"timestamp\": 2.0297391414642334, \"object_type\": \"labjack_stream\", \"data\": {\"AIN0\": [-10.566663798260834, -10.566663798260834, -10.566663798260834, -10.566663798260834, -10.566663798260834, -10.5669790544448, -10.566663798260834, -10.566663798260834, -10.566663798260834, -10.566663798260834, -10.566663798260834, -10.5669790544448, -10.566663798260834, -10.566663798260834, -10.566663798260834, -10.566663798260834, -10.566663798260834, -10.566663798260834, -10.566348542076867, -10.566348542076867, -10.566663798260834, -10.566663798260834, -10.5669790544448, -10.566348542076867, -10.566663798260834, -10.566663798260834, -10.566348542076867, -10.566663798260834, -10.5669790544448, -10.5669790544448, -10.5669790544448, -10.566348542076867, -10.566663798260834, -10.566348542076867, -10.566663798260834, -10.566663798260834, -10.5669790544448, -10.566663798260834, -10.566663798260834, -10.566348542076867, -10.566663798260834, -10.5669790544448, -10.566663798260834, -10.566663798260834, -10.566348542076867, -10.5669790544448, -10.5669790544448, -10.5669790544448, -10.566663798260834, -10.566663798260834, -10.566663798260834, -10.566663798260834, -10.566663798260834, -10.566663798260834, -10.566663798260834, -10.566663798260834, -10.5669790544448, -10.566663798260834, -10.566663798260834, -10.566348542076867, -10.566663798260834, -10.5669790544448, -10.566663798260834, -10.5669790544448, -10.566663798260834, -10.566348542076867, -10.566663798260834, -10.566348542076867, -10.566663798260834, -10.566348542076867, -10.5669790544448, -10.566663798260834, -10.566663798260834, -10.566348542076867, -10.566663798260834, -10.566663798260834, -10.566663798260834, -10.566663798260834, -10.566663798260834, -10.5669790544448, -10.5669790544448, -10.566663798260834, -10.566348542076867, -10.566663798260834, -10.5669790544448, -10.566348542076867, -10.566348542076867, -10.5669790544448, -10.5669790544448, -10.566663798260834, -10.566663798260834, -10.5669790544448, -10.566663798260834, -10.566348542076867, -10.566663798260834, -10.566663798260834, -10.566663798260834, -10.566348542076867, -10.566663798260834, -10.566348542076867, -10.566663798260834, -10.566663798260834, -10.566348542076867, -10.566663798260834, -10.566348542076867, -10.5669790544448, -10.566663798260834, -10.566663798260834, -10.566348542076867, -10.566663798260834, -10.566348542076867, -10.566663798260834, -10.566663798260834, -10.566348542076867, -10.566348542076867, -10.566663798260834, -10.566348542076867, -10.566663798260834, -10.5669790544448, -10.566663798260834, -10.566663798260834, -10.566663798260834, -10.566663798260834, -10.566663798260834, -10.566663798260834, -10.566663798260834, -10.566663798260834, -10.566663798260834, -10.566663798260834, -10.566348542076867, -10.566663798260834, -10.566663798260834, -10.566348542076867, -10.566348542076867, -10.566663798260834, -10.566663798260834, -10.566663798260834, -10.566663798260834, -10.566663798260834, -10.566663798260834, -10.566663798260834, -10.566348542076867, -10.566348542076867, -10.5669790544448, -10.566348542076867, -10.566348542076867, -10.566663798260834, -10.5669790544448, -10.566348542076867, -10.5669790544448, -10.566663798260834, -10.566663798260834, -10.566663798260834, -10.566663798260834, -10.566663798260834, -10.566663798260834, -10.566663798260834, -10.566348542076867, -10.566663798260834, -10.566663798260834, -10.566663798260834, -10.566663798260834, -10.566663798260834, -10.566663798260834, -10.566663798260834, -10.566663798260834, -10.566663798260834, -10.566663798260834, -10.566663798260834, -10.566663798260834, -10.566348542076867, -10.566348542076867, -10.5669790544448, -10.5669790544448, -10.566663798260834, -10.566348542076867, -10.566348542076867, -10.566663798260834, -10.566663798260834, -10.566663798260834, -10.566663798260834, -10.566663798260834, -10.566663798260834, -10.566663798260834, -10.566663798260834, -10.566663798260834, -10.566663798260834, -10.566663798260834, -10.5669790544448, -10.566663798260834, -10.566663798260834, -10.566663798260834, -10.566348542076867, -10.5669790544448, -10.566663798260834, -10.566663798260834, -10.566663798260834, -10.5669790544448, -10.566663798260834, -10.566348542076867, -10.5669790544448, -10.566663798260834, -10.566663798260834, -10.566663798260834, -10.566663798260834, -10.566348542076867, -10.566348542076867, -10.566348542076867, -10.566663798260834, -10.566663798260834, -10.5669790544448, -10.566663798260834, -10.5669790544448, -10.5669790544448, -10.566348542076867, -10.566663798260834, -10.566663798260834, -10.566663798260834, -10.566663798260834, -10.566663798260834, -10.566663798260834, -10.566663798260834, -10.566663798260834, -10.5669790544448, -10.566663798260834, -10.566348542076867, -10.566663798260834, -10.5669790544448, -10.5669790544448, -10.566663798260834, -10.5669790544448, -10.5669790544448, -10.566663798260834, -10.566663798260834, -10.5669790544448, -10.566663798260834, -10.566348542076867, -10.566663798260834, -10.5669790544448, -10.566663798260834, -10.5669790544448, -10.566663798260834, -10.566663798260834, -10.566663798260834, -10.5669790544448, -10.566663798260834, -10.566663798260834, -10.566663798260834, -10.5669790544448, -10.566663798260834], \"AIN1\": [-10.566348542076867, -10.5669790544448, -10.566348542076867, -10.566663798260834, -10.5669790544448, -10.566663798260834, -10.566663798260834, -10.5669790544448, -10.5669790544448, -10.5669790544448, -10.566663798260834, -10.5669790544448, -10.566348542076867, -10.566663798260834, -10.566348542076867, -10.566663798260834, -10.566663798260834, -10.5669790544448, -10.566663798260834, -10.566663798260834, -10.566663798260834, -10.5669790544448, -10.5669790544448, -10.566663798260834, -10.5669790544448, -10.566663798260834, -10.5669790544448, -10.566348542076867, -10.566348542076867, -10.566663798260834, -10.566663798260834, -10.566663798260834, -10.566663798260834, -10.566663798260834, -10.5669790544448, -10.566663798260834, -10.5669790544448, -10.566663798260834, -10.566663798260834, -10.566348542076867, -10.566663798260834, -10.5669790544448, -10.566663798260834, -10.566348542076867, -10.566348542076867, -10.5669790544448, -10.566663798260834, -10.566663798260834, -10.566663798260834, -10.566348542076867, -10.5669790544448, -10.566663798260834, -10.5669790544448, -10.5669790544448, -10.566348542076867, -10.5669790544448, -10.566663798260834, -10.5669790544448, -10.5669790544448, -10.566663798260834, -10.566348542076867, -10.566663798260834, -10.566348542076867, -10.5669790544448, -10.5669790544448, -10.566663798260834, -10.566663798260834, -10.566663798260834, -10.566663798260834, -10.566663798260834, -10.566663798260834, -10.5669790544448, -10.566663798260834, -10.566348542076867, -10.5669790544448, -10.566663798260834, -10.566663798260834, -10.566663798260834, -10.566663798260834, -10.566663798260834, -10.566663798260834, -10.5669790544448, -10.566663798260834, -10.566663798260834, -10.566663798260834, -10.566663798260834, -10.566663798260834, -10.5669790544448, -10.566663798260834, -10.5669790544448, -10.5669790544448, -10.566663798260834, -10.566663798260834, -10.566348542076867, -10.566663798260834, -10.5669790544448, -10.5669790544448, -10.5669790544448, -10.566348542076867, -10.566663798260834, -10.566348542076867, -10.5669790544448, -10.5669790544448, -10.5669790544448, -10.5669790544448, -10.566663798260834, -10.566348542076867, -10.566663798260834, -10.566348542076867, -10.5669790544448, -10.566348542076867, -10.5669790544448, -10.566663798260834, -10.566663798260834, -10.566663798260834, -10.566348542076867, -10.566663798260834, -10.566663798260834, -10.566348542076867, -10.566663798260834, -10.5669790544448, -10.5669790544448, -10.5669790544448, -10.5669790544448, -10.566663798260834, -10.566663798260834, -10.5669790544448, -10.5669790544448, -10.566663798260834, -10.566663798260834, -10.5669790544448, -10.5669790544448, -10.5669790544448, -10.5669790544448, -10.566663798260834, -10.5669790544448, -10.5669790544448, -10.566663798260834, -10.5669790544448, -10.566663798260834, -10.5669790544448, -10.5669790544448, -10.566663798260834, -10.566348542076867, -10.5669790544448, -10.566663798260834, -10.566663798260834, -10.566663798260834, -10.5669790544448, -10.566663798260834, -10.5669790544448, -10.5669790544448, -10.5669790544448, -10.566663798260834, -10.566663798260834, -10.566663798260834, -10.566348542076867, -10.566348542076867, -10.5669790544448, -10.566663798260834, -10.5669790544448, -10.566663798260834, -10.566663798260834, -10.566663798260834, -10.566663798260834, -10.566663798260834, -10.566663798260834, -10.5669790544448, -10.566663798260834, -10.566663798260834, -10.566348542076867, -10.566348542076867, -10.5669790544448, -10.5669790544448, -10.566663798260834, -10.566663798260834, -10.5669790544448, -10.5669790544448, -10.5669790544448, -10.5669790544448, -10.5669790544448, -10.566663798260834, -10.566663798260834, -10.566663798260834, -10.566663798260834, -10.566663798260834, -10.566663798260834, -10.5669790544448, -10.566348542076867, -10.566348542076867, -10.566663798260834, -10.566663798260834, -10.566663798260834, -10.5669790544448, -10.566663798260834, -10.566663798260834, -10.5669790544448, -10.566663798260834, -10.5669790544448, -10.566348542076867, -10.566663798260834, -10.566663798260834, -10.566348542076867, -10.5669790544448, -10.566663798260834, -10.566663798260834, -10.566663798260834, -10.5669790544448, -10.566663798260834, -10.5669790544448, -10.566663798260834, -10.566663798260834, -10.5669790544448, -10.566663798260834, -10.566663798260834, -10.566663798260834, -10.566663798260834, -10.566663798260834, -10.566663798260834, -10.566663798260834, -10.5669790544448, -10.566663798260834, -10.5669790544448, -10.5669790544448, -10.566663798260834, -10.566663798260834, -10.5669790544448, -10.566348542076867, -10.566663798260834, -10.566663798260834, -10.5669790544448, -10.566663798260834, -10.566663798260834, -10.566348542076867, -10.566663798260834, -10.5669790544448, -10.5669790544448, -10.566663798260834, -10.566348542076867, -10.566663798260834, -10.5669790544448, -10.566348542076867, -10.566663798260834, -10.566663798260834, -10.566663798260834, -10.566663798260834, -10.5669790544448, -10.5669790544448, -10.5669790544448, -10.566663798260834], \"AIN2\": [-10.566663798260834, -10.566663798260834, -10.566663798260834, -10.5669790544448, -10.566348542076867, -10.566663798260834, -10.566348542076867, -10.566663798260834, -10.566663798260834, -10.566663798260834, -10.5669790544448, -10.5669790544448, -10.566663798260834, -10.5669790544448, -10.5669790544448, -10.5669790544448, -10.566663798260834, -10.566663798260834, -10.566663798260834, -10.5669790544448, -10.566348542076867, -10.5669790544448, -10.566663798260834, -10.5669790544448, -10.566663798260834, -10.5669790544448, -10.566663798260834, -10.566663798260834, -10.5669790544448, -10.566663798260834, -10.5669790544448, -10.566663798260834, -10.5669790544448, -10.566663798260834, -10.566663798260834, -10.566663798260834, -10.566663798260834, -10.566663798260834, -10.566663798260834, -10.566663798260834, -10.566348542076867, -10.566348542076867, -10.566663798260834, -10.566348542076867, -10.566663798260834, -10.566663798260834, -10.566663798260834, -10.566663798260834, -10.5669790544448, -10.566663798260834, -10.566348542076867, -10.566348542076867, -10.566348542076867, -10.566663798260834, -10.5669790544448, -10.566663798260834, -10.566663798260834, -10.566348542076867, -10.5669790544448, -10.566663798260834, -10.566663798260834, -10.5669790544448, -10.566663798260834, -10.566663798260834, -10.5669790544448, -10.5669790544448, -10.5669790544448, -10.566348542076867, -10.566663798260834, -10.5669790544448, -10.5669790544448, -10.5669790544448, -10.5669790544448, -10.5669790544448, -10.566663798260834, -10.566663798260834, -10.5669790544448, -10.566663798260834, -10.566663798260834, -10.566348542076867, -10.566663798260834, -10.5669790544448, -10.566348542076867, -10.566663798260834, -10.566663798260834, -10.566663798260834, -10.566663798260834, -10.566663798260834, -10.566663798260834, -10.5669790544448, -10.566348542076867, -10.566663798260834, -10.5669790544448, -10.5669790544448, -10.566663798260834, -10.566663798260834, -10.566348542076867, -10.566663798260834, -10.566348542076867, -10.566663798260834, -10.566663798260834, -10.5669790544448, -10.566348542076867, -10.566663798260834, -10.566663798260834, -10.5669790544448, -10.566663798260834, -10.566348542076867, -10.566663798260834, -10.566663798260834, -10.566663798260834, -10.566348542076867, -10.566663798260834, -10.566348542076867, -10.566663798260834, -10.5669790544448, -10.566663798260834, -10.566663798260834, -10.566348542076867, -10.566663798260834, -10.566663798260834, -10.566663798260834, -10.566663798260834, -10.566663798260834, -10.566348542076867, -10.566663798260834, -10.566663798260834, -10.566348542076867, -10.566663798260834, -10.5669790544448, -10.566663798260834, -10.566663798260834, -10.5669790544448, -10.566663798260834, -10.5669790544448, -10.5669790544448, -10.566663798260834, -10.566663798260834, -10.566348542076867, -10.566663798260834, -10.566348542076867, -10.566663798260834, -10.566663798260834, -10.566663798260834, -10.566663798260834, -10.566348542076867, -10.566663798260834, -10.566663798260834, -10.566663798260834, -10.566663798260834, -10.5669790544448, -10.566663798260834, -10.5669790544448, -10.566663798260834, -10.566663798260834, -10.566663798260834, -10.5669790544448, -10.566348542076867, -10.566663798260834, -10.566663798260834, -10.566663798260834, -10.5669790544448, -10.566348542076867, -10.5669790544448, -10.566663798260834, -10.5669790544448, -10.566663798260834, -10.5669790544448, -10.566663798260834, -10.566663798260834, -10.5669790544448, -10.566348542076867, -10.566663798260834, -10.566663798260834, -10.566348542076867, -10.566663798260834, -10.566348542076867, -10.566663798260834, -10.566663798260834, -10.566348542076867, -10.566663798260834, -10.5669790544448, -10.566663798260834, -10.566663798260834, -10.566348542076867, -10.566663798260834, -10.566663798260834, -10.566663798260834, -10.566663798260834, -10.566663798260834, -10.5669790544448, -10.5669790544448, -10.5669790544448, -10.566348542076867, -10.5669790544448, -10.566663798260834, -10.566348542076867, -10.566663798260834, -10.566663798260834, -10.5669790544448, -10.5669790544448, -10.566348542076867, -10.566663798260834, -10.566663798260834, -10.566663798260834, -10.566663798260834, -10.566663798260834, -10.5669790544448, -10.566663798260834, -10.5669790544448, -10.5669790544448, -10.566348542076867, -10.566663798260834, -10.5669790544448, -10.566663798260834, -10.566348542076867, -10.566663798260834, -10.566663798260834, -10.566663798260834, -10.566663798260834, -10.566663798260834, -10.566663798260834, -10.566663798260834, -10.566663798260834, -10.566348542076867, -10.5669790544448, -10.5669790544448, -10.566663798260834, -10.5669790544448, -10.566663798260834, -10.566663798260834, -10.566663798260834, -10.566663798260834, -10.566663798260834, -10.566663798260834, -10.566663798260834, -10.566663798260834, -10.566663798260834, -10.566348542076867, -10.566663798260834, -10.566348542076867, -10.566348542076867, -10.5669790544448, -10.566663798260834, -10.566348542076867, -10.5669790544448, -10.566348542076867, -10.566663798260834, -10.566663798260834, -10.5669790544448], \"AIN3\": [-10.5669790544448, -10.566663798260834, -10.566663798260834, -10.566663798260834, -10.566663798260834, -10.5669790544448, -10.566663798260834, -10.566663798260834, -10.566663798260834, -10.566663798260834, -10.566663798260834, -10.566663798260834, -10.566663798260834, -10.566663798260834, -10.5669790544448, -10.566663798260834, -10.5669790544448, -10.566663798260834, -10.566663798260834, -10.566663798260834, -10.566348542076867, -10.566663798260834, -10.5669790544448, -10.5669790544448, -10.5669790544448, -10.566663798260834, -10.566663798260834, -10.566663798260834, -10.566663798260834, -10.5669790544448, -10.566348542076867, -10.566663798260834, -10.5669790544448, -10.566663798260834, -10.566663798260834, -10.566663798260834, -10.566663798260834, -10.566663798260834, -10.566663798260834, -10.566663798260834, -10.566663798260834, -10.566348542076867, -10.566663798260834, -10.5669790544448, -10.5669790544448, -10.5669790544448, -10.566663798260834, -10.5669790544448, -10.5669790544448, -10.5669790544448, -10.566663798260834, -10.5669790544448, -10.5669790544448, -10.566663798260834, -10.566348542076867, -10.5669790544448, -10.566663798260834, -10.566663798260834, -10.566663798260834, -10.566663798260834, -10.5669790544448, -10.566663798260834, -10.566348542076867, -10.5669790544448, -10.566348542076867, -10.5669790544448, -10.566663798260834, -10.566348542076867, -10.566663798260834, -10.566663798260834, -10.566663798260834, -10.566663798260834, -10.566663798260834, -10.566663798260834, -10.5669790544448, -10.566348542076867, -10.5669790544448, -10.566663798260834, -10.566663798260834, -10.566663798260834, -10.566663798260834, -10.566663798260834, -10.566663798260834, -10.5669790544448, -10.566348542076867, -10.5669790544448, -10.566663798260834, -10.5669790544448, -10.5669790544448, -10.566663798260834, -10.566348542076867, -10.566348542076867, -10.566663798260834, -10.566663798260834, -10.566663798260834, -10.566663798260834, -10.5669790544448, -10.566663798260834, -10.566663798260834, -10.566663798260834, -10.5669790544448, -10.5669790544448, -10.566663798260834, -10.566348542076867, -10.566663798260834, -10.5669790544448, -10.5669790544448, -10.5669790544448, -10.566663798260834, -10.566663798260834, -10.5669790544448, -10.566663798260834, -10.566348542076867, -10.566663798260834, -10.5669790544448, -10.5669790544448, -10.566663798260834, -10.566663798260834, -10.566663798260834, -10.566663798260834, -10.566348542076867, -10.566663798260834, -10.566663798260834, -10.5669790544448, -10.566663798260834, -10.566663798260834, -10.566348542076867, -10.566663798260834, -10.566348542076867, -10.5669790544448, -10.5669790544448, -10.566348542076867, -10.5669790544448, -10.5669790544448, -10.566348542076867, -10.566663798260834, -10.5669790544448, -10.566663798260834, -10.566663798260834, -10.566663798260834, -10.5669790544448, -10.566348542076867, -10.566663798260834, -10.5669790544448, -10.566663798260834, -10.566663798260834, -10.566663798260834, -10.566663798260834, -10.566663798260834, -10.566663798260834, -10.566663798260834, -10.566348542076867, -10.5669790544448, -10.566663798260834, -10.5669790544448, -10.5669790544448, -10.566663798260834, -10.566348542076867, -10.566663798260834, -10.566348542076867, -10.566348542076867, -10.566348542076867, -10.5669790544448, -10.566663798260834, -10.566663798260834, -10.566663798260834, -10.566663798260834, -10.566663798260834, -10.566348542076867, -10.5669790544448, -10.566663798260834, -10.566663798260834, -10.566663798260834, -10.566348542076867, -10.5669790544448, -10.566663798260834, -10.566348542076867, -10.566348542076867, -10.5669790544448, -10.566348542076867, -10.566348542076867, -10.5669790544448, -10.5669790544448, -10.5669790544448, -10.5669790544448, -10.566663798260834, -10.566663798260834, -10.566663798260834, -10.566663798260834, -10.5669790544448, -10.566663798260834, -10.566663798260834, -10.566663798260834, -10.566663798260834, -10.566348542076867, -10.566663798260834, -10.5669790544448, -10.566348542076867, -10.5669790544448, -10.566663798260834, -10.566663798260834, -10.566663798260834, -10.566663798260834, -10.566663798260834, -10.566348542076867, -10.566348542076867, -10.566348542076867, -10.566348542076867, -10.5669790544448, -10.5669790544448, -10.566663798260834, -10.566663798260834, -10.566348542076867, -10.566663798260834, -10.5669790544448, -10.566348542076867, -10.566663798260834, -10.566663798260834, -10.5669790544448, -10.566663798260834, -10.566663798260834, -10.566663798260834, -10.5669790544448, -10.566663798260834, -10.566663798260834, -10.566663798260834, -10.566663798260834, -10.566663798260834, -10.566663798260834, -10.5669790544448, -10.566348542076867, -10.5669790544448, -10.5669790544448, -10.566663798260834, -10.5669790544448, -10.566663798260834, -10.566663798260834, -10.566663798260834, -10.566663798260834, -10.566663798260834, -10.566663798260834, -10.566348542076867, -10.566348542076867, -10.566348542076867, -10.566663798260834, -10.566663798260834, -10.566663798260834, -10.566663798260834, -10.566663798260834, -10.566348542076867]}, \"data_type\": \"<type 'collections.defaultdict'>\"}"}
{"message": "{\"timestamp\": 2.3065080642700195, \"object_type\": \"labjack_stream\", \"data\": {\"AIN0\": [-10.566663798260834, -10.566663798260834, -10.566663798260834, -10.566663798260834, -10.5669790544448, -10.566663798260834, -10.5669790544448, -10.566663798260834, -10.566348542076867, -10.5669790544448, -10.566348542076867, -10.566663798260834, -10.566663798260834, -10.5669790544448, -10.566663798260834, -10.5669790544448, -10.5669790544448, -10.566663798260834, -10.566663798260834, -10.566663798260834, -10.566663798260834, -10.566663798260834, -10.566663798260834, -10.566663798260834, -10.566663798260834, -10.566663798260834, -10.566663798260834, -10.5669790544448, -10.566663798260834, -10.5669790544448, -10.5669790544448, -10.566663798260834, -10.566348542076867, -10.566663798260834, -10.566663798260834, -10.566663798260834, -10.566663798260834, -10.566663798260834, -10.566663798260834, -10.566663798260834, -10.5669790544448, -10.566663798260834, -10.5669790544448, -10.566663798260834, -10.5669790544448, -10.5669790544448, -10.566663798260834, -10.566663798260834, -10.566663798260834, -10.566663798260834, -10.566348542076867, -10.566663798260834, -10.566348542076867, -10.566663798260834, -10.566663798260834, -10.566663798260834, -10.566348542076867, -10.5669790544448, -10.566663798260834, -10.5669790544448, -10.566663798260834, -10.566663798260834, -10.566663798260834, -10.566663798260834, -10.566663798260834, -10.566663798260834, -10.5669790544448, -10.566348542076867, -10.566663798260834, -10.5669790544448, -10.566663798260834, -10.5669790544448, -10.566663798260834, -10.566663798260834, -10.566348542076867, -10.566348542076867, -10.566663798260834, -10.566348542076867, -10.5669790544448, -10.566663798260834, -10.566663798260834, -10.566348542076867, -10.566663798260834, -10.566663798260834, -10.566663798260834, -10.5669790544448, -10.566663798260834, -10.566663798260834, -10.566663798260834, -10.566663798260834, -10.566663798260834, -10.5669790544448, -10.566663798260834, -10.566348542076867, -10.566348542076867, -10.566348542076867, -10.566663798260834, -10.566663798260834, -10.566663798260834, -10.566663798260834, -10.566663798260834, -10.566348542076867, -10.566663798260834, -10.5669790544448, -10.5669790544448, -10.566663798260834, -10.566663798260834, -10.566348542076867, -10.566663798260834, -10.5669790544448, -10.566663798260834, -10.566663798260834, -10.5669790544448, -10.566663798260834, -10.566348542076867, -10.566663798260834, -10.566663798260834, -10.566663798260834, -10.566663798260834, -10.5669790544448, -10.566348542076867, -10.5669790544448, -10.566663798260834, -10.5669790544448, -10.566348542076867, -10.566348542076867, -10.566663798260834, -10.566348542076867, -10.566663798260834, -10.566348542076867, -10.566663798260834, -10.566663798260834, -10.566663798260834, -10.566663798260834, -10.5669790544448, -10.566663798260834, -10.566663798260834, -10.566663798260834, -10.566663798260834, -10.566663798260834, -10.566663798260834, -10.5669790544448, -10.566663798260834, -10.5669790544448, -10.566663798260834, -10.566663798260834, -10.5669790544448, -10.566663798260834, -10.566348542076867, -10.566663798260834, -10.566663798260834, -10.566663798260834, -10.566663798260834, -10.5669790544448, -10.5669790544448, -10.5669790544448, -10.566348542076867, -10.566663798260834, -10.566663798260834, -10.566348542076867, -10.566663798260834, -10.566663798260834, -10.566663798260834, -10.566663798260834, -10.566348542076867, -10.566348542076867, -10.566348542076867, -10.566663798260834, -10.566663798260834, -10.566663798260834, -10.5669790544448, -10.566663798260834, -10.5669790544448, -10.566663798260834, -10.566663798260834, -10.566348542076867, -10.566348542076867, -10.566663798260834, -10.5669790544448, -10.566663798260834, -10.566348542076867, -10.566663798260834, -10.566663798260834, -10.566663798260834, -10.566348542076867, -10.5669790544448, -10.566348542076867, -10.566348542076867, -10.5669790544448, -10.566348542076867, -10.566663798260834, -10.566663798260834, -10.566663798260834, -10.566663798260834, -10.5669790544448, -10.566663798260834, -10.566663798260834, -10.5669790544448, -10.5669790544448, -10.566348542076867, -10.566663798260834, -10.5669790544448, -10.566663798260834, -10.566663798260834, -10.5669790544448, -10.5669790544448, -10.566348542076867, -10.566663798260834, -10.566663798260834, -10.566663798260834, -10.566663798260834, -10.5669790544448, -10.5669790544448, -10.5669790544448, -10.566663798260834, -10.566663798260834, -10.566663798260834, -10.566663798260834, -10.5669790544448, -10.566663798260834, -10.566348542076867, -10.566663798260834, -10.566663798260834, -10.566663798260834, -10.566663798260834, -10.566663798260834, -10.566663798260834, -10.5669790544448, -10.566348542076867, -10.566663798260834, -10.566663798260834, -10.566663798260834, -10.566348542076867, -10.5669790544448, -10.566663798260834, -10.566663798260834, -10.566663798260834, -10.566663798260834, -10.566348542076867, -10.5669790544448, -10.566663798260834, -10.566663798260834, -10.5669790544448, -10.566663798260834, -10.566663798260834, -10.566663798260834, -10.5669790544448, -10.566663798260834, -10.5669790544448, -10.566663798260834], \"AIN1\": [-10.566663798260834, -10.5669790544448, -10.566663798260834, -10.566663798260834, -10.566663798260834, -10.566663798260834, -10.566348542076867, -10.566663798260834, -10.566663798260834, -10.566663798260834, -10.5669790544448, -10.566663798260834, -10.566663798260834, -10.566663798260834, -10.5669790544448, -10.566348542076867, -10.566348542076867, -10.566348542076867, -10.566663798260834, -10.566663798260834, -10.5669790544448, -10.566663798260834, -10.5669790544448, -10.5669790544448, -10.566663798260834, -10.566348542076867, -10.566663798260834, -10.566348542076867, -10.566663798260834, -10.566663798260834, -10.566348542076867, -10.566663798260834, -10.566663798260834, -10.566663798260834, -10.566663798260834, -10.5669790544448, -10.566663798260834, -10.5669790544448, -10.5669790544448, -10.566663798260834, -10.566663798260834, -10.5669790544448, -10.566663798260834, -10.5669790544448, -10.566663798260834, -10.566348542076867, -10.566663798260834, -10.566663798260834, -10.566663798260834, -10.5669790544448, -10.566663798260834, -10.566663798260834, -10.566663798260834, -10.566348542076867, -10.566663798260834, -10.5669790544448, -10.566663798260834, -10.566663798260834, -10.566663798260834, -10.566663798260834, -10.566663798260834, -10.566663798260834, -10.5669790544448, -10.566348542076867, -10.5669790544448, -10.566663798260834, -10.566348542076867, -10.566663798260834, -10.566663798260834, -10.566348542076867, -10.566663798260834, -10.566663798260834, -10.566663798260834, -10.566663798260834, -10.566663798260834, -10.566663798260834, -10.566663798260834, -10.566663798260834, -10.5669790544448, -10.566663798260834, -10.566348542076867, -10.566348542076867, -10.566663798260834, -10.5669790544448, -10.566663798260834, -10.567294310628768, -10.5669790544448, -10.5669790544448, -10.5669790544448, -10.566663798260834, -10.566663798260834, -10.566663798260834, -10.566348542076867, -10.566663798260834, -10.5669790544448, -10.566663798260834, -10.566663798260834, -10.5669790544448, -10.566663798260834, -10.566663798260834, -10.5669790544448, -10.566663798260834, -10.5669790544448, -10.566663798260834, -10.566663798260834, -10.566348542076867, -10.566348542076867, -10.566663798260834, -10.5669790544448, -10.566348542076867, -10.566663798260834, -10.5669790544448, -10.566663798260834, -10.5669790544448, -10.566663798260834, -10.566663798260834, -10.5669790544448, -10.5669790544448, -10.5669790544448, -10.566663798260834, -10.566663798260834, -10.5669790544448, -10.566348542076867, -10.5669790544448, -10.566663798260834, -10.566663798260834, -10.566663798260834, -10.566663798260834, -10.566663798260834, -10.566663798260834, -10.566663798260834, -10.566663798260834, -10.5669790544448, -10.5669790544448, -10.5669790544448, -10.5669790544448, -10.566663798260834, -10.566663798260834, -10.566348542076867, -10.566663798260834, -10.566348542076867, -10.566348542076867, -10.566663798260834, -10.566663798260834, -10.566663798260834, -10.5669790544448, -10.566663798260834, -10.566663798260834, -10.566663798260834, -10.5669790544448, -10.5669790544448, -10.566663798260834, -10.5669790544448, -10.566348542076867, -10.5669790544448, -10.566348542076867, -10.566663798260834, -10.5669790544448, -10.566663798260834, -10.566663798260834, -10.5669790544448, -10.566663798260834, -10.566348542076867, -10.5669790544448, -10.566663798260834, -10.5669790544448, -10.5669790544448, -10.5669790544448, -10.5669790544448, -10.566663798260834, -10.5669790544448, -10.566663798260834, -10.566348542076867, -10.566663798260834, -10.566663798260834, -10.566663798260834, -10.566663798260834, -10.566663798260834, -10.566663798260834, -10.5669790544448, -10.566663798260834, -10.566348542076867, -10.5669790544448, -10.566663798260834, -10.566663798260834, -10.5669790544448, -10.566348542076867, -10.5669790544448, -10.5669790544448, -10.566663798260834, -10.566663798260834, -10.566348542076867, -10.566663798260834, -10.566663798260834, -10.566663798260834, -10.566663798260834, -10.566663798260834, -10.566663798260834, -10.566663798260834, -10.566663798260834, -10.566663798260834, -10.566663798260834, -10.566663798260834, -10.566663798260834, -10.566348542076867, -10.566663798260834, -10.566663798260834, -10.566663798260834, -10.5669790544448, -10.566663798260834, -10.5669790544448, -10.5669790544448, -10.5669790544448, -10.566663798260834, -10.566348542076867, -10.566663798260834, -10.5669790544448, -10.566663798260834, -10.566348542076867, -10.5669790544448, -10.566663798260834, -10.566663798260834, -10.566663798260834, -10.566663798260834, -10.566663798260834, -10.566348542076867, -10.566663798260834, -10.566663798260834, -10.566348542076867, -10.566348542076867, -10.566663798260834, -10.566663798260834, -10.566663798260834, -10.566663798260834, -10.566663798260834, -10.5669790544448, -10.5669790544448, -10.566663798260834, -10.566663798260834, -10.5669790544448, -10.5669790544448, -10.5669790544448, -10.566663798260834, -10.5669790544448, -10.566663798260834, -10.5669790544448, -10.566348542076867, -10.566663798260834, -10.5669790544448, -10.5669790544448], \"AIN2\": [-10.5669790544448, -10.566663798260834, -10.566663798260834, -10.566663798260834, -10.566663798260834, -10.566663798260834, -10.566663798260834, -10.566663798260834, -10.566663798260834, -10.5669790544448, -10.566663798260834, -10.566663798260834, -10.566663798260834, -10.566663798260834, -10.566663798260834, -10.566663798260834, -10.566663798260834, -10.566663798260834, -10.566663798260834, -10.5669790544448, -10.5669790544448, -10.5669790544448, -10.5669790544448, -10.566663798260834, -10.566663798260834, -10.566663798260834, -10.566663798260834, -10.566348542076867, -10.566348542076867, -10.566663798260834, -10.5669790544448, -10.566663798260834, -10.566663798260834, -10.566663798260834, -10.566348542076867, -10.5669790544448, -10.566348542076867, -10.566663798260834, -10.566663798260834, -10.566663798260834, -10.5669790544448, -10.5669790544448, -10.5669790544448, -10.566663798260834, -10.5669790544448, -10.5669790544448, -10.566663798260834, -10.566663798260834, -10.566348542076867, -10.566663798260834, -10.5669790544448, -10.566663798260834, -10.5669790544448, -10.566663798260834, -10.5669790544448, -10.5669790544448, -10.566348542076867, -10.566663798260834, -10.566348542076867, -10.5669790544448, -10.5669790544448, -10.566663798260834, -10.5669790544448, -10.566663798260834, -10.566663798260834, -10.566663798260834, -10.5669790544448, -10.566663798260834, -10.566348542076867, -10.566663798260834, -10.5669790544448, -10.566348542076867, -10.5669790544448, -10.566663798260834, -10.566348542076867, -10.566348542076867, -10.5669790544448, -10.566663798260834, -10.566663798260834, -10.5669790544448, -10.5669790544448, -10.566663798260834, -10.566348542076867, -10.566663798260834, -10.566663798260834, -10.566663798260834, -10.5669790544448, -10.566348542076867, -10.566663798260834, -10.566663798260834, -10.566663798260834, -10.566348542076867, -10.566348542076867, -10.566663798260834, -10.566663798260834, -10.566663798260834, -10.566663798260834, -10.566663798260834, -10.5669790544448, -10.566663798260834, -10.566663798260834, -10.566348542076867, -10.5669790544448, -10.566663798260834, -10.566663798260834, -10.566663798260834, -10.566348542076867, -10.566663798260834, -10.5669790544448, -10.566348542076867, -10.5669790544448, -10.566663798260834, -10.566663798260834, -10.566348542076867, -10.5669790544448, -10.566348542076867, -10.566663798260834, -10.566663798260834, -10.5669790544448, -10.566663798260834, -10.566663798260834, -10.5669790544448, -10.566348542076867, -10.5669790544448, -10.5669790544448, -10.566663798260834, -10.5669790544448, -10.5669790544448, -10.566348542076867, -10.566663798260834, -10.566663798260834, -10.566663798260834, -10.5669790544448, -10.566348542076867, -10.566663798260834, -10.566663798260834, -10.5669790544448, -10.566663798260834, -10.5669790544448, -10.567294310628768, -10.566663798260834, -10.5669790544448, -10.566663798260834, -10.566348542076867, -10.5669790544448, -10.566663798260834, -10.566348542076867, -10.566663798260834, -10.566348542076867, -10.566663798260834, -10.5669790544448, -10.566348542076867, -10.566663798260834, -10.566663798260834, -10.566663798260834, -10.566663798260834, -10.566663798260834, -10.5669790544448, -10.5669790544448, -10.566348542076867, -10.5669790544448, -10.5669790544448, -10.566663798260834, -10.566663798260834, -10.566663798260834, -10.5669790544448, -10.566663798260834, -10.5669790544448, -10.566663798260834, -10.566663798260834, -10.566663798260834, -10.567294310628768, -10.566663798260834, -10.566663798260834, -10.566663798260834, -10.566348542076867, -10.5669790544448, -10.5669790544448, -10.566348542076867, -10.5669790544448, -10.5669790544448, -10.566663798260834, -10.5669790544448, -10.5669790544448, -10.566663798260834, -10.566663798260834, -10.566348542076867, -10.5669790544448, -10.566663798260834, -10.566663798260834, -10.566348542076867, -10.566663798260834, -10.566663798260834, -10.566663798260834, -10.5669790544448, -10.5669790544448, -10.566663798260834, -10.566663798260834, -10.566348542076867, -10.5669790544448, -10.566663798260834, -10.566663798260834, -10.566663798260834, -10.566663798260834, -10.5669790544448, -10.5669790544448, -10.566663798260834, -10.566663798260834, -10.566663798260834, -10.566348542076867, -10.5669790544448, -10.5669790544448, -10.5669790544448, -10.566663798260834, -10.5669790544448, -10.566663798260834, -10.566348542076867, -10.5669790544448, -10.566663798260834, -10.5669790544448, -10.5669790544448, -10.566663798260834, -10.566663798260834, -10.566348542076867, -10.5669790544448, -10.566663798260834, -10.566663798260834, -10.566348542076867, -10.566663798260834, -10.5669790544448, -10.566663798260834, -10.566663798260834, -10.566663798260834, -10.566663798260834, -10.5669790544448, -10.566663798260834, -10.566663798260834, -10.566348542076867, -10.566663798260834, -10.5669790544448, -10.5669790544448, -10.566663798260834, -10.566663798260834, -10.5669790544448, -10.566348542076867, -10.566348542076867, -10.566663798260834, -10.566663798260834, -10.566663798260834, -10.566663798260834], \"AIN3\": [-10.566663798260834, -10.566663798260834, -10.566348542076867, -10.566348542076867, -10.5669790544448, -10.566663798260834, -10.566663798260834, -10.5669790544448, -10.566663798260834, -10.566348542076867, -10.5669790544448, -10.566663798260834, -10.566348542076867, -10.566663798260834, -10.566663798260834, -10.5669790544448, -10.566663798260834, -10.566348542076867, -10.5669790544448, -10.566348542076867, -10.566663798260834, -10.5669790544448, -10.566663798260834, -10.5669790544448, -10.566663798260834, -10.566348542076867, -10.566663798260834, -10.566663798260834, -10.566348542076867, -10.566348542076867, -10.566663798260834, -10.566663798260834, -10.5669790544448, -10.566663798260834, -10.5669790544448, -10.566663798260834, -10.566663798260834, -10.566663798260834, -10.566663798260834, -10.566663798260834, -10.566348542076867, -10.566348542076867, -10.566663798260834, -10.566663798260834, -10.566663798260834, -10.5669790544448, -10.566348542076867, -10.5669790544448, -10.566663798260834, -10.566663798260834, -10.566663798260834, -10.566663798260834, -10.566348542076867, -10.566663798260834, -10.5669790544448, -10.566663798260834, -10.5669790544448, -10.566663798260834, -10.566663798260834, -10.566663798260834, -10.566663798260834, -10.5669790544448, -10.566663798260834, -10.566663798260834, -10.566663798260834, -10.566663798260834, -10.566348542076867, -10.566348542076867, -10.566663798260834, -10.566663798260834, -10.566663798260834, -10.5669790544448, -10.566663798260834, -10.566663798260834, -10.5669790544448, -10.566663798260834, -10.566663798260834, -10.566663798260834, -10.566348542076867, -10.566663798260834, -10.566663798260834, -10.5669790544448, -10.566663798260834, -10.566348542076867, -10.566348542076867, -10.566663798260834, -10.5669790544448, -10.566348542076867, -10.566663798260834, -10.566663798260834, -10.566663798260834, -10.566663798260834, -10.5669790544448, -10.566663798260834, -10.5669790544448, -10.566348542076867, -10.566663798260834, -10.5669790544448, -10.566663798260834, -10.566663798260834, -10.566663798260834, -10.5669790544448, -10.566663798260834, -10.566348542076867, -10.566663798260834, -10.566663798260834, -10.566663798260834, -10.566348542076867, -10.566348542076867, -10.566663798260834, -10.566663798260834, -10.566663798260834, -10.566663798260834, -10.566663798260834, -10.5669790544448, -10.566663798260834, -10.5669790544448, -10.566663798260834, -10.5669790544448, -10.5669790544448, -10.566663798260834, -10.566663798260834, -10.566663798260834, -10.5669790544448, -10.566663798260834, -10.566663798260834, -10.566663798260834, -10.566348542076867, -10.5669790544448, -10.566348542076867, -10.566663798260834, -10.5669790544448, -10.5669790544448, -10.566663798260834, -10.566663798260834, -10.566663798260834, -10.566663798260834, -10.566348542076867, -10.566348542076867, -10.566348542076867, -10.5669790544448, -10.566663798260834, -10.566663798260834, -10.566663798260834, -10.566663798260834, -10.566663798260834, -10.566663798260834, -10.566663798260834, -10.566663798260834, -10.566348542076867, -10.566663798260834, -10.5669790544448, -10.566663798260834, -10.566663798260834, -10.566348542076867, -10.5669790544448, -10.566348542076867, -10.5669790544448, -10.566663798260834, -10.566348542076867, -10.566663798260834, -10.566663798260834, -10.566663798260834, -10.566663798260834, -10.566663798260834, -10.566663798260834, -10.566663798260834, -10.5669790544448, -10.5669790544448, -10.566663798260834, -10.566663798260834, -10.566663798260834, -10.566663798260834, -10.566663798260834, -10.566348542076867, -10.566663798260834, -10.566663798260834, -10.5669790544448, -10.5669790544448, -10.566663798260834, -10.566348542076867, -10.566663798260834, -10.566348542076867, -10.5669790544448, -10.566663798260834, -10.566663798260834, -10.5669790544448, -10.566663798260834, -10.566663798260834, -10.566348542076867, -10.566348542076867, -10.566348542076867, -10.566663798260834, -10.5669790544448, -10.566663798260834, -10.566663798260834, -10.5669790544448, -10.566663798260834, -10.566663798260834, -10.566663798260834, -10.5669790544448, -10.566663798260834, -10.566663798260834, -10.5669790544448, -10.566663798260834, -10.5669790544448, -10.566348542076867, -10.5669790544448, -10.5669790544448, -10.566663798260834, -10.566663798260834, -10.566663798260834, -10.566663798260834, -10.566348542076867, -10.566663798260834, -10.566348542076867, -10.5669790544448, -10.566663798260834, -10.566663798260834, -10.566663798260834, -10.5669790544448, -10.566663798260834, -10.566663798260834, -10.566348542076867, -10.566348542076867, -10.566663798260834, -10.5669790544448, -10.5669790544448, -10.566348542076867, -10.566663798260834, -10.5669790544448, -10.5669790544448, -10.5669790544448, -10.5669790544448, -10.5669790544448, -10.566663798260834, -10.5669790544448, -10.5669790544448, -10.566663798260834, -10.566663798260834, -10.566663798260834, -10.566663798260834, -10.566663798260834, -10.5669790544448, -10.566663798260834, -10.5669790544448, -10.566663798260834, -10.566663798260834, -10.566663798260834, -10.566663798260834]}, \"data_type\": \"<type 'collections.defaultdict'>\"}"}
{"message": "{\"timestamp\": 2.5289249420166016, \"object_type\": \"labjack_stream\", \"data\": {\"AIN0\": [-10.566663798260834, -10.566663798260834, -10.5669790544448, -10.566348542076867, -10.5669790544448, -10.566663798260834, -10.566663798260834, -10.566663798260834, -10.566663798260834, -10.566663798260834, -10.566663798260834, -10.566663798260834, -10.5669790544448, -10.566663798260834, -10.566348542076867, -10.566663798260834, -10.566663798260834, -10.566348542076867, -10.566348542076867, -10.566348542076867, -10.5669790544448, -10.566348542076867, -10.5669790544448, -10.5669790544448, -10.566348542076867, -10.566663798260834, -10.5669790544448, -10.566348542076867, -10.566663798260834, -10.566663798260834, -10.566348542076867, -10.566663798260834, -10.566663798260834, -10.566663798260834, -10.566663798260834, -10.5669790544448, -10.566348542076867, -10.566663798260834, -10.566663798260834, -10.566348542076867, -10.566663798260834, -10.566663798260834, -10.566663798260834, -10.5669790544448, -10.566663798260834, -10.5669790544448, -10.566348542076867, -10.566348542076867, -10.566663798260834, -10.566348542076867, -10.566348542076867, -10.566348542076867, -10.5669790544448, -10.566663798260834, -10.5669790544448, -10.566348542076867, -10.566348542076867, -10.566348542076867, -10.566348542076867, -10.5669790544448, -10.566663798260834, -10.5669790544448, -10.566348542076867, -10.566348542076867, -10.5669790544448, -10.566348542076867, -10.566663798260834, -10.5669790544448, -10.566348542076867, -10.5669790544448, -10.5669790544448, -10.5669790544448, -10.566663798260834, -10.5669790544448, -10.566663798260834, -10.566663798260834, -10.566663798260834, -10.566663798260834, -10.5669790544448, -10.566663798260834, -10.5669790544448, -10.566348542076867, -10.566663798260834, -10.566348542076867, -10.566348542076867, -10.566663798260834, -10.566663798260834, -10.566348542076867, -10.566348542076867, -10.5669790544448, -10.566663798260834, -10.566348542076867, -10.5669790544448, -10.5669790544448, -10.566663798260834, -10.566663798260834, -10.566348542076867, -10.566663798260834, -10.566663798260834, -10.566663798260834, -10.566663798260834, -10.5669790544448, -10.566663798260834, -10.5669790544448, -10.566663798260834, -10.566663798260834, -10.5669790544448, -10.566663798260834, -10.566348542076867, -10.566663798260834, -10.5669790544448, -10.566348542076867, -10.566663798260834, -10.567294310628768, -10.5669790544448, -10.566663798260834, -10.566663798260834, -10.566663798260834, -10.566663798260834, -10.566348542076867, -10.566663798260834, -10.566663798260834, -10.566348542076867, -10.566348542076867, -10.566663798260834, -10.566663798260834, -10.566663798260834, -10.5669790544448, -10.566348542076867, -10.5669790544448, -10.566663798260834, -10.5669790544448, -10.566663798260834, -10.566348542076867, -10.566663798260834, -10.566663798260834, -10.566663798260834, -10.5669790544448, -10.566348542076867, -10.566663798260834, -10.5669790544448, -10.566663798260834, -10.566348542076867, -10.566663798260834, -10.566348542076867, -10.5669790544448, -10.5669790544448, -10.566663798260834, -10.566348542076867, -10.5669790544448, -10.5669790544448, -10.566348542076867, -10.566663798260834, -10.566663798260834, -10.566663798260834, -10.5669790544448, -10.566663798260834, -10.566663798260834, -10.566663798260834, -10.566663798260834, -10.566663798260834, -10.566663798260834, -10.5669790544448, -10.566663798260834, -10.566663798260834, -10.5669790544448, -10.5669790544448, -10.566663798260834, -10.566348542076867, -10.566663798260834, -10.566663798260834, -10.566663798260834, -10.566663798260834, -10.566663798260834, -10.566663798260834, -10.566663798260834, -10.566663798260834, -10.566663798260834, -10.566348542076867, -10.566663798260834, -10.566663798260834, -10.5669790544448, -10.566348542076867, -10.566348542076867, -10.566663798260834, -10.5669790544448, -10.566663798260834, -10.566348542076867, -10.566663798260834, -10.566663798260834, -10.566663798260834, -10.566663798260834, -10.5669790544448, -10.566663798260834, -10.566663798260834, -10.5669790544448, -10.566663798260834, -10.566663798260834, -10.566663798260834, -10.566663798260834, -10.566348542076867, -10.566348542076867, -10.566663798260834, -10.566663798260834, -10.566348542076867, -10.566663798260834, -10.566663798260834, -10.566663798260834, -10.5660332858929, -10.5669790544448, -10.5669790544448, -10.566663798260834, -10.566663798260834, -10.566663798260834, -10.5669790544448, -10.566663798260834, -10.566663798260834, -10.5669790544448, -10.566663798260834, -10.566663798260834, -10.566663798260834, -10.566348542076867, -10.566663798260834, -10.5669790544448, -10.566348542076867, -10.5669790544448, -10.566663798260834, -10.566663798260834, -10.566663798260834, -10.566663798260834, -10.566348542076867, -10.566663798260834, -10.5669790544448, -10.566663798260834, -10.566663798260834, -10.566663798260834, -10.566663798260834, -10.566663798260834, -10.566663798260834, -10.566663798260834, -10.566663798260834, -10.566663798260834, -10.566663798260834, -10.566663798260834, -10.566663798260834, -10.566348542076867, -10.566663798260834, -10.566663798260834, -10.566663798260834, -10.566348542076867], \"AIN1\": [-10.5669790544448, -10.566663798260834, -10.5669790544448, -10.566663798260834, -10.566663798260834, -10.566348542076867, -10.566663798260834, -10.5669790544448, -10.5669790544448, -10.5669790544448, -10.566663798260834, -10.566663798260834, -10.566663798260834, -10.566663798260834, -10.5669790544448, -10.566663798260834, -10.566663798260834, -10.5669790544448, -10.5669790544448, -10.566348542076867, -10.566663798260834, -10.566348542076867, -10.5669790544448, -10.566663798260834, -10.5669790544448, -10.566663798260834, -10.566348542076867, -10.566663798260834, -10.566663798260834, -10.566663798260834, -10.566663798260834, -10.566663798260834, -10.566663798260834, -10.566663798260834, -10.566663798260834, -10.566663798260834, -10.5669790544448, -10.5669790544448, -10.566663798260834, -10.566663798260834, -10.566348542076867, -10.566663798260834, -10.566348542076867, -10.566663798260834, -10.566663798260834, -10.566348542076867, -10.5669790544448, -10.5669790544448, -10.566663798260834, -10.5669790544448, -10.566348542076867, -10.566663798260834, -10.566348542076867, -10.566663798260834, -10.566348542076867, -10.566348542076867, -10.5669790544448, -10.5669790544448, -10.566663798260834, -10.566663798260834, -10.5669790544448, -10.566348542076867, -10.566663798260834, -10.566348542076867, -10.566663798260834, -10.566663798260834, -10.566663798260834, -10.566663798260834, -10.5669790544448, -10.566348542076867, -10.566663798260834, -10.5669790544448, -10.566348542076867, -10.566663798260834, -10.5669790544448, -10.5669790544448, -10.5669790544448, -10.566663798260834, -10.566663798260834, -10.566663798260834, -10.566663798260834, -10.566348542076867, -10.566663798260834, -10.566663798260834, -10.5669790544448, -10.5669790544448, -10.566663798260834, -10.566348542076867, -10.566663798260834, -10.566348542076867, -10.566663798260834, -10.566663798260834, -10.566663798260834, -10.5669790544448, -10.566663798260834, -10.566663798260834, -10.5669790544448, -10.566663798260834, -10.566663798260834, -10.5669790544448, -10.5669790544448, -10.566663798260834, -10.5669790544448, -10.566348542076867, -10.566663798260834, -10.566663798260834, -10.566348542076867, -10.5669790544448, -10.5669790544448, -10.566663798260834, -10.5669790544448, -10.5669790544448, -10.5669790544448, -10.5669790544448, -10.5669790544448, -10.566663798260834, -10.5669790544448, -10.566663798260834, -10.566663798260834, -10.5669790544448, -10.566663798260834, -10.566663798260834, -10.5669790544448, -10.566663798260834, -10.566663798260834, -10.566663798260834, -10.566348542076867, -10.566663798260834, -10.566348542076867, -10.5669790544448, -10.566663798260834, -10.5669790544448, -10.5669790544448, -10.5669790544448, -10.566663798260834, -10.5669790544448, -10.566663798260834, -10.566663798260834, -10.566663798260834, -10.566663798260834, -10.566663798260834, -10.566663798260834, -10.5669790544448, -10.566348542076867, -10.566663798260834, -10.5669790544448, -10.566663798260834, -10.566663798260834, -10.566348542076867, -10.566348542076867, -10.566663798260834, -10.566663798260834, -10.566348542076867, -10.566663798260834, -10.566663798260834, -10.5669790544448, -10.5669790544448, -10.5669790544448, -10.566663798260834, -10.566663798260834, -10.5669790544448, -10.566663798260834, -10.566348542076867, -10.5669790544448, -10.5669790544448, -10.566663798260834, -10.566663798260834, -10.566663798260834, -10.566663798260834, -10.566663798260834, -10.566663798260834, -10.566663798260834, -10.5669790544448, -10.566663798260834, -10.5669790544448, -10.566348542076867, -10.566663798260834, -10.566663798260834, -10.566348542076867, -10.566348542076867, -10.566348542076867, -10.566663798260834, -10.566663798260834, -10.566348542076867, -10.5669790544448, -10.566663798260834, -10.5669790544448, -10.566663798260834, -10.5669790544448, -10.5669790544448, -10.566663798260834, -10.5669790544448, -10.566663798260834, -10.566663798260834, -10.566663798260834, -10.566348542076867, -10.5669790544448, -10.5669790544448, -10.566663798260834, -10.566663798260834, -10.566663798260834, -10.5669790544448, -10.566663798260834, -10.566663798260834, -10.566663798260834, -10.5669790544448, -10.566663798260834, -10.566348542076867, -10.566348542076867, -10.5669790544448, -10.5669790544448, -10.5669790544448, -10.566348542076867, -10.566663798260834, -10.566663798260834, -10.566663798260834, -10.5669790544448, -10.5669790544448, -10.566663798260834, -10.566663798260834, -10.566663798260834, -10.5669790544448, -10.5669790544448, -10.566663798260834, -10.5669790544448, -10.5669790544448, -10.5669790544448, -10.566663798260834, -10.566663798260834, -10.566663798260834, -10.5669790544448, -10.5669790544448, -10.5669790544448, -10.5669790544448, -10.566348542076867, -10.566663798260834, -10.566663798260834, -10.566663798260834, -10.566663798260834, -10.566663798260834, -10.566663798260834, -10.5669790544448, -10.566663798260834, -10.566663798260834, -10.5669790544448, -10.5669790544448, -10.566663798260834, -10.566663798260834, -10.566348542076867, -10.5669790544448], \"AIN2\": [-10.566663798260834, -10.566663798260834, -10.566663798260834, -10.566663798260834, -10.5669790544448, -10.566663798260834, -10.566663798260834, -10.566663798260834, -10.566663798260834, -10.5669790544448, -10.566348542076867, -10.566348542076867, -10.566663798260834, -10.566348542076867, -10.566663798260834, -10.566663798260834, -10.5669790544448, -10.566663798260834, -10.5669790544448, -10.566663798260834, -10.5669790544448, -10.5669790544448, -10.566663798260834, -10.566663798260834, -10.5669790544448, -10.566663798260834, -10.566663798260834, -10.566348542076867, -10.566663798260834, -10.566663798260834, -10.5669790544448, -10.566348542076867, -10.5669790544448, -10.566663798260834, -10.566348542076867, -10.566663798260834, -10.5669790544448, -10.566663798260834, -10.566663798260834, -10.566348542076867, -10.566348542076867, -10.566348542076867, -10.5669790544448, -10.5669790544448, -10.5669790544448, -10.566348542076867, -10.566663798260834, -10.566663798260834, -10.5669790544448, -10.5669790544448, -10.5669790544448, -10.5669790544448, -10.5669790544448, -10.5669790544448, -10.566663798260834, -10.566663798260834, -10.566348542076867, -10.566663798260834, -10.566348542076867, -10.566663798260834, -10.566663798260834, -10.5669790544448, -10.566663798260834, -10.566663798260834, -10.566663798260834, -10.566663798260834, -10.566348542076867, -10.566663798260834, -10.5669790544448, -10.566348542076867, -10.566663798260834, -10.5669790544448, -10.566663798260834, -10.5669790544448, -10.566348542076867, -10.566663798260834, -10.5669790544448, -10.566663798260834, -10.566663798260834, -10.5669790544448, -10.5669790544448, -10.566663798260834, -10.566663798260834, -10.566663798260834, -10.566663798260834, -10.566663798260834, -10.566663798260834, -10.5669790544448, -10.5669790544448, -10.566348542076867, -10.566663798260834, -10.566348542076867, -10.566348542076867, -10.566663798260834, -10.566663798260834, -10.566663798260834, -10.5669790544448, -10.566663798260834, -10.566663798260834, -10.5669790544448, -10.566663798260834, -10.566663798260834, -10.566663798260834, -10.567294310628768, -10.5669790544448, -10.566663798260834, -10.566348542076867, -10.566663798260834, -10.566663798260834, -10.5669790544448, -10.566663798260834, -10.566663798260834, -10.5669790544448, -10.566663798260834, -10.566663798260834, -10.566663798260834, -10.566663798260834, -10.566663798260834, -10.566348542076867, -10.5669790544448, -10.566663798260834, -10.566663798260834, -10.566663798260834, -10.566663798260834, -10.5669790544448, -10.566663798260834, -10.566663798260834, -10.566663798260834, -10.566663798260834, -10.5669790544448, -10.566663798260834, -10.566663798260834, -10.566663798260834, -10.566348542076867, -10.566663798260834, -10.566663798260834, -10.566348542076867, -10.566663798260834, -10.5669790544448, -10.566348542076867, -10.566663798260834, -10.566663798260834, -10.5669790544448, -10.5669790544448, -10.566348542076867, -10.566663798260834, -10.566663798260834, -10.566663798260834, -10.5669790544448, -10.566663798260834, -10.566663798260834, -10.566663798260834, -10.566663798260834, -10.5669790544448, -10.566663798260834, -10.566348542076867, -10.566663798260834, -10.5669790544448, -10.5669790544448, -10.566663798260834, -10.566663798260834, -10.566663798260834, -10.566663798260834, -10.5669790544448, -10.5669790544448, -10.566663798260834, -10.566663798260834, -10.5669790544448, -10.566663798260834, -10.5669790544448, -10.566348542076867, -10.566663798260834, -10.5669790544448, -10.566663798260834, -10.566663798260834, -10.566663798260834, -10.566663798260834, -10.566663798260834, -10.566663798260834, -10.566663798260834, -10.5669790544448, -10.566663798260834, -10.5669790544448, -10.5669790544448, -10.566348542076867, -10.566348542076867, -10.566663798260834, -10.566663798260834, -10.566663798260834, -10.566663798260834, -10.566663798260834, -10.5669790544448, -10.566348542076867, -10.566663798260834, -10.566348542076867, -10.566663798260834, -10.566663798260834, -10.566663798260834, -10.5669790544448, -10.5669790544448, -10.566663798260834, -10.5669790544448, -10.566348542076867, -10.566663798260834, -10.566663798260834, -10.566663798260834, -10.566663798260834, -10.566663798260834, -10.566663798260834, -10.566348542076867, -10.5669790544448, -10.566663798260834, -10.566663798260834, -10.566348542076867, -10.5669790544448, -10.566348542076867, -10.5669790544448, -10.566663798260834, -10.5669790544448, -10.5669790544448, -10.5669790544448, -10.566348542076867, -10.5669790544448, -10.566663798260834, -10.5669790544448, -10.566663798260834, -10.566348542076867, -10.566663798260834, -10.5669790544448, -10.566348542076867, -10.566348542076867, -10.5669790544448, -10.566663798260834, -10.566663798260834, -10.5669790544448, -10.566663798260834, -10.566663798260834, -10.5669790544448, -10.5669790544448, -10.566663798260834, -10.5669790544448, -10.566348542076867, -10.566663798260834, -10.5669790544448, -10.5669790544448, -10.5669790544448, -10.566663798260834, -10.5669790544448, -10.5669790544448, -10.566663798260834], \"AIN3\": [-10.566663798260834, -10.566663798260834, -10.5669790544448, -10.5669790544448, -10.5669790544448, -10.566348542076867, -10.5669790544448, -10.566663798260834, -10.566663798260834, -10.566663798260834, -10.566663798260834, -10.5669790544448, -10.566663798260834, -10.566348542076867, -10.5669790544448, -10.566663798260834, -10.5669790544448, -10.5669790544448, -10.5669790544448, -10.566663798260834, -10.566348542076867, -10.566348542076867, -10.566348542076867, -10.566348542076867, -10.566663798260834, -10.566663798260834, -10.5669790544448, -10.566663798260834, -10.5669790544448, -10.566663798260834, -10.566663798260834, -10.566663798260834, -10.5669790544448, -10.566663798260834, -10.566663798260834, -10.566663798260834, -10.566663798260834, -10.566663798260834, -10.566663798260834, -10.566663798260834, -10.566663798260834, -10.566663798260834, -10.566663798260834, -10.5669790544448, -10.566348542076867, -10.5669790544448, -10.566663798260834, -10.566663798260834, -10.566348542076867, -10.566663798260834, -10.566663798260834, -10.566663798260834, -10.566663798260834, -10.5669790544448, -10.566663798260834, -10.5669790544448, -10.566348542076867, -10.566663798260834, -10.5669790544448, -10.566663798260834, -10.5669790544448, -10.5669790544448, -10.5669790544448, -10.566663798260834, -10.5669790544448, -10.566348542076867, -10.566348542076867, -10.566663798260834, -10.566663798260834, -10.566663798260834, -10.566663798260834, -10.566663798260834, -10.566663798260834, -10.566348542076867, -10.5669790544448, -10.566663798260834, -10.566663798260834, -10.566663798260834, -10.566348542076867, -10.566663798260834, -10.566348542076867, -10.5669790544448, -10.5669790544448, -10.566663798260834, -10.566663798260834, -10.566663798260834, -10.566663798260834, -10.566348542076867, -10.566663798260834, -10.566663798260834, -10.566348542076867, -10.5669790544448, -10.5669790544448, -10.5669790544448, -10.566348542076867, -10.5669790544448, -10.566663798260834, -10.566348542076867, -10.566348542076867, -10.5669790544448, -10.566663798260834, -10.566348542076867, -10.566663798260834, -10.566663798260834, -10.566348542076867, -10.566663798260834, -10.5669790544448, -10.5669790544448, -10.566663798260834, -10.5669790544448, -10.566663798260834, -10.566663798260834, -10.566663798260834, -10.566663798260834, -10.566663798260834, -10.566663798260834, -10.566663798260834, -10.5669790544448, -10.5669790544448, -10.566663798260834, -10.566663798260834, -10.566663798260834, -10.566663798260834, -10.5669790544448, -10.5669790544448, -10.5669790544448, -10.566663798260834, -10.566663798260834, -10.566663798260834, -10.566663798260834, -10.566663798260834, -10.566663798260834, -10.5669790544448, -10.5669790544448, -10.5669790544448, -10.566663798260834, -10.566663798260834, -10.5669790544448, -10.566663798260834, -10.566663798260834, -10.566663798260834, -10.5669790544448, -10.5669790544448, -10.566348542076867, -10.5669790544448, -10.566348542076867, -10.566663798260834, -10.5669790544448, -10.5669790544448, -10.566348542076867, -10.566663798260834, -10.566348542076867, -10.5669790544448, -10.5669790544448, -10.5669790544448, -10.566663798260834, -10.5669790544448, -10.566348542076867, -10.5669790544448, -10.5669790544448, -10.566663798260834, -10.5669790544448, -10.566348542076867, -10.5669790544448, -10.566663798260834, -10.566663798260834, -10.5669790544448, -10.566663798260834, -10.566663798260834, -10.566663798260834, -10.566663798260834, -10.566663798260834, -10.566663798260834, -10.566348542076867, -10.566663798260834, -10.566348542076867, -10.566663798260834, -10.5669790544448, -10.5669790544448, -10.5669790544448, -10.566663798260834, -10.566663798260834, -10.566663798260834, -10.5669790544448, -10.5669790544448, -10.5669790544448, -10.5669790544448, -10.566663798260834, -10.5669790544448, -10.566663798260834, -10.5669790544448, -10.5669790544448, -10.566663798260834, -10.566663798260834, -10.5669790544448, -10.566663798260834, -10.566663798260834, -10.566663798260834, -10.566663798260834, -10.5669790544448, -10.5669790544448, -10.566663798260834, -10.5669790544448, -10.566663798260834, -10.566348542076867, -10.566663798260834, -10.566663798260834, -10.5669790544448, -10.566663798260834, -10.566663798260834, -10.566663798260834, -10.5669790544448, -10.566663798260834, -10.566663798260834, -10.566663798260834, -10.5669790544448, -10.5669790544448, -10.5669790544448, -10.5669790544448, -10.5669790544448, -10.566663798260834, -10.566348542076867, -10.5669790544448, -10.5669790544448, -10.566663798260834, -10.566663798260834, -10.566663798260834, -10.566663798260834, -10.5669790544448, -10.566663798260834, -10.5669790544448, -10.566348542076867, -10.5669790544448, -10.566663798260834, -10.5669790544448, -10.566663798260834, -10.5669790544448, -10.566348542076867, -10.566663798260834, -10.5669790544448, -10.566663798260834, -10.566663798260834, -10.5669790544448, -10.5669790544448, -10.566348542076867, -10.5669790544448, -10.566348542076867, -10.5669790544448, -10.566663798260834, -10.566663798260834]}, \"data_type\": \"<type 'collections.defaultdict'>\"}"}
{"message": "{\"timestamp\": 2.803025960922241, \"object_type\": \"labjack_stream\", \"data\": {\"AIN0\": [-10.5669790544448, -10.566348542076867, -10.566663798260834, -10.566663798260834, -10.566663798260834, -10.566663798260834, -10.566663798260834, -10.566663798260834, -10.566663798260834, -10.5669790544448, -10.566348542076867, -10.566663798260834, -10.566348542076867, -10.566348542076867, -10.566663798260834, -10.566663798260834, -10.566348542076867, -10.566348542076867, -10.5669790544448, -10.566348542076867, -10.566663798260834, -10.566348542076867, -10.566663798260834, -10.566348542076867, -10.5669790544448, -10.566663798260834, -10.566663798260834, -10.5669790544448, -10.566663798260834, -10.5669790544448, -10.566348542076867, -10.5669790544448, -10.566663798260834, -10.5669790544448, -10.566663798260834, -10.566348542076867, -10.566663798260834, -10.566663798260834, -10.566663798260834, -10.566663798260834, -10.566348542076867, -10.566663798260834, -10.5669790544448, -10.566663798260834, -10.566348542076867, -10.5669790544448, -10.566663798260834, -10.566663798260834, -10.566348542076867, -10.5669790544448, -10.566663798260834, -10.566348542076867, -10.566663798260834, -10.5669790544448, -10.5669790544448, -10.566348542076867, -10.5669790544448, -10.5669790544448, -10.566663798260834, -10.566663798260834, -10.566663798260834, -10.566348542076867, -10.566663798260834, -10.566348542076867, -10.566663798260834, -10.5669790544448, -10.566663798260834, -10.566663798260834, -10.566663798260834, -10.566663798260834, -10.566663798260834, -10.566348542076867, -10.566663798260834, -10.566348542076867, -10.566663798260834, -10.566663798260834, -10.566348542076867, -10.566663798260834, -10.5669790544448, -10.566663798260834, -10.5669790544448, -10.566663798260834, -10.566663798260834, -10.566663798260834, -10.566663798260834, -10.566348542076867, -10.5669790544448, -10.566663798260834, -10.566663798260834, -10.566348542076867, -10.5669790544448, -10.566663798260834, -10.566348542076867, -10.566663798260834, -10.566663798260834, -10.566663798260834, -10.5669790544448, -10.566663798260834, -10.566663798260834, -10.566663798260834, -10.566348542076867, -10.566348542076867, -10.566663798260834, -10.566663798260834, -10.566348542076867, -10.566663798260834, -10.566663798260834, -10.5669790544448, -10.566663798260834, -10.566663798260834, -10.5669790544448, -10.566663798260834, -10.566348542076867, -10.566663798260834, -10.566663798260834, -10.566663798260834, -10.566348542076867, -10.566348542076867, -10.5669790544448, -10.566348542076867, -10.566348542076867, -10.566663798260834, -10.566663798260834, -10.566663798260834, -10.566348542076867, -10.566663798260834, -10.566663798260834, -10.566663798260834, -10.5669790544448, -10.5669790544448, -10.566663798260834, -10.566663798260834, -10.566663798260834, -10.566348542076867, -10.566348542076867, -10.5669790544448, -10.566663798260834, -10.566663798260834, -10.566663798260834, -10.566663798260834, -10.566663798260834, -10.566348542076867, -10.566663798260834, -10.566663798260834, -10.566663798260834, -10.566348542076867, -10.566348542076867, -10.566663798260834, -10.566663798260834, -10.5669790544448, -10.566348542076867, -10.566348542076867, -10.566663798260834, -10.566663798260834, -10.566348542076867, -10.566663798260834, -10.5669790544448, -10.566663798260834, -10.566663798260834, -10.566663798260834, -10.5669790544448, -10.566663798260834, -10.5669790544448, -10.566663798260834, -10.566348542076867, -10.5669790544448, -10.566348542076867, -10.566663798260834, -10.566663798260834, -10.566663798260834, -10.5669790544448, -10.566348542076867, -10.5669790544448, -10.566663798260834, -10.566663798260834, -10.566663798260834, -10.566663798260834, -10.566663798260834, -10.566663798260834, -10.566663798260834, -10.566663798260834, -10.566663798260834, -10.5669790544448, -10.566348542076867, -10.566663798260834, -10.566348542076867, -10.566663798260834, -10.5669790544448, -10.566663798260834, -10.566663798260834, -10.566663798260834, -10.566348542076867, -10.566663798260834, -10.566348542076867, -10.566663798260834, -10.566663798260834, -10.566348542076867, -10.566663798260834, -10.566663798260834, -10.5669790544448, -10.5669790544448, -10.5669790544448, -10.566663798260834, -10.566663798260834, -10.5669790544448, -10.5669790544448, -10.566663798260834, -10.566663798260834, -10.566663798260834, -10.566663798260834, -10.566348542076867, -10.566663798260834, -10.566663798260834, -10.566663798260834, -10.566663798260834, -10.5669790544448, -10.566663798260834, -10.566663798260834, -10.566348542076867, -10.566663798260834, -10.566663798260834, -10.5669790544448, -10.566348542076867, -10.566663798260834, -10.5669790544448, -10.566663798260834, -10.566663798260834, -10.566348542076867, -10.566348542076867, -10.566348542076867, -10.566348542076867, -10.5669790544448, -10.5669790544448, -10.566348542076867, -10.566663798260834, -10.566663798260834, -10.566663798260834, -10.566663798260834, -10.566348542076867, -10.566663798260834, -10.566663798260834, -10.566663798260834, -10.566663798260834, -10.566663798260834, -10.566663798260834, -10.566663798260834, -10.566348542076867, -10.566348542076867, -10.566663798260834, -10.566663798260834], \"AIN1\": [-10.5669790544448, -10.566663798260834, -10.566348542076867, -10.566663798260834, -10.5669790544448, -10.5669790544448, -10.5669790544448, -10.566663798260834, -10.566663798260834, -10.5669790544448, -10.5669790544448, -10.5669790544448, -10.566663798260834, -10.566348542076867, -10.566663798260834, -10.566663798260834, -10.566663798260834, -10.566663798260834, -10.5669790544448, -10.5669790544448, -10.566663798260834, -10.566663798260834, -10.566663798260834, -10.566663798260834, -10.5669790544448, -10.566663798260834, -10.566663798260834, -10.566663798260834, -10.566663798260834, -10.5669790544448, -10.566663798260834, -10.566348542076867, -10.566663798260834, -10.566663798260834, -10.566663798260834, -10.566348542076867, -10.5669790544448, -10.566663798260834, -10.566348542076867, -10.5669790544448, -10.566663798260834, -10.566663798260834, -10.566663798260834, -10.566663798260834, -10.566663798260834, -10.566663798260834, -10.566663798260834, -10.5669790544448, -10.566663798260834, -10.5669790544448, -10.566663798260834, -10.566663798260834, -10.566663798260834, -10.5669790544448, -10.566663798260834, -10.5669790544448, -10.566663798260834, -10.566348542076867, -10.566663798260834, -10.566663798260834, -10.566348542076867, -10.5669790544448, -10.5669790544448, -10.566663798260834, -10.566663798260834, -10.566663798260834, -10.5669790544448, -10.5669790544448, -10.566348542076867, -10.5669790544448, -10.5669790544448, -10.5669790544448, -10.5669790544448, -10.566663798260834, -10.566348542076867, -10.566663798260834, -10.5669790544448, -10.566663798260834, -10.566663798260834, -10.566663798260834, -10.5669790544448, -10.5669790544448, -10.5669790544448, -10.566663798260834, -10.566663798260834, -10.566663798260834, -10.5669790544448, -10.566663798260834, -10.566663798260834, -10.566348542076867, -10.566348542076867, -10.566663798260834, -10.5669790544448, -10.566663798260834, -10.566663798260834, -10.5669790544448, -10.566663798260834, -10.566663798260834, -10.566663798260834, -10.5669790544448, -10.566348542076867, -10.566348542076867, -10.566348542076867, -10.5669790544448, -10.566663798260834, -10.5669790544448, -10.566663798260834, -10.566663798260834, -10.5669790544448, -10.566348542076867, -10.5669790544448, -10.566663798260834, -10.566663798260834, -10.566663798260834, -10.566663798260834, -10.5669790544448, -10.566663798260834, -10.5669790544448, -10.566663798260834, -10.566663798260834, -10.5669790544448, -10.5669790544448, -10.5669790544448, -10.5669790544448, -10.566663798260834, -10.5669790544448, -10.566663798260834, -10.566348542076867, -10.566663798260834, -10.566663798260834, -10.5669790544448, -10.5669790544448, -10.566348542076867, -10.566348542076867, -10.566663798260834, -10.566663798260834, -10.5669790544448, -10.566663798260834, -10.5669790544448, -10.566663798260834, -10.566348542076867, -10.566663798260834, -10.566348542076867, -10.566663798260834, -10.566663798260834, -10.5669790544448, -10.5669790544448, -10.5669790544448, -10.566348542076867, -10.566663798260834, -10.566348542076867, -10.566663798260834, -10.566348542076867, -10.5669790544448, -10.5669790544448, -10.566663798260834, -10.566663798260834, -10.566663798260834, -10.5669790544448, -10.566663798260834, -10.5669790544448, -10.566663798260834, -10.566663798260834, -10.566663798260834, -10.566663798260834, -10.566663798260834, -10.566663798260834, -10.5669790544448, -10.566663798260834, -10.5669790544448, -10.566663798260834, -10.566663798260834, -10.5669790544448, -10.566663798260834, -10.5669790544448, -10.566663798260834, -10.5669790544448, -10.5669790544448, -10.566348542076867, -10.566663798260834, -10.566663798260834, -10.566348542076867, -10.566348542076867, -10.566663798260834, -10.566663798260834, -10.5669790544448, -10.566663798260834, -10.566663798260834, -10.5669790544448, -10.566663798260834, -10.5669790544448, -10.5669790544448, -10.566663798260834, -10.5669790544448, -10.566348542076867, -10.566348542076867, -10.566663798260834, -10.566663798260834, -10.566663798260834, -10.566348542076867, -10.5669790544448, -10.566663798260834, -10.566663798260834, -10.566663798260834, -10.566663798260834, -10.566663798260834, -10.566663798260834, -10.566348542076867, -10.566663798260834, -10.5669790544448, -10.566663798260834, -10.566663798260834, -10.566663798260834, -10.5669790544448, -10.566663798260834, -10.566663798260834, -10.566663798260834, -10.5669790544448, -10.566663798260834, -10.566663798260834, -10.5669790544448, -10.5669790544448, -10.5669790544448, -10.566663798260834, -10.566663798260834, -10.5669790544448, -10.566348542076867, -10.566348542076867, -10.5669790544448, -10.5669790544448, -10.566663798260834, -10.5669790544448, -10.566663798260834, -10.566663798260834, -10.5669790544448, -10.566663798260834, -10.5669790544448, -10.566663798260834, -10.5669790544448, -10.5669790544448, -10.5669790544448, -10.566663798260834, -10.5669790544448, -10.566663798260834, -10.566663798260834, -10.566663798260834, -10.5669790544448, -10.5669790544448, -10.566348542076867, -10.5669790544448], \"AIN2\": [-10.566663798260834, -10.566663798260834, -10.566663798260834, -10.566663798260834, -10.566663798260834, -10.5669790544448, -10.566663798260834, -10.566663798260834, -10.566348542076867, -10.5669790544448, -10.5669790544448, -10.566663798260834, -10.5669790544448, -10.566663798260834, -10.566663798260834, -10.566348542076867, -10.566663798260834, -10.566348542076867, -10.566663798260834, -10.566663798260834, -10.5669790544448, -10.566663798260834, -10.566663798260834, -10.566663798260834, -10.5669790544448, -10.5669790544448, -10.5669790544448, -10.566663798260834, -10.5669790544448, -10.5669790544448, -10.566663798260834, -10.566663798260834, -10.566663798260834, -10.5669790544448, -10.566663798260834, -10.566348542076867, -10.566348542076867, -10.5669790544448, -10.566663798260834, -10.566663798260834, -10.5669790544448, -10.566663798260834, -10.566663798260834, -10.566348542076867, -10.566663798260834, -10.5669790544448, -10.566663798260834, -10.566663798260834, -10.5669790544448, -10.5669790544448, -10.5669790544448, -10.566663798260834, -10.566663798260834, -10.566663798260834, -10.5669790544448, -10.566663798260834, -10.566663798260834, -10.566348542076867, -10.566663798260834, -10.566663798260834, -10.566348542076867, -10.5669790544448, -10.566663798260834, -10.566663798260834, -10.5669790544448, -10.566663798260834, -10.566348542076867, -10.566663798260834, -10.566663798260834, -10.566663798260834, -10.566663798260834, -10.566663798260834, -10.566348542076867, -10.566348542076867, -10.566663798260834, -10.566663798260834, -10.566663798260834, -10.566663798260834, -10.5669790544448, -10.566348542076867, -10.566663798260834, -10.5669790544448, -10.566663798260834, -10.5669790544448, -10.566663798260834, -10.566663798260834, -10.566348542076867, -10.5669790544448, -10.566663798260834, -10.5669790544448, -10.566663798260834, -10.566663798260834, -10.566663798260834, -10.5669790544448, -10.5669790544448, -10.5669790544448, -10.566348542076867, -10.566663798260834, -10.5669790544448, -10.5669790544448, -10.5669790544448, -10.5669790544448, -10.566663798260834, -10.566348542076867, -10.566663798260834, -10.566663798260834, -10.566663798260834, -10.566348542076867, -10.5669790544448, -10.566663798260834, -10.566663798260834, -10.566348542076867, -10.566663798260834, -10.5669790544448, -10.566348542076867, -10.566348542076867, -10.566663798260834, -10.566348542076867, -10.566663798260834, -10.5669790544448, -10.566663798260834, -10.5669790544448, -10.566663798260834, -10.566663798260834, -10.5669790544448, -10.566663798260834, -10.566663798260834, -10.5669790544448, -10.566663798260834, -10.5669790544448, -10.5669790544448, -10.566348542076867, -10.566663798260834, -10.567294310628768, -10.566663798260834, -10.566663798260834, -10.566663798260834, -10.566663798260834, -10.5669790544448, -10.566663798260834, -10.566663798260834, -10.566663798260834, -10.566663798260834, -10.566663798260834, -10.566348542076867, -10.566348542076867, -10.566663798260834, -10.566663798260834, -10.566348542076867, -10.5669790544448, -10.566348542076867, -10.5669790544448, -10.566348542076867, -10.566663798260834, -10.566663798260834, -10.566348542076867, -10.5669790544448, -10.566663798260834, -10.566663798260834, -10.5669790544448, -10.566348542076867, -10.5669790544448, -10.5669790544448, -10.566348542076867, -10.566663798260834, -10.5669790544448, -10.566348542076867, -10.5669790544448, -10.5669790544448, -10.566663798260834, -10.566663798260834, -10.566663798260834, -10.566663798260834, -10.566663798260834, -10.566348542076867, -10.5669790544448, -10.5669790544448, -10.566663798260834, -10.566663798260834, -10.566663798260834, -10.5669790544448, -10.5669790544448, -10.5669790544448, -10.5669790544448, -10.566663798260834, -10.5669790544448, -10.566663798260834, -10.566663798260834, -10.566663798260834, -10.566663798260834, -10.566663798260834, -10.566663798260834, -10.566663798260834, -10.5669790544448, -10.566663798260834, -10.5669790544448, -10.566663798260834, -10.566348542076867, -10.566663798260834, -10.5669790544448, -10.566663798260834, -10.566663798260834, -10.5669790544448, -10.566663798260834, -10.566663798260834, -10.566663798260834, -10.566663798260834, -10.5669790544448, -10.5669790544448, -10.566663798260834, -10.566663798260834, -10.566663798260834, -10.566663798260834, -10.566663798260834, -10.5669790544448, -10.5669790544448, -10.5669790544448, -10.5669790544448, -10.566663798260834, -10.5669790544448, -10.566663798260834, -10.566663798260834, -10.566348542076867, -10.566663798260834, -10.566663798260834, -10.566663798260834, -10.566663798260834, -10.566348542076867, -10.5669790544448, -10.5669790544448, -10.566663798260834, -10.566663798260834, -10.566663798260834, -10.566663798260834, -10.566663798260834, -10.566663798260834, -10.566663798260834, -10.566663798260834, -10.5669790544448, -10.5669790544448, -10.566348542076867, -10.5669790544448, -10.566663798260834, -10.5669790544448, -10.566663798260834, -10.566663798260834, -10.566663798260834, -10.566663798260834, -10.566663798260834, -10.566348542076867], \"AIN3\": [-10.566663798260834, -10.566663798260834, -10.566348542076867, -10.566663798260834, -10.566663798260834, -10.566663798260834, -10.566663798260834, -10.566663798260834, -10.566663798260834, -10.5669790544448, -10.566663798260834, -10.566663798260834, -10.566663798260834, -10.566663798260834, -10.566663798260834, -10.5669790544448, -10.566348542076867, -10.5669790544448, -10.566663798260834, -10.566663798260834, -10.566663798260834, -10.566348542076867, -10.566348542076867, -10.566663798260834, -10.5669790544448, -10.566663798260834, -10.566348542076867, -10.5669790544448, -10.566348542076867, -10.5669790544448, -10.566663798260834, -10.5669790544448, -10.5669790544448, -10.566663798260834, -10.566663798260834, -10.566663798260834, -10.5669790544448, -10.566348542076867, -10.566348542076867, -10.566663798260834, -10.5669790544448, -10.5669790544448, -10.566663798260834, -10.566663798260834, -10.566663798260834, -10.5669790544448, -10.566348542076867, -10.566663798260834, -10.566663798260834, -10.566348542076867, -10.5669790544448, -10.566663798260834, -10.566348542076867, -10.5669790544448, -10.566348542076867, -10.566663798260834, -10.566663798260834, -10.5669790544448, -10.5669790544448, -10.566348542076867, -10.566663798260834, -10.566663798260834, -10.566663798260834, -10.566663798260834, -10.566663798260834, -10.566348542076867, -10.566663798260834, -10.566663798260834, -10.566663798260834, -10.566663798260834, -10.566663798260834, -10.5669790544448, -10.566348542076867, -10.566348542076867, -10.566663798260834, -10.566663798260834, -10.5669790544448, -10.566663798260834, -10.5669790544448, -10.566348542076867, -10.566663798260834, -10.566663798260834, -10.566348542076867, -10.566663798260834, -10.566663798260834, -10.5669790544448, -10.566663798260834, -10.5669790544448, -10.566663798260834, -10.5669790544448, -10.566348542076867, -10.566663798260834, -10.566663798260834, -10.566663798260834, -10.566348542076867, -10.5669790544448, -10.566663798260834, -10.566663798260834, -10.566348542076867, -10.566663798260834, -10.566348542076867, -10.566663798260834, -10.566348542076867, -10.566663798260834, -10.566663798260834, -10.566663798260834, -10.566663798260834, -10.566663798260834, -10.5669790544448, -10.566663798260834, -10.5669790544448, -10.5669790544448, -10.566663798260834, -10.566663798260834, -10.5669790544448, -10.566663798260834, -10.5669790544448, -10.566663798260834, -10.5669790544448, -10.5669790544448, -10.566348542076867, -10.566663798260834, -10.566348542076867, -10.5669790544448, -10.566663798260834, -10.5669790544448, -10.566663798260834, -10.566663798260834, -10.566663798260834, -10.566663798260834, -10.566348542076867, -10.566663798260834, -10.566663798260834, -10.566663798260834, -10.5669790544448, -10.5669790544448, -10.566663798260834, -10.5669790544448, -10.566663798260834, -10.566663798260834, -10.566663798260834, -10.566663798260834, -10.566348542076867, -10.566663798260834, -10.5669790544448, -10.5669790544448, -10.566663798260834, -10.5669790544448, -10.566663798260834, -10.5669790544448, -10.566663798260834, -10.566348542076867, -10.566663798260834, -10.566348542076867, -10.566663798260834, -10.566348542076867, -10.566663798260834, -10.566663798260834, -10.566663798260834, -10.566663798260834, -10.566663798260834, -10.566663798260834, -10.5669790544448, -10.566663798260834, -10.5669790544448, -10.566663798260834, -10.566348542076867, -10.566663798260834, -10.566663798260834, -10.566348542076867, -10.566663798260834, -10.5669790544448, -10.5669790544448, -10.566663798260834, -10.566663798260834, -10.566663798260834, -10.5669790544448, -10.566663798260834, -10.566663798260834, -10.566663798260834, -10.5669790544448, -10.566663798260834, -10.566348542076867, -10.5669790544448, -10.566663798260834, -10.566663798260834, -10.566663798260834, -10.5669790544448, -10.566663798260834, -10.566663798260834, -10.566663798260834, -10.566663798260834, -10.566663798260834, -10.566663798260834, -10.566663798260834, -10.5669790544448, -10.566348542076867, -10.566348542076867, -10.566663798260834, -10.566663798260834, -10.5669790544448, -10.5669790544448, -10.566663798260834, -10.566348542076867, -10.566663798260834, -10.566348542076867, -10.5669790544448, -10.5669790544448, -10.566663798260834, -10.566663798260834, -10.566348542076867, -10.566348542076867, -10.566348542076867, -10.566663798260834, -10.566663798260834, -10.5669790544448, -10.566348542076867, -10.5669790544448, -10.566663798260834, -10.566663798260834, -10.566663798260834, -10.566348542076867, -10.5669790544448, -10.566663798260834, -10.566348542076867, -10.566663798260834, -10.566663798260834, -10.566663798260834, -10.5669790544448, -10.566663798260834, -10.566663798260834, -10.566663798260834, -10.566663798260834, -10.5669790544448, -10.566663798260834, -10.5669790544448, -10.5669790544448, -10.5669790544448, -10.566663798260834, -10.566663798260834, -10.566348542076867, -10.5669790544448, -10.566663798260834, -10.5669790544448, -10.5669790544448, -10.566663798260834, -10.566663798260834, -10.566663798260834, -10.5669790544448, -10.566663798260834]}, \"data_type\": \"<type 'collections.defaultdict'>\"}"}
{"message": "{\"timestamp\": 3.0268099308013916, \"object_type\": \"labjack_stream\", \"data\": {\"AIN0\": [-10.566348542076867, -10.566663798260834, -10.566348542076867, -10.566663798260834, -10.566663798260834, -10.566663798260834, -10.566348542076867, -10.566663798260834, -10.566348542076867, -10.5669790544448, -10.566663798260834, -10.566663798260834, -10.566663798260834, -10.566663798260834, -10.566663798260834, -10.5669790544448, -10.566663798260834, -10.566663798260834, -10.566663798260834, -10.566663798260834, -10.566663798260834, -10.5669790544448, -10.5669790544448, -10.566663798260834, -10.5669790544448, -10.5669790544448, -10.566663798260834, -10.566348542076867, -10.566663798260834, -10.5669790544448, -10.566663798260834, -10.566663798260834, -10.5660332858929, -10.566663798260834, -10.566663798260834, -10.566663798260834, -10.566663798260834, -10.5669790544448, -10.566348542076867, -10.566663798260834, -10.566663798260834, -10.566663798260834, -10.566348542076867, -10.5669790544448, -10.566348542076867, -10.566663798260834, -10.566348542076867, -10.566663798260834, -10.566348542076867, -10.566663798260834, -10.566663798260834, -10.5669790544448, -10.566663798260834, -10.566663798260834, -10.566663798260834, -10.566348542076867, -10.566663798260834, -10.566348542076867, -10.566663798260834, -10.566348542076867, -10.566663798260834, -10.5669790544448, -10.5669790544448, -10.566663798260834, -10.5669790544448, -10.566663798260834, -10.566663798260834, -10.566348542076867, -10.566663798260834, -10.566663798260834, -10.566663798260834, -10.5669790544448, -10.566348542076867, -10.5669790544448, -10.5669790544448, -10.566348542076867, -10.566663798260834, -10.566663798260834, -10.566663798260834, -10.566663798260834, -10.566663798260834, -10.566663798260834, -10.566663798260834, -10.566663798260834, -10.566663798260834, -10.566348542076867, -10.566663798260834, -10.5669790544448, -10.566663798260834, -10.566663798260834, -10.566348542076867, -10.566663798260834, -10.566663798260834, -10.566663798260834, -10.566663798260834, -10.566348542076867, -10.566663798260834, -10.566663798260834, -10.566663798260834, -10.5669790544448, -10.566348542076867, -10.566663798260834, -10.566663798260834, -10.566663798260834, -10.566663798260834, -10.566663798260834, -10.566663798260834, -10.566663798260834, -10.566348542076867, -10.566663798260834, -10.5669790544448, -10.566663798260834, -10.566663798260834, -10.566663798260834, -10.566663798260834, -10.5669790544448, -10.566663798260834, -10.566663798260834, -10.5669790544448, -10.566663798260834, -10.566348542076867, -10.566663798260834, -10.566663798260834, -10.566663798260834, -10.566663798260834, -10.5669790544448, -10.5669790544448, -10.566663798260834, -10.566348542076867, -10.566348542076867, -10.5669790544448, -10.566663798260834, -10.566663798260834, -10.566348542076867, -10.566663798260834, -10.566663798260834, -10.566348542076867, -10.566663798260834, -10.566663798260834, -10.566663798260834, -10.566663798260834, -10.566663798260834, -10.566663798260834, -10.566663798260834, -10.566348542076867, -10.5669790544448, -10.566663798260834, -10.566348542076867, -10.566348542076867, -10.5669790544448, -10.566348542076867, -10.566663798260834, -10.566348542076867, -10.566663798260834, -10.566663798260834, -10.566663798260834, -10.566348542076867, -10.566663798260834, -10.566663798260834, -10.566663798260834, -10.566663798260834, -10.566663798260834, -10.566348542076867, -10.5669790544448, -10.566348542076867, -10.566663798260834, -10.566663798260834, -10.566348542076867, -10.566663798260834, -10.566663798260834, -10.566348542076867, -10.5669790544448, -10.5669790544448, -10.566348542076867, -10.5669790544448, -10.566348542076867, -10.566663798260834, -10.566348542076867, -10.566663798260834, -10.5669790544448, -10.566348542076867, -10.566663798260834, -10.566663798260834, -10.566663798260834, -10.566663798260834, -10.566663798260834, -10.566663798260834, -10.566663798260834, -10.566663798260834, -10.566663798260834, -10.566348542076867, -10.566663798260834, -10.566348542076867, -10.566663798260834, -10.5669790544448, -10.5669790544448, -10.566663798260834, -10.566348542076867, -10.566663798260834, -10.566663798260834, -10.566348542076867, -10.566663798260834, -10.5669790544448, -10.5669790544448, -10.566348542076867, -10.566348542076867, -10.566663798260834, -10.5669790544448, -10.566663798260834, -10.566348542076867, -10.566663798260834, -10.5669790544448, -10.566663798260834, -10.566663798260834, -10.5669790544448, -10.566348542076867, -10.566348542076867, -10.5669790544448, -10.5669790544448, -10.566663798260834, -10.566663798260834, -10.566348542076867, -10.5669790544448, -10.566348542076867, -10.566663798260834, -10.5669790544448, -10.566663798260834, -10.5669790544448, -10.566663798260834, -10.566663798260834, -10.566348542076867, -10.566663798260834, -10.5669790544448, -10.566663798260834, -10.566663798260834, -10.5669790544448, -10.566348542076867, -10.566663798260834, -10.5669790544448, -10.566663798260834, -10.566348542076867, -10.566663798260834, -10.566348542076867, -10.566663798260834, -10.5669790544448, -10.566663798260834, -10.5669790544448, -10.566663798260834, -10.566663798260834, -10.566663798260834], \"AIN1\": [-10.566663798260834, -10.566663798260834, -10.5669790544448, -10.566348542076867, -10.566663798260834, -10.566348542076867, -10.566663798260834, -10.5669790544448, -10.5669790544448, -10.5669790544448, -10.566663798260834, -10.566348542076867, -10.566663798260834, -10.566348542076867, -10.566663798260834, -10.566663798260834, -10.566663798260834, -10.566663798260834, -10.566663798260834, -10.566663798260834, -10.566663798260834, -10.566663798260834, -10.5669790544448, -10.566348542076867, -10.566663798260834, -10.566663798260834, -10.566663798260834, -10.566348542076867, -10.5669790544448, -10.5669790544448, -10.5669790544448, -10.566663798260834, -10.566348542076867, -10.5669790544448, -10.566663798260834, -10.566348542076867, -10.566348542076867, -10.566663798260834, -10.566663798260834, -10.5669790544448, -10.5669790544448, -10.5669790544448, -10.566663798260834, -10.566663798260834, -10.566663798260834, -10.566663798260834, -10.5669790544448, -10.566348542076867, -10.566663798260834, -10.5669790544448, -10.5669790544448, -10.5669790544448, -10.566663798260834, -10.5669790544448, -10.566663798260834, -10.566663798260834, -10.566663798260834, -10.566663798260834, -10.566663798260834, -10.566663798260834, -10.5669790544448, -10.566348542076867, -10.566348542076867, -10.566663798260834, -10.5669790544448, -10.566663798260834, -10.5669790544448, -10.566663798260834, -10.5669790544448, -10.5669790544448, -10.566348542076867, -10.5669790544448, -10.566663798260834, -10.5669790544448, -10.5669790544448, -10.566348542076867, -10.566663798260834, -10.566348542076867, -10.566663798260834, -10.5669790544448, -10.5669790544448, -10.566663798260834, -10.566348542076867, -10.566663798260834, -10.566348542076867, -10.566663798260834, -10.566348542076867, -10.566663798260834, -10.566663798260834, -10.566348542076867, -10.566663798260834, -10.5669790544448, -10.566663798260834, -10.566348542076867, -10.566348542076867, -10.5669790544448, -10.5669790544448, -10.566348542076867, -10.5669790544448, -10.5669790544448, -10.5669790544448, -10.566663798260834, -10.566348542076867, -10.566663798260834, -10.5669790544448, -10.5669790544448, -10.566348542076867, -10.566663798260834, -10.566348542076867, -10.566663798260834, -10.566663798260834, -10.5669790544448, -10.566663798260834, -10.5669790544448, -10.5669790544448, -10.566663798260834, -10.566663798260834, -10.5669790544448, -10.5669790544448, -10.566663798260834, -10.566663798260834, -10.5669790544448, -10.5669790544448, -10.566663798260834, -10.566663798260834, -10.566663798260834, -10.566663798260834, -10.566663798260834, -10.5669790544448, -10.566663798260834, -10.566348542076867, -10.566663798260834, -10.566663798260834, -10.5669790544448, -10.566663798260834, -10.566663798260834, -10.566663798260834, -10.566663798260834, -10.5669790544448, -10.5669790544448, -10.566663798260834, -10.5669790544448, -10.566663798260834, -10.567294310628768, -10.5669790544448, -10.566663798260834, -10.5669790544448, -10.566663798260834, -10.5669790544448, -10.5669790544448, -10.566663798260834, -10.5669790544448, -10.5669790544448, -10.5669790544448, -10.5669790544448, -10.566348542076867, -10.566663798260834, -10.566663798260834, -10.566663798260834, -10.566663798260834, -10.566663798260834, -10.566348542076867, -10.566663798260834, -10.566348542076867, -10.5669790544448, -10.566348542076867, -10.566348542076867, -10.5669790544448, -10.566663798260834, -10.566663798260834, -10.566663798260834, -10.566348542076867, -10.566663798260834, -10.566663798260834, -10.566348542076867, -10.566663798260834, -10.566348542076867, -10.566663798260834, -10.566663798260834, -10.5669790544448, -10.566663798260834, -10.566348542076867, -10.566663798260834, -10.5669790544448, -10.566663798260834, -10.566663798260834, -10.5669790544448, -10.566663798260834, -10.5669790544448, -10.566663798260834, -10.5669790544448, -10.566663798260834, -10.5669790544448, -10.566348542076867, -10.566663798260834, -10.566348542076867, -10.566348542076867, -10.566663798260834, -10.566663798260834, -10.566663798260834, -10.5669790544448, -10.566663798260834, -10.566663798260834, -10.566348542076867, -10.566663798260834, -10.567294310628768, -10.5669790544448, -10.566663798260834, -10.566663798260834, -10.566663798260834, -10.566663798260834, -10.5669790544448, -10.566663798260834, -10.566663798260834, -10.566663798260834, -10.566663798260834, -10.566663798260834, -10.566348542076867, -10.5669790544448, -10.5669790544448, -10.566348542076867, -10.566663798260834, -10.566663798260834, -10.566348542076867, -10.566348542076867, -10.5669790544448, -10.566663798260834, -10.5669790544448, -10.566663798260834, -10.566663798260834, -10.5669790544448, -10.566663798260834, -10.566348542076867, -10.566663798260834, -10.566663798260834, -10.566663798260834, -10.566663798260834, -10.566663798260834, -10.566663798260834, -10.566663798260834, -10.5669790544448, -10.566663798260834, -10.566663798260834, -10.5669790544448, -10.5669790544448, -10.566663798260834, -10.566663798260834, -10.5669790544448, -10.5669790544448, -10.566348542076867], \"AIN2\": [-10.5669790544448, -10.5669790544448, -10.566663798260834, -10.566663798260834, -10.5669790544448, -10.5669790544448, -10.566663798260834, -10.566663798260834, -10.566663798260834, -10.5669790544448, -10.566663798260834, -10.5669790544448, -10.566663798260834, -10.5669790544448, -10.566348542076867, -10.566663798260834, -10.5669790544448, -10.566663798260834, -10.566348542076867, -10.566663798260834, -10.566663798260834, -10.566663798260834, -10.566663798260834, -10.566663798260834, -10.566348542076867, -10.566663798260834, -10.5669790544448, -10.5669790544448, -10.566663798260834, -10.566663798260834, -10.566348542076867, -10.566663798260834, -10.566663798260834, -10.566663798260834, -10.566663798260834, -10.5669790544448, -10.566663798260834, -10.5669790544448, -10.566663798260834, -10.566663798260834, -10.566663798260834, -10.566663798260834, -10.566663798260834, -10.566663798260834, -10.566663798260834, -10.566663798260834, -10.566663798260834, -10.566348542076867, -10.566663798260834, -10.566663798260834, -10.566663798260834, -10.566663798260834, -10.5669790544448, -10.566663798260834, -10.566663798260834, -10.5669790544448, -10.5669790544448, -10.566663798260834, -10.566348542076867, -10.566663798260834, -10.566663798260834, -10.5669790544448, -10.5669790544448, -10.566663798260834, -10.566663798260834, -10.5669790544448, -10.5669790544448, -10.566663798260834, -10.566348542076867, -10.566663798260834, -10.566663798260834, -10.566663798260834, -10.566348542076867, -10.5669790544448, -10.566663798260834, -10.566348542076867, -10.5669790544448, -10.566663798260834, -10.566663798260834, -10.566663798260834, -10.566348542076867, -10.5669790544448, -10.566663798260834, -10.5669790544448, -10.5669790544448, -10.566663798260834, -10.566663798260834, -10.5669790544448, -10.566663798260834, -10.566663798260834, -10.5669790544448, -10.5669790544448, -10.5669790544448, -10.566663798260834, -10.566348542076867, -10.566663798260834, -10.5669790544448, -10.566663798260834, -10.5669790544448, -10.566663798260834, -10.5669790544448, -10.566663798260834, -10.566663798260834, -10.566348542076867, -10.566663798260834, -10.5669790544448, -10.566348542076867, -10.566663798260834, -10.567294310628768, -10.566348542076867, -10.566348542076867, -10.566348542076867, -10.566663798260834, -10.5669790544448, -10.566663798260834, -10.566663798260834, -10.566663798260834, -10.566663798260834, -10.567294310628768, -10.566663798260834, -10.566663798260834, -10.5669790544448, -10.566663798260834, -10.566348542076867, -10.566348542076867, -10.566663798260834, -10.5669790544448, -10.566348542076867, -10.5669790544448, -10.566348542076867, -10.566663798260834, -10.5669790544448, -10.5669790544448, -10.5669790544448, -10.566663798260834, -10.566663798260834, -10.566663798260834, -10.5669790544448, -10.566663798260834, -10.566348542076867, -10.5669790544448, -10.5669790544448, -10.566663798260834, -10.5669790544448, -10.566663798260834, -10.5669790544448, -10.5669790544448, -10.566663798260834, -10.566663798260834, -10.566348542076867, -10.5669790544448, -10.566663798260834, -10.566663798260834, -10.566663798260834, -10.566663798260834, -10.566663798260834, -10.566663798260834, -10.566348542076867, -10.566663798260834, -10.5669790544448, -10.5669790544448, -10.566348542076867, -10.566663798260834, -10.5669790544448, -10.5669790544448, -10.5669790544448, -10.566663798260834, -10.566663798260834, -10.566663798260834, -10.566663798260834, -10.566663798260834, -10.566663798260834, -10.5669790544448, -10.5669790544448, -10.5669790544448, -10.5669790544448, -10.5669790544448, -10.566348542076867, -10.566663798260834, -10.566663798260834, -10.5669790544448, -10.5669790544448, -10.5669790544448, -10.566663798260834, -10.5669790544448, -10.5669790544448, -10.566348542076867, -10.5669790544448, -10.566348542076867, -10.566663798260834, -10.566663798260834, -10.5669790544448, -10.566348542076867, -10.5669790544448, -10.566663798260834, -10.5669790544448, -10.5669790544448, -10.566663798260834, -10.566663798260834, -10.5669790544448, -10.566663798260834, -10.566348542076867, -10.566663798260834, -10.566663798260834, -10.566663798260834, -10.566663798260834, -10.5669790544448, -10.566663798260834, -10.566663798260834, -10.566348542076867, -10.5669790544448, -10.566663798260834, -10.566663798260834, -10.566663798260834, -10.566663798260834, -10.5669790544448, -10.566663798260834, -10.566663798260834, -10.5669790544448, -10.566663798260834, -10.5669790544448, -10.566663798260834, -10.566348542076867, -10.566663798260834, -10.566663798260834, -10.566663798260834, -10.5669790544448, -10.566663798260834, -10.566348542076867, -10.5669790544448, -10.566348542076867, -10.5669790544448, -10.566663798260834, -10.566663798260834, -10.5669790544448, -10.5669790544448, -10.5669790544448, -10.566663798260834, -10.566663798260834, -10.5669790544448, -10.566663798260834, -10.566663798260834, -10.566663798260834, -10.566663798260834, -10.566663798260834, -10.5669790544448, -10.566348542076867, -10.566663798260834, -10.566348542076867, -10.566348542076867], \"AIN3\": [-10.566348542076867, -10.566663798260834, -10.5669790544448, -10.566663798260834, -10.5669790544448, -10.5669790544448, -10.566663798260834, -10.566348542076867, -10.5669790544448, -10.566663798260834, -10.5669790544448, -10.566663798260834, -10.566663798260834, -10.5669790544448, -10.566348542076867, -10.566348542076867, -10.566663798260834, -10.5669790544448, -10.566663798260834, -10.566663798260834, -10.566348542076867, -10.5669790544448, -10.566663798260834, -10.5669790544448, -10.5669790544448, -10.566663798260834, -10.566663798260834, -10.566663798260834, -10.566663798260834, -10.566663798260834, -10.5669790544448, -10.5669790544448, -10.5669790544448, -10.566663798260834, -10.5669790544448, -10.5669790544448, -10.566663798260834, -10.5669790544448, -10.566663798260834, -10.5669790544448, -10.566663798260834, -10.566348542076867, -10.566663798260834, -10.5669790544448, -10.566663798260834, -10.566663798260834, -10.566663798260834, -10.566663798260834, -10.566663798260834, -10.5669790544448, -10.5669790544448, -10.566663798260834, -10.5669790544448, -10.566663798260834, -10.5669790544448, -10.566663798260834, -10.5669790544448, -10.566663798260834, -10.5669790544448, -10.566663798260834, -10.566663798260834, -10.566663798260834, -10.566663798260834, -10.5669790544448, -10.566663798260834, -10.566663798260834, -10.566348542076867, -10.5669790544448, -10.566663798260834, -10.566348542076867, -10.566663798260834, -10.5669790544448, -10.566663798260834, -10.566663798260834, -10.566663798260834, -10.566663798260834, -10.566663798260834, -10.5669790544448, -10.566663798260834, -10.566663798260834, -10.5669790544448, -10.566663798260834, -10.5669790544448, -10.566663798260834, -10.566663798260834, -10.5669790544448, -10.566663798260834, -10.5669790544448, -10.566663798260834, -10.566663798260834, -10.566348542076867, -10.5669790544448, -10.5669790544448, -10.566663798260834, -10.566348542076867, -10.566663798260834, -10.5669790544448, -10.5669790544448, -10.566663798260834, -10.566663798260834, -10.566348542076867, -10.566663798260834, -10.5669790544448, -10.5669790544448, -10.5669790544448, -10.566663798260834, -10.566663798260834, -10.566663798260834, -10.566663798260834, -10.566348542076867, -10.566348542076867, -10.566663798260834, -10.5669790544448, -10.566663798260834, -10.566663798260834, -10.566663798260834, -10.566348542076867, -10.566663798260834, -10.566348542076867, -10.566348542076867, -10.566663798260834, -10.566663798260834, -10.5669790544448, -10.566663798260834, -10.566663798260834, -10.566348542076867, -10.566663798260834, -10.566348542076867, -10.566348542076867, -10.566663798260834, -10.566348542076867, -10.566663798260834, -10.566348542076867, -10.5669790544448, -10.566663798260834, -10.5669790544448, -10.5669790544448, -10.5669790544448, -10.5669790544448, -10.566348542076867, -10.566663798260834, -10.566348542076867, -10.566663798260834, -10.566663798260834, -10.566348542076867, -10.566663798260834, -10.566663798260834, -10.566663798260834, -10.5669790544448, -10.566663798260834, -10.5669790544448, -10.5669790544448, -10.566348542076867, -10.566663798260834, -10.5669790544448, -10.566663798260834, -10.566663798260834, -10.566663798260834, -10.5669790544448, -10.566348542076867, -10.5669790544448, -10.566663798260834, -10.5669790544448, -10.5669790544448, -10.5669790544448, -10.566663798260834, -10.566663798260834, -10.5669790544448, -10.5669790544448, -10.566348542076867, -10.566663798260834, -10.5669790544448, -10.566348542076867, -10.566663798260834, -10.5669790544448, -10.5669790544448, -10.566348542076867, -10.566348542076867, -10.5669790544448, -10.5669790544448, -10.566663798260834, -10.566663798260834, -10.566663798260834, -10.566663798260834, -10.566663798260834, -10.566348542076867, -10.5669790544448, -10.566663798260834, -10.5669790544448, -10.566348542076867, -10.566663798260834, -10.566663798260834, -10.566663798260834, -10.566663798260834, -10.5669790544448, -10.566663798260834, -10.5669790544448, -10.566663798260834, -10.566663798260834, -10.5669790544448, -10.566348542076867, -10.566348542076867, -10.5669790544448, -10.566663798260834, -10.566348542076867, -10.566663798260834, -10.566663798260834, -10.566348542076867, -10.566348542076867, -10.5669790544448, -10.566348542076867, -10.5669790544448, -10.566663798260834, -10.5669790544448, -10.566663798260834, -10.566663798260834, -10.566663798260834, -10.5669790544448, -10.5669790544448, -10.566663798260834, -10.5669790544448, -10.566348542076867, -10.566663798260834, -10.566663798260834, -10.5669790544448, -10.566663798260834, -10.566663798260834, -10.566663798260834, -10.5669790544448, -10.5669790544448, -10.566663798260834, -10.566663798260834, -10.566663798260834, -10.566663798260834, -10.566663798260834, -10.566663798260834, -10.566663798260834, -10.566663798260834, -10.566663798260834, -10.566663798260834, -10.566663798260834, -10.566663798260834, -10.5669790544448, -10.566348542076867, -10.5669790544448, -10.5669790544448, -10.566663798260834, -10.566663798260834, -10.566348542076867, -10.566663798260834]}, \"data_type\": \"<type 'collections.defaultdict'>\"}"}
{"message": "{\"timestamp\": 3.3008811473846436, \"object_type\": \"labjack_stream\", \"data\": {\"AIN0\": [-10.566348542076867, -10.566348542076867, -10.566663798260834, -10.566348542076867, -10.566663798260834, -10.5669790544448, -10.566663798260834, -10.5669790544448, -10.566663798260834, -10.566348542076867, -10.566348542076867, -10.566663798260834, -10.566663798260834, -10.566348542076867, -10.5669790544448, -10.566663798260834, -10.5669790544448, -10.5669790544448, -10.5669790544448, -10.566663798260834, -10.5669790544448, -10.566663798260834, -10.566663798260834, -10.566663798260834, -10.566663798260834, -10.5669790544448, -10.5669790544448, -10.566348542076867, -10.566663798260834, -10.566663798260834, -10.566348542076867, -10.5669790544448, -10.5669790544448, -10.5669790544448, -10.566663798260834, -10.5669790544448, -10.5669790544448, -10.566348542076867, -10.5669790544448, -10.5669790544448, -10.5669790544448, -10.566663798260834, -10.566348542076867, -10.566663798260834, -10.566348542076867, -10.566663798260834, -10.566663798260834, -10.566663798260834, -10.566663798260834, -10.566663798260834, -10.5669790544448, -10.566663798260834, -10.566663798260834, -10.566663798260834, -10.566663798260834, -10.566663798260834, -10.5669790544448, -10.566663798260834, -10.566348542076867, -10.566663798260834, -10.566663798260834, -10.5669790544448, -10.566663798260834, -10.5669790544448, -10.566663798260834, -10.566663798260834, -10.566348542076867, -10.5669790544448, -10.566663798260834, -10.566663798260834, -10.566348542076867, -10.566663798260834, -10.5669790544448, -10.566663798260834, -10.566663798260834, -10.5669790544448, -10.566663798260834, -10.566348542076867, -10.566663798260834, -10.566663798260834, -10.566663798260834, -10.566663798260834, -10.566663798260834, -10.566663798260834, -10.5669790544448, -10.566663798260834, -10.566663798260834, -10.566663798260834, -10.566663798260834, -10.566348542076867, -10.566663798260834, -10.5669790544448, -10.566663798260834, -10.566663798260834, -10.566663798260834, -10.566663798260834, -10.566663798260834, -10.566348542076867, -10.566663798260834, -10.566348542076867, -10.566663798260834, -10.566348542076867, -10.566663798260834, -10.566663798260834, -10.566663798260834, -10.566663798260834, -10.566663798260834, -10.566663798260834, -10.5669790544448, -10.566663798260834, -10.566663798260834, -10.566663798260834, -10.566663798260834, -10.566663798260834, -10.5669790544448, -10.566348542076867, -10.566663798260834, -10.566663798260834, -10.566663798260834, -10.5669790544448, -10.566663798260834, -10.5669790544448, -10.566663798260834, -10.566348542076867, -10.566663798260834, -10.566348542076867, -10.566663798260834, -10.566348542076867, -10.566663798260834, -10.566348542076867, -10.566348542076867, -10.5669790544448, -10.566663798260834, -10.566663798260834, -10.566663798260834, -10.566663798260834, -10.5669790544448, -10.566663798260834, -10.566663798260834, -10.566663798260834, -10.566348542076867, -10.5669790544448, -10.566348542076867, -10.566663798260834, -10.5669790544448, -10.566663798260834, -10.566663798260834, -10.566663798260834, -10.5669790544448, -10.566348542076867, -10.566348542076867, -10.5669790544448, -10.566663798260834, -10.5669790544448, -10.566663798260834, -10.566663798260834, -10.566348542076867, -10.5669790544448, -10.566663798260834, -10.566663798260834, -10.566663798260834, -10.566663798260834, -10.566663798260834, -10.566663798260834, -10.566663798260834, -10.5669790544448, -10.5669790544448, -10.566663798260834, -10.566663798260834, -10.566348542076867, -10.5669790544448, -10.566348542076867, -10.566663798260834, -10.566663798260834, -10.566663798260834, -10.566663798260834, -10.5669790544448, -10.566663798260834, -10.566663798260834, -10.566348542076867, -10.566663798260834, -10.566663798260834, -10.566663798260834, -10.5669790544448, -10.566663798260834, -10.566663798260834, -10.566663798260834, -10.566348542076867, -10.5669790544448, -10.566348542076867, -10.5669790544448, -10.5669790544448, -10.566663798260834, -10.566663798260834, -10.5669790544448, -10.566348542076867, -10.566348542076867, -10.5669790544448, -10.5669790544448, -10.566663798260834, -10.566663798260834, -10.566348542076867, -10.566663798260834, -10.566663798260834, -10.5669790544448, -10.566348542076867, -10.566348542076867, -10.566663798260834, -10.566663798260834, -10.566348542076867, -10.5669790544448, -10.566348542076867, -10.566663798260834, -10.566663798260834, -10.5669790544448, -10.566663798260834, -10.566663798260834, -10.5669790544448, -10.566663798260834, -10.566663798260834, -10.5669790544448, -10.566663798260834, -10.566348542076867, -10.566663798260834, -10.566663798260834, -10.566663798260834, -10.566348542076867, -10.566348542076867, -10.566663798260834, -10.5669790544448, -10.5669790544448, -10.566663798260834, -10.566348542076867, -10.5669790544448, -10.5669790544448, -10.566663798260834, -10.566663798260834, -10.566663798260834, -10.566663798260834, -10.566663798260834, -10.5669790544448, -10.566348542076867, -10.5669790544448, -10.566663798260834, -10.566348542076867, -10.5669790544448, -10.566663798260834, -10.566663798260834, -10.566348542076867, -10.5669790544448], \"AIN1\": [-10.5669790544448, -10.566663798260834, -10.566663798260834, -10.566348542076867, -10.566348542076867, -10.566348542076867, -10.5669790544448, -10.566663798260834, -10.566348542076867, -10.566663798260834, -10.5669790544448, -10.566348542076867, -10.5669790544448, -10.566663798260834, -10.566663798260834, -10.5669790544448, -10.566663798260834, -10.566663798260834, -10.566663798260834, -10.566663798260834, -10.5669790544448, -10.566663798260834, -10.5669790544448, -10.566663798260834, -10.5669790544448, -10.566663798260834, -10.566663798260834, -10.566663798260834, -10.566663798260834, -10.5669790544448, -10.5669790544448, -10.566663798260834, -10.566663798260834, -10.566663798260834, -10.566663798260834, -10.566348542076867, -10.566663798260834, -10.566663798260834, -10.566663798260834, -10.566348542076867, -10.5669790544448, -10.5669790544448, -10.566348542076867, -10.566663798260834, -10.5669790544448, -10.566663798260834, -10.566663798260834, -10.566663798260834, -10.5669790544448, -10.566663798260834, -10.566663798260834, -10.566663798260834, -10.566663798260834, -10.566663798260834, -10.566663798260834, -10.566663798260834, -10.566663798260834, -10.566663798260834, -10.566348542076867, -10.5669790544448, -10.566663798260834, -10.566663798260834, -10.566663798260834, -10.5669790544448, -10.566663798260834, -10.566663798260834, -10.566663798260834, -10.5669790544448, -10.566663798260834, -10.566663798260834, -10.566663798260834, -10.566663798260834, -10.566663798260834, -10.566663798260834, -10.5669790544448, -10.5669790544448, -10.566663798260834, -10.5669790544448, -10.566663798260834, -10.5669790544448, -10.566663798260834, -10.566348542076867, -10.566348542076867, -10.566663798260834, -10.566348542076867, -10.566663798260834, -10.566663798260834, -10.566663798260834, -10.566663798260834, -10.5669790544448, -10.566663798260834, -10.566663798260834, -10.5669790544448, -10.566663798260834, -10.566663798260834, -10.566348542076867, -10.566663798260834, -10.566663798260834, -10.566663798260834, -10.566663798260834, -10.566663798260834, -10.566348542076867, -10.5669790544448, -10.566663798260834, -10.566348542076867, -10.566663798260834, -10.566348542076867, -10.566663798260834, -10.566663798260834, -10.566348542076867, -10.566663798260834, -10.5669790544448, -10.566663798260834, -10.566663798260834, -10.5669790544448, -10.566348542076867, -10.5669790544448, -10.566663798260834, -10.566663798260834, -10.5669790544448, -10.566663798260834, -10.566663798260834, -10.5669790544448, -10.566663798260834, -10.566663798260834, -10.566663798260834, -10.566663798260834, -10.566663798260834, -10.5669790544448, -10.5669790544448, -10.566348542076867, -10.5669790544448, -10.566663798260834, -10.566663798260834, -10.566663798260834, -10.566663798260834, -10.566663798260834, -10.566663798260834, -10.5669790544448, -10.566663798260834, -10.566663798260834, -10.566663798260834, -10.566663798260834, -10.5669790544448, -10.5669790544448, -10.5669790544448, -10.5669790544448, -10.566663798260834, -10.566663798260834, -10.566663798260834, -10.566663798260834, -10.566663798260834, -10.566663798260834, -10.566348542076867, -10.566663798260834, -10.566663798260834, -10.566663798260834, -10.566663798260834, -10.566663798260834, -10.566663798260834, -10.566663798260834, -10.566663798260834, -10.566663798260834, -10.566348542076867, -10.566663798260834, -10.566663798260834, -10.566663798260834, -10.566663798260834, -10.566663798260834, -10.5669790544448, -10.566663798260834, -10.5669790544448, -10.5669790544448, -10.566663798260834, -10.566663798260834, -10.566663798260834, -10.566348542076867, -10.5669790544448, -10.566663798260834, -10.566663798260834, -10.566663798260834, -10.566663798260834, -10.5669790544448, -10.566348542076867, -10.5669790544448, -10.566663798260834, -10.5669790544448, -10.566348542076867, -10.566663798260834, -10.566663798260834, -10.566663798260834, -10.5669790544448, -10.566663798260834, -10.566663798260834, -10.5669790544448, -10.566663798260834, -10.566663798260834, -10.566663798260834, -10.566663798260834, -10.566348542076867, -10.5669790544448, -10.566663798260834, -10.566663798260834, -10.566663798260834, -10.566663798260834, -10.5669790544448, -10.566663798260834, -10.5669790544448, -10.5669790544448, -10.566348542076867, -10.566663798260834, -10.5669790544448, -10.566663798260834, -10.566663798260834, -10.5669790544448, -10.566663798260834, -10.566348542076867, -10.5669790544448, -10.566663798260834, -10.566348542076867, -10.566663798260834, -10.5669790544448, -10.566663798260834, -10.5669790544448, -10.566663798260834, -10.566663798260834, -10.566663798260834, -10.5669790544448, -10.566663798260834, -10.566663798260834, -10.566663798260834, -10.566663798260834, -10.566348542076867, -10.566663798260834, -10.5669790544448, -10.5669790544448, -10.5669790544448, -10.5669790544448, -10.566663798260834, -10.5669790544448, -10.5669790544448, -10.5669790544448, -10.566663798260834, -10.5669790544448, -10.5669790544448, -10.5669790544448, -10.566663798260834, -10.566663798260834, -10.566663798260834, -10.5669790544448], \"AIN2\": [-10.5669790544448, -10.5669790544448, -10.5669790544448, -10.566663798260834, -10.5669790544448, -10.5669790544448, -10.5669790544448, -10.566663798260834, -10.566663798260834, -10.566663798260834, -10.566348542076867, -10.566663798260834, -10.566663798260834, -10.566663798260834, -10.566663798260834, -10.566663798260834, -10.566663798260834, -10.5669790544448, -10.566663798260834, -10.5669790544448, -10.566348542076867, -10.566663798260834, -10.566663798260834, -10.5669790544448, -10.566663798260834, -10.566663798260834, -10.5669790544448, -10.566663798260834, -10.566663798260834, -10.5669790544448, -10.566348542076867, -10.566663798260834, -10.566663798260834, -10.566663798260834, -10.566663798260834, -10.566348542076867, -10.5669790544448, -10.566348542076867, -10.566663798260834, -10.566663798260834, -10.5669790544448, -10.566663798260834, -10.5669790544448, -10.5669790544448, -10.566348542076867, -10.5669790544448, -10.566663798260834, -10.566663798260834, -10.566348542076867, -10.566663798260834, -10.5669790544448, -10.566663798260834, -10.566663798260834, -10.566663798260834, -10.566663798260834, -10.5669790544448, -10.5669790544448, -10.566663798260834, -10.566663798260834, -10.566663798260834, -10.566663798260834, -10.566348542076867, -10.5669790544448, -10.566663798260834, -10.566663798260834, -10.566663798260834, -10.566663798260834, -10.566663798260834, -10.566348542076867, -10.5669790544448, -10.566663798260834, -10.566663798260834, -10.566663798260834, -10.566663798260834, -10.566663798260834, -10.566348542076867, -10.5669790544448, -10.5669790544448, -10.566348542076867, -10.566663798260834, -10.566348542076867, -10.5669790544448, -10.5669790544448, -10.566663798260834, -10.566663798260834, -10.566348542076867, -10.566348542076867, -10.5669790544448, -10.5669790544448, -10.5669790544448, -10.5669790544448, -10.5669790544448, -10.5669790544448, -10.566663798260834, -10.566663798260834, -10.566348542076867, -10.566348542076867, -10.566663798260834, -10.5669790544448, -10.566663798260834, -10.566663798260834, -10.566663798260834, -10.566663798260834, -10.566663798260834, -10.5669790544448, -10.566663798260834, -10.566663798260834, -10.566663798260834, -10.566663798260834, -10.5669790544448, -10.5669790544448, -10.566663798260834, -10.566663798260834, -10.566663798260834, -10.566663798260834, -10.566663798260834, -10.566663798260834, -10.5669790544448, -10.5669790544448, -10.566663798260834, -10.566663798260834, -10.566348542076867, -10.5669790544448, -10.566663798260834, -10.5669790544448, -10.566663798260834, -10.566663798260834, -10.5669790544448, -10.566663798260834, -10.566348542076867, -10.566663798260834, -10.566348542076867, -10.566348542076867, -10.5669790544448, -10.566663798260834, -10.566663798260834, -10.566663798260834, -10.5669790544448, -10.5669790544448, -10.566663798260834, -10.566663798260834, -10.566663798260834, -10.566663798260834, -10.566663798260834, -10.566663798260834, -10.566663798260834, -10.5669790544448, -10.566663798260834, -10.566663798260834, -10.566348542076867, -10.566663798260834, -10.566663798260834, -10.5669790544448, -10.566663798260834, -10.566663798260834, -10.566663798260834, -10.566663798260834, -10.566663798260834, -10.566348542076867, -10.5669790544448, -10.5669790544448, -10.566663798260834, -10.566663798260834, -10.5669790544448, -10.566663798260834, -10.566663798260834, -10.566663798260834, -10.566663798260834, -10.566663798260834, -10.5669790544448, -10.566663798260834, -10.566348542076867, -10.566348542076867, -10.566663798260834, -10.566663798260834, -10.5669790544448, -10.566663798260834, -10.5669790544448, -10.5669790544448, -10.5669790544448, -10.566663798260834, -10.566348542076867, -10.566348542076867, -10.5669790544448, -10.566663798260834, -10.566663798260834, -10.566663798260834, -10.5669790544448, -10.566663798260834, -10.5669790544448, -10.566663798260834, -10.566663798260834, -10.5669790544448, -10.566663798260834, -10.566663798260834, -10.5669790544448, -10.566663798260834, -10.566663798260834, -10.566663798260834, -10.5669790544448, -10.566663798260834, -10.5669790544448, -10.566663798260834, -10.566663798260834, -10.566663798260834, -10.566663798260834, -10.566663798260834, -10.566348542076867, -10.566663798260834, -10.566663798260834, -10.566663798260834, -10.5669790544448, -10.566663798260834, -10.566348542076867, -10.566663798260834, -10.566348542076867, -10.566663798260834, -10.566663798260834, -10.566663798260834, -10.5669790544448, -10.5669790544448, -10.5669790544448, -10.566663798260834, -10.5669790544448, -10.566663798260834, -10.566663798260834, -10.566348542076867, -10.566663798260834, -10.566663798260834, -10.5669790544448, -10.5669790544448, -10.5669790544448, -10.566663798260834, -10.566663798260834, -10.566663798260834, -10.566663798260834, -10.5669790544448, -10.5669790544448, -10.566348542076867, -10.5669790544448, -10.5669790544448, -10.566663798260834, -10.566663798260834, -10.566348542076867, -10.566663798260834, -10.5669790544448, -10.566663798260834, -10.566663798260834, -10.566663798260834, -10.5669790544448], \"AIN3\": [-10.566348542076867, -10.566348542076867, -10.566348542076867, -10.5669790544448, -10.5669790544448, -10.566663798260834, -10.566663798260834, -10.5669790544448, -10.5669790544448, -10.5669790544448, -10.5669790544448, -10.566663798260834, -10.5669790544448, -10.566348542076867, -10.5669790544448, -10.566663798260834, -10.5669790544448, -10.566348542076867, -10.5669790544448, -10.566663798260834, -10.566663798260834, -10.5669790544448, -10.566663798260834, -10.566663798260834, -10.566663798260834, -10.5669790544448, -10.566663798260834, -10.566348542076867, -10.566348542076867, -10.5669790544448, -10.566663798260834, -10.566663798260834, -10.566663798260834, -10.5669790544448, -10.566348542076867, -10.566663798260834, -10.566663798260834, -10.566348542076867, -10.566663798260834, -10.566663798260834, -10.5669790544448, -10.566348542076867, -10.566348542076867, -10.5669790544448, -10.566663798260834, -10.5669790544448, -10.566348542076867, -10.566348542076867, -10.566348542076867, -10.566663798260834, -10.566663798260834, -10.566663798260834, -10.566663798260834, -10.566663798260834, -10.566663798260834, -10.566663798260834, -10.566663798260834, -10.566663798260834, -10.566663798260834, -10.566663798260834, -10.566663798260834, -10.566663798260834, -10.5669790544448, -10.5669790544448, -10.566663798260834, -10.566663798260834, -10.566348542076867, -10.566663798260834, -10.566663798260834, -10.566663798260834, -10.5669790544448, -10.566663798260834, -10.5669790544448, -10.566348542076867, -10.566663798260834, -10.566663798260834, -10.566663798260834, -10.566663798260834, -10.5669790544448, -10.567294310628768, -10.566663798260834, -10.566663798260834, -10.5669790544448, -10.566663798260834, -10.566348542076867, -10.566663798260834, -10.566663798260834, -10.566663798260834, -10.566663798260834, -10.566663798260834, -10.5669790544448, -10.566348542076867, -10.5669790544448, -10.566663798260834, -10.566348542076867, -10.5669790544448, -10.566663798260834, -10.566663798260834, -10.566663798260834, -10.566663798260834, -10.566663798260834, -10.5669790544448, -10.5669790544448, -10.566663798260834, -10.566663798260834, -10.5669790544448, -10.566663798260834, -10.566663798260834, -10.566348542076867, -10.566663798260834, -10.566663798260834, -10.5669790544448, -10.566663798260834, -10.5669790544448, -10.5669790544448, -10.566348542076867, -10.566348542076867, -10.5669790544448, -10.566348542076867, -10.566663798260834, -10.5669790544448, -10.566348542076867, -10.566663798260834, -10.566663798260834, -10.566663798260834, -10.566663798260834, -10.5669790544448, -10.566663798260834, -10.566348542076867, -10.5669790544448, -10.5669790544448, -10.566663798260834, -10.5669790544448, -10.566348542076867, -10.566663798260834, -10.566663798260834, -10.5669790544448, -10.5669790544448, -10.5669790544448, -10.566348542076867, -10.5669790544448, -10.566663798260834, -10.566663798260834, -10.566663798260834, -10.566663798260834, -10.5669790544448, -10.5669790544448, -10.566663798260834, -10.5669790544448, -10.566663798260834, -10.566663798260834, -10.566663798260834, -10.5669790544448, -10.566348542076867, -10.5669790544448, -10.5669790544448, -10.566663798260834, -10.566663798260834, -10.566663798260834, -10.566663798260834, -10.566663798260834, -10.5669790544448, -10.566663798260834, -10.566663798260834, -10.566663798260834, -10.566663798260834, -10.566663798260834, -10.5669790544448, -10.566663798260834, -10.566663798260834, -10.566663798260834, -10.566663798260834, -10.566663798260834, -10.566663798260834, -10.566663798260834, -10.5669790544448, -10.566663798260834, -10.566663798260834, -10.5669790544448, -10.5669790544448, -10.566663798260834, -10.566663798260834, -10.566663798260834, -10.566663798260834, -10.566663798260834, -10.5669790544448, -10.5669790544448, -10.566663798260834, -10.566348542076867, -10.566348542076867, -10.5669790544448, -10.566663798260834, -10.566663798260834, -10.566663798260834, -10.5669790544448, -10.566663798260834, -10.566663798260834, -10.566348542076867, -10.566663798260834, -10.566348542076867, -10.566663798260834, -10.566663798260834, -10.5669790544448, -10.566663798260834, -10.566663798260834, -10.566663798260834, -10.566663798260834, -10.5669790544448, -10.566663798260834, -10.5669790544448, -10.5669790544448, -10.5669790544448, -10.566348542076867, -10.566348542076867, -10.5669790544448, -10.566663798260834, -10.5669790544448, -10.566663798260834, -10.566348542076867, -10.566348542076867, -10.566663798260834, -10.5669790544448, -10.5669790544448, -10.566663798260834, -10.566663798260834, -10.5669790544448, -10.5669790544448, -10.566663798260834, -10.5669790544448, -10.5669790544448, -10.5669790544448, -10.566663798260834, -10.566663798260834, -10.5669790544448, -10.566663798260834, -10.566663798260834, -10.566663798260834, -10.5669790544448, -10.566663798260834, -10.566663798260834, -10.5669790544448, -10.566663798260834, -10.566663798260834, -10.566663798260834, -10.5669790544448, -10.566663798260834, -10.566348542076867, -10.566663798260834, -10.566663798260834, -10.566663798260834]}, \"data_type\": \"<type 'collections.defaultdict'>\"}"}
{"message": "{\"timestamp\": 3.5275089740753174, \"object_type\": \"labjack_stream\", \"data\": {\"AIN0\": [-10.5669790544448, -10.566663798260834, -10.5669790544448, -10.566663798260834, -10.5669790544448, -10.566663798260834, -10.566663798260834, -10.566348542076867, -10.566348542076867, -10.5669790544448, -10.5669790544448, -10.5669790544448, -10.566663798260834, -10.5669790544448, -10.566663798260834, -10.5669790544448, -10.566663798260834, -10.5669790544448, -10.566663798260834, -10.567294310628768, -10.566663798260834, -10.566348542076867, -10.5669790544448, -10.566663798260834, -10.5669790544448, -10.566348542076867, -10.566663798260834, -10.566348542076867, -10.5669790544448, -10.566663798260834, -10.566348542076867, -10.566663798260834, -10.566663798260834, -10.5669790544448, -10.566663798260834, -10.566348542076867, -10.566663798260834, -10.566348542076867, -10.566663798260834, -10.566663798260834, -10.566348542076867, -10.566663798260834, -10.566348542076867, -10.5669790544448, -10.5669790544448, -10.5669790544448, -10.566663798260834, -10.5669790544448, -10.566663798260834, -10.5669790544448, -10.5669790544448, -10.566348542076867, -10.566663798260834, -10.566663798260834, -10.566663798260834, -10.566663798260834, -10.566663798260834, -10.566663798260834, -10.566348542076867, -10.566663798260834, -10.566348542076867, -10.566663798260834, -10.566663798260834, -10.566348542076867, -10.566663798260834, -10.566663798260834, -10.566348542076867, -10.566348542076867, -10.566663798260834, -10.5669790544448, -10.566348542076867, -10.566663798260834, -10.566663798260834, -10.566663798260834, -10.566348542076867, -10.566348542076867, -10.5669790544448, -10.566663798260834, -10.566663798260834, -10.5669790544448, -10.566663798260834, -10.566663798260834, -10.5669790544448, -10.566663798260834, -10.5669790544448, -10.566663798260834, -10.566663798260834, -10.5669790544448, -10.5669790544448, -10.5669790544448, -10.566663798260834, -10.566663798260834, -10.5669790544448, -10.566663798260834, -10.566348542076867, -10.566348542076867, -10.566663798260834, -10.566663798260834, -10.5669790544448, -10.566663798260834, -10.566663798260834, -10.5669790544448, -10.5669790544448, -10.5669790544448, -10.566663798260834, -10.566663798260834, -10.566663798260834, -10.566663798260834, -10.566348542076867, -10.566663798260834, -10.566663798260834, -10.566663798260834, -10.566663798260834, -10.5669790544448, -10.566663798260834, -10.566348542076867, -10.566663798260834, -10.566663798260834, -10.5669790544448, -10.566663798260834, -10.566663798260834, -10.5669790544448, -10.566663798260834, -10.5669790544448, -10.566348542076867, -10.5669790544448, -10.566663798260834, -10.566663798260834, -10.566348542076867, -10.566663798260834, -10.566348542076867, -10.566348542076867, -10.566663798260834, -10.5669790544448, -10.566663798260834, -10.566663798260834, -10.5669790544448, -10.566663798260834, -10.566663798260834, -10.566348542076867, -10.566663798260834, -10.566348542076867, -10.566663798260834, -10.566348542076867, -10.566663798260834, -10.566663798260834, -10.5669790544448, -10.566348542076867, -10.566663798260834, -10.566348542076867, -10.566663798260834, -10.5669790544448, -10.5669790544448, -10.566663798260834, -10.5669790544448, -10.566663798260834, -10.566663798260834, -10.5669790544448, -10.566348542076867, -10.566663798260834, -10.566663798260834, -10.566663798260834, -10.566663798260834, -10.566348542076867, -10.5669790544448, -10.566348542076867, -10.566663798260834, -10.566663798260834, -10.5669790544448, -10.566663798260834, -10.566663798260834, -10.566348542076867, -10.566348542076867, -10.566663798260834, -10.5669790544448, -10.5669790544448, -10.5669790544448, -10.566663798260834, -10.566663798260834, -10.5669790544448, -10.566663798260834, -10.566663798260834, -10.5669790544448, -10.566663798260834, -10.566663798260834, -10.5669790544448, -10.566663798260834, -10.566663798260834, -10.566663798260834, -10.566663798260834, -10.566663798260834, -10.566348542076867, -10.566663798260834, -10.5669790544448, -10.566663798260834, -10.566663798260834, -10.566663798260834, -10.566663798260834, -10.566663798260834, -10.566663798260834, -10.5669790544448, -10.566348542076867, -10.566663798260834, -10.566663798260834, -10.566663798260834, -10.566663798260834, -10.566663798260834, -10.566348542076867, -10.5669790544448, -10.566348542076867, -10.5669790544448, -10.5669790544448, -10.566663798260834, -10.566348542076867, -10.5669790544448, -10.566663798260834, -10.566663798260834, -10.566663798260834, -10.566663798260834, -10.5669790544448, -10.5669790544448, -10.566663798260834, -10.566663798260834, -10.566663798260834, -10.5669790544448, -10.566663798260834, -10.566663798260834, -10.566663798260834, -10.566348542076867, -10.566663798260834, -10.566663798260834, -10.566663798260834, -10.566663798260834, -10.5669790544448, -10.566663798260834, -10.566663798260834, -10.5669790544448, -10.5669790544448, -10.5669790544448, -10.566663798260834, -10.5669790544448, -10.566348542076867, -10.566663798260834, -10.566348542076867, -10.566663798260834, -10.566663798260834, -10.5669790544448, -10.566348542076867, -10.566663798260834, -10.566663798260834], \"AIN1\": [-10.566348542076867, -10.566663798260834, -10.5669790544448, -10.566663798260834, -10.566663798260834, -10.566348542076867, -10.566348542076867, -10.566663798260834, -10.5669790544448, -10.566663798260834, -10.566348542076867, -10.566663798260834, -10.566663798260834, -10.566663798260834, -10.566348542076867, -10.566348542076867, -10.566663798260834, -10.566348542076867, -10.5669790544448, -10.566663798260834, -10.566663798260834, -10.566663798260834, -10.566663798260834, -10.566348542076867, -10.566663798260834, -10.566663798260834, -10.5669790544448, -10.5669790544448, -10.566663798260834, -10.5669790544448, -10.5669790544448, -10.566663798260834, -10.566663798260834, -10.566663798260834, -10.566663798260834, -10.5669790544448, -10.5669790544448, -10.5669790544448, -10.566663798260834, -10.5669790544448, -10.566663798260834, -10.5669790544448, -10.5669790544448, -10.5669790544448, -10.5669790544448, -10.566663798260834, -10.566663798260834, -10.566348542076867, -10.566663798260834, -10.566348542076867, -10.5669790544448, -10.566663798260834, -10.566348542076867, -10.566663798260834, -10.566663798260834, -10.5669790544448, -10.566663798260834, -10.566663798260834, -10.5669790544448, -10.5669790544448, -10.5669790544448, -10.5669790544448, -10.5669790544448, -10.566663798260834, -10.566663798260834, -10.566663798260834, -10.5669790544448, -10.5669790544448, -10.566348542076867, -10.566663798260834, -10.566663798260834, -10.566663798260834, -10.566663798260834, -10.566663798260834, -10.566663798260834, -10.5669790544448, -10.566663798260834, -10.5669790544448, -10.566663798260834, -10.566663798260834, -10.566663798260834, -10.566663798260834, -10.566663798260834, -10.566663798260834, -10.566663798260834, -10.5669790544448, -10.566663798260834, -10.566663798260834, -10.566663798260834, -10.566348542076867, -10.566663798260834, -10.566663798260834, -10.566348542076867, -10.5669790544448, -10.566663798260834, -10.566663798260834, -10.566663798260834, -10.566663798260834, -10.5669790544448, -10.566663798260834, -10.566348542076867, -10.5669790544448, -10.5669790544448, -10.566663798260834, -10.566663798260834, -10.566663798260834, -10.5669790544448, -10.5669790544448, -10.566663798260834, -10.566663798260834, -10.566663798260834, -10.566663798260834, -10.5669790544448, -10.5669790544448, -10.5669790544448, -10.566663798260834, -10.566348542076867, -10.566663798260834, -10.566663798260834, -10.5669790544448, -10.566663798260834, -10.5669790544448, -10.566663798260834, -10.566663798260834, -10.566663798260834, -10.566663798260834, -10.566663798260834, -10.566663798260834, -10.566348542076867, -10.5669790544448, -10.5669790544448, -10.566348542076867, -10.566663798260834, -10.5669790544448, -10.566348542076867, -10.566663798260834, -10.566663798260834, -10.566663798260834, -10.566348542076867, -10.566663798260834, -10.566663798260834, -10.566663798260834, -10.5669790544448, -10.566348542076867, -10.566348542076867, -10.566663798260834, -10.566663798260834, -10.566663798260834, -10.566663798260834, -10.566663798260834, -10.566663798260834, -10.566663798260834, -10.5669790544448, -10.566348542076867, -10.566663798260834, -10.566663798260834, -10.5669790544448, -10.5669790544448, -10.566663798260834, -10.566663798260834, -10.566663798260834, -10.566348542076867, -10.566663798260834, -10.5669790544448, -10.566663798260834, -10.566663798260834, -10.566663798260834, -10.566663798260834, -10.5669790544448, -10.5669790544448, -10.566663798260834, -10.566663798260834, -10.566348542076867, -10.566663798260834, -10.566663798260834, -10.566663798260834, -10.566348542076867, -10.566663798260834, -10.566663798260834, -10.5669790544448, -10.566348542076867, -10.5669790544448, -10.566663798260834, -10.5669790544448, -10.5669790544448, -10.5669790544448, -10.566348542076867, -10.566663798260834, -10.566663798260834, -10.566663798260834, -10.566348542076867, -10.566663798260834, -10.566663798260834, -10.566663798260834, -10.566663798260834, -10.5669790544448, -10.5669790544448, -10.5669790544448, -10.566348542076867, -10.566663798260834, -10.566348542076867, -10.5669790544448, -10.566663798260834, -10.566663798260834, -10.566663798260834, -10.566663798260834, -10.5669790544448, -10.5669790544448, -10.566663798260834, -10.566663798260834, -10.566663798260834, -10.5669790544448, -10.5669790544448, -10.5669790544448, -10.566663798260834, -10.566663798260834, -10.566663798260834, -10.5669790544448, -10.5669790544448, -10.566663798260834, -10.566348542076867, -10.566663798260834, -10.5669790544448, -10.566663798260834, -10.566348542076867, -10.566348542076867, -10.5669790544448, -10.566348542076867, -10.5669790544448, -10.566663798260834, -10.566663798260834, -10.566663798260834, -10.5669790544448, -10.566663798260834, -10.5669790544448, -10.566663798260834, -10.566663798260834, -10.566663798260834, -10.566663798260834, -10.566348542076867, -10.566348542076867, -10.566663798260834, -10.566663798260834, -10.566663798260834, -10.566348542076867, -10.566348542076867, -10.5669790544448, -10.5669790544448, -10.566663798260834, -10.566663798260834], \"AIN2\": [-10.5669790544448, -10.566663798260834, -10.566663798260834, -10.5669790544448, -10.566663798260834, -10.566663798260834, -10.566663798260834, -10.566663798260834, -10.566663798260834, -10.566348542076867, -10.566663798260834, -10.5669790544448, -10.566663798260834, -10.566348542076867, -10.566663798260834, -10.5669790544448, -10.566348542076867, -10.566663798260834, -10.5669790544448, -10.566348542076867, -10.566663798260834, -10.566663798260834, -10.566663798260834, -10.5669790544448, -10.5669790544448, -10.566663798260834, -10.566663798260834, -10.5669790544448, -10.566348542076867, -10.566663798260834, -10.5669790544448, -10.566663798260834, -10.5669790544448, -10.566663798260834, -10.566663798260834, -10.5669790544448, -10.566663798260834, -10.5669790544448, -10.566348542076867, -10.566663798260834, -10.5669790544448, -10.566348542076867, -10.5669790544448, -10.5669790544448, -10.5669790544448, -10.566348542076867, -10.566663798260834, -10.566663798260834, -10.566663798260834, -10.566663798260834, -10.5669790544448, -10.5669790544448, -10.566663798260834, -10.566663798260834, -10.566663798260834, -10.5669790544448, -10.566348542076867, -10.5669790544448, -10.566663798260834, -10.5669790544448, -10.566663798260834, -10.5669790544448, -10.5669790544448, -10.566348542076867, -10.5669790544448, -10.5669790544448, -10.566663798260834, -10.5669790544448, -10.566348542076867, -10.566663798260834, -10.566348542076867, -10.566663798260834, -10.5669790544448, -10.5669790544448, -10.566663798260834, -10.566348542076867, -10.566348542076867, -10.566663798260834, -10.566663798260834, -10.566663798260834, -10.566663798260834, -10.5669790544448, -10.566348542076867, -10.566663798260834, -10.5669790544448, -10.566663798260834, -10.566663798260834, -10.566663798260834, -10.5669790544448, -10.566348542076867, -10.566663798260834, -10.566663798260834, -10.566663798260834, -10.5669790544448, -10.566663798260834, -10.566663798260834, -10.566348542076867, -10.566663798260834, -10.566663798260834, -10.566663798260834, -10.566348542076867, -10.566663798260834, -10.5669790544448, -10.566663798260834, -10.5669790544448, -10.566663798260834, -10.566663798260834, -10.566663798260834, -10.566663798260834, -10.566663798260834, -10.566348542076867, -10.566663798260834, -10.566663798260834, -10.566663798260834, -10.5669790544448, -10.566663798260834, -10.5669790544448, -10.5669790544448, -10.566663798260834, -10.566663798260834, -10.566663798260834, -10.566663798260834, -10.566663798260834, -10.566663798260834, -10.566348542076867, -10.5669790544448, -10.5669790544448, -10.5669790544448, -10.566663798260834, -10.566663798260834, -10.566663798260834, -10.566663798260834, -10.566663798260834, -10.5669790544448, -10.566663798260834, -10.5669790544448, -10.566663798260834, -10.566348542076867, -10.5669790544448, -10.566663798260834, -10.566348542076867, -10.566348542076867, -10.5669790544448, -10.5669790544448, -10.566348542076867, -10.566663798260834, -10.566663798260834, -10.566663798260834, -10.5669790544448, -10.566348542076867, -10.566663798260834, -10.566663798260834, -10.566348542076867, -10.5669790544448, -10.566348542076867, -10.566663798260834, -10.566663798260834, -10.566663798260834, -10.566663798260834, -10.566663798260834, -10.5669790544448, -10.566663798260834, -10.566663798260834, -10.566663798260834, -10.5669790544448, -10.566663798260834, -10.5669790544448, -10.566663798260834, -10.566348542076867, -10.566663798260834, -10.566348542076867, -10.5669790544448, -10.566348542076867, -10.566663798260834, -10.566663798260834, -10.566348542076867, -10.566663798260834, -10.566663798260834, -10.566663798260834, -10.5669790544448, -10.566348542076867, -10.5669790544448, -10.566663798260834, -10.566663798260834, -10.5669790544448, -10.5669790544448, -10.5669790544448, -10.566663798260834, -10.5669790544448, -10.566663798260834, -10.566663798260834, -10.5669790544448, -10.566348542076867, -10.566663798260834, -10.566348542076867, -10.5669790544448, -10.566663798260834, -10.566663798260834, -10.566663798260834, -10.566663798260834, -10.566663798260834, -10.566663798260834, -10.566663798260834, -10.566348542076867, -10.566663798260834, -10.566348542076867, -10.566663798260834, -10.566663798260834, -10.5669790544448, -10.566663798260834, -10.5669790544448, -10.5669790544448, -10.566663798260834, -10.5669790544448, -10.566348542076867, -10.566663798260834, -10.566663798260834, -10.566663798260834, -10.5669790544448, -10.566663798260834, -10.566663798260834, -10.5669790544448, -10.566663798260834, -10.5669790544448, -10.566348542076867, -10.5669790544448, -10.5669790544448, -10.566663798260834, -10.566663798260834, -10.566663798260834, -10.566348542076867, -10.567294310628768, -10.566663798260834, -10.566663798260834, -10.566663798260834, -10.566348542076867, -10.566663798260834, -10.566663798260834, -10.566663798260834, -10.5669790544448, -10.566348542076867, -10.5669790544448, -10.566663798260834, -10.566663798260834, -10.5669790544448, -10.566663798260834, -10.566663798260834, -10.566348542076867, -10.566663798260834, -10.566663798260834], \"AIN3\": [-10.566348542076867, -10.566348542076867, -10.566663798260834, -10.566348542076867, -10.566663798260834, -10.566663798260834, -10.5669790544448, -10.566663798260834, -10.566663798260834, -10.5669790544448, -10.5669790544448, -10.566348542076867, -10.566663798260834, -10.566663798260834, -10.5669790544448, -10.5669790544448, -10.566348542076867, -10.566663798260834, -10.566348542076867, -10.566663798260834, -10.566663798260834, -10.566663798260834, -10.566663798260834, -10.5669790544448, -10.566663798260834, -10.566348542076867, -10.566663798260834, -10.5669790544448, -10.566348542076867, -10.566663798260834, -10.566663798260834, -10.566663798260834, -10.566663798260834, -10.5669790544448, -10.566663798260834, -10.566348542076867, -10.566663798260834, -10.566663798260834, -10.5669790544448, -10.566663798260834, -10.566663798260834, -10.566663798260834, -10.566663798260834, -10.566663798260834, -10.566663798260834, -10.566663798260834, -10.566663798260834, -10.5669790544448, -10.5669790544448, -10.566663798260834, -10.566348542076867, -10.566663798260834, -10.566663798260834, -10.5669790544448, -10.566348542076867, -10.566663798260834, -10.5669790544448, -10.5669790544448, -10.5669790544448, -10.5669790544448, -10.566663798260834, -10.5669790544448, -10.566663798260834, -10.5669790544448, -10.5669790544448, -10.566663798260834, -10.566663798260834, -10.5669790544448, -10.5669790544448, -10.566663798260834, -10.5669790544448, -10.5669790544448, -10.5669790544448, -10.566663798260834, -10.5669790544448, -10.566663798260834, -10.5669790544448, -10.566348542076867, -10.566663798260834, -10.566663798260834, -10.566663798260834, -10.566663798260834, -10.566663798260834, -10.566348542076867, -10.566663798260834, -10.566663798260834, -10.566663798260834, -10.566663798260834, -10.5669790544448, -10.566348542076867, -10.5669790544448, -10.566663798260834, -10.5669790544448, -10.566348542076867, -10.566663798260834, -10.566348542076867, -10.566663798260834, -10.5669790544448, -10.566663798260834, -10.5669790544448, -10.566663798260834, -10.5669790544448, -10.566663798260834, -10.566348542076867, -10.566663798260834, -10.566348542076867, -10.5669790544448, -10.5669790544448, -10.567294310628768, -10.566663798260834, -10.566663798260834, -10.566663798260834, -10.566663798260834, -10.5669790544448, -10.566663798260834, -10.566663798260834, -10.5669790544448, -10.566663798260834, -10.566663798260834, -10.566663798260834, -10.566663798260834, -10.566663798260834, -10.566663798260834, -10.566663798260834, -10.5669790544448, -10.5669790544448, -10.566663798260834, -10.566348542076867, -10.566663798260834, -10.566663798260834, -10.566663798260834, -10.5669790544448, -10.566663798260834, -10.566663798260834, -10.5669790544448, -10.566663798260834, -10.566348542076867, -10.566663798260834, -10.566663798260834, -10.566663798260834, -10.566663798260834, -10.566663798260834, -10.566663798260834, -10.5669790544448, -10.5669790544448, -10.566348542076867, -10.566663798260834, -10.5669790544448, -10.5669790544448, -10.566663798260834, -10.566663798260834, -10.5669790544448, -10.566663798260834, -10.566663798260834, -10.566663798260834, -10.566348542076867, -10.566663798260834, -10.566663798260834, -10.5669790544448, -10.566663798260834, -10.566663798260834, -10.566663798260834, -10.566663798260834, -10.5669790544448, -10.566663798260834, -10.5669790544448, -10.566663798260834, -10.5669790544448, -10.5669790544448, -10.566663798260834, -10.5669790544448, -10.566663798260834, -10.566663798260834, -10.566663798260834, -10.566663798260834, -10.566663798260834, -10.566663798260834, -10.566663798260834, -10.566663798260834, -10.5669790544448, -10.566663798260834, -10.566663798260834, -10.5669790544448, -10.5669790544448, -10.566663798260834, -10.566663798260834, -10.566348542076867, -10.5669790544448, -10.566663798260834, -10.566663798260834, -10.5669790544448, -10.566663798260834, -10.5669790544448, -10.566663798260834, -10.5669790544448, -10.566348542076867, -10.566663798260834, -10.566663798260834, -10.566663798260834, -10.566663798260834, -10.5669790544448, -10.566663798260834, -10.566348542076867, -10.566663798260834, -10.566663798260834, -10.566663798260834, -10.5669790544448, -10.566663798260834, -10.5669790544448, -10.566663798260834, -10.566663798260834, -10.5669790544448, -10.566663798260834, -10.566348542076867, -10.566348542076867, -10.566663798260834, -10.566663798260834, -10.566663798260834, -10.5669790544448, -10.566348542076867, -10.566663798260834, -10.5669790544448, -10.566663798260834, -10.566663798260834, -10.566663798260834, -10.566663798260834, -10.5669790544448, -10.566663798260834, -10.566663798260834, -10.566663798260834, -10.566663798260834, -10.566663798260834, -10.566663798260834, -10.566663798260834, -10.566663798260834, -10.566663798260834, -10.5669790544448, -10.566663798260834, -10.566663798260834, -10.5669790544448, -10.566663798260834, -10.5669790544448, -10.5669790544448, -10.5669790544448, -10.566663798260834, -10.566348542076867, -10.566663798260834, -10.566663798260834, -10.5669790544448, -10.566663798260834]}, \"data_type\": \"<type 'collections.defaultdict'>\"}"}
{"message": "{\"timestamp\": 3.801490068435669, \"object_type\": \"labjack_stream\", \"data\": {\"AIN0\": [-10.566663798260834, -10.566663798260834, -10.566663798260834, -10.566663798260834, -10.566663798260834, -10.566663798260834, -10.566348542076867, -10.566663798260834, -10.5669790544448, -10.5669790544448, -10.566348542076867, -10.566663798260834, -10.5669790544448, -10.566348542076867, -10.566348542076867, -10.566663798260834, -10.5669790544448, -10.566663798260834, -10.566663798260834, -10.566663798260834, -10.566348542076867, -10.566663798260834, -10.5669790544448, -10.5669790544448, -10.566663798260834, -10.5669790544448, -10.566348542076867, -10.566663798260834, -10.566663798260834, -10.566663798260834, -10.566663798260834, -10.566663798260834, -10.566663798260834, -10.5669790544448, -10.566663798260834, -10.566663798260834, -10.566663798260834, -10.5669790544448, -10.566663798260834, -10.5669790544448, -10.566663798260834, -10.566663798260834, -10.566663798260834, -10.566663798260834, -10.566348542076867, -10.566348542076867, -10.566663798260834, -10.566348542076867, -10.566348542076867, -10.5669790544448, -10.566663798260834, -10.566663798260834, -10.5669790544448, -10.566348542076867, -10.566663798260834, -10.566663798260834, -10.566663798260834, -10.5669790544448, -10.566663798260834, -10.5669790544448, -10.566663798260834, -10.566663798260834, -10.5669790544448, -10.566663798260834, -10.566663798260834, -10.566348542076867, -10.566348542076867, -10.566663798260834, -10.566663798260834, -10.566663798260834, -10.566348542076867, -10.566663798260834, -10.566663798260834, -10.566663798260834, -10.566348542076867, -10.566348542076867, -10.566348542076867, -10.566663798260834, -10.5669790544448, -10.566663798260834, -10.566663798260834, -10.566663798260834, -10.566663798260834, -10.566663798260834, -10.566663798260834, -10.566348542076867, -10.566663798260834, -10.566663798260834, -10.566663798260834, -10.566348542076867, -10.566663798260834, -10.5669790544448, -10.566348542076867, -10.566663798260834, -10.566663798260834, -10.566348542076867, -10.566663798260834, -10.566663798260834, -10.566663798260834, -10.5669790544448, -10.566663798260834, -10.566663798260834, -10.566663798260834, -10.5669790544448, -10.566663798260834, -10.566348542076867, -10.566663798260834, -10.566663798260834, -10.566348542076867, -10.566663798260834, -10.5669790544448, -10.566348542076867, -10.566663798260834, -10.566348542076867, -10.566348542076867, -10.566348542076867, -10.5669790544448, -10.566663798260834, -10.566348542076867, -10.566663798260834, -10.566663798260834, -10.566348542076867, -10.566663798260834, -10.5669790544448, -10.566348542076867, -10.566348542076867, -10.566663798260834, -10.566663798260834, -10.566663798260834, -10.566663798260834, -10.566663798260834, -10.566348542076867, -10.566663798260834, -10.566663798260834, -10.5669790544448, -10.5669790544448, -10.566663798260834, -10.566663798260834, -10.566663798260834, -10.566663798260834, -10.566663798260834, -10.566663798260834, -10.5669790544448, -10.566348542076867, -10.566663798260834, -10.566663798260834, -10.5669790544448, -10.566663798260834, -10.5669790544448, -10.566663798260834, -10.566348542076867, -10.566663798260834, -10.566348542076867, -10.5669790544448, -10.566348542076867, -10.566663798260834, -10.566348542076867, -10.566663798260834, -10.566663798260834, -10.5669790544448, -10.5669790544448, -10.566348542076867, -10.5669790544448, -10.5669790544448, -10.566663798260834, -10.566663798260834, -10.566663798260834, -10.566663798260834, -10.566348542076867, -10.566663798260834, -10.566663798260834, -10.566663798260834, -10.566663798260834, -10.566348542076867, -10.566663798260834, -10.566348542076867, -10.566663798260834, -10.5669790544448, -10.566663798260834, -10.566663798260834, -10.566663798260834, -10.566348542076867, -10.566663798260834, -10.566663798260834, -10.5669790544448, -10.5660332858929, -10.5669790544448, -10.5669790544448, -10.566663798260834, -10.566663798260834, -10.566663798260834, -10.566663798260834, -10.5669790544448, -10.5669790544448, -10.566663798260834, -10.566348542076867, -10.566663798260834, -10.5669790544448, -10.566663798260834, -10.5669790544448, -10.5669790544448, -10.566348542076867, -10.566663798260834, -10.5669790544448, -10.566663798260834, -10.566663798260834, -10.566663798260834, -10.566663798260834, -10.566663798260834, -10.5669790544448, -10.5669790544448, -10.5669790544448, -10.566663798260834, -10.566348542076867, -10.566348542076867, -10.566663798260834, -10.566663798260834, -10.566663798260834, -10.566348542076867, -10.566663798260834, -10.566663798260834, -10.566663798260834, -10.566663798260834, -10.566663798260834, -10.566348542076867, -10.566663798260834, -10.566348542076867, -10.566663798260834, -10.5669790544448, -10.566348542076867, -10.566663798260834, -10.566663798260834, -10.566663798260834, -10.5669790544448, -10.566348542076867, -10.566348542076867, -10.566348542076867, -10.566663798260834, -10.566663798260834, -10.566663798260834, -10.5669790544448, -10.566663798260834, -10.566663798260834, -10.566663798260834, -10.5669790544448, -10.5660332858929, -10.566348542076867, -10.5669790544448, -10.566663798260834, -10.566663798260834], \"AIN1\": [-10.566663798260834, -10.566663798260834, -10.5669790544448, -10.566663798260834, -10.566663798260834, -10.566663798260834, -10.566663798260834, -10.566663798260834, -10.566663798260834, -10.566663798260834, -10.566663798260834, -10.566663798260834, -10.566663798260834, -10.566663798260834, -10.566663798260834, -10.5669790544448, -10.566663798260834, -10.5669790544448, -10.5669790544448, -10.566663798260834, -10.566348542076867, -10.5669790544448, -10.566663798260834, -10.5669790544448, -10.566663798260834, -10.566663798260834, -10.566663798260834, -10.5669790544448, -10.566663798260834, -10.566663798260834, -10.566663798260834, -10.566663798260834, -10.566663798260834, -10.5669790544448, -10.566663798260834, -10.566348542076867, -10.5669790544448, -10.566663798260834, -10.566348542076867, -10.566663798260834, -10.566663798260834, -10.5669790544448, -10.5669790544448, -10.5669790544448, -10.566663798260834, -10.566348542076867, -10.566663798260834, -10.566348542076867, -10.566663798260834, -10.5669790544448, -10.5669790544448, -10.5669790544448, -10.566663798260834, -10.566663798260834, -10.566348542076867, -10.566663798260834, -10.5669790544448, -10.566663798260834, -10.5669790544448, -10.566348542076867, -10.5669790544448, -10.566663798260834, -10.5669790544448, -10.566663798260834, -10.566348542076867, -10.5669790544448, -10.566663798260834, -10.566663798260834, -10.566348542076867, -10.566663798260834, -10.566663798260834, -10.5669790544448, -10.5669790544448, -10.5669790544448, -10.5669790544448, -10.566663798260834, -10.566348542076867, -10.5669790544448, -10.5669790544448, -10.5669790544448, -10.566663798260834, -10.566663798260834, -10.566663798260834, -10.566663798260834, -10.566663798260834, -10.5669790544448, -10.566663798260834, -10.5669790544448, -10.566663798260834, -10.566348542076867, -10.566663798260834, -10.566663798260834, -10.5669790544448, -10.566663798260834, -10.5669790544448, -10.566663798260834, -10.566663798260834, -10.566663798260834, -10.5669790544448, -10.566663798260834, -10.566663798260834, -10.566663798260834, -10.5669790544448, -10.566663798260834, -10.566663798260834, -10.566663798260834, -10.566663798260834, -10.5669790544448, -10.5669790544448, -10.566663798260834, -10.5669790544448, -10.566663798260834, -10.566663798260834, -10.566663798260834, -10.566663798260834, -10.5669790544448, -10.566663798260834, -10.5669790544448, -10.566663798260834, -10.566663798260834, -10.566663798260834, -10.566663798260834, -10.566663798260834, -10.566663798260834, -10.566663798260834, -10.5669790544448, -10.566663798260834, -10.566663798260834, -10.5669790544448, -10.566663798260834, -10.566663798260834, -10.566663798260834, -10.5669790544448, -10.566663798260834, -10.566663798260834, -10.566663798260834, -10.5669790544448, -10.5669790544448, -10.5669790544448, -10.566663798260834, -10.5669790544448, -10.566663798260834, -10.5669790544448, -10.566663798260834, -10.566663798260834, -10.566663798260834, -10.566663798260834, -10.566663798260834, -10.566348542076867, -10.566663798260834, -10.5669790544448, -10.566348542076867, -10.566663798260834, -10.566663798260834, -10.566663798260834, -10.566663798260834, -10.566663798260834, -10.5669790544448, -10.5669790544448, -10.566663798260834, -10.5669790544448, -10.566663798260834, -10.5669790544448, -10.566663798260834, -10.566663798260834, -10.5669790544448, -10.566348542076867, -10.566663798260834, -10.566663798260834, -10.566663798260834, -10.566663798260834, -10.566663798260834, -10.566663798260834, -10.5669790544448, -10.566663798260834, -10.566663798260834, -10.566663798260834, -10.566663798260834, -10.5669790544448, -10.566663798260834, -10.5669790544448, -10.566663798260834, -10.566663798260834, -10.566663798260834, -10.566663798260834, -10.566663798260834, -10.5669790544448, -10.566663798260834, -10.566663798260834, -10.566348542076867, -10.566663798260834, -10.566663798260834, -10.5669790544448, -10.566663798260834, -10.566348542076867, -10.566663798260834, -10.566663798260834, -10.566663798260834, -10.566663798260834, -10.567294310628768, -10.566663798260834, -10.5669790544448, -10.566663798260834, -10.5669790544448, -10.566663798260834, -10.566663798260834, -10.566663798260834, -10.566663798260834, -10.566348542076867, -10.566663798260834, -10.5669790544448, -10.566663798260834, -10.566663798260834, -10.566663798260834, -10.566663798260834, -10.566663798260834, -10.5669790544448, -10.566663798260834, -10.566663798260834, -10.5669790544448, -10.566663798260834, -10.566663798260834, -10.566663798260834, -10.566663798260834, -10.566663798260834, -10.566663798260834, -10.566663798260834, -10.566663798260834, -10.566663798260834, -10.5669790544448, -10.566663798260834, -10.566663798260834, -10.5669790544448, -10.566348542076867, -10.566663798260834, -10.5669790544448, -10.566348542076867, -10.566663798260834, -10.566348542076867, -10.566663798260834, -10.5669790544448, -10.5669790544448, -10.566663798260834, -10.566663798260834, -10.5669790544448, -10.566663798260834, -10.566663798260834, -10.5669790544448, -10.566663798260834, -10.566663798260834], \"AIN2\": [-10.5669790544448, -10.566663798260834, -10.5669790544448, -10.566348542076867, -10.566663798260834, -10.5669790544448, -10.566663798260834, -10.566663798260834, -10.5669790544448, -10.5669790544448, -10.566663798260834, -10.566348542076867, -10.566348542076867, -10.566348542076867, -10.566663798260834, -10.566663798260834, -10.566663798260834, -10.566663798260834, -10.566663798260834, -10.566663798260834, -10.566663798260834, -10.566663798260834, -10.5669790544448, -10.566348542076867, -10.5669790544448, -10.5669790544448, -10.566663798260834, -10.566663798260834, -10.566663798260834, -10.566663798260834, -10.566663798260834, -10.566348542076867, -10.5669790544448, -10.5669790544448, -10.566663798260834, -10.566663798260834, -10.566663798260834, -10.566663798260834, -10.566663798260834, -10.566663798260834, -10.5669790544448, -10.566663798260834, -10.566663798260834, -10.566348542076867, -10.5669790544448, -10.5669790544448, -10.5669790544448, -10.5669790544448, -10.566663798260834, -10.566663798260834, -10.566348542076867, -10.5669790544448, -10.566348542076867, -10.566663798260834, -10.5669790544448, -10.5669790544448, -10.5669790544448, -10.5669790544448, -10.566663798260834, -10.566663798260834, -10.5669790544448, -10.566663798260834, -10.566663798260834, -10.566663798260834, -10.566348542076867, -10.566663798260834, -10.566663798260834, -10.566663798260834, -10.566348542076867, -10.566663798260834, -10.5669790544448, -10.566663798260834, -10.566663798260834, -10.566663798260834, -10.566663798260834, -10.566663798260834, -10.5669790544448, -10.566348542076867, -10.566663798260834, -10.5669790544448, -10.566663798260834, -10.5669790544448, -10.566663798260834, -10.566663798260834, -10.566663798260834, -10.566663798260834, -10.5669790544448, -10.566348542076867, -10.566663798260834, -10.5669790544448, -10.566663798260834, -10.566663798260834, -10.566663798260834, -10.5669790544448, -10.566348542076867, -10.566348542076867, -10.5669790544448, -10.5669790544448, -10.566663798260834, -10.566663798260834, -10.566663798260834, -10.5669790544448, -10.566663798260834, -10.566663798260834, -10.5669790544448, -10.5669790544448, -10.5669790544448, -10.566663798260834, -10.5669790544448, -10.566663798260834, -10.566663798260834, -10.566663798260834, -10.566663798260834, -10.566663798260834, -10.566663798260834, -10.566663798260834, -10.5669790544448, -10.566663798260834, -10.5669790544448, -10.566663798260834, -10.566663798260834, -10.566663798260834, -10.566663798260834, -10.5669790544448, -10.566348542076867, -10.566663798260834, -10.5669790544448, -10.566663798260834, -10.566663798260834, -10.5669790544448, -10.5669790544448, -10.5669790544448, -10.5669790544448, -10.566348542076867, -10.566663798260834, -10.566663798260834, -10.566348542076867, -10.566663798260834, -10.566348542076867, -10.5669790544448, -10.566663798260834, -10.5669790544448, -10.566663798260834, -10.566348542076867, -10.5669790544448, -10.5669790544448, -10.5669790544448, -10.566663798260834, -10.566663798260834, -10.566663798260834, -10.5669790544448, -10.5669790544448, -10.5669790544448, -10.566348542076867, -10.5669790544448, -10.566348542076867, -10.566348542076867, -10.566348542076867, -10.566663798260834, -10.566663798260834, -10.566663798260834, -10.566348542076867, -10.566663798260834, -10.566348542076867, -10.5669790544448, -10.566663798260834, -10.566663798260834, -10.566663798260834, -10.566663798260834, -10.566663798260834, -10.566663798260834, -10.5669790544448, -10.566663798260834, -10.5669790544448, -10.5669790544448, -10.5669790544448, -10.5669790544448, -10.566663798260834, -10.566663798260834, -10.5669790544448, -10.5669790544448, -10.5669790544448, -10.566348542076867, -10.5669790544448, -10.566663798260834, -10.566348542076867, -10.566663798260834, -10.5669790544448, -10.566663798260834, -10.566348542076867, -10.566663798260834, -10.566348542076867, -10.5669790544448, -10.566663798260834, -10.566663798260834, -10.566663798260834, -10.566663798260834, -10.566348542076867, -10.566663798260834, -10.566663798260834, -10.5669790544448, -10.566663798260834, -10.566663798260834, -10.566663798260834, -10.566663798260834, -10.5669790544448, -10.5669790544448, -10.566663798260834, -10.566663798260834, -10.566663798260834, -10.566348542076867, -10.566663798260834, -10.566348542076867, -10.566663798260834, -10.566663798260834, -10.566663798260834, -10.5669790544448, -10.566663798260834, -10.566663798260834, -10.566348542076867, -10.566663798260834, -10.566663798260834, -10.566348542076867, -10.5669790544448, -10.566663798260834, -10.566663798260834, -10.566663798260834, -10.566663798260834, -10.566663798260834, -10.5669790544448, -10.5669790544448, -10.566663798260834, -10.566663798260834, -10.566663798260834, -10.566663798260834, -10.566348542076867, -10.566663798260834, -10.566348542076867, -10.566663798260834, -10.566348542076867, -10.566663798260834, -10.5669790544448, -10.566663798260834, -10.566663798260834, -10.566663798260834, -10.566663798260834, -10.5669790544448, -10.566348542076867, -10.566663798260834, -10.566663798260834], \"AIN3\": [-10.566663798260834, -10.566663798260834, -10.5669790544448, -10.566348542076867, -10.566663798260834, -10.5669790544448, -10.566663798260834, -10.566348542076867, -10.566663798260834, -10.566663798260834, -10.566663798260834, -10.566663798260834, -10.566663798260834, -10.566663798260834, -10.566663798260834, -10.566663798260834, -10.5669790544448, -10.566663798260834, -10.566663798260834, -10.566663798260834, -10.5669790544448, -10.566663798260834, -10.5669790544448, -10.5669790544448, -10.566663798260834, -10.566663798260834, -10.566663798260834, -10.566663798260834, -10.5669790544448, -10.566663798260834, -10.566663798260834, -10.5669790544448, -10.566348542076867, -10.566663798260834, -10.566663798260834, -10.5669790544448, -10.566663798260834, -10.566663798260834, -10.5669790544448, -10.5669790544448, -10.566663798260834, -10.5669790544448, -10.5669790544448, -10.566348542076867, -10.5669790544448, -10.566663798260834, -10.566663798260834, -10.5669790544448, -10.566663798260834, -10.566663798260834, -10.5669790544448, -10.5669790544448, -10.5669790544448, -10.5669790544448, -10.566663798260834, -10.5669790544448, -10.566663798260834, -10.566663798260834, -10.566348542076867, -10.566663798260834, -10.566348542076867, -10.5669790544448, -10.566663798260834, -10.566663798260834, -10.566348542076867, -10.5669790544448, -10.566348542076867, -10.566348542076867, -10.566663798260834, -10.5669790544448, -10.566663798260834, -10.566663798260834, -10.566663798260834, -10.566663798260834, -10.566663798260834, -10.566663798260834, -10.566663798260834, -10.566663798260834, -10.566663798260834, -10.5669790544448, -10.566663798260834, -10.5669790544448, -10.5669790544448, -10.5669790544448, -10.566663798260834, -10.566348542076867, -10.566663798260834, -10.566663798260834, -10.566663798260834, -10.566348542076867, -10.566663798260834, -10.5669790544448, -10.566348542076867, -10.566348542076867, -10.566663798260834, -10.5669790544448, -10.566663798260834, -10.5669790544448, -10.566348542076867, -10.566663798260834, -10.566663798260834, -10.566663798260834, -10.566663798260834, -10.566663798260834, -10.5669790544448, -10.5669790544448, -10.5669790544448, -10.5669790544448, -10.566348542076867, -10.566663798260834, -10.566663798260834, -10.5669790544448, -10.566663798260834, -10.5669790544448, -10.566348542076867, -10.566663798260834, -10.566663798260834, -10.566663798260834, -10.566663798260834, -10.566348542076867, -10.566663798260834, -10.5669790544448, -10.5669790544448, -10.566348542076867, -10.5669790544448, -10.5669790544448, -10.566663798260834, -10.566663798260834, -10.5669790544448, -10.566348542076867, -10.566663798260834, -10.5669790544448, -10.566663798260834, -10.566663798260834, -10.566663798260834, -10.566663798260834, -10.566348542076867, -10.566663798260834, -10.5669790544448, -10.566663798260834, -10.566348542076867, -10.566663798260834, -10.5669790544448, -10.566663798260834, -10.566348542076867, -10.566663798260834, -10.5669790544448, -10.566348542076867, -10.566663798260834, -10.566663798260834, -10.566663798260834, -10.566663798260834, -10.566663798260834, -10.566663798260834, -10.566348542076867, -10.5669790544448, -10.5669790544448, -10.5669790544448, -10.566663798260834, -10.5669790544448, -10.566663798260834, -10.566663798260834, -10.566663798260834, -10.5669790544448, -10.5669790544448, -10.5669790544448, -10.566663798260834, -10.566663798260834, -10.5669790544448, -10.566348542076867, -10.566663798260834, -10.5669790544448, -10.566663798260834, -10.566348542076867, -10.566663798260834, -10.5669790544448, -10.5669790544448, -10.566663798260834, -10.566663798260834, -10.566663798260834, -10.566663798260834, -10.566663798260834, -10.566663798260834, -10.566663798260834, -10.566348542076867, -10.566663798260834, -10.566663798260834, -10.5669790544448, -10.566348542076867, -10.566663798260834, -10.5669790544448, -10.5669790544448, -10.566663798260834, -10.5669790544448, -10.566663798260834, -10.566663798260834, -10.566663798260834, -10.566663798260834, -10.5669790544448, -10.566348542076867, -10.566663798260834, -10.566663798260834, -10.5669790544448, -10.566663798260834, -10.566663798260834, -10.566663798260834, -10.566663798260834, -10.566663798260834, -10.566663798260834, -10.566348542076867, -10.5669790544448, -10.566663798260834, -10.5669790544448, -10.566348542076867, -10.5669790544448, -10.5669790544448, -10.566348542076867, -10.566663798260834, -10.566663798260834, -10.566348542076867, -10.566663798260834, -10.566348542076867, -10.566348542076867, -10.566663798260834, -10.5669790544448, -10.566663798260834, -10.5669790544448, -10.566348542076867, -10.5669790544448, -10.566663798260834, -10.566348542076867, -10.566663798260834, -10.566663798260834, -10.5669790544448, -10.566663798260834, -10.566663798260834, -10.5669790544448, -10.566348542076867, -10.566348542076867, -10.566663798260834, -10.566663798260834, -10.566348542076867, -10.5669790544448, -10.566663798260834, -10.5669790544448, -10.5669790544448, -10.566663798260834, -10.566348542076867, -10.5669790544448, -10.566663798260834]}, \"data_type\": \"<type 'collections.defaultdict'>\"}"}
{"message": "{\"timestamp\": 4.027310132980347, \"object_type\": \"labjack_stream\", \"data\": {\"AIN0\": [-10.566663798260834, -10.566348542076867, -10.566663798260834, -10.5669790544448, -10.566663798260834, -10.566663798260834, -10.566663798260834, -10.566663798260834, -10.566663798260834, -10.566663798260834, -10.566348542076867, -10.566663798260834, -10.566663798260834, -10.566348542076867, -10.566663798260834, -10.566348542076867, -10.566663798260834, -10.566663798260834, -10.5669790544448, -10.566663798260834, -10.566348542076867, -10.566348542076867, -10.566663798260834, -10.566663798260834, -10.566348542076867, -10.566663798260834, -10.566348542076867, -10.566663798260834, -10.566663798260834, -10.566348542076867, -10.566348542076867, -10.5660332858929, -10.566663798260834, -10.566348542076867, -10.566348542076867, -10.5669790544448, -10.566348542076867, -10.566663798260834, -10.5669790544448, -10.5669790544448, -10.566663798260834, -10.5669790544448, -10.566663798260834, -10.566663798260834, -10.566348542076867, -10.566663798260834, -10.566663798260834, -10.566663798260834, -10.566663798260834, -10.566348542076867, -10.566663798260834, -10.566663798260834, -10.5669790544448, -10.566348542076867, -10.5669790544448, -10.5669790544448, -10.566663798260834, -10.566663798260834, -10.566663798260834, -10.566663798260834, -10.566348542076867, -10.566348542076867, -10.5669790544448, -10.566663798260834, -10.566663798260834, -10.566663798260834, -10.5669790544448, -10.566348542076867, -10.566348542076867, -10.566663798260834, -10.566663798260834, -10.566663798260834, -10.566663798260834, -10.566663798260834, -10.566348542076867, -10.566663798260834, -10.566663798260834, -10.566663798260834, -10.566663798260834, -10.566348542076867, -10.566663798260834, -10.5669790544448, -10.566348542076867, -10.566663798260834, -10.566348542076867, -10.566348542076867, -10.566348542076867, -10.566663798260834, -10.5669790544448, -10.566663798260834, -10.566663798260834, -10.566663798260834, -10.5669790544448, -10.566348542076867, -10.5669790544448, -10.566348542076867, -10.5669790544448, -10.566663798260834, -10.566348542076867, -10.566663798260834, -10.5669790544448, -10.566663798260834, -10.566348542076867, -10.566663798260834, -10.566348542076867, -10.566348542076867, -10.566348542076867, -10.566663798260834, -10.566663798260834, -10.5669790544448, -10.566663798260834, -10.5669790544448, -10.5669790544448, -10.5669790544448, -10.566663798260834, -10.566663798260834, -10.566663798260834, -10.5669790544448, -10.566663798260834, -10.566663798260834, -10.566663798260834, -10.566348542076867, -10.566663798260834, -10.566348542076867, -10.5669790544448, -10.5669790544448, -10.5669790544448, -10.566663798260834, -10.566663798260834, -10.566663798260834, -10.566348542076867, -10.566348542076867, -10.566663798260834, -10.566348542076867, -10.566663798260834, -10.566663798260834, -10.566348542076867, -10.5669790544448, -10.5669790544448, -10.5669790544448, -10.566663798260834, -10.566663798260834, -10.566663798260834, -10.566348542076867, -10.566663798260834, -10.5669790544448, -10.566663798260834, -10.5669790544448, -10.566348542076867, -10.566348542076867, -10.5669790544448, -10.566663798260834, -10.5669790544448, -10.566663798260834, -10.5669790544448, -10.566663798260834, -10.566663798260834, -10.566663798260834, -10.5669790544448, -10.5669790544448, -10.5669790544448, -10.566663798260834, -10.566663798260834, -10.566663798260834, -10.566663798260834, -10.566663798260834, -10.5669790544448, -10.566663798260834, -10.566663798260834, -10.5669790544448, -10.566663798260834, -10.566663798260834, -10.5669790544448, -10.566348542076867, -10.5669790544448, -10.566663798260834, -10.566663798260834, -10.566348542076867, -10.566663798260834, -10.5669790544448, -10.566663798260834, -10.5669790544448, -10.566663798260834, -10.566663798260834, -10.566663798260834, -10.566348542076867, -10.566348542076867, -10.566663798260834, -10.566348542076867, -10.566348542076867, -10.566663798260834, -10.566663798260834, -10.5669790544448, -10.566663798260834, -10.566348542076867, -10.566348542076867, -10.566663798260834, -10.566663798260834, -10.5669790544448, -10.5669790544448, -10.566348542076867, -10.566663798260834, -10.566663798260834, -10.566663798260834, -10.566663798260834, -10.566663798260834, -10.566663798260834, -10.566663798260834, -10.5669790544448, -10.566348542076867, -10.566663798260834, -10.566348542076867, -10.5669790544448, -10.566348542076867, -10.566663798260834, -10.5669790544448, -10.5669790544448, -10.5660332858929, -10.566663798260834, -10.566663798260834, -10.566348542076867, -10.566663798260834, -10.566663798260834, -10.5669790544448, -10.5669790544448, -10.566663798260834, -10.5669790544448, -10.566663798260834, -10.5669790544448, -10.5669790544448, -10.566348542076867, -10.566348542076867, -10.566348542076867, -10.5669790544448, -10.566663798260834, -10.566663798260834, -10.566348542076867, -10.5669790544448, -10.566348542076867, -10.566663798260834, -10.566663798260834, -10.566663798260834, -10.566348542076867, -10.566663798260834, -10.5669790544448, -10.5669790544448, -10.5669790544448, -10.566663798260834, -10.566348542076867, -10.5669790544448], \"AIN1\": [-10.566663798260834, -10.566348542076867, -10.566663798260834, -10.566663798260834, -10.566663798260834, -10.5669790544448, -10.566663798260834, -10.566663798260834, -10.5669790544448, -10.5669790544448, -10.566348542076867, -10.5669790544448, -10.5669790544448, -10.566663798260834, -10.566663798260834, -10.5669790544448, -10.5669790544448, -10.5669790544448, -10.566663798260834, -10.566663798260834, -10.566663798260834, -10.566663798260834, -10.566663798260834, -10.566663798260834, -10.566663798260834, -10.566663798260834, -10.566348542076867, -10.566663798260834, -10.566663798260834, -10.566663798260834, -10.566663798260834, -10.566663798260834, -10.566663798260834, -10.566348542076867, -10.566663798260834, -10.5669790544448, -10.566663798260834, -10.566663798260834, -10.5669790544448, -10.566663798260834, -10.566663798260834, -10.566663798260834, -10.566663798260834, -10.566663798260834, -10.566663798260834, -10.566663798260834, -10.566663798260834, -10.5669790544448, -10.566348542076867, -10.5669790544448, -10.5669790544448, -10.566663798260834, -10.566663798260834, -10.5669790544448, -10.566348542076867, -10.5669790544448, -10.5669790544448, -10.566663798260834, -10.566663798260834, -10.566348542076867, -10.566348542076867, -10.566663798260834, -10.566663798260834, -10.566348542076867, -10.566663798260834, -10.566663798260834, -10.5669790544448, -10.5669790544448, -10.566663798260834, -10.5660332858929, -10.5669790544448, -10.5669790544448, -10.566663798260834, -10.5669790544448, -10.566663798260834, -10.566663798260834, -10.566663798260834, -10.5669790544448, -10.566663798260834, -10.566663798260834, -10.566348542076867, -10.566663798260834, -10.5669790544448, -10.566663798260834, -10.566663798260834, -10.566663798260834, -10.566663798260834, -10.566663798260834, -10.5669790544448, -10.5669790544448, -10.566663798260834, -10.5669790544448, -10.566663798260834, -10.566663798260834, -10.566348542076867, -10.566663798260834, -10.566663798260834, -10.566663798260834, -10.5669790544448, -10.566663798260834, -10.566663798260834, -10.566663798260834, -10.566348542076867, -10.566348542076867, -10.566663798260834, -10.5669790544448, -10.566663798260834, -10.566663798260834, -10.5669790544448, -10.566348542076867, -10.5669790544448, -10.566663798260834, -10.5669790544448, -10.566663798260834, -10.566663798260834, -10.566663798260834, -10.566663798260834, -10.566348542076867, -10.566663798260834, -10.566663798260834, -10.566663798260834, -10.566663798260834, -10.5669790544448, -10.5669790544448, -10.5669790544448, -10.566348542076867, -10.566663798260834, -10.566348542076867, -10.566348542076867, -10.566663798260834, -10.566663798260834, -10.566663798260834, -10.566663798260834, -10.566348542076867, -10.566663798260834, -10.5669790544448, -10.5669790544448, -10.5669790544448, -10.566663798260834, -10.566663798260834, -10.5669790544448, -10.566348542076867, -10.5669790544448, -10.5669790544448, -10.5669790544448, -10.5669790544448, -10.5669790544448, -10.566663798260834, -10.566663798260834, -10.566663798260834, -10.566663798260834, -10.5669790544448, -10.5669790544448, -10.566663798260834, -10.5669790544448, -10.566663798260834, -10.566663798260834, -10.566663798260834, -10.5669790544448, -10.5669790544448, -10.566348542076867, -10.566663798260834, -10.566663798260834, -10.566348542076867, -10.566663798260834, -10.5669790544448, -10.566663798260834, -10.566663798260834, -10.566663798260834, -10.5669790544448, -10.566348542076867, -10.566663798260834, -10.566663798260834, -10.566663798260834, -10.5669790544448, -10.5669790544448, -10.5669790544448, -10.566348542076867, -10.5669790544448, -10.566663798260834, -10.566348542076867, -10.566348542076867, -10.5669790544448, -10.566663798260834, -10.566348542076867, -10.566663798260834, -10.5669790544448, -10.5669790544448, -10.566663798260834, -10.566663798260834, -10.566663798260834, -10.566663798260834, -10.5669790544448, -10.566348542076867, -10.566348542076867, -10.566348542076867, -10.5669790544448, -10.5669790544448, -10.566663798260834, -10.566348542076867, -10.566663798260834, -10.566663798260834, -10.566663798260834, -10.566663798260834, -10.566663798260834, -10.566663798260834, -10.566663798260834, -10.566663798260834, -10.5669790544448, -10.566663798260834, -10.566663798260834, -10.566663798260834, -10.5669790544448, -10.566348542076867, -10.566663798260834, -10.5669790544448, -10.566663798260834, -10.566348542076867, -10.566348542076867, -10.566663798260834, -10.566663798260834, -10.566663798260834, -10.566663798260834, -10.566663798260834, -10.566663798260834, -10.566348542076867, -10.5669790544448, -10.566348542076867, -10.566663798260834, -10.566663798260834, -10.566663798260834, -10.566663798260834, -10.566663798260834, -10.566663798260834, -10.5669790544448, -10.566663798260834, -10.5669790544448, -10.566663798260834, -10.566663798260834, -10.566663798260834, -10.566663798260834, -10.566348542076867, -10.566663798260834, -10.566663798260834, -10.5669790544448, -10.566663798260834, -10.566663798260834, -10.566663798260834, -10.566348542076867, -10.566663798260834], \"AIN2\": [-10.566663798260834, -10.566663798260834, -10.5669790544448, -10.5669790544448, -10.5669790544448, -10.566348542076867, -10.566348542076867, -10.566348542076867, -10.566663798260834, -10.5669790544448, -10.566348542076867, -10.566663798260834, -10.566663798260834, -10.5669790544448, -10.566663798260834, -10.566348542076867, -10.5669790544448, -10.566348542076867, -10.566663798260834, -10.5669790544448, -10.5669790544448, -10.5669790544448, -10.566663798260834, -10.566348542076867, -10.5669790544448, -10.566348542076867, -10.566663798260834, -10.566663798260834, -10.566663798260834, -10.5669790544448, -10.5669790544448, -10.566663798260834, -10.566663798260834, -10.566663798260834, -10.566663798260834, -10.566663798260834, -10.566348542076867, -10.566663798260834, -10.566348542076867, -10.5669790544448, -10.5669790544448, -10.566663798260834, -10.566348542076867, -10.566348542076867, -10.566663798260834, -10.5669790544448, -10.566663798260834, -10.5669790544448, -10.566663798260834, -10.566663798260834, -10.566663798260834, -10.5669790544448, -10.566663798260834, -10.5669790544448, -10.566663798260834, -10.566663798260834, -10.566663798260834, -10.566348542076867, -10.566663798260834, -10.566663798260834, -10.566663798260834, -10.566663798260834, -10.566348542076867, -10.566663798260834, -10.566663798260834, -10.566663798260834, -10.566663798260834, -10.566663798260834, -10.566663798260834, -10.566663798260834, -10.5669790544448, -10.566348542076867, -10.566663798260834, -10.5669790544448, -10.566663798260834, -10.566663798260834, -10.566663798260834, -10.5669790544448, -10.566663798260834, -10.566663798260834, -10.566663798260834, -10.566663798260834, -10.566663798260834, -10.566663798260834, -10.566663798260834, -10.566663798260834, -10.566663798260834, -10.566663798260834, -10.5669790544448, -10.566663798260834, -10.566663798260834, -10.566663798260834, -10.5669790544448, -10.5669790544448, -10.566663798260834, -10.566348542076867, -10.5669790544448, -10.566663798260834, -10.5669790544448, -10.5669790544448, -10.566663798260834, -10.566663798260834, -10.5669790544448, -10.5669790544448, -10.566663798260834, -10.566663798260834, -10.566663798260834, -10.566663798260834, -10.566663798260834, -10.566663798260834, -10.5669790544448, -10.566663798260834, -10.566663798260834, -10.5669790544448, -10.566663798260834, -10.566663798260834, -10.566663798260834, -10.566663798260834, -10.566663798260834, -10.566663798260834, -10.566663798260834, -10.566348542076867, -10.566663798260834, -10.566663798260834, -10.566663798260834, -10.566663798260834, -10.566663798260834, -10.5669790544448, -10.5669790544448, -10.566663798260834, -10.566663798260834, -10.566663798260834, -10.5669790544448, -10.566663798260834, -10.566348542076867, -10.566663798260834, -10.5669790544448, -10.5669790544448, -10.566663798260834, -10.566663798260834, -10.566663798260834, -10.5669790544448, -10.566663798260834, -10.5669790544448, -10.566663798260834, -10.5669790544448, -10.5669790544448, -10.566663798260834, -10.566663798260834, -10.5669790544448, -10.566663798260834, -10.566663798260834, -10.566663798260834, -10.566663798260834, -10.5669790544448, -10.5669790544448, -10.566348542076867, -10.5669790544448, -10.566663798260834, -10.566348542076867, -10.5669790544448, -10.566663798260834, -10.566348542076867, -10.566663798260834, -10.566663798260834, -10.566663798260834, -10.566663798260834, -10.566663798260834, -10.566663798260834, -10.566348542076867, -10.566663798260834, -10.5669790544448, -10.566663798260834, -10.566348542076867, -10.566348542076867, -10.566663798260834, -10.5669790544448, -10.566663798260834, -10.566663798260834, -10.5669790544448, -10.566663798260834, -10.566348542076867, -10.5669790544448, -10.566663798260834, -10.566663798260834, -10.566663798260834, -10.566663798260834, -10.566663798260834, -10.566663798260834, -10.566663798260834, -10.566663798260834, -10.5669790544448, -10.566348542076867, -10.566348542076867, -10.566663798260834, -10.566663798260834, -10.5669790544448, -10.566348542076867, -10.566663798260834, -10.566663798260834, -10.5669790544448, -10.5669790544448, -10.566348542076867, -10.566663798260834, -10.566348542076867, -10.5669790544448, -10.566348542076867, -10.566663798260834, -10.566663798260834, -10.5669790544448, -10.566663798260834, -10.5669790544448, -10.5669790544448, -10.566663798260834, -10.566348542076867, -10.5669790544448, -10.566348542076867, -10.566663798260834, -10.566663798260834, -10.566663798260834, -10.5669790544448, -10.566663798260834, -10.566348542076867, -10.566663798260834, -10.566348542076867, -10.566348542076867, -10.566663798260834, -10.566663798260834, -10.5669790544448, -10.566663798260834, -10.566663798260834, -10.5669790544448, -10.566348542076867, -10.566663798260834, -10.566663798260834, -10.566663798260834, -10.566663798260834, -10.566663798260834, -10.5669790544448, -10.566663798260834, -10.566663798260834, -10.5669790544448, -10.566663798260834, -10.566348542076867, -10.566663798260834, -10.566663798260834, -10.566663798260834, -10.5669790544448, -10.566663798260834, -10.566663798260834], \"AIN3\": [-10.566663798260834, -10.566663798260834, -10.566663798260834, -10.566663798260834, -10.566663798260834, -10.566663798260834, -10.5669790544448, -10.5669790544448, -10.566663798260834, -10.5669790544448, -10.566663798260834, -10.5669790544448, -10.566348542076867, -10.566663798260834, -10.566663798260834, -10.566663798260834, -10.5669790544448, -10.566663798260834, -10.5669790544448, -10.566663798260834, -10.566663798260834, -10.566663798260834, -10.5669790544448, -10.5669790544448, -10.566663798260834, -10.566663798260834, -10.566348542076867, -10.5669790544448, -10.566663798260834, -10.566663798260834, -10.566663798260834, -10.566663798260834, -10.5669790544448, -10.5669790544448, -10.566663798260834, -10.566663798260834, -10.566663798260834, -10.566663798260834, -10.5669790544448, -10.566663798260834, -10.566663798260834, -10.566663798260834, -10.566348542076867, -10.566348542076867, -10.5669790544448, -10.566663798260834, -10.5669790544448, -10.566663798260834, -10.566663798260834, -10.566663798260834, -10.566348542076867, -10.566348542076867, -10.566348542076867, -10.566663798260834, -10.566663798260834, -10.566663798260834, -10.566663798260834, -10.5669790544448, -10.5669790544448, -10.5669790544448, -10.566348542076867, -10.5669790544448, -10.5669790544448, -10.566663798260834, -10.566663798260834, -10.566663798260834, -10.566663798260834, -10.566663798260834, -10.566348542076867, -10.566663798260834, -10.566663798260834, -10.5669790544448, -10.566348542076867, -10.5669790544448, -10.566663798260834, -10.566663798260834, -10.5669790544448, -10.566663798260834, -10.566348542076867, -10.566663798260834, -10.566663798260834, -10.566663798260834, -10.566663798260834, -10.566663798260834, -10.566663798260834, -10.5669790544448, -10.5669790544448, -10.566663798260834, -10.566663798260834, -10.566348542076867, -10.566663798260834, -10.5669790544448, -10.566663798260834, -10.566663798260834, -10.566663798260834, -10.5669790544448, -10.5669790544448, -10.566663798260834, -10.566663798260834, -10.566663798260834, -10.5669790544448, -10.5669790544448, -10.5669790544448, -10.566663798260834, -10.566663798260834, -10.5669790544448, -10.566663798260834, -10.5669790544448, -10.566663798260834, -10.5669790544448, -10.566663798260834, -10.5669790544448, -10.566663798260834, -10.5669790544448, -10.566663798260834, -10.566663798260834, -10.566663798260834, -10.566663798260834, -10.566663798260834, -10.566348542076867, -10.566663798260834, -10.5669790544448, -10.566663798260834, -10.5669790544448, -10.566663798260834, -10.566663798260834, -10.566663798260834, -10.5669790544448, -10.566663798260834, -10.566663798260834, -10.5669790544448, -10.566663798260834, -10.566663798260834, -10.566663798260834, -10.5669790544448, -10.566663798260834, -10.566663798260834, -10.566663798260834, -10.566663798260834, -10.5669790544448, -10.566663798260834, -10.566663798260834, -10.566663798260834, -10.566348542076867, -10.5669790544448, -10.566663798260834, -10.5669790544448, -10.566663798260834, -10.566663798260834, -10.5669790544448, -10.566663798260834, -10.566663798260834, -10.5669790544448, -10.566663798260834, -10.566663798260834, -10.5669790544448, -10.566663798260834, -10.5669790544448, -10.566348542076867, -10.566348542076867, -10.566663798260834, -10.5669790544448, -10.566663798260834, -10.566663798260834, -10.566663798260834, -10.5669790544448, -10.566348542076867, -10.566348542076867, -10.566663798260834, -10.566663798260834, -10.566348542076867, -10.566663798260834, -10.5669790544448, -10.566663798260834, -10.566663798260834, -10.566663798260834, -10.5669790544448, -10.5669790544448, -10.566348542076867, -10.566348542076867, -10.5669790544448, -10.566663798260834, -10.566663798260834, -10.566663798260834, -10.566663798260834, -10.566663798260834, -10.5669790544448, -10.566663798260834, -10.5669790544448, -10.5669790544448, -10.566663798260834, -10.566663798260834, -10.5669790544448, -10.5669790544448, -10.5669790544448, -10.5669790544448, -10.566348542076867, -10.5669790544448, -10.566663798260834, -10.566663798260834, -10.566663798260834, -10.5669790544448, -10.566348542076867, -10.566663798260834, -10.566663798260834, -10.566663798260834, -10.566663798260834, -10.566663798260834, -10.566663798260834, -10.566663798260834, -10.5669790544448, -10.566348542076867, -10.5669790544448, -10.566663798260834, -10.566663798260834, -10.566348542076867, -10.566663798260834, -10.566663798260834, -10.567294310628768, -10.5669790544448, -10.566663798260834, -10.5669790544448, -10.566663798260834, -10.566348542076867, -10.5669790544448, -10.566663798260834, -10.566348542076867, -10.5669790544448, -10.566348542076867, -10.5669790544448, -10.566663798260834, -10.566663798260834, -10.566663798260834, -10.566663798260834, -10.566663798260834, -10.5669790544448, -10.566663798260834, -10.5669790544448, -10.566663798260834, -10.566663798260834, -10.566663798260834, -10.5669790544448, -10.566663798260834, -10.566663798260834, -10.566663798260834, -10.566663798260834, -10.566663798260834, -10.5669790544448, -10.5669790544448, -10.5669790544448]}, \"data_type\": \"<type 'collections.defaultdict'>\"}"}
{"message": "{\"timestamp\": 4.300426006317139, \"object_type\": \"labjack_stream\", \"data\": {\"AIN0\": [-10.5660332858929, -10.566663798260834, -10.566348542076867, -10.5669790544448, -10.566663798260834, -10.566663798260834, -10.5669790544448, -10.566348542076867, -10.5669790544448, -10.566663798260834, -10.566663798260834, -10.566663798260834, -10.566663798260834, -10.566663798260834, -10.566663798260834, -10.566663798260834, -10.566663798260834, -10.5669790544448, -10.566348542076867, -10.566348542076867, -10.566663798260834, -10.566663798260834, -10.5669790544448, -10.5669790544448, -10.566663798260834, -10.566663798260834, -10.567294310628768, -10.566348542076867, -10.566663798260834, -10.566663798260834, -10.566663798260834, -10.566663798260834, -10.566348542076867, -10.566663798260834, -10.566348542076867, -10.5669790544448, -10.566663798260834, -10.566663798260834, -10.566663798260834, -10.566663798260834, -10.566663798260834, -10.5669790544448, -10.566348542076867, -10.5669790544448, -10.566663798260834, -10.566663798260834, -10.566663798260834, -10.566663798260834, -10.5669790544448, -10.566663798260834, -10.566663798260834, -10.5669790544448, -10.566663798260834, -10.566663798260834, -10.566348542076867, -10.566663798260834, -10.566348542076867, -10.5669790544448, -10.566663798260834, -10.566663798260834, -10.5669790544448, -10.566663798260834, -10.566663798260834, -10.566663798260834, -10.5669790544448, -10.566663798260834, -10.566663798260834, -10.566663798260834, -10.566663798260834, -10.5669790544448, -10.566348542076867, -10.566348542076867, -10.5669790544448, -10.566663798260834, -10.566663798260834, -10.566348542076867, -10.5669790544448, -10.566348542076867, -10.566348542076867, -10.566348542076867, -10.566663798260834, -10.566663798260834, -10.5669790544448, -10.566663798260834, -10.566663798260834, -10.5669790544448, -10.5669790544448, -10.5669790544448, -10.5669790544448, -10.566348542076867, -10.566663798260834, -10.566663798260834, -10.5669790544448, -10.566663798260834, -10.566663798260834, -10.566663798260834, -10.566663798260834, -10.566348542076867, -10.5669790544448, -10.5669790544448, -10.566663798260834, -10.566663798260834, -10.566663798260834, -10.5669790544448, -10.566663798260834, -10.566348542076867, -10.566663798260834, -10.566348542076867, -10.566663798260834, -10.566348542076867, -10.566663798260834, -10.566663798260834, -10.566663798260834, -10.566663798260834, -10.566663798260834, -10.566348542076867, -10.566663798260834, -10.5669790544448, -10.566663798260834, -10.566663798260834, -10.566348542076867, -10.566663798260834, -10.566663798260834, -10.566348542076867, -10.566663798260834, -10.567294310628768, -10.566663798260834, -10.566663798260834, -10.566348542076867, -10.566663798260834, -10.566663798260834, -10.566663798260834, -10.566663798260834, -10.566663798260834, -10.566663798260834, -10.566663798260834, -10.5669790544448, -10.566663798260834, -10.566348542076867, -10.566663798260834, -10.566663798260834, -10.566663798260834, -10.566348542076867, -10.566663798260834, -10.5669790544448, -10.566663798260834, -10.566348542076867, -10.566663798260834, -10.566663798260834, -10.566663798260834, -10.5669790544448, -10.566348542076867, -10.566663798260834, -10.566348542076867, -10.566663798260834, -10.566663798260834, -10.566663798260834, -10.5669790544448, -10.566348542076867, -10.566663798260834, -10.5669790544448, -10.566663798260834, -10.5669790544448, -10.566663798260834, -10.566348542076867, -10.566348542076867, -10.566663798260834, -10.566663798260834, -10.566663798260834, -10.566663798260834, -10.566348542076867, -10.566663798260834, -10.5669790544448, -10.566663798260834, -10.566663798260834, -10.566663798260834, -10.5669790544448, -10.566663798260834, -10.566663798260834, -10.5669790544448, -10.5669790544448, -10.566663798260834, -10.566663798260834, -10.5669790544448, -10.566663798260834, -10.566663798260834, -10.566348542076867, -10.566348542076867, -10.566663798260834, -10.566348542076867, -10.566663798260834, -10.566348542076867, -10.566663798260834, -10.566348542076867, -10.566663798260834, -10.566348542076867, -10.566348542076867, -10.5669790544448, -10.566663798260834, -10.566348542076867, -10.566348542076867, -10.566348542076867, -10.5669790544448, -10.566663798260834, -10.566663798260834, -10.5669790544448, -10.566663798260834, -10.566348542076867, -10.566663798260834, -10.566663798260834, -10.566663798260834, -10.5669790544448, -10.566348542076867, -10.566663798260834, -10.566663798260834, -10.5669790544448, -10.566663798260834, -10.566348542076867, -10.566348542076867, -10.566663798260834, -10.566663798260834, -10.5669790544448, -10.566663798260834, -10.5669790544448, -10.566663798260834, -10.566348542076867, -10.566663798260834, -10.566663798260834, -10.5669790544448, -10.566663798260834, -10.5669790544448, -10.5669790544448, -10.566663798260834, -10.566663798260834, -10.5669790544448, -10.566663798260834, -10.566663798260834, -10.566663798260834, -10.566663798260834, -10.566663798260834, -10.566348542076867, -10.566348542076867, -10.566663798260834, -10.566348542076867, -10.5669790544448, -10.566663798260834, -10.566348542076867, -10.566663798260834, -10.566663798260834, -10.566663798260834], \"AIN1\": [-10.566663798260834, -10.566663798260834, -10.566663798260834, -10.566663798260834, -10.5669790544448, -10.566663798260834, -10.566663798260834, -10.566663798260834, -10.5660332858929, -10.5669790544448, -10.566663798260834, -10.566663798260834, -10.5669790544448, -10.566663798260834, -10.5669790544448, -10.5669790544448, -10.566663798260834, -10.566663798260834, -10.566663798260834, -10.566348542076867, -10.5669790544448, -10.566663798260834, -10.566663798260834, -10.566663798260834, -10.566348542076867, -10.566663798260834, -10.566348542076867, -10.566348542076867, -10.566663798260834, -10.566348542076867, -10.5669790544448, -10.566348542076867, -10.5669790544448, -10.566663798260834, -10.5669790544448, -10.5669790544448, -10.566663798260834, -10.566663798260834, -10.5669790544448, -10.566663798260834, -10.5669790544448, -10.566663798260834, -10.566663798260834, -10.5669790544448, -10.566663798260834, -10.566663798260834, -10.566663798260834, -10.566348542076867, -10.5669790544448, -10.566348542076867, -10.566663798260834, -10.566663798260834, -10.5669790544448, -10.566663798260834, -10.5669790544448, -10.566663798260834, -10.566663798260834, -10.566663798260834, -10.566663798260834, -10.5669790544448, -10.566348542076867, -10.566663798260834, -10.5669790544448, -10.566348542076867, -10.566663798260834, -10.566348542076867, -10.566663798260834, -10.566663798260834, -10.566348542076867, -10.566663798260834, -10.5669790544448, -10.566663798260834, -10.566663798260834, -10.566663798260834, -10.5669790544448, -10.566663798260834, -10.566663798260834, -10.566663798260834, -10.566663798260834, -10.566663798260834, -10.5669790544448, -10.566663798260834, -10.566663798260834, -10.566663798260834, -10.566348542076867, -10.566663798260834, -10.566663798260834, -10.566663798260834, -10.566663798260834, -10.566663798260834, -10.566663798260834, -10.5669790544448, -10.5669790544448, -10.566663798260834, -10.5669790544448, -10.5669790544448, -10.566663798260834, -10.566663798260834, -10.566348542076867, -10.566663798260834, -10.566663798260834, -10.5669790544448, -10.566663798260834, -10.566663798260834, -10.566663798260834, -10.566663798260834, -10.566663798260834, -10.566663798260834, -10.566663798260834, -10.5669790544448, -10.566663798260834, -10.566663798260834, -10.566663798260834, -10.5669790544448, -10.566663798260834, -10.566663798260834, -10.5669790544448, -10.566663798260834, -10.5669790544448, -10.5669790544448, -10.566348542076867, -10.566663798260834, -10.566663798260834, -10.5669790544448, -10.566348542076867, -10.566663798260834, -10.5669790544448, -10.566348542076867, -10.566663798260834, -10.566663798260834, -10.566663798260834, -10.5669790544448, -10.566663798260834, -10.566663798260834, -10.5669790544448, -10.566663798260834, -10.566663798260834, -10.566348542076867, -10.566663798260834, -10.5669790544448, -10.566663798260834, -10.5669790544448, -10.566348542076867, -10.566663798260834, -10.566663798260834, -10.566348542076867, -10.566348542076867, -10.5669790544448, -10.5669790544448, -10.566663798260834, -10.566348542076867, -10.566663798260834, -10.566663798260834, -10.5669790544448, -10.566663798260834, -10.566348542076867, -10.5669790544448, -10.5669790544448, -10.5669790544448, -10.566663798260834, -10.566348542076867, -10.566663798260834, -10.566663798260834, -10.566663798260834, -10.566348542076867, -10.566663798260834, -10.566663798260834, -10.5669790544448, -10.566348542076867, -10.5669790544448, -10.566663798260834, -10.566663798260834, -10.566663798260834, -10.5669790544448, -10.566663798260834, -10.5669790544448, -10.5669790544448, -10.5669790544448, -10.566663798260834, -10.566663798260834, -10.5669790544448, -10.5669790544448, -10.5669790544448, -10.5669790544448, -10.566663798260834, -10.566348542076867, -10.566348542076867, -10.566663798260834, -10.566663798260834, -10.566663798260834, -10.5669790544448, -10.566348542076867, -10.566663798260834, -10.566663798260834, -10.566663798260834, -10.5669790544448, -10.566663798260834, -10.5669790544448, -10.5669790544448, -10.566663798260834, -10.566663798260834, -10.5669790544448, -10.566663798260834, -10.5669790544448, -10.566663798260834, -10.566663798260834, -10.566348542076867, -10.566663798260834, -10.566663798260834, -10.5669790544448, -10.566663798260834, -10.566663798260834, -10.566663798260834, -10.566663798260834, -10.566663798260834, -10.566663798260834, -10.566663798260834, -10.5669790544448, -10.5669790544448, -10.5669790544448, -10.5669790544448, -10.5669790544448, -10.566348542076867, -10.566663798260834, -10.566663798260834, -10.566663798260834, -10.566663798260834, -10.566348542076867, -10.566663798260834, -10.566663798260834, -10.5669790544448, -10.5669790544448, -10.5669790544448, -10.566663798260834, -10.5669790544448, -10.5669790544448, -10.5669790544448, -10.566663798260834, -10.566663798260834, -10.566348542076867, -10.566663798260834, -10.566663798260834, -10.566663798260834, -10.566663798260834, -10.5669790544448, -10.566663798260834, -10.5669790544448, -10.566663798260834, -10.5669790544448, -10.566663798260834], \"AIN2\": [-10.566663798260834, -10.566663798260834, -10.566663798260834, -10.566663798260834, -10.566663798260834, -10.566663798260834, -10.566663798260834, -10.566663798260834, -10.5669790544448, -10.5669790544448, -10.566663798260834, -10.566663798260834, -10.566348542076867, -10.5669790544448, -10.5669790544448, -10.566663798260834, -10.5669790544448, -10.566663798260834, -10.5669790544448, -10.566663798260834, -10.5669790544448, -10.566663798260834, -10.566663798260834, -10.5669790544448, -10.566663798260834, -10.5669790544448, -10.5669790544448, -10.566663798260834, -10.5669790544448, -10.566663798260834, -10.5669790544448, -10.5669790544448, -10.566663798260834, -10.566663798260834, -10.566663798260834, -10.566348542076867, -10.5669790544448, -10.566663798260834, -10.566348542076867, -10.5669790544448, -10.566348542076867, -10.566348542076867, -10.566348542076867, -10.5669790544448, -10.5669790544448, -10.566663798260834, -10.566348542076867, -10.566348542076867, -10.5669790544448, -10.566663798260834, -10.566663798260834, -10.566348542076867, -10.566663798260834, -10.566348542076867, -10.566663798260834, -10.566348542076867, -10.566348542076867, -10.5669790544448, -10.566663798260834, -10.566663798260834, -10.566663798260834, -10.566348542076867, -10.5669790544448, -10.566663798260834, -10.566348542076867, -10.566663798260834, -10.566663798260834, -10.566663798260834, -10.5669790544448, -10.566663798260834, -10.566348542076867, -10.566348542076867, -10.566663798260834, -10.566663798260834, -10.566663798260834, -10.5669790544448, -10.5669790544448, -10.5669790544448, -10.5669790544448, -10.5669790544448, -10.5669790544448, -10.5669790544448, -10.5669790544448, -10.5669790544448, -10.566663798260834, -10.566663798260834, -10.5669790544448, -10.5669790544448, -10.566663798260834, -10.566348542076867, -10.566348542076867, -10.566663798260834, -10.5669790544448, -10.566348542076867, -10.566663798260834, -10.566663798260834, -10.566348542076867, -10.566663798260834, -10.566663798260834, -10.5669790544448, -10.566663798260834, -10.566663798260834, -10.5669790544448, -10.5669790544448, -10.5669790544448, -10.5669790544448, -10.566663798260834, -10.566663798260834, -10.5669790544448, -10.5669790544448, -10.566663798260834, -10.566348542076867, -10.566663798260834, -10.5669790544448, -10.566663798260834, -10.5669790544448, -10.566663798260834, -10.566663798260834, -10.566348542076867, -10.5669790544448, -10.566663798260834, -10.566663798260834, -10.566663798260834, -10.566348542076867, -10.566663798260834, -10.566348542076867, -10.566348542076867, -10.5669790544448, -10.566663798260834, -10.566663798260834, -10.566663798260834, -10.566663798260834, -10.5669790544448, -10.566348542076867, -10.5669790544448, -10.566663798260834, -10.566663798260834, -10.566348542076867, -10.566663798260834, -10.566663798260834, -10.566663798260834, -10.5669790544448, -10.566663798260834, -10.566663798260834, -10.5669790544448, -10.5669790544448, -10.5669790544448, -10.566348542076867, -10.5669790544448, -10.566348542076867, -10.566663798260834, -10.5669790544448, -10.5669790544448, -10.566348542076867, -10.566348542076867, -10.566663798260834, -10.566663798260834, -10.566663798260834, -10.566663798260834, -10.566348542076867, -10.566663798260834, -10.566663798260834, -10.5669790544448, -10.5669790544448, -10.566663798260834, -10.566348542076867, -10.566663798260834, -10.5669790544448, -10.566348542076867, -10.566663798260834, -10.566348542076867, -10.566348542076867, -10.566663798260834, -10.5669790544448, -10.5669790544448, -10.5669790544448, -10.566663798260834, -10.5669790544448, -10.566348542076867, -10.566663798260834, -10.566663798260834, -10.5669790544448, -10.566663798260834, -10.5669790544448, -10.566663798260834, -10.566663798260834, -10.566663798260834, -10.566663798260834, -10.566663798260834, -10.566348542076867, -10.566348542076867, -10.566663798260834, -10.5669790544448, -10.5669790544448, -10.566663798260834, -10.566663798260834, -10.5669790544448, -10.566663798260834, -10.566663798260834, -10.566663798260834, -10.5669790544448, -10.5669790544448, -10.5669790544448, -10.566663798260834, -10.566348542076867, -10.5669790544448, -10.566348542076867, -10.5669790544448, -10.566348542076867, -10.5669790544448, -10.566663798260834, -10.566348542076867, -10.5669790544448, -10.566663798260834, -10.566663798260834, -10.566663798260834, -10.566348542076867, -10.566663798260834, -10.566348542076867, -10.566348542076867, -10.566663798260834, -10.566663798260834, -10.566348542076867, -10.566348542076867, -10.566663798260834, -10.566663798260834, -10.566663798260834, -10.5669790544448, -10.5669790544448, -10.566663798260834, -10.566348542076867, -10.5669790544448, -10.566663798260834, -10.566663798260834, -10.566663798260834, -10.566663798260834, -10.566348542076867, -10.566663798260834, -10.566663798260834, -10.566663798260834, -10.566663798260834, -10.566663798260834, -10.566663798260834, -10.566348542076867, -10.5669790544448, -10.566663798260834, -10.566663798260834, -10.566663798260834, -10.5669790544448, -10.566663798260834], \"AIN3\": [-10.566663798260834, -10.566663798260834, -10.566663798260834, -10.566663798260834, -10.566348542076867, -10.566663798260834, -10.5669790544448, -10.566663798260834, -10.5669790544448, -10.566663798260834, -10.566663798260834, -10.566663798260834, -10.566663798260834, -10.566663798260834, -10.566663798260834, -10.5669790544448, -10.566663798260834, -10.566663798260834, -10.566663798260834, -10.566348542076867, -10.566663798260834, -10.566663798260834, -10.5669790544448, -10.5669790544448, -10.566348542076867, -10.5669790544448, -10.566663798260834, -10.566663798260834, -10.566663798260834, -10.566663798260834, -10.5669790544448, -10.566663798260834, -10.566663798260834, -10.566663798260834, -10.5669790544448, -10.566348542076867, -10.566663798260834, -10.5669790544448, -10.566663798260834, -10.566348542076867, -10.566663798260834, -10.566663798260834, -10.5669790544448, -10.566663798260834, -10.566348542076867, -10.5669790544448, -10.566348542076867, -10.566663798260834, -10.566663798260834, -10.5660332858929, -10.566663798260834, -10.566663798260834, -10.566663798260834, -10.566663798260834, -10.566663798260834, -10.566663798260834, -10.566663798260834, -10.566663798260834, -10.5669790544448, -10.566663798260834, -10.566663798260834, -10.5669790544448, -10.566663798260834, -10.566663798260834, -10.566348542076867, -10.5669790544448, -10.566663798260834, -10.566663798260834, -10.5669790544448, -10.566348542076867, -10.566663798260834, -10.5669790544448, -10.566348542076867, -10.566348542076867, -10.566663798260834, -10.5669790544448, -10.566348542076867, -10.5669790544448, -10.5669790544448, -10.566663798260834, -10.566663798260834, -10.566663798260834, -10.5669790544448, -10.566663798260834, -10.566663798260834, -10.566663798260834, -10.5669790544448, -10.566663798260834, -10.5669790544448, -10.566663798260834, -10.566663798260834, -10.566348542076867, -10.566663798260834, -10.5669790544448, -10.5669790544448, -10.566663798260834, -10.5669790544448, -10.566663798260834, -10.566663798260834, -10.566663798260834, -10.566663798260834, -10.566663798260834, -10.566663798260834, -10.566663798260834, -10.5669790544448, -10.566348542076867, -10.566348542076867, -10.566663798260834, -10.566663798260834, -10.566348542076867, -10.566663798260834, -10.566663798260834, -10.5669790544448, -10.566348542076867, -10.5669790544448, -10.566663798260834, -10.5669790544448, -10.5669790544448, -10.566348542076867, -10.566663798260834, -10.5669790544448, -10.5669790544448, -10.566348542076867, -10.566348542076867, -10.566663798260834, -10.566663798260834, -10.566663798260834, -10.566663798260834, -10.566663798260834, -10.566663798260834, -10.5669790544448, -10.566663798260834, -10.566348542076867, -10.566663798260834, -10.566663798260834, -10.566663798260834, -10.5669790544448, -10.566663798260834, -10.566663798260834, -10.5669790544448, -10.566663798260834, -10.566348542076867, -10.566663798260834, -10.566348542076867, -10.5669790544448, -10.566348542076867, -10.566663798260834, -10.5669790544448, -10.566663798260834, -10.566663798260834, -10.566348542076867, -10.566663798260834, -10.566663798260834, -10.5669790544448, -10.5669790544448, -10.5669790544448, -10.566663798260834, -10.5669790544448, -10.5669790544448, -10.566348542076867, -10.5669790544448, -10.566348542076867, -10.5669790544448, -10.566663798260834, -10.566663798260834, -10.566348542076867, -10.566663798260834, -10.566663798260834, -10.5669790544448, -10.566348542076867, -10.5669790544448, -10.566663798260834, -10.566663798260834, -10.566348542076867, -10.5669790544448, -10.566663798260834, -10.566663798260834, -10.5669790544448, -10.566663798260834, -10.5669790544448, -10.566663798260834, -10.566348542076867, -10.566663798260834, -10.566663798260834, -10.5669790544448, -10.566663798260834, -10.566348542076867, -10.5669790544448, -10.566663798260834, -10.566348542076867, -10.566663798260834, -10.566348542076867, -10.5669790544448, -10.5669790544448, -10.566663798260834, -10.566663798260834, -10.566663798260834, -10.566663798260834, -10.566663798260834, -10.566663798260834, -10.566663798260834, -10.566663798260834, -10.5669790544448, -10.566348542076867, -10.566663798260834, -10.566348542076867, -10.566663798260834, -10.566348542076867, -10.566663798260834, -10.566663798260834, -10.566663798260834, -10.5669790544448, -10.566663798260834, -10.5669790544448, -10.5669790544448, -10.5669790544448, -10.566663798260834, -10.566663798260834, -10.5669790544448, -10.5669790544448, -10.566348542076867, -10.566348542076867, -10.566663798260834, -10.566348542076867, -10.5669790544448, -10.5669790544448, -10.5669790544448, -10.566663798260834, -10.566663798260834, -10.566663798260834, -10.566663798260834, -10.5669790544448, -10.566663798260834, -10.566348542076867, -10.566663798260834, -10.566663798260834, -10.566663798260834, -10.566348542076867, -10.566663798260834, -10.5669790544448, -10.5669790544448, -10.566663798260834, -10.566348542076867, -10.5669790544448, -10.566663798260834, -10.566663798260834, -10.566663798260834, -10.566348542076867, -10.5669790544448, -10.566663798260834]}, \"data_type\": \"<type 'collections.defaultdict'>\"}"}
{"message": "{\"timestamp\": 4.574980020523071, \"object_type\": \"labjack_stream\", \"data\": {\"AIN0\": [-10.566663798260834, -10.566348542076867, -10.5669790544448, -10.566663798260834, -10.566663798260834, -10.566663798260834, -10.566663798260834, -10.566663798260834, -10.566663798260834, -10.566348542076867, -10.566663798260834, -10.566348542076867, -10.566663798260834, -10.5669790544448, -10.5669790544448, -10.566348542076867, -10.5669790544448, -10.5669790544448, -10.566348542076867, -10.566663798260834, -10.566663798260834, -10.566348542076867, -10.566663798260834, -10.566663798260834, -10.566663798260834, -10.566663798260834, -10.566663798260834, -10.566663798260834, -10.566663798260834, -10.566663798260834, -10.566663798260834, -10.566663798260834, -10.566663798260834, -10.566663798260834, -10.5669790544448, -10.566663798260834, -10.566663798260834, -10.5669790544448, -10.5669790544448, -10.5669790544448, -10.566663798260834, -10.566663798260834, -10.566663798260834, -10.5669790544448, -10.566663798260834, -10.5669790544448, -10.566348542076867, -10.5669790544448, -10.566348542076867, -10.566663798260834, -10.566663798260834, -10.566348542076867, -10.566663798260834, -10.5669790544448, -10.566348542076867, -10.566348542076867, -10.566663798260834, -10.5669790544448, -10.566663798260834, -10.5669790544448, -10.5669790544448, -10.566663798260834, -10.566663798260834, -10.566348542076867, -10.566663798260834, -10.566663798260834, -10.566348542076867, -10.566663798260834, -10.5669790544448, -10.566663798260834, -10.566663798260834, -10.566348542076867, -10.566663798260834, -10.566663798260834, -10.566663798260834, -10.566663798260834, -10.566663798260834, -10.566348542076867, -10.566663798260834, -10.566348542076867, -10.566663798260834, -10.566348542076867, -10.566348542076867, -10.566663798260834, -10.5669790544448, -10.5669790544448, -10.5669790544448, -10.566663798260834, -10.566663798260834, -10.566663798260834, -10.566663798260834, -10.566663798260834, -10.566348542076867, -10.5669790544448, -10.566348542076867, -10.566348542076867, -10.566663798260834, -10.5669790544448, -10.566663798260834, -10.566663798260834, -10.566348542076867, -10.566663798260834, -10.5669790544448, -10.566663798260834, -10.566663798260834, -10.566663798260834, -10.566663798260834, -10.5669790544448, -10.566348542076867, -10.5669790544448, -10.566663798260834, -10.5669790544448, -10.566663798260834, -10.566663798260834, -10.566663798260834, -10.566348542076867, -10.566663798260834, -10.566663798260834, -10.566663798260834, -10.566663798260834, -10.566348542076867, -10.566348542076867, -10.566663798260834, -10.566663798260834, -10.566663798260834, -10.5669790544448, -10.5669790544448, -10.5669790544448, -10.5669790544448, -10.566348542076867, -10.566663798260834, -10.566663798260834, -10.5669790544448, -10.5669790544448, -10.566663798260834, -10.5669790544448, -10.566663798260834, -10.566663798260834, -10.566663798260834, -10.566663798260834, -10.5669790544448, -10.5669790544448, -10.566348542076867, -10.566663798260834, -10.566663798260834, -10.566663798260834, -10.566663798260834, -10.566663798260834, -10.566663798260834, -10.566348542076867, -10.566663798260834, -10.566348542076867, -10.566663798260834, -10.566663798260834, -10.566663798260834, -10.566663798260834, -10.566348542076867, -10.566348542076867, -10.566663798260834, -10.566663798260834, -10.566348542076867, -10.566348542076867, -10.566663798260834, -10.566663798260834, -10.566663798260834, -10.566663798260834, -10.566663798260834, -10.566348542076867, -10.566663798260834, -10.566663798260834, -10.566348542076867, -10.566663798260834, -10.566663798260834, -10.566348542076867, -10.566663798260834, -10.566663798260834, -10.5669790544448, -10.566348542076867, -10.5669790544448, -10.566663798260834, -10.566348542076867, -10.566348542076867, -10.566663798260834, -10.566663798260834, -10.5669790544448, -10.566663798260834, -10.5669790544448, -10.566348542076867, -10.566663798260834, -10.566663798260834, -10.566663798260834, -10.5669790544448, -10.566348542076867, -10.5669790544448, -10.5669790544448, -10.566663798260834, -10.566663798260834, -10.566348542076867, -10.566663798260834, -10.566663798260834, -10.566663798260834, -10.5669790544448, -10.567294310628768, -10.566348542076867, -10.566663798260834, -10.566663798260834, -10.5669790544448, -10.566663798260834, -10.566663798260834, -10.566663798260834, -10.5669790544448, -10.5669790544448, -10.5669790544448, -10.566663798260834, -10.566663798260834, -10.566663798260834, -10.566348542076867, -10.566348542076867, -10.566348542076867, -10.5669790544448, -10.566348542076867, -10.566663798260834, -10.566663798260834, -10.5669790544448, -10.5669790544448, -10.566663798260834, -10.566663798260834, -10.5669790544448, -10.566663798260834, -10.566663798260834, -10.566663798260834, -10.566348542076867, -10.566663798260834, -10.566663798260834, -10.566663798260834, -10.566348542076867, -10.566663798260834, -10.566663798260834, -10.566663798260834, -10.566663798260834, -10.5669790544448, -10.566663798260834, -10.566663798260834, -10.566663798260834, -10.566348542076867, -10.566348542076867, -10.5669790544448, -10.566663798260834, -10.566663798260834, -10.566663798260834], \"AIN1\": [-10.5669790544448, -10.566663798260834, -10.5669790544448, -10.566663798260834, -10.5669790544448, -10.566663798260834, -10.566663798260834, -10.566663798260834, -10.566348542076867, -10.566663798260834, -10.566663798260834, -10.5669790544448, -10.5669790544448, -10.566663798260834, -10.566663798260834, -10.566663798260834, -10.566663798260834, -10.566663798260834, -10.5669790544448, -10.5669790544448, -10.5669790544448, -10.566663798260834, -10.5669790544448, -10.566663798260834, -10.5669790544448, -10.5669790544448, -10.566663798260834, -10.566663798260834, -10.566663798260834, -10.566348542076867, -10.566348542076867, -10.566663798260834, -10.566663798260834, -10.5669790544448, -10.566663798260834, -10.566663798260834, -10.566663798260834, -10.566663798260834, -10.5669790544448, -10.5669790544448, -10.566348542076867, -10.5669790544448, -10.566663798260834, -10.566348542076867, -10.566663798260834, -10.566663798260834, -10.5669790544448, -10.566663798260834, -10.5669790544448, -10.566663798260834, -10.566663798260834, -10.566663798260834, -10.566663798260834, -10.566663798260834, -10.566663798260834, -10.5669790544448, -10.566663798260834, -10.566663798260834, -10.566663798260834, -10.566663798260834, -10.566663798260834, -10.566663798260834, -10.5669790544448, -10.5669790544448, -10.566348542076867, -10.566663798260834, -10.566663798260834, -10.566663798260834, -10.566348542076867, -10.566348542076867, -10.566348542076867, -10.5669790544448, -10.566663798260834, -10.5669790544448, -10.566663798260834, -10.566663798260834, -10.566663798260834, -10.566663798260834, -10.566663798260834, -10.5669790544448, -10.566663798260834, -10.566663798260834, -10.566663798260834, -10.566348542076867, -10.566348542076867, -10.5669790544448, -10.5669790544448, -10.5669790544448, -10.5669790544448, -10.5669790544448, -10.566663798260834, -10.566663798260834, -10.566348542076867, -10.566663798260834, -10.5669790544448, -10.5669790544448, -10.566663798260834, -10.5660332858929, -10.566663798260834, -10.566663798260834, -10.566348542076867, -10.566663798260834, -10.566663798260834, -10.566663798260834, -10.5669790544448, -10.566663798260834, -10.566663798260834, -10.566663798260834, -10.5669790544448, -10.566348542076867, -10.5669790544448, -10.566663798260834, -10.566348542076867, -10.566663798260834, -10.566663798260834, -10.566348542076867, -10.5669790544448, -10.566663798260834, -10.566348542076867, -10.566663798260834, -10.566663798260834, -10.566663798260834, -10.5669790544448, -10.5669790544448, -10.566663798260834, -10.566663798260834, -10.566348542076867, -10.5669790544448, -10.5669790544448, -10.566348542076867, -10.566663798260834, -10.566663798260834, -10.566663798260834, -10.5669790544448, -10.566663798260834, -10.566663798260834, -10.5669790544448, -10.566663798260834, -10.566348542076867, -10.566663798260834, -10.5669790544448, -10.566663798260834, -10.566663798260834, -10.5669790544448, -10.566663798260834, -10.566663798260834, -10.5669790544448, -10.566663798260834, -10.5669790544448, -10.566663798260834, -10.5669790544448, -10.566663798260834, -10.566348542076867, -10.5669790544448, -10.5669790544448, -10.566663798260834, -10.566663798260834, -10.566663798260834, -10.5669790544448, -10.566663798260834, -10.5669790544448, -10.566663798260834, -10.566663798260834, -10.566348542076867, -10.5669790544448, -10.566348542076867, -10.566348542076867, -10.5669790544448, -10.566663798260834, -10.5669790544448, -10.566663798260834, -10.566663798260834, -10.566663798260834, -10.566348542076867, -10.566663798260834, -10.566663798260834, -10.566663798260834, -10.566663798260834, -10.566348542076867, -10.5669790544448, -10.566663798260834, -10.5669790544448, -10.566663798260834, -10.5669790544448, -10.5669790544448, -10.5669790544448, -10.566663798260834, -10.5669790544448, -10.566663798260834, -10.566348542076867, -10.566663798260834, -10.566348542076867, -10.566663798260834, -10.566348542076867, -10.5669790544448, -10.566663798260834, -10.566348542076867, -10.5669790544448, -10.566663798260834, -10.566663798260834, -10.5669790544448, -10.5669790544448, -10.566663798260834, -10.566663798260834, -10.566663798260834, -10.566663798260834, -10.5669790544448, -10.566663798260834, -10.566663798260834, -10.566348542076867, -10.566348542076867, -10.566348542076867, -10.5669790544448, -10.5669790544448, -10.566663798260834, -10.566663798260834, -10.566663798260834, -10.5669790544448, -10.5669790544448, -10.566663798260834, -10.566663798260834, -10.566663798260834, -10.5669790544448, -10.566348542076867, -10.5669790544448, -10.566663798260834, -10.566663798260834, -10.566663798260834, -10.566663798260834, -10.566663798260834, -10.566663798260834, -10.566348542076867, -10.5669790544448, -10.566663798260834, -10.566663798260834, -10.566663798260834, -10.566663798260834, -10.566663798260834, -10.566663798260834, -10.566663798260834, -10.566663798260834, -10.566663798260834, -10.566663798260834, -10.566663798260834, -10.566663798260834, -10.5669790544448, -10.566663798260834, -10.566663798260834, -10.566663798260834, -10.566663798260834], \"AIN2\": [-10.566663798260834, -10.5669790544448, -10.566663798260834, -10.5669790544448, -10.566348542076867, -10.566663798260834, -10.566663798260834, -10.566663798260834, -10.566663798260834, -10.566663798260834, -10.566663798260834, -10.566663798260834, -10.5669790544448, -10.5669790544448, -10.566348542076867, -10.566663798260834, -10.566663798260834, -10.5669790544448, -10.566663798260834, -10.566663798260834, -10.566663798260834, -10.566663798260834, -10.5669790544448, -10.566663798260834, -10.566663798260834, -10.566348542076867, -10.566663798260834, -10.566663798260834, -10.5669790544448, -10.566663798260834, -10.566348542076867, -10.566663798260834, -10.566663798260834, -10.5669790544448, -10.566663798260834, -10.566663798260834, -10.566663798260834, -10.566663798260834, -10.566348542076867, -10.566663798260834, -10.5669790544448, -10.566663798260834, -10.5669790544448, -10.566663798260834, -10.5669790544448, -10.566663798260834, -10.566663798260834, -10.5669790544448, -10.566663798260834, -10.566663798260834, -10.5669790544448, -10.566663798260834, -10.566663798260834, -10.5669790544448, -10.566663798260834, -10.5669790544448, -10.566663798260834, -10.566348542076867, -10.5669790544448, -10.5669790544448, -10.566663798260834, -10.566663798260834, -10.566663798260834, -10.5669790544448, -10.566663798260834, -10.5669790544448, -10.566663798260834, -10.566663798260834, -10.5669790544448, -10.566663798260834, -10.5669790544448, -10.566663798260834, -10.566663798260834, -10.566663798260834, -10.566348542076867, -10.5669790544448, -10.566348542076867, -10.566663798260834, -10.5669790544448, -10.566663798260834, -10.566663798260834, -10.5669790544448, -10.566663798260834, -10.566663798260834, -10.566663798260834, -10.566663798260834, -10.5669790544448, -10.566663798260834, -10.566663798260834, -10.5669790544448, -10.566663798260834, -10.566663798260834, -10.566663798260834, -10.566348542076867, -10.566663798260834, -10.5669790544448, -10.566663798260834, -10.566663798260834, -10.566663798260834, -10.566663798260834, -10.566663798260834, -10.566663798260834, -10.566663798260834, -10.566663798260834, -10.5669790544448, -10.566348542076867, -10.566348542076867, -10.566663798260834, -10.566348542076867, -10.566663798260834, -10.566663798260834, -10.566348542076867, -10.5669790544448, -10.5669790544448, -10.566663798260834, -10.566663798260834, -10.566663798260834, -10.566348542076867, -10.566348542076867, -10.5669790544448, -10.566348542076867, -10.566348542076867, -10.5669790544448, -10.566663798260834, -10.566348542076867, -10.5669790544448, -10.566663798260834, -10.5669790544448, -10.5669790544448, -10.566663798260834, -10.566348542076867, -10.566348542076867, -10.566663798260834, -10.566663798260834, -10.5669790544448, -10.566348542076867, -10.566663798260834, -10.566663798260834, -10.566348542076867, -10.5669790544448, -10.5669790544448, -10.566348542076867, -10.5669790544448, -10.566348542076867, -10.566663798260834, -10.566663798260834, -10.566348542076867, -10.5669790544448, -10.5669790544448, -10.5669790544448, -10.566663798260834, -10.5669790544448, -10.566348542076867, -10.566663798260834, -10.566663798260834, -10.5669790544448, -10.567294310628768, -10.566663798260834, -10.566663798260834, -10.5669790544448, -10.5669790544448, -10.566348542076867, -10.566663798260834, -10.5669790544448, -10.5669790544448, -10.5669790544448, -10.5669790544448, -10.566663798260834, -10.566663798260834, -10.5669790544448, -10.5669790544448, -10.5669790544448, -10.5669790544448, -10.567294310628768, -10.566663798260834, -10.566348542076867, -10.566663798260834, -10.566663798260834, -10.5669790544448, -10.566663798260834, -10.5669790544448, -10.5669790544448, -10.566348542076867, -10.566663798260834, -10.566663798260834, -10.5669790544448, -10.566663798260834, -10.566663798260834, -10.566663798260834, -10.566663798260834, -10.566348542076867, -10.566663798260834, -10.566663798260834, -10.566663798260834, -10.5669790544448, -10.566663798260834, -10.566663798260834, -10.566663798260834, -10.566663798260834, -10.5669790544448, -10.566663798260834, -10.5669790544448, -10.566663798260834, -10.5669790544448, -10.566663798260834, -10.566663798260834, -10.566348542076867, -10.566663798260834, -10.566663798260834, -10.566663798260834, -10.566663798260834, -10.5669790544448, -10.5669790544448, -10.5660332858929, -10.566663798260834, -10.5669790544448, -10.566348542076867, -10.5669790544448, -10.566663798260834, -10.566663798260834, -10.566663798260834, -10.566663798260834, -10.566663798260834, -10.5669790544448, -10.566663798260834, -10.566663798260834, -10.566348542076867, -10.566663798260834, -10.566663798260834, -10.566663798260834, -10.566663798260834, -10.566348542076867, -10.5669790544448, -10.5669790544448, -10.5669790544448, -10.5669790544448, -10.566348542076867, -10.566663798260834, -10.5669790544448, -10.566663798260834, -10.566348542076867, -10.566663798260834, -10.566348542076867, -10.5669790544448, -10.566663798260834, -10.5669790544448, -10.566348542076867, -10.5669790544448, -10.5669790544448, -10.566663798260834], \"AIN3\": [-10.566663798260834, -10.566663798260834, -10.566663798260834, -10.5669790544448, -10.5669790544448, -10.566663798260834, -10.566663798260834, -10.566663798260834, -10.566348542076867, -10.566663798260834, -10.566663798260834, -10.566348542076867, -10.566663798260834, -10.5669790544448, -10.566663798260834, -10.566663798260834, -10.566348542076867, -10.566348542076867, -10.566348542076867, -10.566663798260834, -10.5669790544448, -10.566663798260834, -10.566663798260834, -10.566348542076867, -10.566663798260834, -10.566348542076867, -10.566348542076867, -10.566663798260834, -10.566348542076867, -10.566663798260834, -10.5669790544448, -10.566663798260834, -10.566663798260834, -10.566348542076867, -10.566348542076867, -10.5669790544448, -10.566348542076867, -10.5669790544448, -10.566348542076867, -10.566663798260834, -10.5669790544448, -10.566663798260834, -10.566663798260834, -10.5669790544448, -10.566663798260834, -10.5669790544448, -10.566663798260834, -10.5669790544448, -10.566348542076867, -10.566663798260834, -10.566663798260834, -10.5669790544448, -10.5669790544448, -10.5669790544448, -10.566663798260834, -10.566663798260834, -10.566348542076867, -10.5669790544448, -10.5669790544448, -10.566663798260834, -10.566663798260834, -10.566663798260834, -10.566663798260834, -10.566663798260834, -10.566663798260834, -10.566663798260834, -10.566663798260834, -10.566663798260834, -10.566663798260834, -10.566663798260834, -10.566663798260834, -10.5669790544448, -10.566663798260834, -10.566348542076867, -10.566663798260834, -10.566348542076867, -10.566663798260834, -10.566663798260834, -10.566663798260834, -10.566663798260834, -10.5669790544448, -10.5669790544448, -10.566663798260834, -10.566348542076867, -10.5669790544448, -10.566663798260834, -10.566663798260834, -10.5669790544448, -10.566663798260834, -10.566348542076867, -10.5669790544448, -10.5669790544448, -10.566663798260834, -10.5669790544448, -10.566663798260834, -10.566348542076867, -10.566663798260834, -10.566348542076867, -10.566663798260834, -10.566348542076867, -10.5669790544448, -10.5669790544448, -10.566348542076867, -10.566663798260834, -10.5669790544448, -10.566663798260834, -10.566663798260834, -10.566663798260834, -10.566663798260834, -10.566348542076867, -10.5669790544448, -10.566663798260834, -10.566663798260834, -10.5669790544448, -10.566663798260834, -10.566663798260834, -10.566348542076867, -10.566348542076867, -10.566663798260834, -10.566348542076867, -10.566663798260834, -10.566663798260834, -10.5669790544448, -10.5669790544448, -10.566348542076867, -10.566663798260834, -10.566663798260834, -10.5669790544448, -10.566663798260834, -10.5669790544448, -10.566663798260834, -10.566348542076867, -10.566663798260834, -10.5669790544448, -10.5669790544448, -10.566348542076867, -10.567294310628768, -10.566663798260834, -10.566663798260834, -10.566663798260834, -10.566663798260834, -10.566663798260834, -10.566663798260834, -10.5669790544448, -10.5669790544448, -10.566663798260834, -10.566663798260834, -10.566663798260834, -10.5669790544448, -10.566663798260834, -10.5669790544448, -10.566663798260834, -10.566663798260834, -10.566348542076867, -10.566663798260834, -10.5669790544448, -10.566348542076867, -10.5669790544448, -10.566663798260834, -10.566348542076867, -10.566663798260834, -10.566663798260834, -10.566663798260834, -10.566663798260834, -10.566663798260834, -10.5669790544448, -10.566663798260834, -10.5669790544448, -10.5669790544448, -10.5669790544448, -10.5669790544448, -10.5669790544448, -10.566663798260834, -10.566348542076867, -10.566663798260834, -10.566663798260834, -10.566663798260834, -10.5669790544448, -10.566663798260834, -10.5669790544448, -10.5669790544448, -10.5669790544448, -10.566663798260834, -10.566663798260834, -10.566663798260834, -10.5669790544448, -10.566663798260834, -10.566663798260834, -10.566663798260834, -10.566348542076867, -10.566663798260834, -10.566663798260834, -10.566663798260834, -10.566663798260834, -10.566663798260834, -10.5669790544448, -10.566663798260834, -10.566348542076867, -10.566663798260834, -10.5669790544448, -10.566663798260834, -10.566663798260834, -10.5669790544448, -10.566348542076867, -10.566663798260834, -10.566663798260834, -10.5669790544448, -10.566663798260834, -10.566348542076867, -10.566348542076867, -10.5669790544448, -10.566663798260834, -10.5669790544448, -10.5669790544448, -10.566663798260834, -10.5669790544448, -10.566663798260834, -10.566663798260834, -10.566663798260834, -10.566663798260834, -10.566663798260834, -10.566348542076867, -10.5669790544448, -10.5669790544448, -10.566663798260834, -10.5669790544448, -10.566663798260834, -10.566663798260834, -10.5669790544448, -10.566663798260834, -10.5669790544448, -10.566663798260834, -10.566663798260834, -10.5669790544448, -10.566663798260834, -10.566663798260834, -10.5669790544448, -10.566663798260834, -10.566663798260834, -10.566663798260834, -10.566663798260834, -10.566348542076867, -10.5669790544448, -10.5669790544448, -10.566663798260834, -10.566663798260834, -10.566348542076867, -10.566663798260834, -10.5669790544448, -10.566348542076867]}, \"data_type\": \"<type 'collections.defaultdict'>\"}"}
{"message": "{\"timestamp\": 4.800436973571777, \"object_type\": \"labjack_stream\", \"data\": {\"AIN0\": [-10.566663798260834, -10.566663798260834, -10.566663798260834, -10.5669790544448, -10.566663798260834, -10.566663798260834, -10.5669790544448, -10.566663798260834, -10.5669790544448, -10.566348542076867, -10.566663798260834, -10.5669790544448, -10.566663798260834, -10.566663798260834, -10.5669790544448, -10.566663798260834, -10.566663798260834, -10.566663798260834, -10.566663798260834, -10.566663798260834, -10.566663798260834, -10.566348542076867, -10.5669790544448, -10.566663798260834, -10.566663798260834, -10.566348542076867, -10.566663798260834, -10.566663798260834, -10.566663798260834, -10.566348542076867, -10.5669790544448, -10.5669790544448, -10.566663798260834, -10.5669790544448, -10.566663798260834, -10.566663798260834, -10.566663798260834, -10.566663798260834, -10.566663798260834, -10.566663798260834, -10.566663798260834, -10.566663798260834, -10.5669790544448, -10.566663798260834, -10.5669790544448, -10.5669790544448, -10.566348542076867, -10.566663798260834, -10.566663798260834, -10.566663798260834, -10.566663798260834, -10.566348542076867, -10.566348542076867, -10.566663798260834, -10.566663798260834, -10.566663798260834, -10.566663798260834, -10.566663798260834, -10.566348542076867, -10.5669790544448, -10.566348542076867, -10.5669790544448, -10.5669790544448, -10.566663798260834, -10.566663798260834, -10.566663798260834, -10.566663798260834, -10.5669790544448, -10.566663798260834, -10.566663798260834, -10.566663798260834, -10.566348542076867, -10.566348542076867, -10.566348542076867, -10.566348542076867, -10.566348542076867, -10.566663798260834, -10.566348542076867, -10.566663798260834, -10.566348542076867, -10.566348542076867, -10.566663798260834, -10.566663798260834, -10.566348542076867, -10.566663798260834, -10.566663798260834, -10.566663798260834, -10.566663798260834, -10.566663798260834, -10.566663798260834, -10.566663798260834, -10.5669790544448, -10.566663798260834, -10.566663798260834, -10.566663798260834, -10.5669790544448, -10.566663798260834, -10.566348542076867, -10.566348542076867, -10.566663798260834, -10.566663798260834, -10.566663798260834, -10.566663798260834, -10.5669790544448, -10.566663798260834, -10.566663798260834, -10.566663798260834, -10.566663798260834, -10.566663798260834, -10.566663798260834, -10.566348542076867, -10.566348542076867, -10.5669790544448, -10.566663798260834, -10.566348542076867, -10.566663798260834, -10.566663798260834, -10.566348542076867, -10.566663798260834, -10.566663798260834, -10.566663798260834, -10.5669790544448, -10.566663798260834, -10.566663798260834, -10.5669790544448, -10.5669790544448, -10.566348542076867, -10.566663798260834, -10.566663798260834, -10.566348542076867, -10.566348542076867, -10.566663798260834, -10.566663798260834, -10.566663798260834, -10.566663798260834, -10.5669790544448, -10.566663798260834, -10.566348542076867, -10.566663798260834, -10.5669790544448, -10.5669790544448, -10.566663798260834, -10.566348542076867, -10.566663798260834, -10.566663798260834, -10.566663798260834, -10.566663798260834, -10.566663798260834, -10.566663798260834, -10.566663798260834, -10.566663798260834, -10.5669790544448, -10.566348542076867, -10.566663798260834, -10.566348542076867, -10.566663798260834, -10.5669790544448, -10.566663798260834, -10.5669790544448, -10.566348542076867, -10.566663798260834, -10.566663798260834, -10.566663798260834, -10.566663798260834, -10.5669790544448, -10.566348542076867, -10.566348542076867, -10.566663798260834, -10.566663798260834, -10.566663798260834, -10.566663798260834, -10.566348542076867, -10.5669790544448, -10.566348542076867, -10.5669790544448, -10.566663798260834, -10.566663798260834, -10.5669790544448, -10.566348542076867, -10.566348542076867, -10.5669790544448, -10.5669790544448, -10.566348542076867, -10.566663798260834, -10.5669790544448, -10.566663798260834, -10.566663798260834, -10.5669790544448, -10.5669790544448, -10.566663798260834, -10.566348542076867, -10.5669790544448, -10.566663798260834, -10.566663798260834, -10.566663798260834, -10.566663798260834, -10.5669790544448, -10.566348542076867, -10.5669790544448, -10.566663798260834, -10.5669790544448, -10.566663798260834, -10.566663798260834, -10.566663798260834, -10.566663798260834, -10.566663798260834, -10.566663798260834, -10.5669790544448, -10.566663798260834, -10.566663798260834, -10.566348542076867, -10.5669790544448, -10.566663798260834, -10.566663798260834, -10.566348542076867, -10.566348542076867, -10.566663798260834, -10.566663798260834, -10.566663798260834, -10.5669790544448, -10.566663798260834, -10.566348542076867, -10.566663798260834, -10.566663798260834, -10.566663798260834, -10.5669790544448, -10.5669790544448, -10.566663798260834, -10.566348542076867, -10.566348542076867, -10.566663798260834, -10.566348542076867, -10.566663798260834, -10.5669790544448, -10.566663798260834, -10.566663798260834, -10.5669790544448, -10.5669790544448, -10.566663798260834, -10.566663798260834, -10.5669790544448, -10.566663798260834, -10.5669790544448, -10.566663798260834, -10.566663798260834, -10.566348542076867, -10.566348542076867, -10.566663798260834, -10.566663798260834, -10.566348542076867], \"AIN1\": [-10.5669790544448, -10.566663798260834, -10.566348542076867, -10.566663798260834, -10.566663798260834, -10.566663798260834, -10.5669790544448, -10.5669790544448, -10.5669790544448, -10.566663798260834, -10.566348542076867, -10.566663798260834, -10.566663798260834, -10.5669790544448, -10.566663798260834, -10.566663798260834, -10.566663798260834, -10.566663798260834, -10.566663798260834, -10.566663798260834, -10.566663798260834, -10.5669790544448, -10.566663798260834, -10.566348542076867, -10.5669790544448, -10.566663798260834, -10.5669790544448, -10.5669790544448, -10.566663798260834, -10.566663798260834, -10.566663798260834, -10.566663798260834, -10.566663798260834, -10.566663798260834, -10.566663798260834, -10.566663798260834, -10.566663798260834, -10.566348542076867, -10.566663798260834, -10.566663798260834, -10.566663798260834, -10.5669790544448, -10.566663798260834, -10.566663798260834, -10.5669790544448, -10.566663798260834, -10.566663798260834, -10.566663798260834, -10.5669790544448, -10.566663798260834, -10.566663798260834, -10.566663798260834, -10.566348542076867, -10.566663798260834, -10.566663798260834, -10.566663798260834, -10.566663798260834, -10.566663798260834, -10.566663798260834, -10.5669790544448, -10.566663798260834, -10.566663798260834, -10.566663798260834, -10.566663798260834, -10.5669790544448, -10.566348542076867, -10.5669790544448, -10.566663798260834, -10.5669790544448, -10.566348542076867, -10.566348542076867, -10.566663798260834, -10.566663798260834, -10.566663798260834, -10.5669790544448, -10.566663798260834, -10.566663798260834, -10.566663798260834, -10.5669790544448, -10.566663798260834, -10.566663798260834, -10.566348542076867, -10.5669790544448, -10.566663798260834, -10.566663798260834, -10.566663798260834, -10.566663798260834, -10.566663798260834, -10.566663798260834, -10.5669790544448, -10.5669790544448, -10.566663798260834, -10.566663798260834, -10.566663798260834, -10.566663798260834, -10.566663798260834, -10.566663798260834, -10.566663798260834, -10.5669790544448, -10.566663798260834, -10.566348542076867, -10.566663798260834, -10.566663798260834, -10.5669790544448, -10.566663798260834, -10.5669790544448, -10.566663798260834, -10.566663798260834, -10.566348542076867, -10.566663798260834, -10.566663798260834, -10.566348542076867, -10.566663798260834, -10.566663798260834, -10.566663798260834, -10.566348542076867, -10.5669790544448, -10.5669790544448, -10.566663798260834, -10.566663798260834, -10.566663798260834, -10.5669790544448, -10.566663798260834, -10.566663798260834, -10.5669790544448, -10.566663798260834, -10.5669790544448, -10.5669790544448, -10.5669790544448, -10.566663798260834, -10.566663798260834, -10.566663798260834, -10.566348542076867, -10.5669790544448, -10.566663798260834, -10.5669790544448, -10.566663798260834, -10.566663798260834, -10.5669790544448, -10.566348542076867, -10.5669790544448, -10.566663798260834, -10.566663798260834, -10.566663798260834, -10.5669790544448, -10.566348542076867, -10.566348542076867, -10.566663798260834, -10.566348542076867, -10.5669790544448, -10.566663798260834, -10.566348542076867, -10.566663798260834, -10.566663798260834, -10.566663798260834, -10.5669790544448, -10.5669790544448, -10.566663798260834, -10.566663798260834, -10.566348542076867, -10.566348542076867, -10.566663798260834, -10.566663798260834, -10.566663798260834, -10.566348542076867, -10.566348542076867, -10.566663798260834, -10.5669790544448, -10.566663798260834, -10.566663798260834, -10.566663798260834, -10.566663798260834, -10.566348542076867, -10.5669790544448, -10.566663798260834, -10.566348542076867, -10.566663798260834, -10.566663798260834, -10.566663798260834, -10.5669790544448, -10.566663798260834, -10.566663798260834, -10.566348542076867, -10.566663798260834, -10.566663798260834, -10.5669790544448, -10.566663798260834, -10.566663798260834, -10.566663798260834, -10.5669790544448, -10.566663798260834, -10.566663798260834, -10.5669790544448, -10.5669790544448, -10.5669790544448, -10.566663798260834, -10.566348542076867, -10.566348542076867, -10.566663798260834, -10.566348542076867, -10.566663798260834, -10.566663798260834, -10.566663798260834, -10.5669790544448, -10.566663798260834, -10.566663798260834, -10.566348542076867, -10.566663798260834, -10.566348542076867, -10.5669790544448, -10.566663798260834, -10.5669790544448, -10.5669790544448, -10.566663798260834, -10.5669790544448, -10.566663798260834, -10.566663798260834, -10.566663798260834, -10.566348542076867, -10.566663798260834, -10.566663798260834, -10.566663798260834, -10.566663798260834, -10.566663798260834, -10.566663798260834, -10.566663798260834, -10.566663798260834, -10.566663798260834, -10.566348542076867, -10.566663798260834, -10.566663798260834, -10.566663798260834, -10.566663798260834, -10.5669790544448, -10.566348542076867, -10.566348542076867, -10.5669790544448, -10.5669790544448, -10.566348542076867, -10.5669790544448, -10.566663798260834, -10.5669790544448, -10.566663798260834, -10.5669790544448, -10.566663798260834, -10.5669790544448, -10.566348542076867, -10.566663798260834, -10.566663798260834, -10.5669790544448], \"AIN2\": [-10.566663798260834, -10.5669790544448, -10.566663798260834, -10.566663798260834, -10.566663798260834, -10.566663798260834, -10.566663798260834, -10.566348542076867, -10.566663798260834, -10.566663798260834, -10.5669790544448, -10.566663798260834, -10.566663798260834, -10.5669790544448, -10.566663798260834, -10.566663798260834, -10.5669790544448, -10.566663798260834, -10.566663798260834, -10.566663798260834, -10.566663798260834, -10.5669790544448, -10.566663798260834, -10.566663798260834, -10.5669790544448, -10.566663798260834, -10.566348542076867, -10.5669790544448, -10.566348542076867, -10.5669790544448, -10.566348542076867, -10.566348542076867, -10.5669790544448, -10.566663798260834, -10.566663798260834, -10.566348542076867, -10.566663798260834, -10.5669790544448, -10.5669790544448, -10.566348542076867, -10.566663798260834, -10.5669790544448, -10.566663798260834, -10.5669790544448, -10.566663798260834, -10.566663798260834, -10.566663798260834, -10.5669790544448, -10.566663798260834, -10.5669790544448, -10.566663798260834, -10.566663798260834, -10.566663798260834, -10.566663798260834, -10.566663798260834, -10.566348542076867, -10.566663798260834, -10.566663798260834, -10.566663798260834, -10.566663798260834, -10.566348542076867, -10.5669790544448, -10.566663798260834, -10.5669790544448, -10.566663798260834, -10.566663798260834, -10.566663798260834, -10.566663798260834, -10.566663798260834, -10.5669790544448, -10.566663798260834, -10.566663798260834, -10.566663798260834, -10.566663798260834, -10.566348542076867, -10.5669790544448, -10.566663798260834, -10.566663798260834, -10.566663798260834, -10.566348542076867, -10.566663798260834, -10.566348542076867, -10.5669790544448, -10.566663798260834, -10.5669790544448, -10.566663798260834, -10.566663798260834, -10.566663798260834, -10.566663798260834, -10.5669790544448, -10.566663798260834, -10.566663798260834, -10.5669790544448, -10.566663798260834, -10.566663798260834, -10.566348542076867, -10.566663798260834, -10.566663798260834, -10.566348542076867, -10.566663798260834, -10.566663798260834, -10.566663798260834, -10.566663798260834, -10.566663798260834, -10.566663798260834, -10.5669790544448, -10.566663798260834, -10.566348542076867, -10.5669790544448, -10.566663798260834, -10.566663798260834, -10.566663798260834, -10.566348542076867, -10.566663798260834, -10.5669790544448, -10.566663798260834, -10.566663798260834, -10.5669790544448, -10.5669790544448, -10.5669790544448, -10.566348542076867, -10.566663798260834, -10.566663798260834, -10.5669790544448, -10.566663798260834, -10.566663798260834, -10.566663798260834, -10.5669790544448, -10.566663798260834, -10.566663798260834, -10.566348542076867, -10.566663798260834, -10.566663798260834, -10.566663798260834, -10.5669790544448, -10.566663798260834, -10.566663798260834, -10.5669790544448, -10.566663798260834, -10.566663798260834, -10.566663798260834, -10.566663798260834, -10.566348542076867, -10.566663798260834, -10.566663798260834, -10.5669790544448, -10.566663798260834, -10.566663798260834, -10.566663798260834, -10.566663798260834, -10.5669790544448, -10.566348542076867, -10.5669790544448, -10.5669790544448, -10.566663798260834, -10.566663798260834, -10.566663798260834, -10.566663798260834, -10.566663798260834, -10.566663798260834, -10.566663798260834, -10.5669790544448, -10.566663798260834, -10.5669790544448, -10.566348542076867, -10.566663798260834, -10.566663798260834, -10.5669790544448, -10.566663798260834, -10.566663798260834, -10.566348542076867, -10.566663798260834, -10.566663798260834, -10.566348542076867, -10.566348542076867, -10.566663798260834, -10.566663798260834, -10.566663798260834, -10.566663798260834, -10.566663798260834, -10.5669790544448, -10.5669790544448, -10.566663798260834, -10.566663798260834, -10.566663798260834, -10.566663798260834, -10.566663798260834, -10.5669790544448, -10.566663798260834, -10.5669790544448, -10.566663798260834, -10.566663798260834, -10.566663798260834, -10.566663798260834, -10.566663798260834, -10.5669790544448, -10.566663798260834, -10.5669790544448, -10.566348542076867, -10.5669790544448, -10.566663798260834, -10.5669790544448, -10.566663798260834, -10.566348542076867, -10.566663798260834, -10.5669790544448, -10.566663798260834, -10.5669790544448, -10.566663798260834, -10.566348542076867, -10.566663798260834, -10.566663798260834, -10.566663798260834, -10.566663798260834, -10.5669790544448, -10.566663798260834, -10.566663798260834, -10.566663798260834, -10.566663798260834, -10.566663798260834, -10.566348542076867, -10.5669790544448, -10.566663798260834, -10.566663798260834, -10.566348542076867, -10.566663798260834, -10.566663798260834, -10.566348542076867, -10.566663798260834, -10.566348542076867, -10.566663798260834, -10.5669790544448, -10.566663798260834, -10.566663798260834, -10.5669790544448, -10.566663798260834, -10.566663798260834, -10.5669790544448, -10.566663798260834, -10.566663798260834, -10.5669790544448, -10.566663798260834, -10.5669790544448, -10.5669790544448, -10.566663798260834, -10.5669790544448, -10.566663798260834, -10.5669790544448, -10.566663798260834, -10.566663798260834], \"AIN3\": [-10.566348542076867, -10.566663798260834, -10.566663798260834, -10.566663798260834, -10.5669790544448, -10.566663798260834, -10.566348542076867, -10.566663798260834, -10.566663798260834, -10.566663798260834, -10.5669790544448, -10.566663798260834, -10.566663798260834, -10.566663798260834, -10.566663798260834, -10.566663798260834, -10.566663798260834, -10.566348542076867, -10.5669790544448, -10.5669790544448, -10.566663798260834, -10.566663798260834, -10.5669790544448, -10.566663798260834, -10.5669790544448, -10.5669790544448, -10.566663798260834, -10.5669790544448, -10.5669790544448, -10.566663798260834, -10.566348542076867, -10.5669790544448, -10.566663798260834, -10.5669790544448, -10.566663798260834, -10.566663798260834, -10.566663798260834, -10.566663798260834, -10.5669790544448, -10.566348542076867, -10.5669790544448, -10.566663798260834, -10.5669790544448, -10.566348542076867, -10.5669790544448, -10.566663798260834, -10.566663798260834, -10.566348542076867, -10.5669790544448, -10.5669790544448, -10.5669790544448, -10.566663798260834, -10.566348542076867, -10.566663798260834, -10.566663798260834, -10.566663798260834, -10.566663798260834, -10.566348542076867, -10.566663798260834, -10.566663798260834, -10.566663798260834, -10.566348542076867, -10.566663798260834, -10.5669790544448, -10.566348542076867, -10.566663798260834, -10.5669790544448, -10.5669790544448, -10.566663798260834, -10.5669790544448, -10.566663798260834, -10.566663798260834, -10.5669790544448, -10.566663798260834, -10.5669790544448, -10.566663798260834, -10.566348542076867, -10.5669790544448, -10.566663798260834, -10.566663798260834, -10.566663798260834, -10.566663798260834, -10.5669790544448, -10.566663798260834, -10.5669790544448, -10.566348542076867, -10.566663798260834, -10.5669790544448, -10.566348542076867, -10.566663798260834, -10.5669790544448, -10.566348542076867, -10.566663798260834, -10.566663798260834, -10.566348542076867, -10.566348542076867, -10.5669790544448, -10.566663798260834, -10.5669790544448, -10.5669790544448, -10.5669790544448, -10.566663798260834, -10.5669790544448, -10.5669790544448, -10.566663798260834, -10.566663798260834, -10.566348542076867, -10.566663798260834, -10.566663798260834, -10.566663798260834, -10.5669790544448, -10.566663798260834, -10.566663798260834, -10.5669790544448, -10.5669790544448, -10.566663798260834, -10.566663798260834, -10.566663798260834, -10.566663798260834, -10.566663798260834, -10.5669790544448, -10.566663798260834, -10.5669790544448, -10.566348542076867, -10.566663798260834, -10.566663798260834, -10.566663798260834, -10.5669790544448, -10.566663798260834, -10.566663798260834, -10.5669790544448, -10.5669790544448, -10.5669790544448, -10.566663798260834, -10.566348542076867, -10.5669790544448, -10.566663798260834, -10.566663798260834, -10.5669790544448, -10.5669790544448, -10.566663798260834, -10.566663798260834, -10.566663798260834, -10.566663798260834, -10.566663798260834, -10.566348542076867, -10.566663798260834, -10.566663798260834, -10.566663798260834, -10.566348542076867, -10.566663798260834, -10.566663798260834, -10.5669790544448, -10.5669790544448, -10.566348542076867, -10.566663798260834, -10.566663798260834, -10.5669790544448, -10.5669790544448, -10.566663798260834, -10.566348542076867, -10.566348542076867, -10.5669790544448, -10.5669790544448, -10.566663798260834, -10.566663798260834, -10.5669790544448, -10.5669790544448, -10.566348542076867, -10.566663798260834, -10.566663798260834, -10.566663798260834, -10.566663798260834, -10.566663798260834, -10.566663798260834, -10.566663798260834, -10.566663798260834, -10.566663798260834, -10.566663798260834, -10.5669790544448, -10.566348542076867, -10.566663798260834, -10.566663798260834, -10.566663798260834, -10.566348542076867, -10.566663798260834, -10.566663798260834, -10.566348542076867, -10.566663798260834, -10.5669790544448, -10.5669790544448, -10.5669790544448, -10.566663798260834, -10.5669790544448, -10.566348542076867, -10.566348542076867, -10.566663798260834, -10.566348542076867, -10.5669790544448, -10.566348542076867, -10.566348542076867, -10.566663798260834, -10.566663798260834, -10.566348542076867, -10.5669790544448, -10.566663798260834, -10.5669790544448, -10.5669790544448, -10.5669790544448, -10.5669790544448, -10.5669790544448, -10.5669790544448, -10.566348542076867, -10.5669790544448, -10.566663798260834, -10.566663798260834, -10.566663798260834, -10.566663798260834, -10.5669790544448, -10.566663798260834, -10.566663798260834, -10.566663798260834, -10.566348542076867, -10.566663798260834, -10.566663798260834, -10.566663798260834, -10.566663798260834, -10.566663798260834, -10.566663798260834, -10.566663798260834, -10.566663798260834, -10.566663798260834, -10.566663798260834, -10.566663798260834, -10.5669790544448, -10.566663798260834, -10.5669790544448, -10.566348542076867, -10.566663798260834, -10.566663798260834, -10.5669790544448, -10.566663798260834, -10.566663798260834, -10.566663798260834, -10.566663798260834, -10.566663798260834, -10.5669790544448, -10.566663798260834, -10.5669790544448, -10.5669790544448]}, \"data_type\": \"<type 'collections.defaultdict'>\"}"}
{"message": "{\"timestamp\": 5.076103925704956, \"object_type\": \"labjack_stream\", \"data\": {\"AIN0\": [-10.566663798260834, -10.566663798260834, -10.566663798260834, -10.5669790544448, -10.566663798260834, -10.566348542076867, -10.566663798260834, -10.566348542076867, -10.566663798260834, -10.566663798260834, -10.566663798260834, -10.566663798260834, -10.566348542076867, -10.566663798260834, -10.5669790544448, -10.5669790544448, -10.566348542076867, -10.5669790544448, -10.566348542076867, -10.566348542076867, -10.566348542076867, -10.566663798260834, -10.5669790544448, -10.566663798260834, -10.566663798260834, -10.566663798260834, -10.566663798260834, -10.5669790544448, -10.5669790544448, -10.566663798260834, -10.566663798260834, -10.566663798260834, -10.5669790544448, -10.566348542076867, -10.566663798260834, -10.566663798260834, -10.566348542076867, -10.566348542076867, -10.566663798260834, -10.566663798260834, -10.566663798260834, -10.5669790544448, -10.566663798260834, -10.566663798260834, -10.566663798260834, -10.566348542076867, -10.5669790544448, -10.566663798260834, -10.566663798260834, -10.5669790544448, -10.566663798260834, -10.566663798260834, -10.566663798260834, -10.566663798260834, -10.566663798260834, -10.566348542076867, -10.566663798260834, -10.566663798260834, -10.566663798260834, -10.566348542076867, -10.5669790544448, -10.566663798260834, -10.566663798260834, -10.566663798260834, -10.5669790544448, -10.566348542076867, -10.566348542076867, -10.566348542076867, -10.566663798260834, -10.566663798260834, -10.566663798260834, -10.566663798260834, -10.566663798260834, -10.566663798260834, -10.566663798260834, -10.566663798260834, -10.566348542076867, -10.566663798260834, -10.566348542076867, -10.566663798260834, -10.566663798260834, -10.5669790544448, -10.5669790544448, -10.566663798260834, -10.566663798260834, -10.5669790544448, -10.566663798260834, -10.5669790544448, -10.5669790544448, -10.566663798260834, -10.566663798260834, -10.566348542076867, -10.566348542076867, -10.566663798260834, -10.566663798260834, -10.566348542076867, -10.566663798260834, -10.5669790544448, -10.566348542076867, -10.566663798260834, -10.566663798260834, -10.5669790544448, -10.5669790544448, -10.566663798260834, -10.5669790544448, -10.5669790544448, -10.566348542076867, -10.566663798260834, -10.566348542076867, -10.566663798260834, -10.566348542076867, -10.5669790544448, -10.566663798260834, -10.566663798260834, -10.566663798260834, -10.566663798260834, -10.566663798260834, -10.5669790544448, -10.5669790544448, -10.566663798260834, -10.566348542076867, -10.566663798260834, -10.566663798260834, -10.5669790544448, -10.566348542076867, -10.566663798260834, -10.5669790544448, -10.5669790544448, -10.566348542076867, -10.566663798260834, -10.566663798260834, -10.566348542076867, -10.566663798260834, -10.566348542076867, -10.566348542076867, -10.5669790544448, -10.566348542076867, -10.566663798260834, -10.566663798260834, -10.566348542076867, -10.5669790544448, -10.5669790544448, -10.566663798260834, -10.566663798260834, -10.566663798260834, -10.5669790544448, -10.566663798260834, -10.5669790544448, -10.566663798260834, -10.566663798260834, -10.566663798260834, -10.566663798260834, -10.566348542076867, -10.566663798260834, -10.566663798260834, -10.5669790544448, -10.5669790544448, -10.566348542076867, -10.5669790544448, -10.566348542076867, -10.566663798260834, -10.5669790544448, -10.5669790544448, -10.566663798260834, -10.566663798260834, -10.566348542076867, -10.566663798260834, -10.566663798260834, -10.566663798260834, -10.5669790544448, -10.566663798260834, -10.566348542076867, -10.566348542076867, -10.566348542076867, -10.566348542076867, -10.5669790544448, -10.5669790544448, -10.566663798260834, -10.566663798260834, -10.5669790544448, -10.566663798260834, -10.5669790544448, -10.566663798260834, -10.566348542076867, -10.566663798260834, -10.566663798260834, -10.566663798260834, -10.566663798260834, -10.566663798260834, -10.566663798260834, -10.566663798260834, -10.566663798260834, -10.566663798260834, -10.5669790544448, -10.566663798260834, -10.566663798260834, -10.566663798260834, -10.566663798260834, -10.566663798260834, -10.566348542076867, -10.566348542076867, -10.566663798260834, -10.566663798260834, -10.566348542076867, -10.566348542076867, -10.566348542076867, -10.566348542076867, -10.566663798260834, -10.5669790544448, -10.566663798260834, -10.566663798260834, -10.566348542076867, -10.566663798260834, -10.566348542076867, -10.566663798260834, -10.566663798260834, -10.5669790544448, -10.566663798260834, -10.566348542076867, -10.566663798260834, -10.566663798260834, -10.566663798260834, -10.566663798260834, -10.566663798260834, -10.566663798260834, -10.566348542076867, -10.566663798260834, -10.566663798260834, -10.566348542076867, -10.566663798260834, -10.566348542076867, -10.5669790544448, -10.566663798260834, -10.566348542076867, -10.5669790544448, -10.566663798260834, -10.566348542076867, -10.566348542076867, -10.566348542076867, -10.566663798260834, -10.566663798260834, -10.566348542076867, -10.566663798260834, -10.5669790544448, -10.566663798260834, -10.566348542076867, -10.566663798260834, -10.566663798260834, -10.566663798260834, -10.566348542076867], \"AIN1\": [-10.566348542076867, -10.566663798260834, -10.566663798260834, -10.566348542076867, -10.566663798260834, -10.5669790544448, -10.5669790544448, -10.566348542076867, -10.566663798260834, -10.5669790544448, -10.566663798260834, -10.566348542076867, -10.566663798260834, -10.5669790544448, -10.566663798260834, -10.566663798260834, -10.566663798260834, -10.566348542076867, -10.566663798260834, -10.566663798260834, -10.566348542076867, -10.566348542076867, -10.566663798260834, -10.566663798260834, -10.5669790544448, -10.566663798260834, -10.566663798260834, -10.566663798260834, -10.566663798260834, -10.566348542076867, -10.5669790544448, -10.5669790544448, -10.566663798260834, -10.566663798260834, -10.566663798260834, -10.566348542076867, -10.566663798260834, -10.5669790544448, -10.566663798260834, -10.5669790544448, -10.566663798260834, -10.566663798260834, -10.566663798260834, -10.5669790544448, -10.566348542076867, -10.566663798260834, -10.566663798260834, -10.566663798260834, -10.566663798260834, -10.566663798260834, -10.566663798260834, -10.566663798260834, -10.566348542076867, -10.566348542076867, -10.566663798260834, -10.566663798260834, -10.566663798260834, -10.566663798260834, -10.566663798260834, -10.566663798260834, -10.566663798260834, -10.566663798260834, -10.566663798260834, -10.566663798260834, -10.566663798260834, -10.566663798260834, -10.566663798260834, -10.5669790544448, -10.566663798260834, -10.566663798260834, -10.5669790544448, -10.566663798260834, -10.5669790544448, -10.566348542076867, -10.566663798260834, -10.5669790544448, -10.566348542076867, -10.566663798260834, -10.566663798260834, -10.566663798260834, -10.566663798260834, -10.566663798260834, -10.566663798260834, -10.5669790544448, -10.566663798260834, -10.566663798260834, -10.566663798260834, -10.5669790544448, -10.566663798260834, -10.5669790544448, -10.566348542076867, -10.566663798260834, -10.566348542076867, -10.5669790544448, -10.5669790544448, -10.5669790544448, -10.566663798260834, -10.5669790544448, -10.5669790544448, -10.566663798260834, -10.5669790544448, -10.5669790544448, -10.566663798260834, -10.566663798260834, -10.5669790544448, -10.5669790544448, -10.566663798260834, -10.566663798260834, -10.566663798260834, -10.566663798260834, -10.5669790544448, -10.566348542076867, -10.5669790544448, -10.5669790544448, -10.566663798260834, -10.566663798260834, -10.566663798260834, -10.5669790544448, -10.566663798260834, -10.566663798260834, -10.566663798260834, -10.566663798260834, -10.5669790544448, -10.566663798260834, -10.5669790544448, -10.566663798260834, -10.566663798260834, -10.566663798260834, -10.5669790544448, -10.566663798260834, -10.566663798260834, -10.5669790544448, -10.566663798260834, -10.5669790544448, -10.566663798260834, -10.5669790544448, -10.566663798260834, -10.5669790544448, -10.566663798260834, -10.566663798260834, -10.566663798260834, -10.566348542076867, -10.566663798260834, -10.566663798260834, -10.566348542076867, -10.5669790544448, -10.566663798260834, -10.5669790544448, -10.5669790544448, -10.566663798260834, -10.566663798260834, -10.566348542076867, -10.566663798260834, -10.566663798260834, -10.566663798260834, -10.566663798260834, -10.566348542076867, -10.566663798260834, -10.5669790544448, -10.566663798260834, -10.566663798260834, -10.566663798260834, -10.566663798260834, -10.566663798260834, -10.566663798260834, -10.566348542076867, -10.566663798260834, -10.566348542076867, -10.5669790544448, -10.5669790544448, -10.5669790544448, -10.566663798260834, -10.566663798260834, -10.566663798260834, -10.566663798260834, -10.566663798260834, -10.566663798260834, -10.566663798260834, -10.566348542076867, -10.5669790544448, -10.566348542076867, -10.566663798260834, -10.566663798260834, -10.566348542076867, -10.5669790544448, -10.5669790544448, -10.566348542076867, -10.566663798260834, -10.5669790544448, -10.5669790544448, -10.5669790544448, -10.5669790544448, -10.566663798260834, -10.566663798260834, -10.566663798260834, -10.566663798260834, -10.566348542076867, -10.566348542076867, -10.566663798260834, -10.566663798260834, -10.566348542076867, -10.5669790544448, -10.5669790544448, -10.566663798260834, -10.5669790544448, -10.5669790544448, -10.566663798260834, -10.5669790544448, -10.5669790544448, -10.566663798260834, -10.566663798260834, -10.566348542076867, -10.566348542076867, -10.5669790544448, -10.566348542076867, -10.566348542076867, -10.566663798260834, -10.566663798260834, -10.566348542076867, -10.566663798260834, -10.5669790544448, -10.566663798260834, -10.566663798260834, -10.566663798260834, -10.566663798260834, -10.566348542076867, -10.566663798260834, -10.566663798260834, -10.566348542076867, -10.566663798260834, -10.5669790544448, -10.566348542076867, -10.566663798260834, -10.5669790544448, -10.566663798260834, -10.566348542076867, -10.566663798260834, -10.566348542076867, -10.566663798260834, -10.566663798260834, -10.566663798260834, -10.5669790544448, -10.5669790544448, -10.566663798260834, -10.566663798260834, -10.566663798260834, -10.566663798260834, -10.566663798260834, -10.5669790544448, -10.566663798260834], \"AIN2\": [-10.566348542076867, -10.5669790544448, -10.5669790544448, -10.566348542076867, -10.566348542076867, -10.566663798260834, -10.5669790544448, -10.566663798260834, -10.5669790544448, -10.5669790544448, -10.5669790544448, -10.566663798260834, -10.566663798260834, -10.566663798260834, -10.566663798260834, -10.566663798260834, -10.566663798260834, -10.566663798260834, -10.566663798260834, -10.566663798260834, -10.5669790544448, -10.5669790544448, -10.566663798260834, -10.5669790544448, -10.5669790544448, -10.566663798260834, -10.5669790544448, -10.5669790544448, -10.566663798260834, -10.566348542076867, -10.566663798260834, -10.566348542076867, -10.566663798260834, -10.566663798260834, -10.566348542076867, -10.5669790544448, -10.5669790544448, -10.5669790544448, -10.566663798260834, -10.566663798260834, -10.5669790544448, -10.566663798260834, -10.566348542076867, -10.566663798260834, -10.566348542076867, -10.5669790544448, -10.566663798260834, -10.566663798260834, -10.566348542076867, -10.5669790544448, -10.566663798260834, -10.566663798260834, -10.566663798260834, -10.566663798260834, -10.5669790544448, -10.566663798260834, -10.5669790544448, -10.566663798260834, -10.5669790544448, -10.566663798260834, -10.5669790544448, -10.5669790544448, -10.5669790544448, -10.566663798260834, -10.566663798260834, -10.566663798260834, -10.566663798260834, -10.5669790544448, -10.5669790544448, -10.566663798260834, -10.566348542076867, -10.566663798260834, -10.566663798260834, -10.5669790544448, -10.566663798260834, -10.5669790544448, -10.566663798260834, -10.5669790544448, -10.566663798260834, -10.566663798260834, -10.566663798260834, -10.566663798260834, -10.566663798260834, -10.566663798260834, -10.566663798260834, -10.566663798260834, -10.566663798260834, -10.566663798260834, -10.5669790544448, -10.566663798260834, -10.5669790544448, -10.566663798260834, -10.566663798260834, -10.566348542076867, -10.566663798260834, -10.566348542076867, -10.566663798260834, -10.566348542076867, -10.566663798260834, -10.5669790544448, -10.5669790544448, -10.566663798260834, -10.5669790544448, -10.566663798260834, -10.566663798260834, -10.566663798260834, -10.566348542076867, -10.5669790544448, -10.566663798260834, -10.5669790544448, -10.566663798260834, -10.566663798260834, -10.5669790544448, -10.566348542076867, -10.566663798260834, -10.566663798260834, -10.566348542076867, -10.566663798260834, -10.5669790544448, -10.5669790544448, -10.566348542076867, -10.5669790544448, -10.566663798260834, -10.566663798260834, -10.566663798260834, -10.566348542076867, -10.566663798260834, -10.566663798260834, -10.566663798260834, -10.566663798260834, -10.566348542076867, -10.5669790544448, -10.566663798260834, -10.566348542076867, -10.567294310628768, -10.5669790544448, -10.5669790544448, -10.566663798260834, -10.566663798260834, -10.566663798260834, -10.566663798260834, -10.566663798260834, -10.566348542076867, -10.566663798260834, -10.566663798260834, -10.5669790544448, -10.5669790544448, -10.566663798260834, -10.566663798260834, -10.566663798260834, -10.566663798260834, -10.566348542076867, -10.566663798260834, -10.566663798260834, -10.566663798260834, -10.566663798260834, -10.566663798260834, -10.566348542076867, -10.566663798260834, -10.5669790544448, -10.566348542076867, -10.566348542076867, -10.566348542076867, -10.566663798260834, -10.566348542076867, -10.566663798260834, -10.566663798260834, -10.5669790544448, -10.566663798260834, -10.566663798260834, -10.566663798260834, -10.566663798260834, -10.566663798260834, -10.566663798260834, -10.566663798260834, -10.566663798260834, -10.566663798260834, -10.566663798260834, -10.566663798260834, -10.566348542076867, -10.566663798260834, -10.5669790544448, -10.566663798260834, -10.566663798260834, -10.566663798260834, -10.566348542076867, -10.566663798260834, -10.566348542076867, -10.566663798260834, -10.566663798260834, -10.566663798260834, -10.5669790544448, -10.566663798260834, -10.566348542076867, -10.5669790544448, -10.566663798260834, -10.5669790544448, -10.566663798260834, -10.566663798260834, -10.5669790544448, -10.566348542076867, -10.5669790544448, -10.566663798260834, -10.5669790544448, -10.5669790544448, -10.566663798260834, -10.566663798260834, -10.5669790544448, -10.566348542076867, -10.566663798260834, -10.566663798260834, -10.566663798260834, -10.566663798260834, -10.566348542076867, -10.566348542076867, -10.566663798260834, -10.5669790544448, -10.566663798260834, -10.566663798260834, -10.566663798260834, -10.566663798260834, -10.5669790544448, -10.566663798260834, -10.566663798260834, -10.566663798260834, -10.566663798260834, -10.5669790544448, -10.566663798260834, -10.566663798260834, -10.566663798260834, -10.566663798260834, -10.566663798260834, -10.566663798260834, -10.566663798260834, -10.5669790544448, -10.566663798260834, -10.566663798260834, -10.5669790544448, -10.566663798260834, -10.5669790544448, -10.566348542076867, -10.5669790544448, -10.566663798260834, -10.566663798260834, -10.566663798260834, -10.566663798260834, -10.566663798260834, -10.5669790544448, -10.566663798260834, -10.566663798260834], \"AIN3\": [-10.566663798260834, -10.566663798260834, -10.566663798260834, -10.566663798260834, -10.566663798260834, -10.566663798260834, -10.566348542076867, -10.566348542076867, -10.566663798260834, -10.566663798260834, -10.566663798260834, -10.566663798260834, -10.5669790544448, -10.566663798260834, -10.566663798260834, -10.566663798260834, -10.566663798260834, -10.566663798260834, -10.5669790544448, -10.566663798260834, -10.5669790544448, -10.566663798260834, -10.566663798260834, -10.566663798260834, -10.566663798260834, -10.5669790544448, -10.566348542076867, -10.566663798260834, -10.566663798260834, -10.566348542076867, -10.566663798260834, -10.566663798260834, -10.566663798260834, -10.566663798260834, -10.566663798260834, -10.566663798260834, -10.566663798260834, -10.566663798260834, -10.5669790544448, -10.566663798260834, -10.566663798260834, -10.566663798260834, -10.566663798260834, -10.566663798260834, -10.5669790544448, -10.5669790544448, -10.5669790544448, -10.566663798260834, -10.566663798260834, -10.566348542076867, -10.5669790544448, -10.566348542076867, -10.5669790544448, -10.566663798260834, -10.5669790544448, -10.566663798260834, -10.566663798260834, -10.5669790544448, -10.566348542076867, -10.5669790544448, -10.5669790544448, -10.566663798260834, -10.566663798260834, -10.5669790544448, -10.5669790544448, -10.566663798260834, -10.5669790544448, -10.5669790544448, -10.566348542076867, -10.566348542076867, -10.566663798260834, -10.566348542076867, -10.566663798260834, -10.566348542076867, -10.566663798260834, -10.566663798260834, -10.566663798260834, -10.566663798260834, -10.566663798260834, -10.566663798260834, -10.566348542076867, -10.5669790544448, -10.566663798260834, -10.566663798260834, -10.566663798260834, -10.566663798260834, -10.566663798260834, -10.566663798260834, -10.566663798260834, -10.5669790544448, -10.566348542076867, -10.5669790544448, -10.566663798260834, -10.5669790544448, -10.566663798260834, -10.566348542076867, -10.5669790544448, -10.5669790544448, -10.566663798260834, -10.566663798260834, -10.566663798260834, -10.566663798260834, -10.566663798260834, -10.566663798260834, -10.566663798260834, -10.5669790544448, -10.5669790544448, -10.566348542076867, -10.566663798260834, -10.566663798260834, -10.566663798260834, -10.566348542076867, -10.566663798260834, -10.566663798260834, -10.5669790544448, -10.566663798260834, -10.566663798260834, -10.566663798260834, -10.566348542076867, -10.5669790544448, -10.566663798260834, -10.5669790544448, -10.566663798260834, -10.566348542076867, -10.566663798260834, -10.566663798260834, -10.566348542076867, -10.566663798260834, -10.566663798260834, -10.566663798260834, -10.566663798260834, -10.566348542076867, -10.5669790544448, -10.566663798260834, -10.566663798260834, -10.566663798260834, -10.566663798260834, -10.566663798260834, -10.5669790544448, -10.566348542076867, -10.566663798260834, -10.5669790544448, -10.566663798260834, -10.566663798260834, -10.566663798260834, -10.566663798260834, -10.566663798260834, -10.566348542076867, -10.5669790544448, -10.566348542076867, -10.566348542076867, -10.566663798260834, -10.566663798260834, -10.566348542076867, -10.566663798260834, -10.5669790544448, -10.566663798260834, -10.5669790544448, -10.566663798260834, -10.5669790544448, -10.566663798260834, -10.566348542076867, -10.5669790544448, -10.566663798260834, -10.566663798260834, -10.5669790544448, -10.566348542076867, -10.566663798260834, -10.5669790544448, -10.566663798260834, -10.566663798260834, -10.566663798260834, -10.566663798260834, -10.566663798260834, -10.5669790544448, -10.5669790544448, -10.566348542076867, -10.566663798260834, -10.566663798260834, -10.566663798260834, -10.566663798260834, -10.5669790544448, -10.566663798260834, -10.566348542076867, -10.566663798260834, -10.5669790544448, -10.566663798260834, -10.5669790544448, -10.566663798260834, -10.566348542076867, -10.5669790544448, -10.5669790544448, -10.566663798260834, -10.566348542076867, -10.566348542076867, -10.566663798260834, -10.5669790544448, -10.566663798260834, -10.5669790544448, -10.5669790544448, -10.566663798260834, -10.566348542076867, -10.566348542076867, -10.5669790544448, -10.5669790544448, -10.5669790544448, -10.5669790544448, -10.566663798260834, -10.566663798260834, -10.566663798260834, -10.5669790544448, -10.5669790544448, -10.566663798260834, -10.5669790544448, -10.5669790544448, -10.566663798260834, -10.5669790544448, -10.566663798260834, -10.566663798260834, -10.5669790544448, -10.566663798260834, -10.566663798260834, -10.5669790544448, -10.566348542076867, -10.5669790544448, -10.566348542076867, -10.5669790544448, -10.566348542076867, -10.5669790544448, -10.566663798260834, -10.566348542076867, -10.566663798260834, -10.5669790544448, -10.5669790544448, -10.566663798260834, -10.566663798260834, -10.5669790544448, -10.566663798260834, -10.566663798260834, -10.5669790544448, -10.5669790544448, -10.566348542076867, -10.566348542076867, -10.566663798260834, -10.566348542076867, -10.566663798260834, -10.5669790544448, -10.566663798260834, -10.566663798260834, -10.566663798260834]}, \"data_type\": \"<type 'collections.defaultdict'>\"}"}
{"message": "{\"timestamp\": 5.30063796043396, \"object_type\": \"labjack_stream\", \"data\": {\"AIN0\": [-10.566348542076867, -10.566348542076867, -10.5669790544448, -10.5669790544448, -10.5669790544448, -10.566663798260834, -10.566348542076867, -10.566663798260834, -10.566663798260834, -10.566663798260834, -10.5669790544448, -10.566663798260834, -10.566348542076867, -10.566663798260834, -10.566663798260834, -10.566663798260834, -10.566663798260834, -10.5669790544448, -10.566663798260834, -10.566663798260834, -10.566663798260834, -10.566663798260834, -10.5669790544448, -10.566348542076867, -10.5669790544448, -10.5669790544448, -10.566663798260834, -10.566663798260834, -10.566663798260834, -10.566663798260834, -10.566348542076867, -10.5669790544448, -10.566663798260834, -10.566663798260834, -10.5669790544448, -10.566663798260834, -10.5669790544448, -10.5669790544448, -10.5669790544448, -10.566663798260834, -10.5669790544448, -10.566663798260834, -10.566663798260834, -10.566348542076867, -10.566663798260834, -10.566663798260834, -10.5669790544448, -10.566663798260834, -10.566348542076867, -10.566663798260834, -10.5669790544448, -10.5669790544448, -10.566348542076867, -10.566663798260834, -10.566348542076867, -10.566663798260834, -10.566348542076867, -10.566663798260834, -10.566348542076867, -10.566663798260834, -10.566348542076867, -10.5669790544448, -10.5669790544448, -10.566663798260834, -10.5669790544448, -10.566663798260834, -10.566348542076867, -10.566663798260834, -10.566663798260834, -10.566663798260834, -10.566663798260834, -10.566348542076867, -10.566663798260834, -10.566348542076867, -10.566348542076867, -10.566348542076867, -10.566348542076867, -10.566663798260834, -10.566663798260834, -10.566663798260834, -10.566663798260834, -10.5669790544448, -10.566348542076867, -10.5669790544448, -10.566663798260834, -10.566663798260834, -10.566663798260834, -10.566663798260834, -10.5669790544448, -10.5669790544448, -10.566348542076867, -10.566663798260834, -10.566348542076867, -10.5669790544448, -10.5669790544448, -10.566663798260834, -10.566663798260834, -10.5669790544448, -10.5669790544448, -10.566663798260834, -10.566663798260834, -10.566663798260834, -10.566663798260834, -10.566663798260834, -10.566663798260834, -10.566663798260834, -10.566663798260834, -10.566348542076867, -10.5669790544448, -10.5669790544448, -10.566348542076867, -10.566663798260834, -10.566663798260834, -10.5669790544448, -10.5669790544448, -10.566348542076867, -10.566663798260834, -10.566663798260834, -10.5669790544448, -10.566348542076867, -10.566663798260834, -10.566663798260834, -10.5669790544448, -10.566663798260834, -10.566348542076867, -10.566348542076867, -10.566663798260834, -10.566348542076867, -10.566663798260834, -10.566663798260834, -10.566663798260834, -10.566348542076867, -10.566348542076867, -10.5669790544448, -10.566348542076867, -10.566348542076867, -10.566663798260834, -10.566663798260834, -10.566663798260834, -10.566663798260834, -10.566663798260834, -10.566663798260834, -10.5660332858929, -10.566663798260834, -10.5669790544448, -10.566348542076867, -10.566663798260834, -10.566663798260834, -10.566663798260834, -10.5669790544448, -10.5669790544448, -10.566663798260834, -10.566348542076867, -10.566348542076867, -10.566663798260834, -10.566663798260834, -10.566348542076867, -10.5669790544448, -10.566663798260834, -10.566663798260834, -10.5669790544448, -10.566348542076867, -10.5669790544448, -10.566348542076867, -10.5669790544448, -10.566348542076867, -10.5669790544448, -10.566663798260834, -10.566663798260834, -10.566663798260834, -10.566663798260834, -10.5669790544448, -10.566663798260834, -10.566663798260834, -10.566663798260834, -10.566663798260834, -10.566663798260834, -10.566348542076867, -10.566663798260834, -10.566348542076867, -10.566663798260834, -10.566663798260834, -10.566663798260834, -10.566663798260834, -10.5669790544448, -10.5669790544448, -10.566348542076867, -10.566663798260834, -10.5669790544448, -10.566348542076867, -10.5669790544448, -10.566348542076867, -10.566663798260834, -10.566663798260834, -10.566348542076867, -10.566348542076867, -10.5669790544448, -10.566663798260834, -10.566348542076867, -10.566663798260834, -10.566663798260834, -10.5669790544448, -10.566663798260834, -10.5669790544448, -10.566663798260834, -10.566663798260834, -10.566348542076867, -10.566663798260834, -10.566348542076867, -10.5669790544448, -10.566348542076867, -10.566663798260834, -10.566663798260834, -10.5669790544448, -10.566663798260834, -10.566348542076867, -10.566663798260834, -10.566348542076867, -10.566663798260834, -10.566348542076867, -10.566663798260834, -10.566663798260834, -10.566663798260834, -10.5669790544448, -10.566348542076867, -10.566663798260834, -10.566663798260834, -10.5669790544448, -10.566348542076867, -10.566663798260834, -10.566663798260834, -10.566663798260834, -10.566663798260834, -10.5669790544448, -10.566663798260834, -10.566663798260834, -10.566663798260834, -10.566663798260834, -10.566663798260834, -10.5669790544448, -10.566663798260834, -10.566663798260834, -10.5669790544448, -10.5669790544448, -10.566663798260834, -10.5669790544448, -10.566663798260834, -10.566663798260834, -10.5669790544448, -10.566663798260834], \"AIN1\": [-10.566663798260834, -10.566663798260834, -10.566663798260834, -10.5669790544448, -10.566663798260834, -10.5669790544448, -10.566663798260834, -10.566663798260834, -10.566663798260834, -10.566663798260834, -10.5669790544448, -10.5669790544448, -10.5669790544448, -10.5669790544448, -10.566663798260834, -10.566663798260834, -10.5669790544448, -10.566663798260834, -10.566663798260834, -10.566348542076867, -10.5669790544448, -10.566663798260834, -10.566663798260834, -10.566348542076867, -10.566663798260834, -10.566348542076867, -10.5669790544448, -10.566663798260834, -10.566663798260834, -10.566663798260834, -10.566663798260834, -10.566663798260834, -10.566663798260834, -10.5669790544448, -10.566663798260834, -10.566663798260834, -10.566663798260834, -10.566663798260834, -10.5669790544448, -10.5669790544448, -10.5669790544448, -10.566348542076867, -10.566663798260834, -10.566663798260834, -10.566663798260834, -10.566663798260834, -10.566663798260834, -10.566663798260834, -10.566663798260834, -10.566348542076867, -10.566663798260834, -10.566663798260834, -10.566663798260834, -10.566663798260834, -10.566663798260834, -10.5669790544448, -10.566663798260834, -10.566663798260834, -10.566663798260834, -10.566663798260834, -10.566663798260834, -10.5669790544448, -10.566663798260834, -10.566663798260834, -10.5669790544448, -10.5669790544448, -10.5669790544448, -10.566663798260834, -10.566663798260834, -10.566663798260834, -10.566348542076867, -10.566663798260834, -10.5669790544448, -10.566348542076867, -10.566663798260834, -10.566663798260834, -10.566663798260834, -10.5669790544448, -10.566663798260834, -10.566663798260834, -10.5669790544448, -10.566663798260834, -10.5669790544448, -10.566663798260834, -10.566663798260834, -10.566663798260834, -10.5669790544448, -10.566663798260834, -10.566663798260834, -10.566663798260834, -10.566663798260834, -10.566663798260834, -10.566348542076867, -10.5669790544448, -10.566663798260834, -10.566663798260834, -10.566663798260834, -10.566348542076867, -10.566348542076867, -10.566348542076867, -10.5669790544448, -10.5669790544448, -10.566663798260834, -10.5669790544448, -10.566663798260834, -10.566663798260834, -10.5669790544448, -10.566663798260834, -10.5669790544448, -10.566663798260834, -10.566663798260834, -10.566663798260834, -10.566663798260834, -10.566663798260834, -10.5669790544448, -10.566663798260834, -10.566663798260834, -10.566663798260834, -10.566663798260834, -10.566663798260834, -10.5669790544448, -10.566663798260834, -10.566663798260834, -10.566663798260834, -10.566663798260834, -10.566663798260834, -10.566663798260834, -10.566663798260834, -10.566663798260834, -10.566663798260834, -10.5669790544448, -10.566663798260834, -10.566663798260834, -10.566663798260834, -10.566348542076867, -10.566663798260834, -10.566663798260834, -10.566663798260834, -10.566348542076867, -10.566348542076867, -10.566663798260834, -10.5669790544448, -10.566348542076867, -10.5669790544448, -10.566663798260834, -10.566348542076867, -10.566663798260834, -10.566663798260834, -10.566663798260834, -10.566663798260834, -10.566348542076867, -10.5669790544448, -10.566663798260834, -10.5669790544448, -10.566663798260834, -10.5669790544448, -10.566663798260834, -10.566663798260834, -10.566663798260834, -10.566348542076867, -10.566348542076867, -10.5669790544448, -10.566663798260834, -10.566663798260834, -10.566663798260834, -10.566663798260834, -10.566663798260834, -10.566663798260834, -10.566663798260834, -10.5669790544448, -10.566663798260834, -10.566663798260834, -10.566663798260834, -10.5669790544448, -10.5669790544448, -10.566348542076867, -10.566663798260834, -10.566663798260834, -10.5669790544448, -10.566663798260834, -10.566663798260834, -10.5669790544448, -10.566663798260834, -10.5669790544448, -10.566663798260834, -10.5669790544448, -10.5669790544448, -10.566348542076867, -10.5669790544448, -10.566663798260834, -10.566663798260834, -10.566663798260834, -10.5669790544448, -10.566663798260834, -10.566348542076867, -10.5669790544448, -10.566663798260834, -10.5660332858929, -10.5669790544448, -10.566663798260834, -10.566348542076867, -10.566663798260834, -10.5669790544448, -10.566663798260834, -10.566663798260834, -10.566663798260834, -10.5669790544448, -10.566348542076867, -10.566663798260834, -10.566663798260834, -10.5669790544448, -10.566663798260834, -10.566348542076867, -10.566663798260834, -10.566663798260834, -10.566663798260834, -10.566348542076867, -10.566348542076867, -10.566663798260834, -10.566663798260834, -10.566663798260834, -10.566663798260834, -10.566663798260834, -10.5669790544448, -10.566663798260834, -10.5669790544448, -10.566663798260834, -10.566663798260834, -10.566663798260834, -10.5669790544448, -10.566663798260834, -10.566663798260834, -10.5669790544448, -10.566348542076867, -10.566663798260834, -10.566663798260834, -10.566663798260834, -10.566663798260834, -10.566663798260834, -10.566663798260834, -10.5669790544448, -10.566663798260834, -10.566663798260834, -10.566663798260834, -10.566663798260834, -10.566663798260834, -10.566663798260834, -10.566663798260834, -10.566663798260834, -10.566348542076867], \"AIN2\": [-10.566663798260834, -10.566663798260834, -10.566663798260834, -10.566663798260834, -10.566663798260834, -10.566663798260834, -10.566663798260834, -10.566663798260834, -10.5669790544448, -10.566663798260834, -10.5669790544448, -10.5669790544448, -10.566663798260834, -10.566663798260834, -10.566663798260834, -10.566348542076867, -10.566663798260834, -10.566663798260834, -10.566348542076867, -10.566663798260834, -10.5669790544448, -10.5669790544448, -10.566663798260834, -10.566663798260834, -10.566663798260834, -10.5669790544448, -10.566663798260834, -10.566663798260834, -10.566663798260834, -10.5669790544448, -10.5669790544448, -10.5669790544448, -10.566663798260834, -10.566663798260834, -10.566663798260834, -10.566663798260834, -10.566663798260834, -10.5669790544448, -10.566348542076867, -10.566663798260834, -10.567294310628768, -10.566663798260834, -10.566348542076867, -10.566348542076867, -10.566663798260834, -10.566348542076867, -10.566663798260834, -10.566663798260834, -10.566348542076867, -10.566663798260834, -10.566348542076867, -10.5669790544448, -10.566663798260834, -10.566663798260834, -10.566663798260834, -10.566663798260834, -10.5669790544448, -10.566348542076867, -10.566663798260834, -10.566348542076867, -10.566663798260834, -10.566663798260834, -10.566663798260834, -10.5669790544448, -10.5669790544448, -10.566663798260834, -10.5669790544448, -10.5669790544448, -10.5669790544448, -10.566348542076867, -10.566663798260834, -10.566663798260834, -10.5669790544448, -10.566663798260834, -10.566663798260834, -10.566663798260834, -10.5669790544448, -10.5669790544448, -10.566348542076867, -10.5669790544448, -10.566348542076867, -10.566663798260834, -10.566348542076867, -10.5669790544448, -10.5669790544448, -10.566663798260834, -10.566663798260834, -10.566348542076867, -10.5669790544448, -10.566663798260834, -10.5669790544448, -10.566348542076867, -10.566348542076867, -10.566663798260834, -10.566348542076867, -10.566663798260834, -10.566663798260834, -10.566663798260834, -10.566663798260834, -10.566663798260834, -10.566348542076867, -10.5669790544448, -10.566663798260834, -10.566663798260834, -10.566663798260834, -10.566348542076867, -10.566663798260834, -10.5669790544448, -10.566663798260834, -10.566663798260834, -10.566663798260834, -10.566663798260834, -10.566663798260834, -10.5669790544448, -10.566663798260834, -10.566663798260834, -10.566663798260834, -10.5669790544448, -10.566348542076867, -10.566663798260834, -10.5669790544448, -10.566663798260834, -10.566663798260834, -10.566348542076867, -10.566663798260834, -10.566663798260834, -10.566663798260834, -10.566663798260834, -10.566663798260834, -10.566663798260834, -10.566663798260834, -10.5669790544448, -10.5669790544448, -10.566348542076867, -10.5669790544448, -10.566663798260834, -10.5669790544448, -10.566663798260834, -10.566663798260834, -10.566663798260834, -10.566663798260834, -10.566663798260834, -10.566663798260834, -10.566663798260834, -10.5669790544448, -10.5669790544448, -10.5669790544448, -10.5669790544448, -10.566663798260834, -10.5669790544448, -10.566663798260834, -10.5669790544448, -10.5669790544448, -10.566663798260834, -10.566663798260834, -10.566348542076867, -10.566663798260834, -10.566663798260834, -10.566348542076867, -10.566663798260834, -10.5669790544448, -10.5669790544448, -10.566663798260834, -10.5669790544448, -10.566663798260834, -10.5669790544448, -10.566663798260834, -10.566348542076867, -10.566663798260834, -10.566348542076867, -10.5669790544448, -10.5669790544448, -10.566663798260834, -10.5669790544448, -10.5669790544448, -10.566663798260834, -10.566663798260834, -10.5669790544448, -10.5669790544448, -10.566348542076867, -10.566663798260834, -10.5669790544448, -10.566663798260834, -10.566663798260834, -10.566663798260834, -10.566663798260834, -10.5669790544448, -10.566663798260834, -10.566348542076867, -10.566348542076867, -10.566663798260834, -10.566663798260834, -10.5669790544448, -10.566663798260834, -10.566348542076867, -10.5669790544448, -10.5669790544448, -10.566663798260834, -10.566663798260834, -10.5669790544448, -10.566663798260834, -10.566663798260834, -10.566348542076867, -10.566663798260834, -10.5669790544448, -10.566663798260834, -10.5669790544448, -10.566663798260834, -10.5669790544448, -10.566663798260834, -10.566348542076867, -10.566663798260834, -10.566663798260834, -10.5669790544448, -10.566663798260834, -10.566663798260834, -10.566663798260834, -10.566663798260834, -10.566663798260834, -10.566663798260834, -10.5669790544448, -10.5669790544448, -10.566663798260834, -10.566663798260834, -10.566348542076867, -10.566663798260834, -10.566663798260834, -10.566663798260834, -10.5669790544448, -10.566663798260834, -10.566663798260834, -10.5669790544448, -10.566663798260834, -10.5669790544448, -10.566663798260834, -10.566663798260834, -10.5669790544448, -10.566663798260834, -10.566663798260834, -10.566348542076867, -10.566663798260834, -10.566663798260834, -10.566663798260834, -10.566663798260834, -10.5669790544448, -10.566663798260834, -10.566663798260834, -10.5669790544448, -10.566663798260834, -10.5669790544448], \"AIN3\": [-10.5669790544448, -10.566348542076867, -10.566663798260834, -10.566348542076867, -10.566663798260834, -10.566663798260834, -10.566663798260834, -10.5669790544448, -10.566348542076867, -10.5669790544448, -10.566663798260834, -10.566348542076867, -10.566663798260834, -10.566663798260834, -10.5669790544448, -10.566348542076867, -10.5669790544448, -10.566663798260834, -10.566663798260834, -10.566663798260834, -10.566663798260834, -10.5669790544448, -10.5669790544448, -10.5669790544448, -10.566663798260834, -10.566348542076867, -10.566663798260834, -10.566663798260834, -10.566663798260834, -10.5669790544448, -10.566663798260834, -10.566663798260834, -10.566663798260834, -10.566663798260834, -10.566663798260834, -10.566663798260834, -10.566663798260834, -10.566663798260834, -10.566663798260834, -10.566348542076867, -10.566663798260834, -10.5669790544448, -10.566663798260834, -10.5669790544448, -10.566663798260834, -10.5669790544448, -10.566348542076867, -10.566348542076867, -10.566663798260834, -10.5669790544448, -10.566663798260834, -10.566663798260834, -10.566663798260834, -10.566663798260834, -10.566348542076867, -10.566663798260834, -10.566663798260834, -10.5669790544448, -10.5669790544448, -10.5669790544448, -10.566663798260834, -10.566663798260834, -10.566663798260834, -10.567294310628768, -10.566663798260834, -10.5669790544448, -10.566348542076867, -10.5669790544448, -10.5669790544448, -10.566348542076867, -10.566663798260834, -10.566348542076867, -10.566663798260834, -10.566663798260834, -10.566663798260834, -10.566663798260834, -10.566663798260834, -10.566663798260834, -10.566663798260834, -10.5669790544448, -10.5669790544448, -10.566663798260834, -10.5669790544448, -10.566663798260834, -10.566663798260834, -10.566663798260834, -10.566663798260834, -10.566348542076867, -10.566348542076867, -10.5669790544448, -10.566663798260834, -10.566663798260834, -10.566663798260834, -10.566663798260834, -10.566663798260834, -10.566663798260834, -10.5669790544448, -10.566348542076867, -10.566663798260834, -10.566663798260834, -10.566663798260834, -10.566348542076867, -10.5669790544448, -10.566663798260834, -10.5669790544448, -10.5669790544448, -10.566663798260834, -10.566663798260834, -10.566663798260834, -10.566663798260834, -10.566348542076867, -10.566663798260834, -10.566348542076867, -10.566663798260834, -10.566348542076867, -10.566663798260834, -10.5669790544448, -10.566663798260834, -10.566663798260834, -10.5669790544448, -10.566663798260834, -10.5669790544448, -10.5669790544448, -10.566348542076867, -10.566348542076867, -10.566663798260834, -10.5669790544448, -10.566663798260834, -10.566348542076867, -10.5669790544448, -10.566663798260834, -10.566663798260834, -10.566348542076867, -10.5669790544448, -10.566663798260834, -10.566663798260834, -10.566663798260834, -10.5669790544448, -10.566663798260834, -10.566663798260834, -10.566663798260834, -10.567294310628768, -10.5669790544448, -10.5669790544448, -10.566663798260834, -10.566348542076867, -10.566663798260834, -10.566663798260834, -10.566663798260834, -10.566348542076867, -10.566663798260834, -10.566348542076867, -10.5669790544448, -10.566663798260834, -10.5669790544448, -10.566663798260834, -10.566663798260834, -10.566663798260834, -10.566348542076867, -10.566663798260834, -10.566663798260834, -10.5669790544448, -10.566663798260834, -10.566663798260834, -10.566348542076867, -10.566348542076867, -10.5669790544448, -10.566663798260834, -10.566663798260834, -10.566663798260834, -10.566663798260834, -10.566348542076867, -10.566663798260834, -10.5669790544448, -10.566348542076867, -10.566663798260834, -10.566663798260834, -10.566663798260834, -10.566663798260834, -10.566348542076867, -10.566663798260834, -10.5669790544448, -10.566663798260834, -10.566663798260834, -10.5669790544448, -10.566663798260834, -10.5669790544448, -10.566663798260834, -10.566663798260834, -10.566348542076867, -10.566663798260834, -10.5669790544448, -10.566663798260834, -10.566663798260834, -10.5669790544448, -10.566348542076867, -10.5669790544448, -10.566663798260834, -10.566663798260834, -10.5669790544448, -10.566663798260834, -10.5669790544448, -10.566663798260834, -10.566663798260834, -10.566663798260834, -10.5669790544448, -10.566663798260834, -10.566348542076867, -10.566663798260834, -10.5669790544448, -10.566663798260834, -10.566348542076867, -10.5669790544448, -10.566663798260834, -10.5669790544448, -10.5669790544448, -10.566663798260834, -10.566348542076867, -10.5669790544448, -10.566348542076867, -10.566663798260834, -10.5669790544448, -10.5669790544448, -10.566348542076867, -10.566663798260834, -10.566663798260834, -10.5669790544448, -10.5669790544448, -10.566663798260834, -10.566663798260834, -10.566663798260834, -10.566663798260834, -10.566348542076867, -10.566663798260834, -10.566663798260834, -10.5669790544448, -10.566663798260834, -10.5669790544448, -10.566663798260834, -10.566348542076867, -10.5669790544448, -10.566663798260834, -10.566348542076867, -10.566663798260834, -10.566663798260834, -10.566663798260834, -10.566663798260834, -10.566663798260834, -10.566663798260834, -10.566663798260834]}, \"data_type\": \"<type 'collections.defaultdict'>\"}"}
{"message": "{\"timestamp\": 5.576636075973511, \"object_type\": \"labjack_stream\", \"data\": {\"AIN0\": [-10.566348542076867, -10.566663798260834, -10.566348542076867, -10.566663798260834, -10.566663798260834, -10.566663798260834, -10.566663798260834, -10.5669790544448, -10.5669790544448, -10.566663798260834, -10.5669790544448, -10.566663798260834, -10.566663798260834, -10.566663798260834, -10.566663798260834, -10.566348542076867, -10.566663798260834, -10.566348542076867, -10.566663798260834, -10.566663798260834, -10.5669790544448, -10.566663798260834, -10.566663798260834, -10.566663798260834, -10.5669790544448, -10.566663798260834, -10.5669790544448, -10.5669790544448, -10.566663798260834, -10.566663798260834, -10.566663798260834, -10.566663798260834, -10.566663798260834, -10.566663798260834, -10.566663798260834, -10.566663798260834, -10.566663798260834, -10.566663798260834, -10.566348542076867, -10.566663798260834, -10.5669790544448, -10.566663798260834, -10.5669790544448, -10.566663798260834, -10.566348542076867, -10.5669790544448, -10.566663798260834, -10.5669790544448, -10.566663798260834, -10.566663798260834, -10.566663798260834, -10.566663798260834, -10.566663798260834, -10.566663798260834, -10.566663798260834, -10.5669790544448, -10.566663798260834, -10.566663798260834, -10.566663798260834, -10.566663798260834, -10.566663798260834, -10.566348542076867, -10.566663798260834, -10.566348542076867, -10.566663798260834, -10.5669790544448, -10.566663798260834, -10.566663798260834, -10.5669790544448, -10.5669790544448, -10.566663798260834, -10.5669790544448, -10.566663798260834, -10.566348542076867, -10.5669790544448, -10.566663798260834, -10.566663798260834, -10.566663798260834, -10.566663798260834, -10.566663798260834, -10.566663798260834, -10.566348542076867, -10.566348542076867, -10.5669790544448, -10.566663798260834, -10.566663798260834, -10.566348542076867, -10.5669790544448, -10.566663798260834, -10.566663798260834, -10.566348542076867, -10.5669790544448, -10.566663798260834, -10.566348542076867, -10.566663798260834, -10.566348542076867, -10.566348542076867, -10.566663798260834, -10.566348542076867, -10.5669790544448, -10.566663798260834, -10.566663798260834, -10.566348542076867, -10.566348542076867, -10.5669790544448, -10.566348542076867, -10.566663798260834, -10.566663798260834, -10.5669790544448, -10.566663798260834, -10.566348542076867, -10.566663798260834, -10.567294310628768, -10.566663798260834, -10.566663798260834, -10.5669790544448, -10.566348542076867, -10.5669790544448, -10.566348542076867, -10.5669790544448, -10.566348542076867, -10.5669790544448, -10.566663798260834, -10.5669790544448, -10.5669790544448, -10.566348542076867, -10.566348542076867, -10.566663798260834, -10.5669790544448, -10.566663798260834, -10.566663798260834, -10.5669790544448, -10.566348542076867, -10.566663798260834, -10.5669790544448, -10.566663798260834, -10.566663798260834, -10.566663798260834, -10.566663798260834, -10.566663798260834, -10.566663798260834, -10.566663798260834, -10.566663798260834, -10.5669790544448, -10.566348542076867, -10.566663798260834, -10.5669790544448, -10.566348542076867, -10.566348542076867, -10.566348542076867, -10.566348542076867, -10.566663798260834, -10.566348542076867, -10.5669790544448, -10.566663798260834, -10.566663798260834, -10.566663798260834, -10.5669790544448, -10.566663798260834, -10.566663798260834, -10.566663798260834, -10.566663798260834, -10.566663798260834, -10.566663798260834, -10.566663798260834, -10.5669790544448, -10.566663798260834, -10.566348542076867, -10.566663798260834, -10.566663798260834, -10.566663798260834, -10.566663798260834, -10.566663798260834, -10.566348542076867, -10.566663798260834, -10.5669790544448, -10.566663798260834, -10.5669790544448, -10.566348542076867, -10.566348542076867, -10.566663798260834, -10.566348542076867, -10.566663798260834, -10.566663798260834, -10.5669790544448, -10.566663798260834, -10.566348542076867, -10.566663798260834, -10.566348542076867, -10.566663798260834, -10.566348542076867, -10.566663798260834, -10.566663798260834, -10.566348542076867, -10.566663798260834, -10.566663798260834, -10.566663798260834, -10.566663798260834, -10.566663798260834, -10.566348542076867, -10.5669790544448, -10.566663798260834, -10.5669790544448, -10.566348542076867, -10.566663798260834, -10.566663798260834, -10.566663798260834, -10.5669790544448, -10.566663798260834, -10.5669790544448, -10.566348542076867, -10.566663798260834, -10.566663798260834, -10.566663798260834, -10.566663798260834, -10.566663798260834, -10.566348542076867, -10.566348542076867, -10.566663798260834, -10.566348542076867, -10.566663798260834, -10.5669790544448, -10.566663798260834, -10.566663798260834, -10.566663798260834, -10.566663798260834, -10.566663798260834, -10.566663798260834, -10.566348542076867, -10.566348542076867, -10.566663798260834, -10.566663798260834, -10.566663798260834, -10.566663798260834, -10.566348542076867, -10.566663798260834, -10.566663798260834, -10.566663798260834, -10.566663798260834, -10.566663798260834, -10.566663798260834, -10.566663798260834, -10.566663798260834, -10.5669790544448, -10.5669790544448, -10.566348542076867, -10.5669790544448, -10.566663798260834, -10.566348542076867, -10.566348542076867], \"AIN1\": [-10.5669790544448, -10.566663798260834, -10.566663798260834, -10.566663798260834, -10.566348542076867, -10.566663798260834, -10.566663798260834, -10.566663798260834, -10.566663798260834, -10.566663798260834, -10.566663798260834, -10.5669790544448, -10.566663798260834, -10.566663798260834, -10.566663798260834, -10.5669790544448, -10.566348542076867, -10.5669790544448, -10.566348542076867, -10.566663798260834, -10.5669790544448, -10.5669790544448, -10.566348542076867, -10.566663798260834, -10.566663798260834, -10.566663798260834, -10.5669790544448, -10.566663798260834, -10.566348542076867, -10.5669790544448, -10.5669790544448, -10.566663798260834, -10.566348542076867, -10.566663798260834, -10.566663798260834, -10.566663798260834, -10.5669790544448, -10.566663798260834, -10.566663798260834, -10.5669790544448, -10.566663798260834, -10.5669790544448, -10.5669790544448, -10.5669790544448, -10.5669790544448, -10.566663798260834, -10.566663798260834, -10.5669790544448, -10.566663798260834, -10.566663798260834, -10.566663798260834, -10.5669790544448, -10.5669790544448, -10.566663798260834, -10.5669790544448, -10.566663798260834, -10.566663798260834, -10.566663798260834, -10.566663798260834, -10.566348542076867, -10.5669790544448, -10.566663798260834, -10.566348542076867, -10.5669790544448, -10.5669790544448, -10.566663798260834, -10.566663798260834, -10.566663798260834, -10.566663798260834, -10.566663798260834, -10.566663798260834, -10.566663798260834, -10.5669790544448, -10.566348542076867, -10.5669790544448, -10.566348542076867, -10.5669790544448, -10.566663798260834, -10.566663798260834, -10.566663798260834, -10.566348542076867, -10.566663798260834, -10.566663798260834, -10.5669790544448, -10.5669790544448, -10.566663798260834, -10.5669790544448, -10.5669790544448, -10.5669790544448, -10.566663798260834, -10.566663798260834, -10.5669790544448, -10.566663798260834, -10.566663798260834, -10.566663798260834, -10.566663798260834, -10.566348542076867, -10.566663798260834, -10.566663798260834, -10.5669790544448, -10.566348542076867, -10.566663798260834, -10.5669790544448, -10.5669790544448, -10.566663798260834, -10.5669790544448, -10.5669790544448, -10.566663798260834, -10.5669790544448, -10.566663798260834, -10.5660332858929, -10.566663798260834, -10.566348542076867, -10.566663798260834, -10.566663798260834, -10.5669790544448, -10.566663798260834, -10.567294310628768, -10.566663798260834, -10.5669790544448, -10.566663798260834, -10.566348542076867, -10.5669790544448, -10.566348542076867, -10.566348542076867, -10.566663798260834, -10.5669790544448, -10.566663798260834, -10.566663798260834, -10.566663798260834, -10.566663798260834, -10.566663798260834, -10.5669790544448, -10.566663798260834, -10.5669790544448, -10.566663798260834, -10.566663798260834, -10.566663798260834, -10.566663798260834, -10.5669790544448, -10.566348542076867, -10.566663798260834, -10.566663798260834, -10.566663798260834, -10.5669790544448, -10.5669790544448, -10.566663798260834, -10.5669790544448, -10.566663798260834, -10.566663798260834, -10.5669790544448, -10.566663798260834, -10.5669790544448, -10.566348542076867, -10.566663798260834, -10.566663798260834, -10.566663798260834, -10.5669790544448, -10.566663798260834, -10.5669790544448, -10.566663798260834, -10.566663798260834, -10.5669790544448, -10.566663798260834, -10.566663798260834, -10.5669790544448, -10.566663798260834, -10.566663798260834, -10.566663798260834, -10.5669790544448, -10.566663798260834, -10.566663798260834, -10.566348542076867, -10.566663798260834, -10.566348542076867, -10.566663798260834, -10.566663798260834, -10.566348542076867, -10.566663798260834, -10.566663798260834, -10.566348542076867, -10.566663798260834, -10.5669790544448, -10.566663798260834, -10.566663798260834, -10.566663798260834, -10.566663798260834, -10.566348542076867, -10.566663798260834, -10.5669790544448, -10.566663798260834, -10.5669790544448, -10.566663798260834, -10.566663798260834, -10.566663798260834, -10.566663798260834, -10.566663798260834, -10.566663798260834, -10.566663798260834, -10.5669790544448, -10.566663798260834, -10.566348542076867, -10.566663798260834, -10.566663798260834, -10.566663798260834, -10.566663798260834, -10.5669790544448, -10.566663798260834, -10.5669790544448, -10.566348542076867, -10.566348542076867, -10.566663798260834, -10.566663798260834, -10.566663798260834, -10.5669790544448, -10.566663798260834, -10.566348542076867, -10.566663798260834, -10.566663798260834, -10.566663798260834, -10.566663798260834, -10.566663798260834, -10.566663798260834, -10.566663798260834, -10.566663798260834, -10.566663798260834, -10.5669790544448, -10.566663798260834, -10.566663798260834, -10.566663798260834, -10.566663798260834, -10.566663798260834, -10.566663798260834, -10.566663798260834, -10.566348542076867, -10.5669790544448, -10.566663798260834, -10.566663798260834, -10.5669790544448, -10.5669790544448, -10.5669790544448, -10.566663798260834, -10.566663798260834, -10.566348542076867, -10.5669790544448, -10.566663798260834, -10.566663798260834, -10.566663798260834, -10.566663798260834, -10.566663798260834], \"AIN2\": [-10.566663798260834, -10.566348542076867, -10.5669790544448, -10.566663798260834, -10.566663798260834, -10.566663798260834, -10.566348542076867, -10.566663798260834, -10.566663798260834, -10.566663798260834, -10.5669790544448, -10.5669790544448, -10.566663798260834, -10.566348542076867, -10.5669790544448, -10.567294310628768, -10.5669790544448, -10.566663798260834, -10.566663798260834, -10.5669790544448, -10.566663798260834, -10.5669790544448, -10.566348542076867, -10.566663798260834, -10.566348542076867, -10.566663798260834, -10.5669790544448, -10.566663798260834, -10.566663798260834, -10.5669790544448, -10.566663798260834, -10.566663798260834, -10.566663798260834, -10.566663798260834, -10.566663798260834, -10.566348542076867, -10.5669790544448, -10.566348542076867, -10.566663798260834, -10.5669790544448, -10.566663798260834, -10.566663798260834, -10.566663798260834, -10.566663798260834, -10.566663798260834, -10.566348542076867, -10.5669790544448, -10.5669790544448, -10.566663798260834, -10.566663798260834, -10.566348542076867, -10.566348542076867, -10.566348542076867, -10.566348542076867, -10.566663798260834, -10.566663798260834, -10.566663798260834, -10.5669790544448, -10.566348542076867, -10.5669790544448, -10.566663798260834, -10.566663798260834, -10.5669790544448, -10.566663798260834, -10.5669790544448, -10.566663798260834, -10.566348542076867, -10.5669790544448, -10.566663798260834, -10.566663798260834, -10.566663798260834, -10.566348542076867, -10.566663798260834, -10.5669790544448, -10.5669790544448, -10.566663798260834, -10.5669790544448, -10.566663798260834, -10.566663798260834, -10.566663798260834, -10.566663798260834, -10.566348542076867, -10.5669790544448, -10.5669790544448, -10.566348542076867, -10.5669790544448, -10.5669790544448, -10.566663798260834, -10.566663798260834, -10.566663798260834, -10.566663798260834, -10.566663798260834, -10.566348542076867, -10.566663798260834, -10.5669790544448, -10.566348542076867, -10.566663798260834, -10.5669790544448, -10.566663798260834, -10.566663798260834, -10.566663798260834, -10.566663798260834, -10.5669790544448, -10.5669790544448, -10.5669790544448, -10.566663798260834, -10.566663798260834, -10.5669790544448, -10.5669790544448, -10.5669790544448, -10.5669790544448, -10.566663798260834, -10.566663798260834, -10.566348542076867, -10.5669790544448, -10.566663798260834, -10.5669790544448, -10.566663798260834, -10.566663798260834, -10.566663798260834, -10.5669790544448, -10.5669790544448, -10.5669790544448, -10.566663798260834, -10.5669790544448, -10.566663798260834, -10.566663798260834, -10.566663798260834, -10.566348542076867, -10.566663798260834, -10.566348542076867, -10.566663798260834, -10.566348542076867, -10.566663798260834, -10.566663798260834, -10.566663798260834, -10.566663798260834, -10.566663798260834, -10.5669790544448, -10.5669790544448, -10.566663798260834, -10.566348542076867, -10.5669790544448, -10.566663798260834, -10.566348542076867, -10.5669790544448, -10.566663798260834, -10.566663798260834, -10.566663798260834, -10.566348542076867, -10.566663798260834, -10.5669790544448, -10.566663798260834, -10.566663798260834, -10.5669790544448, -10.566348542076867, -10.566663798260834, -10.566663798260834, -10.566663798260834, -10.566663798260834, -10.5669790544448, -10.5669790544448, -10.5669790544448, -10.566663798260834, -10.566663798260834, -10.5669790544448, -10.5669790544448, -10.566663798260834, -10.566663798260834, -10.5669790544448, -10.566663798260834, -10.566663798260834, -10.566348542076867, -10.566348542076867, -10.5669790544448, -10.5669790544448, -10.566348542076867, -10.5669790544448, -10.566348542076867, -10.566663798260834, -10.566348542076867, -10.566663798260834, -10.566663798260834, -10.566663798260834, -10.5669790544448, -10.566663798260834, -10.566663798260834, -10.5669790544448, -10.566663798260834, -10.566663798260834, -10.566663798260834, -10.5669790544448, -10.566348542076867, -10.566348542076867, -10.566663798260834, -10.566348542076867, -10.5669790544448, -10.566663798260834, -10.566348542076867, -10.5669790544448, -10.566663798260834, -10.566663798260834, -10.566663798260834, -10.566348542076867, -10.566663798260834, -10.566663798260834, -10.5669790544448, -10.566663798260834, -10.566348542076867, -10.5669790544448, -10.566348542076867, -10.566663798260834, -10.5669790544448, -10.566663798260834, -10.5669790544448, -10.566663798260834, -10.566663798260834, -10.566348542076867, -10.566663798260834, -10.566348542076867, -10.566663798260834, -10.566663798260834, -10.5669790544448, -10.5669790544448, -10.5669790544448, -10.5669790544448, -10.566663798260834, -10.566663798260834, -10.5669790544448, -10.566663798260834, -10.5669790544448, -10.566663798260834, -10.566663798260834, -10.566663798260834, -10.566663798260834, -10.566663798260834, -10.5669790544448, -10.566663798260834, -10.5669790544448, -10.566663798260834, -10.566348542076867, -10.566663798260834, -10.5669790544448, -10.566663798260834, -10.566348542076867, -10.5669790544448, -10.566348542076867, -10.5669790544448, -10.5669790544448, -10.566348542076867], \"AIN3\": [-10.566663798260834, -10.5669790544448, -10.5669790544448, -10.5669790544448, -10.566663798260834, -10.5669790544448, -10.5669790544448, -10.566663798260834, -10.5669790544448, -10.5669790544448, -10.566348542076867, -10.5669790544448, -10.566663798260834, -10.5669790544448, -10.566663798260834, -10.566663798260834, -10.566348542076867, -10.566663798260834, -10.566663798260834, -10.566348542076867, -10.5669790544448, -10.566348542076867, -10.566663798260834, -10.566663798260834, -10.566663798260834, -10.5669790544448, -10.5669790544448, -10.566663798260834, -10.566348542076867, -10.566663798260834, -10.5669790544448, -10.566663798260834, -10.566348542076867, -10.5669790544448, -10.566663798260834, -10.5669790544448, -10.566663798260834, -10.566663798260834, -10.566663798260834, -10.566663798260834, -10.5669790544448, -10.5669790544448, -10.5669790544448, -10.566663798260834, -10.566663798260834, -10.566663798260834, -10.566663798260834, -10.566663798260834, -10.566348542076867, -10.5669790544448, -10.566663798260834, -10.566663798260834, -10.566348542076867, -10.5669790544448, -10.566663798260834, -10.566663798260834, -10.566663798260834, -10.566348542076867, -10.566348542076867, -10.566663798260834, -10.5669790544448, -10.566663798260834, -10.566663798260834, -10.566348542076867, -10.5669790544448, -10.5669790544448, -10.566663798260834, -10.5669790544448, -10.5669790544448, -10.566348542076867, -10.566663798260834, -10.566663798260834, -10.566663798260834, -10.566348542076867, -10.566663798260834, -10.566663798260834, -10.5669790544448, -10.566663798260834, -10.566663798260834, -10.566663798260834, -10.566663798260834, -10.566663798260834, -10.5669790544448, -10.5669790544448, -10.566348542076867, -10.5669790544448, -10.566663798260834, -10.566663798260834, -10.566663798260834, -10.5669790544448, -10.5669790544448, -10.566663798260834, -10.5669790544448, -10.5669790544448, -10.566348542076867, -10.5669790544448, -10.566348542076867, -10.5669790544448, -10.5669790544448, -10.5669790544448, -10.5669790544448, -10.566663798260834, -10.566663798260834, -10.566663798260834, -10.566663798260834, -10.5669790544448, -10.566663798260834, -10.566663798260834, -10.5669790544448, -10.5669790544448, -10.5669790544448, -10.5669790544448, -10.5669790544448, -10.566663798260834, -10.566663798260834, -10.5669790544448, -10.566348542076867, -10.5669790544448, -10.5669790544448, -10.566663798260834, -10.566663798260834, -10.566663798260834, -10.566348542076867, -10.5669790544448, -10.566663798260834, -10.5669790544448, -10.566663798260834, -10.566663798260834, -10.566663798260834, -10.566348542076867, -10.5669790544448, -10.5669790544448, -10.566663798260834, -10.5669790544448, -10.566348542076867, -10.5669790544448, -10.566663798260834, -10.5669790544448, -10.566348542076867, -10.5669790544448, -10.566663798260834, -10.566663798260834, -10.5669790544448, -10.5669790544448, -10.5669790544448, -10.566663798260834, -10.566663798260834, -10.566663798260834, -10.5669790544448, -10.566663798260834, -10.566663798260834, -10.566663798260834, -10.566348542076867, -10.566663798260834, -10.5669790544448, -10.566348542076867, -10.566348542076867, -10.566663798260834, -10.5669790544448, -10.566663798260834, -10.5669790544448, -10.566348542076867, -10.566663798260834, -10.566663798260834, -10.566663798260834, -10.566663798260834, -10.566663798260834, -10.566663798260834, -10.5669790544448, -10.566663798260834, -10.566663798260834, -10.566663798260834, -10.566663798260834, -10.566663798260834, -10.566663798260834, -10.566663798260834, -10.566348542076867, -10.566663798260834, -10.566348542076867, -10.566663798260834, -10.5669790544448, -10.5669790544448, -10.566663798260834, -10.566663798260834, -10.566663798260834, -10.566663798260834, -10.566663798260834, -10.566663798260834, -10.566348542076867, -10.5669790544448, -10.566663798260834, -10.566663798260834, -10.566663798260834, -10.566663798260834, -10.5669790544448, -10.566663798260834, -10.566663798260834, -10.5669790544448, -10.566663798260834, -10.566663798260834, -10.566663798260834, -10.566663798260834, -10.566663798260834, -10.566663798260834, -10.566663798260834, -10.566663798260834, -10.566663798260834, -10.566663798260834, -10.566348542076867, -10.566663798260834, -10.566348542076867, -10.5669790544448, -10.566663798260834, -10.5669790544448, -10.566663798260834, -10.566663798260834, -10.566663798260834, -10.566663798260834, -10.566663798260834, -10.566663798260834, -10.5669790544448, -10.566348542076867, -10.566663798260834, -10.566663798260834, -10.5669790544448, -10.566663798260834, -10.566663798260834, -10.566663798260834, -10.5669790544448, -10.566348542076867, -10.5669790544448, -10.566663798260834, -10.566663798260834, -10.5669790544448, -10.5669790544448, -10.566663798260834, -10.566663798260834, -10.566663798260834, -10.566663798260834, -10.5669790544448, -10.566663798260834, -10.566663798260834, -10.566663798260834, -10.5669790544448, -10.566663798260834, -10.5669790544448, -10.5669790544448, -10.567294310628768, -10.566663798260834, -10.5669790544448]}, \"data_type\": \"<type 'collections.defaultdict'>\"}"}
{"message": "{\"timestamp\": 5.801368951797485, \"object_type\": \"labjack_stream\", \"data\": {\"AIN0\": [-10.566663798260834, -10.566663798260834, -10.566663798260834, -10.566348542076867, -10.5669790544448, -10.5669790544448, -10.566663798260834, -10.566663798260834, -10.566663798260834, -10.566348542076867, -10.566663798260834, -10.566663798260834, -10.566663798260834, -10.566663798260834, -10.566663798260834, -10.5669790544448, -10.5669790544448, -10.5669790544448, -10.566663798260834, -10.566663798260834, -10.566348542076867, -10.5669790544448, -10.566348542076867, -10.5669790544448, -10.566348542076867, -10.566663798260834, -10.5669790544448, -10.566663798260834, -10.566663798260834, -10.5669790544448, -10.566663798260834, -10.566348542076867, -10.5669790544448, -10.5669790544448, -10.566663798260834, -10.5669790544448, -10.5669790544448, -10.566663798260834, -10.566663798260834, -10.566348542076867, -10.566663798260834, -10.566348542076867, -10.5669790544448, -10.566663798260834, -10.566663798260834, -10.566663798260834, -10.566348542076867, -10.566348542076867, -10.566663798260834, -10.566348542076867, -10.566663798260834, -10.566663798260834, -10.566663798260834, -10.566663798260834, -10.566663798260834, -10.566663798260834, -10.566663798260834, -10.566663798260834, -10.566663798260834, -10.566663798260834, -10.5669790544448, -10.566663798260834, -10.566663798260834, -10.566663798260834, -10.566663798260834, -10.566663798260834, -10.566663798260834, -10.566663798260834, -10.566348542076867, -10.566663798260834, -10.566663798260834, -10.5669790544448, -10.566348542076867, -10.566663798260834, -10.566663798260834, -10.5669790544448, -10.566348542076867, -10.566663798260834, -10.566348542076867, -10.566348542076867, -10.566663798260834, -10.566348542076867, -10.566348542076867, -10.5669790544448, -10.566663798260834, -10.566663798260834, -10.5669790544448, -10.566663798260834, -10.566348542076867, -10.566663798260834, -10.5669790544448, -10.566348542076867, -10.566663798260834, -10.566348542076867, -10.566663798260834, -10.5669790544448, -10.566663798260834, -10.566663798260834, -10.566348542076867, -10.566348542076867, -10.5669790544448, -10.5669790544448, -10.566663798260834, -10.566663798260834, -10.5669790544448, -10.566348542076867, -10.566663798260834, -10.566663798260834, -10.566663798260834, -10.566663798260834, -10.566663798260834, -10.5669790544448, -10.566663798260834, -10.5669790544448, -10.5669790544448, -10.566663798260834, -10.566663798260834, -10.5669790544448, -10.566663798260834, -10.566663798260834, -10.566663798260834, -10.5669790544448, -10.566348542076867, -10.566663798260834, -10.5669790544448, -10.5669790544448, -10.5669790544448, -10.566663798260834, -10.566663798260834, -10.5669790544448, -10.5669790544448, -10.566663798260834, -10.566663798260834, -10.566348542076867, -10.566663798260834, -10.566348542076867, -10.566348542076867, -10.566663798260834, -10.5669790544448, -10.566348542076867, -10.566348542076867, -10.566663798260834, -10.566663798260834, -10.566663798260834, -10.566663798260834, -10.566663798260834, -10.566663798260834, -10.566663798260834, -10.566663798260834, -10.566348542076867, -10.566348542076867, -10.566663798260834, -10.566348542076867, -10.566663798260834, -10.566663798260834, -10.566663798260834, -10.566663798260834, -10.566348542076867, -10.566663798260834, -10.566348542076867, -10.566663798260834, -10.5669790544448, -10.566663798260834, -10.566663798260834, -10.5669790544448, -10.5669790544448, -10.5669790544448, -10.566663798260834, -10.566348542076867, -10.566348542076867, -10.566348542076867, -10.566348542076867, -10.566663798260834, -10.566348542076867, -10.566663798260834, -10.566663798260834, -10.566663798260834, -10.5669790544448, -10.566663798260834, -10.566663798260834, -10.5669790544448, -10.566663798260834, -10.566348542076867, -10.566348542076867, -10.566663798260834, -10.566663798260834, -10.566663798260834, -10.566663798260834, -10.5669790544448, -10.566348542076867, -10.566663798260834, -10.566663798260834, -10.566663798260834, -10.5669790544448, -10.566663798260834, -10.566663798260834, -10.5669790544448, -10.5669790544448, -10.566663798260834, -10.566348542076867, -10.566663798260834, -10.566663798260834, -10.566348542076867, -10.566663798260834, -10.566663798260834, -10.566348542076867, -10.5669790544448, -10.566663798260834, -10.566663798260834, -10.566348542076867, -10.566348542076867, -10.566663798260834, -10.566663798260834, -10.566663798260834, -10.5669790544448, -10.5660332858929, -10.566348542076867, -10.566663798260834, -10.566348542076867, -10.566348542076867, -10.566663798260834, -10.566663798260834, -10.5669790544448, -10.566663798260834, -10.566663798260834, -10.566663798260834, -10.566663798260834, -10.566348542076867, -10.566348542076867, -10.566663798260834, -10.566663798260834, -10.566663798260834, -10.566663798260834, -10.566663798260834, -10.566348542076867, -10.5669790544448, -10.566663798260834, -10.5669790544448, -10.566663798260834, -10.566663798260834, -10.566348542076867, -10.566663798260834, -10.566663798260834, -10.566663798260834, -10.566663798260834, -10.566663798260834, -10.566348542076867, -10.5669790544448, -10.566663798260834, -10.566663798260834], \"AIN1\": [-10.566663798260834, -10.566663798260834, -10.5669790544448, -10.5669790544448, -10.566663798260834, -10.5669790544448, -10.566663798260834, -10.5669790544448, -10.5669790544448, -10.566663798260834, -10.566663798260834, -10.566348542076867, -10.566663798260834, -10.566663798260834, -10.5669790544448, -10.566348542076867, -10.566348542076867, -10.566663798260834, -10.566348542076867, -10.566348542076867, -10.566348542076867, -10.566663798260834, -10.5669790544448, -10.566348542076867, -10.566663798260834, -10.566663798260834, -10.566663798260834, -10.5669790544448, -10.566348542076867, -10.5669790544448, -10.566348542076867, -10.566348542076867, -10.566663798260834, -10.5669790544448, -10.566663798260834, -10.566663798260834, -10.566663798260834, -10.566663798260834, -10.566663798260834, -10.566348542076867, -10.5669790544448, -10.566348542076867, -10.5669790544448, -10.5669790544448, -10.566663798260834, -10.5669790544448, -10.566663798260834, -10.566663798260834, -10.566663798260834, -10.566663798260834, -10.566663798260834, -10.5669790544448, -10.5669790544448, -10.566663798260834, -10.5669790544448, -10.566663798260834, -10.566348542076867, -10.566348542076867, -10.5669790544448, -10.566663798260834, -10.566663798260834, -10.566348542076867, -10.566663798260834, -10.566663798260834, -10.566663798260834, -10.566663798260834, -10.566663798260834, -10.566663798260834, -10.566663798260834, -10.566663798260834, -10.566348542076867, -10.566663798260834, -10.566663798260834, -10.566663798260834, -10.5669790544448, -10.566663798260834, -10.566348542076867, -10.5669790544448, -10.566663798260834, -10.566663798260834, -10.5669790544448, -10.5669790544448, -10.566348542076867, -10.566663798260834, -10.566663798260834, -10.566663798260834, -10.566663798260834, -10.566348542076867, -10.566663798260834, -10.5669790544448, -10.566663798260834, -10.5669790544448, -10.566663798260834, -10.5669790544448, -10.566663798260834, -10.566663798260834, -10.566663798260834, -10.566663798260834, -10.5669790544448, -10.566663798260834, -10.566663798260834, -10.566663798260834, -10.566663798260834, -10.566663798260834, -10.566663798260834, -10.566663798260834, -10.566348542076867, -10.566663798260834, -10.5669790544448, -10.566663798260834, -10.566663798260834, -10.566663798260834, -10.566663798260834, -10.566663798260834, -10.566663798260834, -10.5669790544448, -10.5669790544448, -10.566663798260834, -10.566663798260834, -10.566663798260834, -10.566663798260834, -10.566663798260834, -10.5669790544448, -10.566663798260834, -10.566663798260834, -10.5669790544448, -10.566663798260834, -10.566663798260834, -10.566348542076867, -10.5669790544448, -10.5669790544448, -10.5669790544448, -10.566348542076867, -10.566348542076867, -10.566348542076867, -10.566663798260834, -10.5669790544448, -10.566663798260834, -10.566663798260834, -10.5669790544448, -10.566663798260834, -10.566663798260834, -10.5669790544448, -10.5669790544448, -10.5669790544448, -10.5669790544448, -10.566348542076867, -10.566663798260834, -10.566663798260834, -10.566663798260834, -10.5669790544448, -10.5669790544448, -10.5669790544448, -10.566663798260834, -10.566663798260834, -10.5669790544448, -10.5669790544448, -10.566663798260834, -10.5669790544448, -10.566663798260834, -10.566663798260834, -10.5669790544448, -10.566663798260834, -10.5669790544448, -10.566663798260834, -10.566663798260834, -10.5669790544448, -10.566663798260834, -10.566663798260834, -10.566663798260834, -10.566663798260834, -10.566348542076867, -10.566663798260834, -10.566663798260834, -10.566663798260834, -10.566663798260834, -10.566663798260834, -10.566663798260834, -10.5669790544448, -10.566663798260834, -10.566663798260834, -10.566663798260834, -10.566663798260834, -10.566663798260834, -10.566663798260834, -10.566663798260834, -10.566663798260834, -10.566348542076867, -10.566663798260834, -10.566348542076867, -10.5669790544448, -10.566348542076867, -10.5669790544448, -10.566348542076867, -10.566663798260834, -10.566663798260834, -10.566663798260834, -10.566663798260834, -10.566663798260834, -10.566663798260834, -10.5669790544448, -10.566663798260834, -10.566663798260834, -10.566663798260834, -10.566663798260834, -10.566348542076867, -10.5669790544448, -10.566663798260834, -10.566663798260834, -10.566663798260834, -10.566348542076867, -10.566663798260834, -10.5669790544448, -10.566663798260834, -10.566663798260834, -10.566663798260834, -10.5669790544448, -10.566348542076867, -10.566663798260834, -10.566663798260834, -10.566663798260834, -10.566663798260834, -10.566348542076867, -10.5669790544448, -10.5669790544448, -10.5669790544448, -10.566663798260834, -10.566663798260834, -10.566663798260834, -10.5669790544448, -10.566663798260834, -10.5669790544448, -10.5669790544448, -10.5669790544448, -10.5669790544448, -10.5669790544448, -10.5669790544448, -10.566663798260834, -10.566663798260834, -10.5669790544448, -10.5669790544448, -10.566663798260834, -10.5669790544448, -10.566663798260834, -10.566348542076867, -10.5669790544448, -10.566348542076867, -10.566663798260834, -10.566663798260834, -10.566663798260834], \"AIN2\": [-10.5669790544448, -10.566663798260834, -10.5669790544448, -10.566348542076867, -10.5669790544448, -10.566348542076867, -10.566663798260834, -10.5669790544448, -10.5669790544448, -10.566663798260834, -10.5669790544448, -10.5669790544448, -10.566348542076867, -10.566663798260834, -10.566663798260834, -10.566663798260834, -10.566663798260834, -10.566663798260834, -10.566663798260834, -10.566663798260834, -10.5669790544448, -10.566663798260834, -10.566663798260834, -10.5669790544448, -10.566663798260834, -10.566663798260834, -10.566663798260834, -10.5669790544448, -10.566348542076867, -10.566663798260834, -10.566663798260834, -10.566663798260834, -10.566663798260834, -10.566348542076867, -10.5669790544448, -10.566663798260834, -10.566663798260834, -10.566663798260834, -10.566348542076867, -10.566663798260834, -10.566663798260834, -10.566348542076867, -10.5669790544448, -10.5669790544448, -10.566348542076867, -10.566663798260834, -10.566348542076867, -10.566663798260834, -10.566663798260834, -10.566663798260834, -10.5669790544448, -10.5669790544448, -10.5669790544448, -10.5669790544448, -10.566663798260834, -10.5669790544448, -10.566663798260834, -10.566663798260834, -10.566663798260834, -10.566663798260834, -10.566663798260834, -10.5669790544448, -10.566663798260834, -10.566663798260834, -10.5669790544448, -10.566663798260834, -10.566663798260834, -10.5669790544448, -10.566348542076867, -10.566663798260834, -10.566663798260834, -10.5669790544448, -10.566663798260834, -10.566663798260834, -10.566663798260834, -10.566663798260834, -10.5669790544448, -10.566663798260834, -10.566663798260834, -10.5669790544448, -10.566663798260834, -10.5669790544448, -10.566663798260834, -10.5669790544448, -10.566663798260834, -10.566663798260834, -10.5669790544448, -10.566663798260834, -10.566348542076867, -10.566348542076867, -10.566663798260834, -10.5669790544448, -10.566663798260834, -10.566663798260834, -10.566663798260834, -10.5669790544448, -10.566663798260834, -10.5669790544448, -10.566663798260834, -10.566348542076867, -10.566663798260834, -10.566663798260834, -10.566663798260834, -10.566663798260834, -10.566663798260834, -10.5669790544448, -10.5669790544448, -10.566348542076867, -10.5669790544448, -10.566663798260834, -10.5669790544448, -10.5669790544448, -10.5669790544448, -10.5669790544448, -10.566348542076867, -10.566663798260834, -10.566348542076867, -10.566348542076867, -10.566663798260834, -10.566663798260834, -10.566663798260834, -10.5669790544448, -10.566663798260834, -10.5669790544448, -10.5669790544448, -10.5669790544448, -10.566663798260834, -10.566663798260834, -10.566348542076867, -10.566663798260834, -10.5669790544448, -10.566663798260834, -10.566663798260834, -10.566348542076867, -10.5669790544448, -10.566663798260834, -10.5669790544448, -10.566663798260834, -10.5669790544448, -10.5669790544448, -10.566663798260834, -10.566663798260834, -10.566348542076867, -10.566663798260834, -10.566663798260834, -10.5669790544448, -10.5669790544448, -10.566663798260834, -10.566663798260834, -10.566663798260834, -10.5669790544448, -10.566663798260834, -10.566348542076867, -10.566663798260834, -10.566663798260834, -10.566663798260834, -10.566663798260834, -10.566348542076867, -10.566348542076867, -10.5669790544448, -10.5669790544448, -10.566348542076867, -10.566348542076867, -10.566663798260834, -10.5669790544448, -10.5669790544448, -10.566348542076867, -10.566663798260834, -10.566663798260834, -10.566348542076867, -10.566663798260834, -10.566663798260834, -10.5669790544448, -10.5669790544448, -10.5669790544448, -10.5669790544448, -10.566663798260834, -10.566663798260834, -10.5669790544448, -10.566663798260834, -10.566663798260834, -10.566348542076867, -10.5669790544448, -10.5669790544448, -10.566663798260834, -10.566663798260834, -10.5669790544448, -10.566348542076867, -10.566663798260834, -10.566663798260834, -10.566663798260834, -10.566663798260834, -10.566663798260834, -10.5669790544448, -10.566663798260834, -10.566663798260834, -10.5669790544448, -10.566348542076867, -10.566663798260834, -10.566663798260834, -10.566663798260834, -10.5669790544448, -10.566348542076867, -10.5669790544448, -10.566663798260834, -10.566663798260834, -10.566663798260834, -10.566663798260834, -10.566348542076867, -10.5669790544448, -10.566348542076867, -10.566663798260834, -10.566663798260834, -10.566663798260834, -10.566663798260834, -10.5669790544448, -10.566663798260834, -10.566663798260834, -10.566348542076867, -10.566663798260834, -10.566663798260834, -10.566663798260834, -10.5669790544448, -10.566663798260834, -10.566663798260834, -10.5669790544448, -10.566663798260834, -10.566348542076867, -10.566663798260834, -10.566663798260834, -10.566663798260834, -10.566663798260834, -10.566663798260834, -10.566348542076867, -10.566663798260834, -10.566663798260834, -10.566663798260834, -10.566663798260834, -10.566348542076867, -10.566663798260834, -10.566348542076867, -10.566348542076867, -10.5669790544448, -10.5669790544448, -10.566663798260834, -10.5669790544448, -10.5669790544448, -10.5669790544448, -10.5669790544448, -10.566348542076867], \"AIN3\": [-10.566348542076867, -10.566663798260834, -10.5669790544448, -10.5669790544448, -10.5669790544448, -10.5669790544448, -10.566663798260834, -10.566663798260834, -10.5669790544448, -10.566348542076867, -10.566663798260834, -10.566348542076867, -10.566663798260834, -10.566663798260834, -10.566663798260834, -10.566663798260834, -10.566348542076867, -10.5669790544448, -10.5669790544448, -10.566663798260834, -10.566348542076867, -10.566663798260834, -10.566348542076867, -10.566663798260834, -10.566663798260834, -10.566663798260834, -10.566663798260834, -10.5669790544448, -10.566348542076867, -10.5669790544448, -10.5669790544448, -10.566663798260834, -10.5669790544448, -10.5669790544448, -10.566663798260834, -10.5669790544448, -10.5669790544448, -10.566663798260834, -10.566663798260834, -10.566663798260834, -10.566348542076867, -10.5669790544448, -10.5669790544448, -10.566663798260834, -10.566663798260834, -10.566663798260834, -10.566663798260834, -10.566663798260834, -10.566663798260834, -10.566663798260834, -10.566663798260834, -10.566663798260834, -10.566663798260834, -10.566663798260834, -10.566663798260834, -10.5669790544448, -10.566663798260834, -10.566663798260834, -10.5669790544448, -10.566663798260834, -10.5669790544448, -10.566663798260834, -10.566348542076867, -10.566663798260834, -10.566348542076867, -10.566663798260834, -10.566663798260834, -10.566348542076867, -10.566348542076867, -10.566348542076867, -10.566663798260834, -10.566663798260834, -10.566663798260834, -10.566663798260834, -10.5669790544448, -10.5669790544448, -10.5669790544448, -10.566348542076867, -10.5669790544448, -10.566663798260834, -10.566348542076867, -10.566663798260834, -10.566663798260834, -10.566663798260834, -10.566663798260834, -10.5669790544448, -10.566348542076867, -10.5669790544448, -10.566348542076867, -10.566663798260834, -10.566663798260834, -10.566348542076867, -10.566663798260834, -10.566348542076867, -10.566663798260834, -10.566348542076867, -10.566663798260834, -10.566663798260834, -10.5669790544448, -10.566663798260834, -10.566663798260834, -10.566663798260834, -10.566348542076867, -10.566663798260834, -10.566663798260834, -10.566663798260834, -10.566663798260834, -10.566348542076867, -10.566663798260834, -10.566663798260834, -10.5669790544448, -10.566663798260834, -10.5669790544448, -10.566663798260834, -10.5669790544448, -10.5669790544448, -10.566348542076867, -10.566663798260834, -10.566663798260834, -10.566663798260834, -10.5669790544448, -10.5669790544448, -10.5669790544448, -10.5669790544448, -10.5669790544448, -10.5669790544448, -10.566663798260834, -10.566663798260834, -10.5669790544448, -10.5669790544448, -10.5669790544448, -10.566348542076867, -10.566663798260834, -10.566663798260834, -10.5669790544448, -10.5669790544448, -10.566663798260834, -10.5669790544448, -10.566663798260834, -10.566663798260834, -10.5669790544448, -10.5669790544448, -10.566348542076867, -10.5669790544448, -10.566663798260834, -10.5669790544448, -10.566663798260834, -10.566663798260834, -10.566663798260834, -10.566663798260834, -10.566663798260834, -10.5669790544448, -10.566348542076867, -10.566348542076867, -10.5669790544448, -10.566663798260834, -10.5669790544448, -10.566663798260834, -10.566663798260834, -10.5669790544448, -10.566663798260834, -10.5669790544448, -10.5669790544448, -10.566663798260834, -10.566663798260834, -10.566663798260834, -10.566663798260834, -10.566663798260834, -10.5669790544448, -10.566663798260834, -10.566663798260834, -10.566348542076867, -10.5669790544448, -10.566663798260834, -10.566663798260834, -10.566348542076867, -10.566663798260834, -10.5669790544448, -10.5669790544448, -10.566663798260834, -10.5669790544448, -10.5669790544448, -10.566348542076867, -10.566348542076867, -10.566663798260834, -10.566663798260834, -10.566663798260834, -10.566348542076867, -10.566348542076867, -10.566663798260834, -10.566663798260834, -10.566663798260834, -10.566663798260834, -10.5669790544448, -10.5669790544448, -10.5669790544448, -10.5669790544448, -10.566663798260834, -10.5669790544448, -10.5669790544448, -10.5669790544448, -10.566663798260834, -10.566663798260834, -10.566663798260834, -10.566663798260834, -10.5669790544448, -10.566663798260834, -10.566348542076867, -10.566663798260834, -10.566663798260834, -10.5669790544448, -10.566663798260834, -10.566663798260834, -10.566663798260834, -10.566663798260834, -10.566663798260834, -10.566663798260834, -10.5669790544448, -10.566663798260834, -10.566348542076867, -10.566348542076867, -10.566663798260834, -10.566663798260834, -10.566663798260834, -10.566663798260834, -10.566663798260834, -10.566348542076867, -10.566663798260834, -10.566663798260834, -10.566663798260834, -10.5669790544448, -10.5669790544448, -10.5669790544448, -10.566663798260834, -10.566663798260834, -10.566663798260834, -10.5669790544448, -10.566663798260834, -10.566663798260834, -10.566663798260834, -10.566663798260834, -10.566663798260834, -10.566348542076867, -10.566663798260834, -10.5669790544448, -10.5669790544448, -10.566663798260834, -10.5669790544448, -10.566663798260834, -10.566663798260834]}, \"data_type\": \"<type 'collections.defaultdict'>\"}"}
{"message": "{\"timestamp\": 6.07490611076355, \"object_type\": \"labjack_stream\", \"data\": {\"AIN0\": [-10.566348542076867, -10.566663798260834, -10.5669790544448, -10.566663798260834, -10.566663798260834, -10.566663798260834, -10.566663798260834, -10.566663798260834, -10.566663798260834, -10.566348542076867, -10.5669790544448, -10.566663798260834, -10.5669790544448, -10.566348542076867, -10.5669790544448, -10.566663798260834, -10.566348542076867, -10.566663798260834, -10.566663798260834, -10.566663798260834, -10.566348542076867, -10.566348542076867, -10.566663798260834, -10.566663798260834, -10.566663798260834, -10.566663798260834, -10.5669790544448, -10.566663798260834, -10.566663798260834, -10.5669790544448, -10.5669790544448, -10.5669790544448, -10.566663798260834, -10.5669790544448, -10.566663798260834, -10.566663798260834, -10.566348542076867, -10.566663798260834, -10.5669790544448, -10.5669790544448, -10.566663798260834, -10.566663798260834, -10.566663798260834, -10.566348542076867, -10.566663798260834, -10.566663798260834, -10.566348542076867, -10.566663798260834, -10.5669790544448, -10.566663798260834, -10.566348542076867, -10.566663798260834, -10.5669790544448, -10.566663798260834, -10.566348542076867, -10.566663798260834, -10.566663798260834, -10.566663798260834, -10.566663798260834, -10.566663798260834, -10.566663798260834, -10.566663798260834, -10.566663798260834, -10.566348542076867, -10.5669790544448, -10.566663798260834, -10.566663798260834, -10.566663798260834, -10.566348542076867, -10.566348542076867, -10.566348542076867, -10.566348542076867, -10.566663798260834, -10.5669790544448, -10.566348542076867, -10.566663798260834, -10.566663798260834, -10.5669790544448, -10.566348542076867, -10.566663798260834, -10.566348542076867, -10.5669790544448, -10.566348542076867, -10.566348542076867, -10.566663798260834, -10.566663798260834, -10.5669790544448, -10.5669790544448, -10.566663798260834, -10.5669790544448, -10.566663798260834, -10.5669790544448, -10.566663798260834, -10.566663798260834, -10.566348542076867, -10.566663798260834, -10.566663798260834, -10.566348542076867, -10.5669790544448, -10.566663798260834, -10.566663798260834, -10.5669790544448, -10.566663798260834, -10.566663798260834, -10.566663798260834, -10.566663798260834, -10.566663798260834, -10.566663798260834, -10.566663798260834, -10.566663798260834, -10.5669790544448, -10.566663798260834, -10.5669790544448, -10.566348542076867, -10.566663798260834, -10.5669790544448, -10.566663798260834, -10.566663798260834, -10.566663798260834, -10.566348542076867, -10.566348542076867, -10.566663798260834, -10.566663798260834, -10.566663798260834, -10.566663798260834, -10.5669790544448, -10.5669790544448, -10.566663798260834, -10.566663798260834, -10.566663798260834, -10.566663798260834, -10.566663798260834, -10.566663798260834, -10.5669790544448, -10.566663798260834, -10.566663798260834, -10.566663798260834, -10.566663798260834, -10.566348542076867, -10.566663798260834, -10.566663798260834, -10.5669790544448, -10.566663798260834, -10.5669790544448, -10.566663798260834, -10.5669790544448, -10.5669790544448, -10.566663798260834, -10.566663798260834, -10.566663798260834, -10.566663798260834, -10.566348542076867, -10.566663798260834, -10.566663798260834, -10.566348542076867, -10.5669790544448, -10.566663798260834, -10.566348542076867, -10.5669790544448, -10.566348542076867, -10.566348542076867, -10.566348542076867, -10.566663798260834, -10.5669790544448, -10.566663798260834, -10.566663798260834, -10.5669790544448, -10.5669790544448, -10.566663798260834, -10.566348542076867, -10.5669790544448, -10.566663798260834, -10.566663798260834, -10.566663798260834, -10.566348542076867, -10.566663798260834, -10.566348542076867, -10.5669790544448, -10.566663798260834, -10.566348542076867, -10.566348542076867, -10.566663798260834, -10.566663798260834, -10.566663798260834, -10.566663798260834, -10.566663798260834, -10.566663798260834, -10.566663798260834, -10.5669790544448, -10.566663798260834, -10.566348542076867, -10.566663798260834, -10.5669790544448, -10.5669790544448, -10.5669790544448, -10.566663798260834, -10.566663798260834, -10.566348542076867, -10.566663798260834, -10.566663798260834, -10.5669790544448, -10.566663798260834, -10.566663798260834, -10.566663798260834, -10.566663798260834, -10.5669790544448, -10.566663798260834, -10.566663798260834, -10.566348542076867, -10.566663798260834, -10.566348542076867, -10.566663798260834, -10.5669790544448, -10.5669790544448, -10.566348542076867, -10.566663798260834, -10.5669790544448, -10.566663798260834, -10.566663798260834, -10.566663798260834, -10.5669790544448, -10.566663798260834, -10.566663798260834, -10.566348542076867, -10.566663798260834, -10.566663798260834, -10.566663798260834, -10.566663798260834, -10.566663798260834, -10.566348542076867, -10.566663798260834, -10.566663798260834, -10.566663798260834, -10.566663798260834, -10.5669790544448, -10.5669790544448, -10.566663798260834, -10.5669790544448, -10.566663798260834, -10.566663798260834, -10.5669790544448, -10.566348542076867, -10.566663798260834, -10.566663798260834, -10.566663798260834, -10.566663798260834, -10.566663798260834, -10.566663798260834, -10.566663798260834, -10.566663798260834], \"AIN1\": [-10.566663798260834, -10.5669790544448, -10.566348542076867, -10.566663798260834, -10.5669790544448, -10.566663798260834, -10.566663798260834, -10.5669790544448, -10.566663798260834, -10.566663798260834, -10.566663798260834, -10.5669790544448, -10.566663798260834, -10.566663798260834, -10.566663798260834, -10.5669790544448, -10.566663798260834, -10.566663798260834, -10.566663798260834, -10.5669790544448, -10.5669790544448, -10.566348542076867, -10.566663798260834, -10.566348542076867, -10.566663798260834, -10.5669790544448, -10.566663798260834, -10.566663798260834, -10.566663798260834, -10.5669790544448, -10.566663798260834, -10.566663798260834, -10.566348542076867, -10.566663798260834, -10.566663798260834, -10.566663798260834, -10.566348542076867, -10.566348542076867, -10.566663798260834, -10.566663798260834, -10.566663798260834, -10.5669790544448, -10.566663798260834, -10.566348542076867, -10.566663798260834, -10.566663798260834, -10.566663798260834, -10.566663798260834, -10.566663798260834, -10.566348542076867, -10.5669790544448, -10.5669790544448, -10.566663798260834, -10.566663798260834, -10.566663798260834, -10.566663798260834, -10.566348542076867, -10.566663798260834, -10.566663798260834, -10.5669790544448, -10.566663798260834, -10.566663798260834, -10.567294310628768, -10.5669790544448, -10.566348542076867, -10.566663798260834, -10.5669790544448, -10.566348542076867, -10.566348542076867, -10.566663798260834, -10.566663798260834, -10.566663798260834, -10.566663798260834, -10.566663798260834, -10.5669790544448, -10.5669790544448, -10.5669790544448, -10.566663798260834, -10.5669790544448, -10.5669790544448, -10.566663798260834, -10.566663798260834, -10.5669790544448, -10.5669790544448, -10.566348542076867, -10.5669790544448, -10.566663798260834, -10.5669790544448, -10.566663798260834, -10.566663798260834, -10.566663798260834, -10.5669790544448, -10.566663798260834, -10.5669790544448, -10.566663798260834, -10.566663798260834, -10.566663798260834, -10.5669790544448, -10.566663798260834, -10.566663798260834, -10.566663798260834, -10.566663798260834, -10.5669790544448, -10.566663798260834, -10.5669790544448, -10.566663798260834, -10.5669790544448, -10.566663798260834, -10.566663798260834, -10.5669790544448, -10.566663798260834, -10.566348542076867, -10.5669790544448, -10.5669790544448, -10.566663798260834, -10.566663798260834, -10.5669790544448, -10.566663798260834, -10.566663798260834, -10.566663798260834, -10.5669790544448, -10.566663798260834, -10.5669790544448, -10.5669790544448, -10.566663798260834, -10.5669790544448, -10.566663798260834, -10.566663798260834, -10.5669790544448, -10.566663798260834, -10.566348542076867, -10.566663798260834, -10.566663798260834, -10.566663798260834, -10.566663798260834, -10.566663798260834, -10.566663798260834, -10.567294310628768, -10.566663798260834, -10.566663798260834, -10.566663798260834, -10.566663798260834, -10.566663798260834, -10.5669790544448, -10.566663798260834, -10.566348542076867, -10.5669790544448, -10.566663798260834, -10.566348542076867, -10.566348542076867, -10.5669790544448, -10.566663798260834, -10.566663798260834, -10.566663798260834, -10.5669790544448, -10.566663798260834, -10.566663798260834, -10.566663798260834, -10.5669790544448, -10.5669790544448, -10.566663798260834, -10.566663798260834, -10.566663798260834, -10.566663798260834, -10.566663798260834, -10.5669790544448, -10.566663798260834, -10.566348542076867, -10.566348542076867, -10.566663798260834, -10.5669790544448, -10.5669790544448, -10.566348542076867, -10.566663798260834, -10.566663798260834, -10.566663798260834, -10.566348542076867, -10.5669790544448, -10.566348542076867, -10.566348542076867, -10.566663798260834, -10.566348542076867, -10.5669790544448, -10.566663798260834, -10.566348542076867, -10.566663798260834, -10.5669790544448, -10.566663798260834, -10.5669790544448, -10.5669790544448, -10.566663798260834, -10.566663798260834, -10.566348542076867, -10.5669790544448, -10.566663798260834, -10.5669790544448, -10.566663798260834, -10.566348542076867, -10.566663798260834, -10.566348542076867, -10.566348542076867, -10.566663798260834, -10.566663798260834, -10.566663798260834, -10.5669790544448, -10.5669790544448, -10.566663798260834, -10.5669790544448, -10.566348542076867, -10.566663798260834, -10.5669790544448, -10.566663798260834, -10.5669790544448, -10.5669790544448, -10.5669790544448, -10.566348542076867, -10.566663798260834, -10.5669790544448, -10.566663798260834, -10.5669790544448, -10.5669790544448, -10.566663798260834, -10.5669790544448, -10.5669790544448, -10.566663798260834, -10.5669790544448, -10.5669790544448, -10.5669790544448, -10.566663798260834, -10.566663798260834, -10.5669790544448, -10.566348542076867, -10.566348542076867, -10.566663798260834, -10.566663798260834, -10.5669790544448, -10.566348542076867, -10.566348542076867, -10.566663798260834, -10.566663798260834, -10.5669790544448, -10.5669790544448, -10.566663798260834, -10.566663798260834, -10.566663798260834, -10.566663798260834, -10.566663798260834, -10.566663798260834, -10.5669790544448, -10.566663798260834], \"AIN2\": [-10.5669790544448, -10.566663798260834, -10.566663798260834, -10.566663798260834, -10.566663798260834, -10.566663798260834, -10.566663798260834, -10.566348542076867, -10.566348542076867, -10.566663798260834, -10.566663798260834, -10.566348542076867, -10.566663798260834, -10.566348542076867, -10.566663798260834, -10.566348542076867, -10.566663798260834, -10.566348542076867, -10.566663798260834, -10.566663798260834, -10.566663798260834, -10.5669790544448, -10.566663798260834, -10.566663798260834, -10.566348542076867, -10.566663798260834, -10.566663798260834, -10.5669790544448, -10.5669790544448, -10.566663798260834, -10.566663798260834, -10.566663798260834, -10.566348542076867, -10.566663798260834, -10.566663798260834, -10.566663798260834, -10.566663798260834, -10.566348542076867, -10.566663798260834, -10.566663798260834, -10.566348542076867, -10.566663798260834, -10.566663798260834, -10.566663798260834, -10.5669790544448, -10.566663798260834, -10.566663798260834, -10.566663798260834, -10.5669790544448, -10.566663798260834, -10.566663798260834, -10.566663798260834, -10.5669790544448, -10.566663798260834, -10.5669790544448, -10.566663798260834, -10.566663798260834, -10.5669790544448, -10.5669790544448, -10.566663798260834, -10.566348542076867, -10.5669790544448, -10.566663798260834, -10.566663798260834, -10.566663798260834, -10.566348542076867, -10.566663798260834, -10.566663798260834, -10.566663798260834, -10.566663798260834, -10.5669790544448, -10.566663798260834, -10.566348542076867, -10.566663798260834, -10.566663798260834, -10.566663798260834, -10.566348542076867, -10.566663798260834, -10.566663798260834, -10.566663798260834, -10.566663798260834, -10.566663798260834, -10.5669790544448, -10.566348542076867, -10.566663798260834, -10.5669790544448, -10.566348542076867, -10.566348542076867, -10.566663798260834, -10.566663798260834, -10.566663798260834, -10.566663798260834, -10.566663798260834, -10.566663798260834, -10.566663798260834, -10.566348542076867, -10.566663798260834, -10.566348542076867, -10.566663798260834, -10.566663798260834, -10.566663798260834, -10.566663798260834, -10.566663798260834, -10.566663798260834, -10.566663798260834, -10.5669790544448, -10.566663798260834, -10.5669790544448, -10.5669790544448, -10.5669790544448, -10.566663798260834, -10.566663798260834, -10.566663798260834, -10.566663798260834, -10.5669790544448, -10.566663798260834, -10.566663798260834, -10.5669790544448, -10.566663798260834, -10.566663798260834, -10.566663798260834, -10.566663798260834, -10.5669790544448, -10.566663798260834, -10.566348542076867, -10.5669790544448, -10.566663798260834, -10.566663798260834, -10.566663798260834, -10.566663798260834, -10.566663798260834, -10.5669790544448, -10.566348542076867, -10.566663798260834, -10.566348542076867, -10.566663798260834, -10.566663798260834, -10.566663798260834, -10.5669790544448, -10.5669790544448, -10.5660332858929, -10.566663798260834, -10.566348542076867, -10.566663798260834, -10.566663798260834, -10.566663798260834, -10.566663798260834, -10.5669790544448, -10.5669790544448, -10.566663798260834, -10.566663798260834, -10.5669790544448, -10.566663798260834, -10.566663798260834, -10.566348542076867, -10.566663798260834, -10.566663798260834, -10.5669790544448, -10.566348542076867, -10.566663798260834, -10.566663798260834, -10.5669790544448, -10.5669790544448, -10.5669790544448, -10.566348542076867, -10.566663798260834, -10.566663798260834, -10.566663798260834, -10.566663798260834, -10.566663798260834, -10.566348542076867, -10.566663798260834, -10.566348542076867, -10.566663798260834, -10.566663798260834, -10.5669790544448, -10.566663798260834, -10.566663798260834, -10.566663798260834, -10.5669790544448, -10.5669790544448, -10.566663798260834, -10.566663798260834, -10.566348542076867, -10.566663798260834, -10.566663798260834, -10.566663798260834, -10.5669790544448, -10.566663798260834, -10.5669790544448, -10.566663798260834, -10.566663798260834, -10.566663798260834, -10.567294310628768, -10.566663798260834, -10.5669790544448, -10.566663798260834, -10.5669790544448, -10.566663798260834, -10.5669790544448, -10.5669790544448, -10.566663798260834, -10.566663798260834, -10.5669790544448, -10.566663798260834, -10.566663798260834, -10.566663798260834, -10.566663798260834, -10.566663798260834, -10.5669790544448, -10.566663798260834, -10.566663798260834, -10.566348542076867, -10.566663798260834, -10.566663798260834, -10.5669790544448, -10.5669790544448, -10.566348542076867, -10.566663798260834, -10.5669790544448, -10.566663798260834, -10.566663798260834, -10.5669790544448, -10.5669790544448, -10.5669790544448, -10.5669790544448, -10.566348542076867, -10.566663798260834, -10.566663798260834, -10.566663798260834, -10.5669790544448, -10.566348542076867, -10.566663798260834, -10.566663798260834, -10.566663798260834, -10.566663798260834, -10.5669790544448, -10.566663798260834, -10.566663798260834, -10.566663798260834, -10.566663798260834, -10.566663798260834, -10.566663798260834, -10.566663798260834, -10.566348542076867, -10.566663798260834, -10.566663798260834, -10.5669790544448, -10.566663798260834, -10.5669790544448], \"AIN3\": [-10.566663798260834, -10.566663798260834, -10.566663798260834, -10.566663798260834, -10.566663798260834, -10.5669790544448, -10.566663798260834, -10.5669790544448, -10.566663798260834, -10.566663798260834, -10.566663798260834, -10.5669790544448, -10.566663798260834, -10.566663798260834, -10.5669790544448, -10.566663798260834, -10.566663798260834, -10.566663798260834, -10.566663798260834, -10.566663798260834, -10.5669790544448, -10.566663798260834, -10.566663798260834, -10.5669790544448, -10.566663798260834, -10.566663798260834, -10.566663798260834, -10.5669790544448, -10.566663798260834, -10.566663798260834, -10.566663798260834, -10.566663798260834, -10.566663798260834, -10.566663798260834, -10.5669790544448, -10.566663798260834, -10.566663798260834, -10.566663798260834, -10.566663798260834, -10.566663798260834, -10.566663798260834, -10.566663798260834, -10.5669790544448, -10.5669790544448, -10.566663798260834, -10.566348542076867, -10.566663798260834, -10.566348542076867, -10.566663798260834, -10.5669790544448, -10.566663798260834, -10.5669790544448, -10.566348542076867, -10.5669790544448, -10.566663798260834, -10.566663798260834, -10.566663798260834, -10.566663798260834, -10.5669790544448, -10.566663798260834, -10.5669790544448, -10.566663798260834, -10.5669790544448, -10.566348542076867, -10.566663798260834, -10.566663798260834, -10.5669790544448, -10.5669790544448, -10.566663798260834, -10.566663798260834, -10.5669790544448, -10.566663798260834, -10.5669790544448, -10.566663798260834, -10.566663798260834, -10.566663798260834, -10.5669790544448, -10.5669790544448, -10.566663798260834, -10.5669790544448, -10.5669790544448, -10.566663798260834, -10.5669790544448, -10.566663798260834, -10.566663798260834, -10.566348542076867, -10.566663798260834, -10.566663798260834, -10.566663798260834, -10.566663798260834, -10.5669790544448, -10.566348542076867, -10.566663798260834, -10.566663798260834, -10.566663798260834, -10.5669790544448, -10.5669790544448, -10.566663798260834, -10.5669790544448, -10.566348542076867, -10.5669790544448, -10.566663798260834, -10.566348542076867, -10.566663798260834, -10.566663798260834, -10.5669790544448, -10.566663798260834, -10.566663798260834, -10.566663798260834, -10.566663798260834, -10.566663798260834, -10.566663798260834, -10.566663798260834, -10.5669790544448, -10.566663798260834, -10.566663798260834, -10.5669790544448, -10.566663798260834, -10.5669790544448, -10.5669790544448, -10.566663798260834, -10.5669790544448, -10.566663798260834, -10.5669790544448, -10.5669790544448, -10.566663798260834, -10.566663798260834, -10.566663798260834, -10.566663798260834, -10.5669790544448, -10.566663798260834, -10.566663798260834, -10.566663798260834, -10.566663798260834, -10.5669790544448, -10.566663798260834, -10.566663798260834, -10.566348542076867, -10.5669790544448, -10.566663798260834, -10.566348542076867, -10.566663798260834, -10.5669790544448, -10.567294310628768, -10.566663798260834, -10.566663798260834, -10.566663798260834, -10.566663798260834, -10.566663798260834, -10.566663798260834, -10.5669790544448, -10.566663798260834, -10.566348542076867, -10.566663798260834, -10.566663798260834, -10.566663798260834, -10.566348542076867, -10.566663798260834, -10.566663798260834, -10.566348542076867, -10.5669790544448, -10.5669790544448, -10.5669790544448, -10.566663798260834, -10.566663798260834, -10.566663798260834, -10.566348542076867, -10.5669790544448, -10.566663798260834, -10.566663798260834, -10.566348542076867, -10.566663798260834, -10.566663798260834, -10.566663798260834, -10.566663798260834, -10.5669790544448, -10.566663798260834, -10.566663798260834, -10.5669790544448, -10.566663798260834, -10.566663798260834, -10.566663798260834, -10.5669790544448, -10.5669790544448, -10.5669790544448, -10.566663798260834, -10.566663798260834, -10.5669790544448, -10.5669790544448, -10.566348542076867, -10.566663798260834, -10.5669790544448, -10.566663798260834, -10.5669790544448, -10.566348542076867, -10.566663798260834, -10.5669790544448, -10.566663798260834, -10.566663798260834, -10.566663798260834, -10.566663798260834, -10.566663798260834, -10.566663798260834, -10.566348542076867, -10.566663798260834, -10.566663798260834, -10.566348542076867, -10.5669790544448, -10.566663798260834, -10.5669790544448, -10.566663798260834, -10.5669790544448, -10.566663798260834, -10.566663798260834, -10.566663798260834, -10.566663798260834, -10.566348542076867, -10.566663798260834, -10.566663798260834, -10.566663798260834, -10.566348542076867, -10.566663798260834, -10.5669790544448, -10.566663798260834, -10.566663798260834, -10.566663798260834, -10.566663798260834, -10.566663798260834, -10.566663798260834, -10.566663798260834, -10.566663798260834, -10.566348542076867, -10.566663798260834, -10.566663798260834, -10.566663798260834, -10.566663798260834, -10.566663798260834, -10.5669790544448, -10.566663798260834, -10.566348542076867, -10.566663798260834, -10.566663798260834, -10.566348542076867, -10.566663798260834, -10.5669790544448, -10.566663798260834, -10.566348542076867, -10.5669790544448, -10.566663798260834, -10.566348542076867]}, \"data_type\": \"<type 'collections.defaultdict'>\"}"}
{"message": "{\"timestamp\": 6.2979371547698975, \"object_type\": \"labjack_stream\", \"data\": {\"AIN0\": [-10.566348542076867, -10.566663798260834, -10.566348542076867, -10.566348542076867, -10.566663798260834, -10.566348542076867, -10.566663798260834, -10.5669790544448, -10.5669790544448, -10.566663798260834, -10.566348542076867, -10.566663798260834, -10.566663798260834, -10.566663798260834, -10.566663798260834, -10.566663798260834, -10.566348542076867, -10.5669790544448, -10.566663798260834, -10.566663798260834, -10.566663798260834, -10.566348542076867, -10.566663798260834, -10.566348542076867, -10.566348542076867, -10.566663798260834, -10.566663798260834, -10.566348542076867, -10.566663798260834, -10.566348542076867, -10.566663798260834, -10.5669790544448, -10.566663798260834, -10.5669790544448, -10.566663798260834, -10.5669790544448, -10.566663798260834, -10.566663798260834, -10.566348542076867, -10.566348542076867, -10.566663798260834, -10.566348542076867, -10.566348542076867, -10.5669790544448, -10.566663798260834, -10.566663798260834, -10.5669790544448, -10.566663798260834, -10.566348542076867, -10.566663798260834, -10.5669790544448, -10.566663798260834, -10.566663798260834, -10.566348542076867, -10.566663798260834, -10.566663798260834, -10.566663798260834, -10.566348542076867, -10.566663798260834, -10.5669790544448, -10.566663798260834, -10.566663798260834, -10.566663798260834, -10.566663798260834, -10.566348542076867, -10.566348542076867, -10.566348542076867, -10.566348542076867, -10.566348542076867, -10.566348542076867, -10.5669790544448, -10.5669790544448, -10.566663798260834, -10.5660332858929, -10.566348542076867, -10.566663798260834, -10.566663798260834, -10.566663798260834, -10.566348542076867, -10.566663798260834, -10.566663798260834, -10.566663798260834, -10.566663798260834, -10.566348542076867, -10.566348542076867, -10.5669790544448, -10.566663798260834, -10.566663798260834, -10.566663798260834, -10.566663798260834, -10.566348542076867, -10.566663798260834, -10.566348542076867, -10.566348542076867, -10.566663798260834, -10.566348542076867, -10.566663798260834, -10.566348542076867, -10.566663798260834, -10.566663798260834, -10.566348542076867, -10.566348542076867, -10.566663798260834, -10.566663798260834, -10.566663798260834, -10.566348542076867, -10.566663798260834, -10.566663798260834, -10.566663798260834, -10.5669790544448, -10.5669790544448, -10.566663798260834, -10.566663798260834, -10.566663798260834, -10.566663798260834, -10.5660332858929, -10.566663798260834, -10.5669790544448, -10.566663798260834, -10.566663798260834, -10.5669790544448, -10.5669790544448, -10.566663798260834, -10.566663798260834, -10.566348542076867, -10.566348542076867, -10.566348542076867, -10.566348542076867, -10.566663798260834, -10.5669790544448, -10.5669790544448, -10.566663798260834, -10.566663798260834, -10.566348542076867, -10.566663798260834, -10.566663798260834, -10.566348542076867, -10.566348542076867, -10.566348542076867, -10.566348542076867, -10.566663798260834, -10.566348542076867, -10.566663798260834, -10.566663798260834, -10.566663798260834, -10.566663798260834, -10.566348542076867, -10.566348542076867, -10.566348542076867, -10.566663798260834, -10.566663798260834, -10.5669790544448, -10.566348542076867, -10.566348542076867, -10.5669790544448, -10.566663798260834, -10.5669790544448, -10.566663798260834, -10.566663798260834, -10.566663798260834, -10.5669790544448, -10.566663798260834, -10.566663798260834, -10.566663798260834, -10.5669790544448, -10.566348542076867, -10.566663798260834, -10.566348542076867, -10.5669790544448, -10.566348542076867, -10.566663798260834, -10.566348542076867, -10.566663798260834, -10.566663798260834, -10.5669790544448, -10.566348542076867, -10.566663798260834, -10.566348542076867, -10.566348542076867, -10.5669790544448, -10.566348542076867, -10.566348542076867, -10.566663798260834, -10.566663798260834, -10.566663798260834, -10.566663798260834, -10.566663798260834, -10.566348542076867, -10.566663798260834, -10.5669790544448, -10.5669790544448, -10.5669790544448, -10.566663798260834, -10.566663798260834, -10.566663798260834, -10.566348542076867, -10.566348542076867, -10.566663798260834, -10.5669790544448, -10.566663798260834, -10.566663798260834, -10.566663798260834, -10.566663798260834, -10.566663798260834, -10.566663798260834, -10.566348542076867, -10.566348542076867, -10.566663798260834, -10.566663798260834, -10.566348542076867, -10.566663798260834, -10.566663798260834, -10.566663798260834, -10.566663798260834, -10.566663798260834, -10.566348542076867, -10.566663798260834, -10.566663798260834, -10.5669790544448, -10.566348542076867, -10.566663798260834, -10.5669790544448, -10.566663798260834, -10.566663798260834, -10.566348542076867, -10.566663798260834, -10.566663798260834, -10.5669790544448, -10.566663798260834, -10.566348542076867, -10.5669790544448, -10.566663798260834, -10.566348542076867, -10.566663798260834, -10.566663798260834, -10.566663798260834, -10.566663798260834, -10.566663798260834, -10.566663798260834, -10.566663798260834, -10.566348542076867, -10.5669790544448, -10.5669790544448, -10.5669790544448, -10.566663798260834, -10.566663798260834, -10.566663798260834, -10.566348542076867, -10.566663798260834, -10.5669790544448], \"AIN1\": [-10.5669790544448, -10.566663798260834, -10.566663798260834, -10.566348542076867, -10.566663798260834, -10.5669790544448, -10.566663798260834, -10.566348542076867, -10.5669790544448, -10.5669790544448, -10.5669790544448, -10.5669790544448, -10.566663798260834, -10.5669790544448, -10.5669790544448, -10.566663798260834, -10.566663798260834, -10.566663798260834, -10.5669790544448, -10.566663798260834, -10.566663798260834, -10.5669790544448, -10.5669790544448, -10.5669790544448, -10.5669790544448, -10.566663798260834, -10.566663798260834, -10.566663798260834, -10.566663798260834, -10.566663798260834, -10.566663798260834, -10.566348542076867, -10.566663798260834, -10.566663798260834, -10.566663798260834, -10.5669790544448, -10.566663798260834, -10.566663798260834, -10.566663798260834, -10.566663798260834, -10.566348542076867, -10.5669790544448, -10.566663798260834, -10.566348542076867, -10.5669790544448, -10.5669790544448, -10.566663798260834, -10.566663798260834, -10.566663798260834, -10.566348542076867, -10.566663798260834, -10.566663798260834, -10.566663798260834, -10.566663798260834, -10.5669790544448, -10.566348542076867, -10.566663798260834, -10.566663798260834, -10.5669790544448, -10.566663798260834, -10.566663798260834, -10.566663798260834, -10.566348542076867, -10.566663798260834, -10.566663798260834, -10.566663798260834, -10.566663798260834, -10.5669790544448, -10.566663798260834, -10.566663798260834, -10.566663798260834, -10.566663798260834, -10.566663798260834, -10.566663798260834, -10.566663798260834, -10.5669790544448, -10.566663798260834, -10.566663798260834, -10.566663798260834, -10.566663798260834, -10.5669790544448, -10.566348542076867, -10.5669790544448, -10.566663798260834, -10.5669790544448, -10.566348542076867, -10.566663798260834, -10.566663798260834, -10.5669790544448, -10.566663798260834, -10.566663798260834, -10.566348542076867, -10.566348542076867, -10.5669790544448, -10.566348542076867, -10.566663798260834, -10.5669790544448, -10.566348542076867, -10.566348542076867, -10.566663798260834, -10.566348542076867, -10.5669790544448, -10.566663798260834, -10.5669790544448, -10.5669790544448, -10.566348542076867, -10.5669790544448, -10.566663798260834, -10.566663798260834, -10.566348542076867, -10.566663798260834, -10.566348542076867, -10.566663798260834, -10.566663798260834, -10.567294310628768, -10.566663798260834, -10.566663798260834, -10.566663798260834, -10.566348542076867, -10.566663798260834, -10.566348542076867, -10.5669790544448, -10.566663798260834, -10.566348542076867, -10.566663798260834, -10.5669790544448, -10.566663798260834, -10.566663798260834, -10.566348542076867, -10.566663798260834, -10.566663798260834, -10.566663798260834, -10.5669790544448, -10.566348542076867, -10.566663798260834, -10.566663798260834, -10.566663798260834, -10.5669790544448, -10.5669790544448, -10.566663798260834, -10.566348542076867, -10.5669790544448, -10.566663798260834, -10.566663798260834, -10.566348542076867, -10.566348542076867, -10.566663798260834, -10.566348542076867, -10.5669790544448, -10.566348542076867, -10.566663798260834, -10.5669790544448, -10.566348542076867, -10.566663798260834, -10.566348542076867, -10.5669790544448, -10.566663798260834, -10.566663798260834, -10.5669790544448, -10.566663798260834, -10.566663798260834, -10.566663798260834, -10.566663798260834, -10.566663798260834, -10.566663798260834, -10.566663798260834, -10.566663798260834, -10.5669790544448, -10.5669790544448, -10.5669790544448, -10.566663798260834, -10.5669790544448, -10.5669790544448, -10.566663798260834, -10.566663798260834, -10.566663798260834, -10.566348542076867, -10.566663798260834, -10.566663798260834, -10.566663798260834, -10.566663798260834, -10.566663798260834, -10.566663798260834, -10.566348542076867, -10.566663798260834, -10.566663798260834, -10.566663798260834, -10.566663798260834, -10.566663798260834, -10.566663798260834, -10.566348542076867, -10.566663798260834, -10.5669790544448, -10.5669790544448, -10.566663798260834, -10.5669790544448, -10.5669790544448, -10.5669790544448, -10.566663798260834, -10.566663798260834, -10.5669790544448, -10.566663798260834, -10.566663798260834, -10.5669790544448, -10.566348542076867, -10.566663798260834, -10.5669790544448, -10.566663798260834, -10.566663798260834, -10.566348542076867, -10.5669790544448, -10.566663798260834, -10.566663798260834, -10.566663798260834, -10.566348542076867, -10.5669790544448, -10.566348542076867, -10.566663798260834, -10.566663798260834, -10.566663798260834, -10.566348542076867, -10.566663798260834, -10.566348542076867, -10.566663798260834, -10.566663798260834, -10.566663798260834, -10.5669790544448, -10.566663798260834, -10.566663798260834, -10.5669790544448, -10.566663798260834, -10.5669790544448, -10.566663798260834, -10.566663798260834, -10.566663798260834, -10.5669790544448, -10.566663798260834, -10.5669790544448, -10.566348542076867, -10.5669790544448, -10.5669790544448, -10.566663798260834, -10.5669790544448, -10.5669790544448, -10.5669790544448, -10.566663798260834, -10.566663798260834, -10.5669790544448, -10.566663798260834, -10.5669790544448], \"AIN2\": [-10.566663798260834, -10.566663798260834, -10.566663798260834, -10.566663798260834, -10.566663798260834, -10.566663798260834, -10.566663798260834, -10.5669790544448, -10.567294310628768, -10.5669790544448, -10.5669790544448, -10.566663798260834, -10.5669790544448, -10.5669790544448, -10.566348542076867, -10.566663798260834, -10.566663798260834, -10.566663798260834, -10.566663798260834, -10.566348542076867, -10.566663798260834, -10.566663798260834, -10.566348542076867, -10.566663798260834, -10.566348542076867, -10.566663798260834, -10.566663798260834, -10.566663798260834, -10.566663798260834, -10.5669790544448, -10.5669790544448, -10.566663798260834, -10.566663798260834, -10.5669790544448, -10.566663798260834, -10.5669790544448, -10.566663798260834, -10.566663798260834, -10.566663798260834, -10.566663798260834, -10.5669790544448, -10.5669790544448, -10.566348542076867, -10.566663798260834, -10.566663798260834, -10.566663798260834, -10.566663798260834, -10.566663798260834, -10.566663798260834, -10.566663798260834, -10.566663798260834, -10.566663798260834, -10.566663798260834, -10.566663798260834, -10.5669790544448, -10.566663798260834, -10.566663798260834, -10.566663798260834, -10.566663798260834, -10.566663798260834, -10.566348542076867, -10.566663798260834, -10.566348542076867, -10.566663798260834, -10.566348542076867, -10.566663798260834, -10.566663798260834, -10.5669790544448, -10.5669790544448, -10.566348542076867, -10.5669790544448, -10.566348542076867, -10.566663798260834, -10.566663798260834, -10.566663798260834, -10.5669790544448, -10.566663798260834, -10.5669790544448, -10.566663798260834, -10.566348542076867, -10.566663798260834, -10.5669790544448, -10.566663798260834, -10.5669790544448, -10.566663798260834, -10.566663798260834, -10.566348542076867, -10.566663798260834, -10.566663798260834, -10.566348542076867, -10.566663798260834, -10.566663798260834, -10.566663798260834, -10.5669790544448, -10.566663798260834, -10.566663798260834, -10.566663798260834, -10.566663798260834, -10.5669790544448, -10.566663798260834, -10.566663798260834, -10.566663798260834, -10.566663798260834, -10.5669790544448, -10.566663798260834, -10.566663798260834, -10.5669790544448, -10.566348542076867, -10.566663798260834, -10.5669790544448, -10.566663798260834, -10.5669790544448, -10.5669790544448, -10.5669790544448, -10.566663798260834, -10.566663798260834, -10.566663798260834, -10.566663798260834, -10.5669790544448, -10.566663798260834, -10.566663798260834, -10.566663798260834, -10.566663798260834, -10.566663798260834, -10.5669790544448, -10.5669790544448, -10.566663798260834, -10.566663798260834, -10.5669790544448, -10.566663798260834, -10.566663798260834, -10.566663798260834, -10.5669790544448, -10.5669790544448, -10.5669790544448, -10.566663798260834, -10.566348542076867, -10.5669790544448, -10.566663798260834, -10.566663798260834, -10.566663798260834, -10.566348542076867, -10.5669790544448, -10.5669790544448, -10.566348542076867, -10.566663798260834, -10.566663798260834, -10.566348542076867, -10.566663798260834, -10.566663798260834, -10.5669790544448, -10.566663798260834, -10.566663798260834, -10.566663798260834, -10.566663798260834, -10.566663798260834, -10.566348542076867, -10.5669790544448, -10.566663798260834, -10.566348542076867, -10.566663798260834, -10.5669790544448, -10.566663798260834, -10.566663798260834, -10.566663798260834, -10.5669790544448, -10.566348542076867, -10.5669790544448, -10.566663798260834, -10.5669790544448, -10.5669790544448, -10.566663798260834, -10.5669790544448, -10.566663798260834, -10.5669790544448, -10.566663798260834, -10.566663798260834, -10.566663798260834, -10.566348542076867, -10.5669790544448, -10.566663798260834, -10.566663798260834, -10.566663798260834, -10.566663798260834, -10.566348542076867, -10.566663798260834, -10.566663798260834, -10.5669790544448, -10.566663798260834, -10.566663798260834, -10.5669790544448, -10.5669790544448, -10.5669790544448, -10.566663798260834, -10.566348542076867, -10.566663798260834, -10.566348542076867, -10.566663798260834, -10.5669790544448, -10.5669790544448, -10.566663798260834, -10.566663798260834, -10.566663798260834, -10.5669790544448, -10.566663798260834, -10.5669790544448, -10.5669790544448, -10.566663798260834, -10.566348542076867, -10.566348542076867, -10.566663798260834, -10.5669790544448, -10.566348542076867, -10.566663798260834, -10.566348542076867, -10.5669790544448, -10.566663798260834, -10.566663798260834, -10.566348542076867, -10.5669790544448, -10.566663798260834, -10.5669790544448, -10.566663798260834, -10.5669790544448, -10.566348542076867, -10.566663798260834, -10.566663798260834, -10.566663798260834, -10.566348542076867, -10.567294310628768, -10.566663798260834, -10.566663798260834, -10.566663798260834, -10.5669790544448, -10.5669790544448, -10.566348542076867, -10.566663798260834, -10.566348542076867, -10.566663798260834, -10.566663798260834, -10.566663798260834, -10.566663798260834, -10.566348542076867, -10.566348542076867, -10.566348542076867, -10.566663798260834, -10.566663798260834, -10.566663798260834, -10.566663798260834, -10.566348542076867], \"AIN3\": [-10.566663798260834, -10.5669790544448, -10.566663798260834, -10.566663798260834, -10.5669790544448, -10.5669790544448, -10.5669790544448, -10.566663798260834, -10.5669790544448, -10.5669790544448, -10.566348542076867, -10.566663798260834, -10.566663798260834, -10.5669790544448, -10.566663798260834, -10.566663798260834, -10.5669790544448, -10.566663798260834, -10.5669790544448, -10.566663798260834, -10.5669790544448, -10.566663798260834, -10.566348542076867, -10.566348542076867, -10.566348542076867, -10.566663798260834, -10.5669790544448, -10.566663798260834, -10.566663798260834, -10.566663798260834, -10.566663798260834, -10.566348542076867, -10.566348542076867, -10.566663798260834, -10.566663798260834, -10.566663798260834, -10.5669790544448, -10.566663798260834, -10.566663798260834, -10.566663798260834, -10.5669790544448, -10.566663798260834, -10.566663798260834, -10.566663798260834, -10.5669790544448, -10.566663798260834, -10.566663798260834, -10.567294310628768, -10.5669790544448, -10.5669790544448, -10.566663798260834, -10.566663798260834, -10.566663798260834, -10.566663798260834, -10.5669790544448, -10.566663798260834, -10.566663798260834, -10.5669790544448, -10.5669790544448, -10.566663798260834, -10.566663798260834, -10.5669790544448, -10.566663798260834, -10.566663798260834, -10.566663798260834, -10.566348542076867, -10.566663798260834, -10.566663798260834, -10.566348542076867, -10.566663798260834, -10.566663798260834, -10.566663798260834, -10.5669790544448, -10.566663798260834, -10.566348542076867, -10.5669790544448, -10.566663798260834, -10.566663798260834, -10.566663798260834, -10.566663798260834, -10.566663798260834, -10.566663798260834, -10.566663798260834, -10.566663798260834, -10.566348542076867, -10.566663798260834, -10.566663798260834, -10.5669790544448, -10.566663798260834, -10.566663798260834, -10.566663798260834, -10.5669790544448, -10.566663798260834, -10.5669790544448, -10.5669790544448, -10.566663798260834, -10.566348542076867, -10.566663798260834, -10.566663798260834, -10.566663798260834, -10.566663798260834, -10.5669790544448, -10.566348542076867, -10.566663798260834, -10.566663798260834, -10.566663798260834, -10.5669790544448, -10.566348542076867, -10.566348542076867, -10.566663798260834, -10.566663798260834, -10.5669790544448, -10.5669790544448, -10.566663798260834, -10.566663798260834, -10.566348542076867, -10.566663798260834, -10.566663798260834, -10.566663798260834, -10.566663798260834, -10.5669790544448, -10.566663798260834, -10.566663798260834, -10.5669790544448, -10.566663798260834, -10.5669790544448, -10.566663798260834, -10.566663798260834, -10.566663798260834, -10.566348542076867, -10.566663798260834, -10.566348542076867, -10.566663798260834, -10.566663798260834, -10.5669790544448, -10.5669790544448, -10.5669790544448, -10.566348542076867, -10.566663798260834, -10.5669790544448, -10.566663798260834, -10.566663798260834, -10.566348542076867, -10.566663798260834, -10.566663798260834, -10.566348542076867, -10.566663798260834, -10.566348542076867, -10.566663798260834, -10.566663798260834, -10.566348542076867, -10.566663798260834, -10.566663798260834, -10.566348542076867, -10.566663798260834, -10.5669790544448, -10.5669790544448, -10.566348542076867, -10.5669790544448, -10.566663798260834, -10.566663798260834, -10.566663798260834, -10.566663798260834, -10.5669790544448, -10.566663798260834, -10.566663798260834, -10.5669790544448, -10.566663798260834, -10.566663798260834, -10.566348542076867, -10.566663798260834, -10.566663798260834, -10.566663798260834, -10.566663798260834, -10.5669790544448, -10.566663798260834, -10.5669790544448, -10.566663798260834, -10.566348542076867, -10.566348542076867, -10.5669790544448, -10.566663798260834, -10.566663798260834, -10.566663798260834, -10.566663798260834, -10.566663798260834, -10.566663798260834, -10.566663798260834, -10.566348542076867, -10.566663798260834, -10.566663798260834, -10.5669790544448, -10.5669790544448, -10.566348542076867, -10.5669790544448, -10.566663798260834, -10.566663798260834, -10.566348542076867, -10.566663798260834, -10.566663798260834, -10.566663798260834, -10.566663798260834, -10.5669790544448, -10.566663798260834, -10.566348542076867, -10.566663798260834, -10.5669790544448, -10.5669790544448, -10.566663798260834, -10.566663798260834, -10.566663798260834, -10.566348542076867, -10.566663798260834, -10.5669790544448, -10.5669790544448, -10.566663798260834, -10.567294310628768, -10.5669790544448, -10.5669790544448, -10.566663798260834, -10.5669790544448, -10.566663798260834, -10.566663798260834, -10.566348542076867, -10.5669790544448, -10.566663798260834, -10.566663798260834, -10.566663798260834, -10.566663798260834, -10.566663798260834, -10.566663798260834, -10.566348542076867, -10.566663798260834, -10.5669790544448, -10.5669790544448, -10.5669790544448, -10.566663798260834, -10.566663798260834, -10.566348542076867, -10.566663798260834, -10.5669790544448, -10.566663798260834, -10.566663798260834, -10.5669790544448, -10.566348542076867, -10.566663798260834, -10.566663798260834, -10.566663798260834, -10.566663798260834, -10.566663798260834]}, \"data_type\": \"<type 'collections.defaultdict'>\"}"}
{"message": "{\"timestamp\": 6.573639154434204, \"object_type\": \"labjack_stream\", \"data\": {\"AIN0\": [-10.566348542076867, -10.5669790544448, -10.5669790544448, -10.566663798260834, -10.566663798260834, -10.5669790544448, -10.5669790544448, -10.5669790544448, -10.566348542076867, -10.566663798260834, -10.566663798260834, -10.566663798260834, -10.566348542076867, -10.5669790544448, -10.566663798260834, -10.566663798260834, -10.566663798260834, -10.566663798260834, -10.566663798260834, -10.566663798260834, -10.566348542076867, -10.566663798260834, -10.566663798260834, -10.566663798260834, -10.5669790544448, -10.566663798260834, -10.566663798260834, -10.566663798260834, -10.566663798260834, -10.566663798260834, -10.566663798260834, -10.566663798260834, -10.566663798260834, -10.566663798260834, -10.566348542076867, -10.566348542076867, -10.566663798260834, -10.5669790544448, -10.566663798260834, -10.566663798260834, -10.566663798260834, -10.5669790544448, -10.5669790544448, -10.5669790544448, -10.566663798260834, -10.5669790544448, -10.566663798260834, -10.566348542076867, -10.566663798260834, -10.5669790544448, -10.566348542076867, -10.566663798260834, -10.566663798260834, -10.566663798260834, -10.566348542076867, -10.566663798260834, -10.5669790544448, -10.566663798260834, -10.5669790544448, -10.566663798260834, -10.566663798260834, -10.566348542076867, -10.5669790544448, -10.566663798260834, -10.566663798260834, -10.566348542076867, -10.566348542076867, -10.566663798260834, -10.566348542076867, -10.566663798260834, -10.566663798260834, -10.566348542076867, -10.5669790544448, -10.566663798260834, -10.566663798260834, -10.566663798260834, -10.566663798260834, -10.566663798260834, -10.566663798260834, -10.566663798260834, -10.566663798260834, -10.566663798260834, -10.566663798260834, -10.566663798260834, -10.566663798260834, -10.566348542076867, -10.566663798260834, -10.566663798260834, -10.5669790544448, -10.5669790544448, -10.566663798260834, -10.566663798260834, -10.566348542076867, -10.566663798260834, -10.5669790544448, -10.5669790544448, -10.5669790544448, -10.566348542076867, -10.566663798260834, -10.566348542076867, -10.566348542076867, -10.566348542076867, -10.566663798260834, -10.566348542076867, -10.566663798260834, -10.566663798260834, -10.566663798260834, -10.566348542076867, -10.5669790544448, -10.566663798260834, -10.566663798260834, -10.566663798260834, -10.566348542076867, -10.566663798260834, -10.566663798260834, -10.566348542076867, -10.566663798260834, -10.566663798260834, -10.566663798260834, -10.5669790544448, -10.566663798260834, -10.5669790544448, -10.566663798260834, -10.566663798260834, -10.566663798260834, -10.566663798260834, -10.566663798260834, -10.566663798260834, -10.5669790544448, -10.566348542076867, -10.5669790544448, -10.566663798260834, -10.566663798260834, -10.566663798260834, -10.566663798260834, -10.566348542076867, -10.566663798260834, -10.566663798260834, -10.566663798260834, -10.566663798260834, -10.5669790544448, -10.566663798260834, -10.566663798260834, -10.5669790544448, -10.566663798260834, -10.566663798260834, -10.566663798260834, -10.566663798260834, -10.566663798260834, -10.566663798260834, -10.566663798260834, -10.5669790544448, -10.5669790544448, -10.566663798260834, -10.566348542076867, -10.566663798260834, -10.566663798260834, -10.5669790544448, -10.566348542076867, -10.5669790544448, -10.566663798260834, -10.566663798260834, -10.566348542076867, -10.566663798260834, -10.566663798260834, -10.566348542076867, -10.566663798260834, -10.566663798260834, -10.566663798260834, -10.566348542076867, -10.566663798260834, -10.5669790544448, -10.566663798260834, -10.566348542076867, -10.566348542076867, -10.5669790544448, -10.5669790544448, -10.5669790544448, -10.566663798260834, -10.566663798260834, -10.566663798260834, -10.5669790544448, -10.566348542076867, -10.5669790544448, -10.566663798260834, -10.5669790544448, -10.5669790544448, -10.5669790544448, -10.5669790544448, -10.5669790544448, -10.566348542076867, -10.566663798260834, -10.566663798260834, -10.566663798260834, -10.566348542076867, -10.5669790544448, -10.566663798260834, -10.566663798260834, -10.566663798260834, -10.566663798260834, -10.566663798260834, -10.566663798260834, -10.566663798260834, -10.566663798260834, -10.566663798260834, -10.566663798260834, -10.566663798260834, -10.566348542076867, -10.566663798260834, -10.566663798260834, -10.5669790544448, -10.5669790544448, -10.566348542076867, -10.566663798260834, -10.566663798260834, -10.5669790544448, -10.566348542076867, -10.566663798260834, -10.566663798260834, -10.566663798260834, -10.566348542076867, -10.5669790544448, -10.566348542076867, -10.566663798260834, -10.566348542076867, -10.5669790544448, -10.566663798260834, -10.566663798260834, -10.5669790544448, -10.566663798260834, -10.566348542076867, -10.566348542076867, -10.566663798260834, -10.566663798260834, -10.566663798260834, -10.566663798260834, -10.566663798260834, -10.5669790544448, -10.566663798260834, -10.566663798260834, -10.566663798260834, -10.566663798260834, -10.5669790544448, -10.5669790544448, -10.566663798260834, -10.566663798260834, -10.566663798260834, -10.5669790544448, -10.566663798260834, -10.566663798260834], \"AIN1\": [-10.566663798260834, -10.566663798260834, -10.566663798260834, -10.566663798260834, -10.566663798260834, -10.566663798260834, -10.5669790544448, -10.5669790544448, -10.566663798260834, -10.566663798260834, -10.566663798260834, -10.5669790544448, -10.566663798260834, -10.566663798260834, -10.566348542076867, -10.566348542076867, -10.566663798260834, -10.566348542076867, -10.566663798260834, -10.566663798260834, -10.566663798260834, -10.566663798260834, -10.5669790544448, -10.5669790544448, -10.566663798260834, -10.566663798260834, -10.566663798260834, -10.566663798260834, -10.5669790544448, -10.567294310628768, -10.5669790544448, -10.566348542076867, -10.5669790544448, -10.566663798260834, -10.566663798260834, -10.5669790544448, -10.566663798260834, -10.5669790544448, -10.5669790544448, -10.566663798260834, -10.566663798260834, -10.566348542076867, -10.566663798260834, -10.566348542076867, -10.566348542076867, -10.566663798260834, -10.566348542076867, -10.5669790544448, -10.5669790544448, -10.566663798260834, -10.5669790544448, -10.566348542076867, -10.566348542076867, -10.566663798260834, -10.566663798260834, -10.566663798260834, -10.566663798260834, -10.566663798260834, -10.566663798260834, -10.5669790544448, -10.5669790544448, -10.5669790544448, -10.5669790544448, -10.566663798260834, -10.5669790544448, -10.566348542076867, -10.5669790544448, -10.566663798260834, -10.5669790544448, -10.566348542076867, -10.566663798260834, -10.566663798260834, -10.566663798260834, -10.566663798260834, -10.566663798260834, -10.566663798260834, -10.566663798260834, -10.566663798260834, -10.566663798260834, -10.566663798260834, -10.566663798260834, -10.566663798260834, -10.566663798260834, -10.5669790544448, -10.5669790544448, -10.566663798260834, -10.566663798260834, -10.566663798260834, -10.5669790544448, -10.566663798260834, -10.5669790544448, -10.566663798260834, -10.566663798260834, -10.566663798260834, -10.566663798260834, -10.566663798260834, -10.566348542076867, -10.5669790544448, -10.566663798260834, -10.5669790544448, -10.566663798260834, -10.566663798260834, -10.566348542076867, -10.566663798260834, -10.566663798260834, -10.5669790544448, -10.566663798260834, -10.566663798260834, -10.5669790544448, -10.566663798260834, -10.566663798260834, -10.566348542076867, -10.566663798260834, -10.566663798260834, -10.5669790544448, -10.5669790544448, -10.566663798260834, -10.566663798260834, -10.566348542076867, -10.566348542076867, -10.5669790544448, -10.5669790544448, -10.566663798260834, -10.566348542076867, -10.566663798260834, -10.5669790544448, -10.5669790544448, -10.566663798260834, -10.566663798260834, -10.566663798260834, -10.566348542076867, -10.5669790544448, -10.5669790544448, -10.566663798260834, -10.5660332858929, -10.5669790544448, -10.566663798260834, -10.566663798260834, -10.566663798260834, -10.566348542076867, -10.566663798260834, -10.566663798260834, -10.566663798260834, -10.566663798260834, -10.5669790544448, -10.5669790544448, -10.566348542076867, -10.5669790544448, -10.566663798260834, -10.566663798260834, -10.566663798260834, -10.5669790544448, -10.566663798260834, -10.566348542076867, -10.5669790544448, -10.566348542076867, -10.5669790544448, -10.5669790544448, -10.5669790544448, -10.566663798260834, -10.566663798260834, -10.5669790544448, -10.566663798260834, -10.566663798260834, -10.566663798260834, -10.5669790544448, -10.5669790544448, -10.566663798260834, -10.5669790544448, -10.566663798260834, -10.566663798260834, -10.566663798260834, -10.566663798260834, -10.5669790544448, -10.566663798260834, -10.566663798260834, -10.566663798260834, -10.566663798260834, -10.5669790544448, -10.5669790544448, -10.5669790544448, -10.566663798260834, -10.566663798260834, -10.566663798260834, -10.566663798260834, -10.566348542076867, -10.566348542076867, -10.566663798260834, -10.566663798260834, -10.566663798260834, -10.566663798260834, -10.566663798260834, -10.566663798260834, -10.566663798260834, -10.566663798260834, -10.566348542076867, -10.566348542076867, -10.566348542076867, -10.566663798260834, -10.566663798260834, -10.566663798260834, -10.566348542076867, -10.566663798260834, -10.566663798260834, -10.566663798260834, -10.5669790544448, -10.566663798260834, -10.566663798260834, -10.5669790544448, -10.5669790544448, -10.566663798260834, -10.566663798260834, -10.566663798260834, -10.566348542076867, -10.566663798260834, -10.566663798260834, -10.5669790544448, -10.566663798260834, -10.566663798260834, -10.566663798260834, -10.5669790544448, -10.566663798260834, -10.5669790544448, -10.566663798260834, -10.566348542076867, -10.566663798260834, -10.566348542076867, -10.566663798260834, -10.566663798260834, -10.5669790544448, -10.566663798260834, -10.566663798260834, -10.566663798260834, -10.566663798260834, -10.5669790544448, -10.566663798260834, -10.566663798260834, -10.5669790544448, -10.566663798260834, -10.5669790544448, -10.566348542076867, -10.566663798260834, -10.566663798260834, -10.5669790544448, -10.5669790544448, -10.566663798260834, -10.566348542076867, -10.566663798260834, -10.566663798260834, -10.566663798260834], \"AIN2\": [-10.566663798260834, -10.5669790544448, -10.566663798260834, -10.566663798260834, -10.566348542076867, -10.566663798260834, -10.566663798260834, -10.5669790544448, -10.566663798260834, -10.566348542076867, -10.566663798260834, -10.566348542076867, -10.566348542076867, -10.5669790544448, -10.5669790544448, -10.5669790544448, -10.566663798260834, -10.566663798260834, -10.5669790544448, -10.566663798260834, -10.566663798260834, -10.5669790544448, -10.5669790544448, -10.566663798260834, -10.5669790544448, -10.566663798260834, -10.5669790544448, -10.566663798260834, -10.566663798260834, -10.566663798260834, -10.566663798260834, -10.5669790544448, -10.566663798260834, -10.566663798260834, -10.566663798260834, -10.566663798260834, -10.566663798260834, -10.566663798260834, -10.5669790544448, -10.566663798260834, -10.566348542076867, -10.5669790544448, -10.5669790544448, -10.566663798260834, -10.5669790544448, -10.566348542076867, -10.566663798260834, -10.5669790544448, -10.5669790544448, -10.566663798260834, -10.567294310628768, -10.566348542076867, -10.566663798260834, -10.566663798260834, -10.566663798260834, -10.566348542076867, -10.566663798260834, -10.566663798260834, -10.566663798260834, -10.566663798260834, -10.566663798260834, -10.5669790544448, -10.566663798260834, -10.566663798260834, -10.566663798260834, -10.566663798260834, -10.566663798260834, -10.566663798260834, -10.5669790544448, -10.566663798260834, -10.566663798260834, -10.566348542076867, -10.566663798260834, -10.566663798260834, -10.5669790544448, -10.566663798260834, -10.566663798260834, -10.5669790544448, -10.566663798260834, -10.566663798260834, -10.566663798260834, -10.566663798260834, -10.566663798260834, -10.566663798260834, -10.5669790544448, -10.5669790544448, -10.566663798260834, -10.566348542076867, -10.566663798260834, -10.566348542076867, -10.566663798260834, -10.566663798260834, -10.5669790544448, -10.5669790544448, -10.566348542076867, -10.566663798260834, -10.566348542076867, -10.566663798260834, -10.566663798260834, -10.5669790544448, -10.566663798260834, -10.5669790544448, -10.566663798260834, -10.5669790544448, -10.566663798260834, -10.5669790544448, -10.566663798260834, -10.5669790544448, -10.566348542076867, -10.566663798260834, -10.566663798260834, -10.566663798260834, -10.566663798260834, -10.566663798260834, -10.5669790544448, -10.5669790544448, -10.566348542076867, -10.566663798260834, -10.566663798260834, -10.566663798260834, -10.566663798260834, -10.566663798260834, -10.566663798260834, -10.566663798260834, -10.566663798260834, -10.5669790544448, -10.5669790544448, -10.5669790544448, -10.5669790544448, -10.566348542076867, -10.5669790544448, -10.566663798260834, -10.5669790544448, -10.5669790544448, -10.566663798260834, -10.566663798260834, -10.5669790544448, -10.566348542076867, -10.566663798260834, -10.566663798260834, -10.566663798260834, -10.566663798260834, -10.566348542076867, -10.566348542076867, -10.566663798260834, -10.566348542076867, -10.566348542076867, -10.566663798260834, -10.5669790544448, -10.566348542076867, -10.566663798260834, -10.566348542076867, -10.5669790544448, -10.566663798260834, -10.566663798260834, -10.5669790544448, -10.5669790544448, -10.566663798260834, -10.566663798260834, -10.566663798260834, -10.566663798260834, -10.5669790544448, -10.566663798260834, -10.566663798260834, -10.566663798260834, -10.566663798260834, -10.566663798260834, -10.566663798260834, -10.566663798260834, -10.566663798260834, -10.566663798260834, -10.566663798260834, -10.566663798260834, -10.566663798260834, -10.566663798260834, -10.5669790544448, -10.566663798260834, -10.566348542076867, -10.566348542076867, -10.566663798260834, -10.566663798260834, -10.5669790544448, -10.5669790544448, -10.566663798260834, -10.566663798260834, -10.566663798260834, -10.566663798260834, -10.566663798260834, -10.566663798260834, -10.566348542076867, -10.566663798260834, -10.566663798260834, -10.566663798260834, -10.566663798260834, -10.566663798260834, -10.566348542076867, -10.5669790544448, -10.5669790544448, -10.566663798260834, -10.5669790544448, -10.566348542076867, -10.566663798260834, -10.566663798260834, -10.566663798260834, -10.566663798260834, -10.5669790544448, -10.566663798260834, -10.566348542076867, -10.5669790544448, -10.566348542076867, -10.566663798260834, -10.566663798260834, -10.566663798260834, -10.566663798260834, -10.5669790544448, -10.566663798260834, -10.566663798260834, -10.566348542076867, -10.5669790544448, -10.566663798260834, -10.566663798260834, -10.566663798260834, -10.5669790544448, -10.566663798260834, -10.566663798260834, -10.566663798260834, -10.5669790544448, -10.566663798260834, -10.566663798260834, -10.5669790544448, -10.566663798260834, -10.566663798260834, -10.566663798260834, -10.5669790544448, -10.566663798260834, -10.566663798260834, -10.5669790544448, -10.5669790544448, -10.566348542076867, -10.566663798260834, -10.5669790544448, -10.566663798260834, -10.566663798260834, -10.5669790544448, -10.566663798260834, -10.566663798260834, -10.5669790544448, -10.566663798260834, -10.566663798260834, -10.566663798260834], \"AIN3\": [-10.566663798260834, -10.5669790544448, -10.566663798260834, -10.566663798260834, -10.566663798260834, -10.5669790544448, -10.566663798260834, -10.5669790544448, -10.566348542076867, -10.566663798260834, -10.566348542076867, -10.566348542076867, -10.5669790544448, -10.5669790544448, -10.566663798260834, -10.566348542076867, -10.5669790544448, -10.566663798260834, -10.566663798260834, -10.566663798260834, -10.566663798260834, -10.566663798260834, -10.5669790544448, -10.566663798260834, -10.566663798260834, -10.566663798260834, -10.566663798260834, -10.5669790544448, -10.566663798260834, -10.566663798260834, -10.566663798260834, -10.5669790544448, -10.5669790544448, -10.566663798260834, -10.566663798260834, -10.566663798260834, -10.566663798260834, -10.566663798260834, -10.566663798260834, -10.566663798260834, -10.566663798260834, -10.566663798260834, -10.566663798260834, -10.566663798260834, -10.566348542076867, -10.566663798260834, -10.566348542076867, -10.566663798260834, -10.566348542076867, -10.566663798260834, -10.566348542076867, -10.566663798260834, -10.5669790544448, -10.566663798260834, -10.5669790544448, -10.5669790544448, -10.566663798260834, -10.5669790544448, -10.566663798260834, -10.566663798260834, -10.5669790544448, -10.566663798260834, -10.5669790544448, -10.566663798260834, -10.566663798260834, -10.566663798260834, -10.5669790544448, -10.566663798260834, -10.566663798260834, -10.566663798260834, -10.5669790544448, -10.566663798260834, -10.566663798260834, -10.5669790544448, -10.5669790544448, -10.566663798260834, -10.566663798260834, -10.566663798260834, -10.5669790544448, -10.566663798260834, -10.5669790544448, -10.566663798260834, -10.566348542076867, -10.5669790544448, -10.566663798260834, -10.566663798260834, -10.566663798260834, -10.566348542076867, -10.566348542076867, -10.566663798260834, -10.5669790544448, -10.5669790544448, -10.5669790544448, -10.5669790544448, -10.5669790544448, -10.566663798260834, -10.566663798260834, -10.566663798260834, -10.566663798260834, -10.566663798260834, -10.566663798260834, -10.566663798260834, -10.566663798260834, -10.5669790544448, -10.566348542076867, -10.5669790544448, -10.5669790544448, -10.566663798260834, -10.566663798260834, -10.566348542076867, -10.5669790544448, -10.566348542076867, -10.566663798260834, -10.566663798260834, -10.566663798260834, -10.566663798260834, -10.566348542076867, -10.566348542076867, -10.566348542076867, -10.566663798260834, -10.566663798260834, -10.566663798260834, -10.566663798260834, -10.566663798260834, -10.566663798260834, -10.5669790544448, -10.566348542076867, -10.5669790544448, -10.566663798260834, -10.566348542076867, -10.5669790544448, -10.566663798260834, -10.5669790544448, -10.566348542076867, -10.5669790544448, -10.5669790544448, -10.566663798260834, -10.566663798260834, -10.566663798260834, -10.5669790544448, -10.566348542076867, -10.566663798260834, -10.566663798260834, -10.566663798260834, -10.566663798260834, -10.566663798260834, -10.5669790544448, -10.566348542076867, -10.566663798260834, -10.566663798260834, -10.566663798260834, -10.566663798260834, -10.5669790544448, -10.566663798260834, -10.5669790544448, -10.566348542076867, -10.566663798260834, -10.5669790544448, -10.566348542076867, -10.566663798260834, -10.566663798260834, -10.5669790544448, -10.566663798260834, -10.566348542076867, -10.566348542076867, -10.566663798260834, -10.5669790544448, -10.566348542076867, -10.5669790544448, -10.566663798260834, -10.5669790544448, -10.566663798260834, -10.5669790544448, -10.5669790544448, -10.566348542076867, -10.566663798260834, -10.566663798260834, -10.566348542076867, -10.566663798260834, -10.5669790544448, -10.566663798260834, -10.566663798260834, -10.566663798260834, -10.566348542076867, -10.566663798260834, -10.5669790544448, -10.5669790544448, -10.566663798260834, -10.566663798260834, -10.566663798260834, -10.566663798260834, -10.5669790544448, -10.566348542076867, -10.566663798260834, -10.566663798260834, -10.566663798260834, -10.566663798260834, -10.566663798260834, -10.5669790544448, -10.566663798260834, -10.5669790544448, -10.566348542076867, -10.5669790544448, -10.566663798260834, -10.566663798260834, -10.566348542076867, -10.566663798260834, -10.5669790544448, -10.566663798260834, -10.566663798260834, -10.5669790544448, -10.566663798260834, -10.5669790544448, -10.566663798260834, -10.566663798260834, -10.566663798260834, -10.566663798260834, -10.566663798260834, -10.566348542076867, -10.566663798260834, -10.566663798260834, -10.566663798260834, -10.566663798260834, -10.566348542076867, -10.566348542076867, -10.5669790544448, -10.566663798260834, -10.566348542076867, -10.566348542076867, -10.566663798260834, -10.5669790544448, -10.5669790544448, -10.566348542076867, -10.566663798260834, -10.566663798260834, -10.5669790544448, -10.5669790544448, -10.566663798260834, -10.566663798260834, -10.5669790544448, -10.566663798260834, -10.566663798260834, -10.566663798260834, -10.5669790544448, -10.566663798260834, -10.5669790544448, -10.566348542076867, -10.5669790544448, -10.566663798260834, -10.566663798260834]}, \"data_type\": \"<type 'collections.defaultdict'>\"}"}
{"message": "{\"timestamp\": 6.799108028411865, \"object_type\": \"labjack_stream\", \"data\": {\"AIN0\": [-10.5669790544448, -10.566348542076867, -10.5669790544448, -10.566663798260834, -10.566663798260834, -10.566348542076867, -10.5669790544448, -10.566663798260834, -10.566663798260834, -10.566348542076867, -10.5669790544448, -10.566663798260834, -10.566663798260834, -10.566663798260834, -10.566663798260834, -10.5669790544448, -10.566348542076867, -10.566348542076867, -10.5669790544448, -10.5669790544448, -10.566663798260834, -10.5669790544448, -10.566663798260834, -10.5669790544448, -10.5669790544448, -10.566663798260834, -10.566663798260834, -10.5669790544448, -10.566663798260834, -10.5669790544448, -10.5669790544448, -10.566663798260834, -10.5669790544448, -10.566348542076867, -10.566348542076867, -10.566663798260834, -10.566348542076867, -10.566663798260834, -10.566663798260834, -10.566663798260834, -10.5669790544448, -10.566663798260834, -10.566663798260834, -10.566663798260834, -10.566348542076867, -10.566348542076867, -10.5669790544448, -10.566663798260834, -10.566663798260834, -10.566663798260834, -10.566663798260834, -10.5669790544448, -10.566663798260834, -10.5669790544448, -10.566663798260834, -10.566663798260834, -10.5669790544448, -10.566663798260834, -10.566663798260834, -10.566663798260834, -10.566663798260834, -10.566348542076867, -10.5669790544448, -10.5669790544448, -10.5669790544448, -10.566663798260834, -10.566348542076867, -10.5669790544448, -10.566663798260834, -10.566663798260834, -10.5669790544448, -10.5669790544448, -10.5669790544448, -10.566663798260834, -10.566348542076867, -10.566663798260834, -10.566348542076867, -10.5669790544448, -10.566348542076867, -10.566663798260834, -10.566348542076867, -10.566348542076867, -10.566348542076867, -10.566663798260834, -10.5660332858929, -10.5669790544448, -10.566348542076867, -10.5669790544448, -10.5669790544448, -10.566663798260834, -10.566663798260834, -10.566663798260834, -10.566663798260834, -10.5669790544448, -10.566663798260834, -10.566663798260834, -10.566663798260834, -10.566663798260834, -10.566663798260834, -10.566663798260834, -10.566663798260834, -10.5669790544448, -10.566663798260834, -10.566348542076867, -10.566348542076867, -10.567294310628768, -10.566348542076867, -10.566663798260834, -10.566663798260834, -10.5669790544448, -10.566663798260834, -10.566663798260834, -10.566663798260834, -10.566663798260834, -10.566663798260834, -10.566348542076867, -10.5669790544448, -10.5669790544448, -10.566663798260834, -10.566348542076867, -10.566663798260834, -10.566663798260834, -10.566663798260834, -10.566663798260834, -10.5669790544448, -10.566663798260834, -10.566663798260834, -10.566348542076867, -10.566663798260834, -10.5669790544448, -10.566663798260834, -10.566663798260834, -10.566663798260834, -10.566663798260834, -10.566663798260834, -10.566663798260834, -10.566663798260834, -10.566663798260834, -10.566663798260834, -10.566663798260834, -10.566663798260834, -10.566348542076867, -10.566663798260834, -10.566348542076867, -10.566348542076867, -10.566348542076867, -10.566663798260834, -10.566663798260834, -10.5669790544448, -10.566663798260834, -10.566348542076867, -10.566663798260834, -10.566663798260834, -10.566348542076867, -10.566663798260834, -10.5669790544448, -10.566348542076867, -10.566663798260834, -10.566663798260834, -10.566663798260834, -10.566663798260834, -10.5669790544448, -10.566663798260834, -10.566348542076867, -10.566663798260834, -10.566663798260834, -10.566348542076867, -10.566348542076867, -10.566663798260834, -10.566663798260834, -10.566348542076867, -10.5669790544448, -10.5669790544448, -10.566663798260834, -10.566663798260834, -10.566663798260834, -10.566348542076867, -10.566663798260834, -10.566663798260834, -10.5669790544448, -10.566348542076867, -10.566348542076867, -10.566348542076867, -10.566663798260834, -10.566348542076867, -10.5669790544448, -10.5669790544448, -10.566348542076867, -10.566663798260834, -10.566663798260834, -10.566348542076867, -10.5669790544448, -10.566663798260834, -10.5669790544448, -10.566348542076867, -10.566663798260834, -10.566663798260834, -10.566663798260834, -10.566663798260834, -10.566348542076867, -10.5669790544448, -10.566663798260834, -10.566663798260834, -10.5669790544448, -10.566663798260834, -10.566663798260834, -10.566663798260834, -10.566348542076867, -10.566663798260834, -10.566348542076867, -10.566348542076867, -10.566663798260834, -10.566348542076867, -10.566663798260834, -10.566663798260834, -10.5669790544448, -10.566663798260834, -10.566663798260834, -10.566348542076867, -10.566663798260834, -10.5669790544448, -10.5669790544448, -10.566663798260834, -10.566663798260834, -10.566663798260834, -10.566663798260834, -10.5669790544448, -10.566663798260834, -10.566663798260834, -10.5669790544448, -10.566663798260834, -10.566663798260834, -10.5669790544448, -10.566663798260834, -10.566663798260834, -10.566663798260834, -10.566663798260834, -10.5669790544448, -10.566663798260834, -10.566663798260834, -10.566663798260834, -10.5669790544448, -10.5669790544448, -10.5669790544448, -10.5669790544448, -10.5669790544448, -10.566348542076867, -10.5669790544448, -10.566663798260834, -10.566663798260834], \"AIN1\": [-10.566663798260834, -10.566348542076867, -10.566663798260834, -10.566348542076867, -10.566663798260834, -10.5669790544448, -10.566663798260834, -10.566663798260834, -10.5669790544448, -10.566348542076867, -10.566663798260834, -10.566663798260834, -10.566663798260834, -10.566663798260834, -10.5669790544448, -10.566663798260834, -10.566663798260834, -10.566663798260834, -10.5669790544448, -10.5669790544448, -10.566663798260834, -10.566348542076867, -10.566663798260834, -10.566663798260834, -10.566663798260834, -10.566663798260834, -10.5669790544448, -10.566663798260834, -10.566348542076867, -10.566663798260834, -10.566348542076867, -10.566348542076867, -10.566348542076867, -10.566663798260834, -10.5669790544448, -10.566663798260834, -10.566663798260834, -10.566348542076867, -10.566348542076867, -10.5669790544448, -10.566663798260834, -10.566348542076867, -10.566663798260834, -10.566663798260834, -10.566663798260834, -10.566663798260834, -10.566348542076867, -10.5669790544448, -10.5669790544448, -10.566663798260834, -10.566348542076867, -10.566663798260834, -10.566663798260834, -10.566663798260834, -10.566663798260834, -10.566663798260834, -10.5669790544448, -10.566348542076867, -10.566663798260834, -10.566663798260834, -10.566663798260834, -10.5669790544448, -10.566663798260834, -10.566663798260834, -10.566663798260834, -10.566663798260834, -10.5669790544448, -10.566663798260834, -10.566348542076867, -10.5669790544448, -10.5669790544448, -10.566663798260834, -10.566663798260834, -10.566348542076867, -10.566663798260834, -10.566663798260834, -10.566663798260834, -10.566348542076867, -10.566663798260834, -10.5669790544448, -10.566663798260834, -10.5669790544448, -10.566663798260834, -10.566663798260834, -10.5669790544448, -10.566348542076867, -10.566663798260834, -10.566663798260834, -10.5669790544448, -10.566663798260834, -10.5669790544448, -10.566663798260834, -10.566663798260834, -10.566663798260834, -10.566663798260834, -10.566663798260834, -10.566663798260834, -10.5669790544448, -10.566663798260834, -10.566663798260834, -10.566663798260834, -10.5669790544448, -10.566663798260834, -10.5669790544448, -10.566663798260834, -10.5669790544448, -10.566348542076867, -10.566663798260834, -10.5669790544448, -10.566348542076867, -10.566663798260834, -10.566663798260834, -10.566663798260834, -10.566663798260834, -10.5669790544448, -10.566663798260834, -10.5669790544448, -10.566663798260834, -10.566663798260834, -10.566663798260834, -10.566663798260834, -10.566663798260834, -10.5669790544448, -10.566348542076867, -10.5669790544448, -10.566663798260834, -10.566663798260834, -10.566663798260834, -10.566663798260834, -10.566663798260834, -10.5669790544448, -10.566663798260834, -10.566663798260834, -10.566663798260834, -10.566348542076867, -10.566663798260834, -10.566348542076867, -10.566663798260834, -10.566348542076867, -10.5669790544448, -10.566663798260834, -10.566663798260834, -10.5669790544448, -10.566663798260834, -10.5669790544448, -10.566663798260834, -10.566663798260834, -10.5669790544448, -10.566663798260834, -10.5669790544448, -10.5669790544448, -10.566663798260834, -10.566663798260834, -10.566348542076867, -10.5669790544448, -10.5669790544448, -10.5669790544448, -10.5669790544448, -10.566663798260834, -10.566348542076867, -10.566663798260834, -10.566348542076867, -10.5669790544448, -10.566663798260834, -10.566663798260834, -10.5669790544448, -10.5669790544448, -10.566663798260834, -10.566663798260834, -10.566348542076867, -10.566663798260834, -10.5669790544448, -10.566663798260834, -10.566663798260834, -10.5669790544448, -10.5669790544448, -10.566348542076867, -10.5669790544448, -10.566663798260834, -10.566663798260834, -10.566348542076867, -10.566663798260834, -10.566663798260834, -10.5669790544448, -10.566348542076867, -10.566663798260834, -10.566663798260834, -10.566663798260834, -10.566348542076867, -10.566663798260834, -10.566663798260834, -10.566663798260834, -10.566663798260834, -10.5669790544448, -10.566663798260834, -10.566348542076867, -10.566663798260834, -10.5669790544448, -10.566663798260834, -10.5669790544448, -10.566348542076867, -10.566663798260834, -10.5669790544448, -10.566663798260834, -10.566663798260834, -10.566663798260834, -10.566663798260834, -10.5669790544448, -10.566663798260834, -10.566663798260834, -10.5669790544448, -10.5669790544448, -10.566663798260834, -10.566348542076867, -10.566663798260834, -10.566348542076867, -10.566663798260834, -10.566663798260834, -10.567294310628768, -10.566348542076867, -10.566663798260834, -10.5669790544448, -10.5669790544448, -10.566663798260834, -10.566663798260834, -10.5669790544448, -10.566663798260834, -10.566663798260834, -10.566663798260834, -10.566663798260834, -10.566663798260834, -10.566348542076867, -10.5669790544448, -10.566663798260834, -10.5669790544448, -10.566663798260834, -10.5669790544448, -10.5669790544448, -10.566348542076867, -10.566663798260834, -10.5669790544448, -10.566663798260834, -10.5669790544448, -10.5669790544448, -10.5669790544448, -10.5669790544448, -10.566663798260834, -10.5669790544448, -10.566663798260834, -10.5669790544448], \"AIN2\": [-10.5669790544448, -10.566663798260834, -10.566663798260834, -10.5669790544448, -10.566663798260834, -10.566663798260834, -10.5669790544448, -10.566663798260834, -10.5669790544448, -10.5669790544448, -10.566348542076867, -10.5669790544448, -10.5669790544448, -10.566663798260834, -10.566348542076867, -10.5669790544448, -10.566663798260834, -10.566663798260834, -10.566663798260834, -10.5669790544448, -10.566663798260834, -10.5669790544448, -10.566663798260834, -10.566348542076867, -10.566348542076867, -10.566663798260834, -10.566663798260834, -10.566348542076867, -10.566348542076867, -10.566663798260834, -10.5669790544448, -10.566348542076867, -10.5669790544448, -10.566663798260834, -10.566348542076867, -10.566663798260834, -10.5669790544448, -10.5669790544448, -10.566663798260834, -10.566348542076867, -10.566663798260834, -10.566663798260834, -10.566348542076867, -10.566663798260834, -10.566663798260834, -10.5669790544448, -10.566348542076867, -10.566348542076867, -10.566663798260834, -10.566663798260834, -10.566663798260834, -10.566663798260834, -10.566663798260834, -10.566663798260834, -10.566663798260834, -10.5669790544448, -10.566663798260834, -10.566663798260834, -10.566663798260834, -10.566663798260834, -10.566663798260834, -10.566663798260834, -10.566663798260834, -10.566348542076867, -10.566663798260834, -10.5669790544448, -10.566663798260834, -10.5669790544448, -10.566663798260834, -10.566663798260834, -10.566663798260834, -10.566663798260834, -10.5669790544448, -10.566663798260834, -10.5669790544448, -10.566348542076867, -10.566663798260834, -10.566348542076867, -10.566663798260834, -10.566663798260834, -10.5669790544448, -10.566348542076867, -10.566663798260834, -10.566663798260834, -10.566348542076867, -10.5669790544448, -10.566663798260834, -10.566348542076867, -10.5669790544448, -10.566663798260834, -10.566663798260834, -10.566348542076867, -10.5669790544448, -10.5669790544448, -10.566663798260834, -10.566663798260834, -10.5669790544448, -10.566663798260834, -10.566663798260834, -10.566663798260834, -10.5669790544448, -10.566348542076867, -10.5669790544448, -10.5669790544448, -10.566348542076867, -10.566663798260834, -10.566663798260834, -10.566663798260834, -10.566663798260834, -10.566663798260834, -10.5669790544448, -10.566663798260834, -10.566663798260834, -10.566348542076867, -10.566663798260834, -10.566663798260834, -10.566663798260834, -10.566663798260834, -10.566663798260834, -10.5669790544448, -10.566663798260834, -10.566663798260834, -10.5669790544448, -10.566663798260834, -10.5669790544448, -10.566663798260834, -10.566663798260834, -10.5669790544448, -10.566348542076867, -10.566663798260834, -10.5669790544448, -10.566348542076867, -10.566348542076867, -10.566663798260834, -10.566348542076867, -10.5669790544448, -10.566663798260834, -10.5669790544448, -10.566663798260834, -10.566663798260834, -10.566663798260834, -10.566663798260834, -10.566663798260834, -10.5669790544448, -10.566663798260834, -10.566663798260834, -10.566663798260834, -10.566663798260834, -10.566348542076867, -10.566348542076867, -10.566663798260834, -10.566663798260834, -10.566663798260834, -10.566663798260834, -10.5669790544448, -10.566663798260834, -10.5669790544448, -10.566663798260834, -10.566663798260834, -10.5669790544448, -10.566663798260834, -10.5669790544448, -10.566663798260834, -10.566663798260834, -10.566663798260834, -10.566663798260834, -10.566348542076867, -10.566663798260834, -10.5669790544448, -10.5669790544448, -10.5669790544448, -10.5669790544448, -10.566663798260834, -10.566348542076867, -10.5669790544448, -10.566348542076867, -10.5669790544448, -10.5669790544448, -10.566663798260834, -10.566663798260834, -10.566348542076867, -10.566663798260834, -10.5669790544448, -10.5669790544448, -10.5669790544448, -10.566663798260834, -10.566663798260834, -10.566348542076867, -10.566663798260834, -10.566663798260834, -10.566348542076867, -10.5669790544448, -10.566663798260834, -10.566663798260834, -10.566663798260834, -10.566663798260834, -10.566663798260834, -10.566663798260834, -10.5669790544448, -10.5669790544448, -10.5669790544448, -10.566663798260834, -10.566348542076867, -10.566663798260834, -10.566663798260834, -10.566348542076867, -10.566348542076867, -10.5669790544448, -10.566663798260834, -10.566663798260834, -10.566663798260834, -10.5669790544448, -10.5669790544448, -10.5669790544448, -10.566663798260834, -10.566663798260834, -10.566663798260834, -10.566663798260834, -10.566663798260834, -10.566663798260834, -10.566348542076867, -10.566348542076867, -10.566663798260834, -10.566663798260834, -10.566663798260834, -10.566348542076867, -10.566663798260834, -10.5669790544448, -10.566348542076867, -10.566663798260834, -10.566663798260834, -10.566663798260834, -10.566663798260834, -10.566663798260834, -10.5669790544448, -10.566663798260834, -10.5660332858929, -10.5669790544448, -10.566663798260834, -10.566348542076867, -10.5669790544448, -10.566663798260834, -10.566348542076867, -10.5669790544448, -10.566663798260834, -10.566663798260834, -10.5669790544448, -10.566663798260834, -10.5669790544448, -10.5669790544448], \"AIN3\": [-10.5669790544448, -10.5669790544448, -10.566663798260834, -10.566663798260834, -10.566663798260834, -10.566663798260834, -10.566663798260834, -10.566663798260834, -10.566663798260834, -10.566663798260834, -10.566348542076867, -10.5669790544448, -10.566663798260834, -10.5669790544448, -10.5669790544448, -10.566663798260834, -10.5669790544448, -10.5669790544448, -10.566663798260834, -10.566663798260834, -10.5669790544448, -10.566663798260834, -10.5669790544448, -10.566663798260834, -10.566663798260834, -10.566663798260834, -10.566663798260834, -10.566348542076867, -10.566663798260834, -10.5669790544448, -10.5669790544448, -10.566348542076867, -10.566663798260834, -10.566663798260834, -10.566663798260834, -10.566663798260834, -10.5669790544448, -10.5669790544448, -10.566663798260834, -10.566663798260834, -10.5669790544448, -10.566663798260834, -10.566663798260834, -10.566663798260834, -10.566348542076867, -10.566663798260834, -10.566663798260834, -10.5669790544448, -10.5669790544448, -10.566663798260834, -10.566663798260834, -10.5669790544448, -10.566663798260834, -10.566348542076867, -10.566348542076867, -10.566348542076867, -10.566663798260834, -10.5669790544448, -10.566663798260834, -10.566663798260834, -10.566663798260834, -10.5669790544448, -10.566663798260834, -10.5669790544448, -10.5669790544448, -10.5669790544448, -10.566663798260834, -10.5669790544448, -10.566663798260834, -10.566663798260834, -10.566663798260834, -10.566663798260834, -10.5669790544448, -10.5669790544448, -10.5669790544448, -10.566663798260834, -10.5669790544448, -10.566663798260834, -10.5669790544448, -10.566663798260834, -10.566663798260834, -10.566663798260834, -10.566663798260834, -10.566663798260834, -10.566663798260834, -10.566663798260834, -10.566663798260834, -10.5669790544448, -10.5669790544448, -10.566663798260834, -10.5669790544448, -10.566663798260834, -10.566663798260834, -10.5669790544448, -10.566663798260834, -10.566663798260834, -10.566663798260834, -10.566663798260834, -10.566663798260834, -10.566663798260834, -10.566663798260834, -10.566348542076867, -10.5669790544448, -10.5669790544448, -10.566663798260834, -10.566663798260834, -10.566348542076867, -10.566663798260834, -10.566663798260834, -10.566663798260834, -10.566663798260834, -10.566663798260834, -10.5669790544448, -10.5669790544448, -10.566663798260834, -10.566663798260834, -10.566663798260834, -10.566663798260834, -10.5669790544448, -10.566663798260834, -10.5669790544448, -10.5669790544448, -10.566663798260834, -10.566663798260834, -10.566348542076867, -10.566348542076867, -10.5669790544448, -10.5669790544448, -10.566663798260834, -10.566348542076867, -10.5669790544448, -10.5669790544448, -10.5669790544448, -10.566663798260834, -10.566663798260834, -10.566663798260834, -10.5669790544448, -10.5669790544448, -10.566663798260834, -10.566348542076867, -10.566348542076867, -10.5669790544448, -10.5669790544448, -10.566663798260834, -10.5669790544448, -10.5669790544448, -10.5669790544448, -10.566663798260834, -10.566663798260834, -10.566663798260834, -10.5669790544448, -10.5669790544448, -10.566663798260834, -10.5669790544448, -10.5669790544448, -10.566663798260834, -10.566663798260834, -10.5669790544448, -10.566348542076867, -10.566663798260834, -10.566663798260834, -10.566663798260834, -10.566663798260834, -10.566663798260834, -10.5669790544448, -10.566663798260834, -10.5669790544448, -10.566663798260834, -10.566663798260834, -10.566663798260834, -10.566663798260834, -10.566663798260834, -10.566663798260834, -10.566348542076867, -10.566663798260834, -10.5669790544448, -10.5669790544448, -10.5669790544448, -10.5669790544448, -10.566663798260834, -10.5669790544448, -10.566663798260834, -10.5669790544448, -10.566348542076867, -10.566663798260834, -10.566663798260834, -10.566348542076867, -10.566348542076867, -10.5669790544448, -10.5669790544448, -10.566348542076867, -10.566348542076867, -10.566663798260834, -10.5669790544448, -10.566663798260834, -10.566663798260834, -10.5669790544448, -10.566663798260834, -10.566663798260834, -10.566663798260834, -10.566663798260834, -10.566663798260834, -10.566663798260834, -10.5669790544448, -10.566663798260834, -10.566348542076867, -10.566663798260834, -10.5669790544448, -10.566663798260834, -10.5669790544448, -10.566663798260834, -10.566663798260834, -10.566663798260834, -10.566348542076867, -10.5669790544448, -10.566663798260834, -10.566663798260834, -10.5669790544448, -10.566663798260834, -10.566348542076867, -10.566663798260834, -10.566348542076867, -10.566663798260834, -10.5669790544448, -10.566663798260834, -10.566663798260834, -10.566663798260834, -10.566348542076867, -10.5669790544448, -10.566348542076867, -10.5669790544448, -10.566348542076867, -10.5669790544448, -10.5669790544448, -10.5669790544448, -10.566348542076867, -10.566663798260834, -10.566663798260834, -10.566663798260834, -10.566663798260834, -10.566663798260834, -10.566348542076867, -10.566348542076867, -10.5669790544448, -10.566348542076867, -10.5669790544448, -10.566663798260834, -10.566663798260834, -10.5669790544448, -10.566663798260834]}, \"data_type\": \"<type 'collections.defaultdict'>\"}"}
{"message": "{\"timestamp\": 7.072894096374512, \"object_type\": \"labjack_stream\", \"data\": {\"AIN0\": [-10.566663798260834, -10.566663798260834, -10.5669790544448, -10.566663798260834, -10.566663798260834, -10.566348542076867, -10.566663798260834, -10.5669790544448, -10.566348542076867, -10.566348542076867, -10.566348542076867, -10.566663798260834, -10.566663798260834, -10.566663798260834, -10.566663798260834, -10.566663798260834, -10.566663798260834, -10.566663798260834, -10.566663798260834, -10.566663798260834, -10.566663798260834, -10.566663798260834, -10.5669790544448, -10.5669790544448, -10.566663798260834, -10.5669790544448, -10.566348542076867, -10.566663798260834, -10.566663798260834, -10.566663798260834, -10.566663798260834, -10.566663798260834, -10.566663798260834, -10.566663798260834, -10.566663798260834, -10.5669790544448, -10.566663798260834, -10.566663798260834, -10.566663798260834, -10.566663798260834, -10.566348542076867, -10.566663798260834, -10.566663798260834, -10.566348542076867, -10.566663798260834, -10.566663798260834, -10.566663798260834, -10.566663798260834, -10.5669790544448, -10.566663798260834, -10.566663798260834, -10.566663798260834, -10.566663798260834, -10.566663798260834, -10.566663798260834, -10.566663798260834, -10.566663798260834, -10.566663798260834, -10.5669790544448, -10.566663798260834, -10.566663798260834, -10.566348542076867, -10.566663798260834, -10.566663798260834, -10.566663798260834, -10.566663798260834, -10.566663798260834, -10.566348542076867, -10.566348542076867, -10.566663798260834, -10.566663798260834, -10.566663798260834, -10.566663798260834, -10.5669790544448, -10.5669790544448, -10.5669790544448, -10.566663798260834, -10.566348542076867, -10.566663798260834, -10.566663798260834, -10.566663798260834, -10.566663798260834, -10.5669790544448, -10.566663798260834, -10.566348542076867, -10.5669790544448, -10.566348542076867, -10.566663798260834, -10.566663798260834, -10.566663798260834, -10.566348542076867, -10.566348542076867, -10.566663798260834, -10.5669790544448, -10.566663798260834, -10.566663798260834, -10.566348542076867, -10.5669790544448, -10.566663798260834, -10.5669790544448, -10.566663798260834, -10.566348542076867, -10.5669790544448, -10.566348542076867, -10.566348542076867, -10.566663798260834, -10.566663798260834, -10.566663798260834, -10.566348542076867, -10.5669790544448, -10.5669790544448, -10.566663798260834, -10.5669790544448, -10.5669790544448, -10.566663798260834, -10.566348542076867, -10.566348542076867, -10.566663798260834, -10.566348542076867, -10.566663798260834, -10.566663798260834, -10.566663798260834, -10.5669790544448, -10.566348542076867, -10.566348542076867, -10.566663798260834, -10.5669790544448, -10.566663798260834, -10.566663798260834, -10.5669790544448, -10.566348542076867, -10.566663798260834, -10.566663798260834, -10.5669790544448, -10.566663798260834, -10.566348542076867, -10.566348542076867, -10.566663798260834, -10.566663798260834, -10.566663798260834, -10.566663798260834, -10.566348542076867, -10.566348542076867, -10.566663798260834, -10.566663798260834, -10.566663798260834, -10.566663798260834, -10.566348542076867, -10.5669790544448, -10.566663798260834, -10.566663798260834, -10.566663798260834, -10.5669790544448, -10.566663798260834, -10.566348542076867, -10.566348542076867, -10.566663798260834, -10.566663798260834, -10.566663798260834, -10.566663798260834, -10.566348542076867, -10.566663798260834, -10.566663798260834, -10.5669790544448, -10.566663798260834, -10.5669790544448, -10.5669790544448, -10.566663798260834, -10.566663798260834, -10.566663798260834, -10.566348542076867, -10.566663798260834, -10.566663798260834, -10.5669790544448, -10.566663798260834, -10.566663798260834, -10.5669790544448, -10.5669790544448, -10.566663798260834, -10.566663798260834, -10.5669790544448, -10.5669790544448, -10.566663798260834, -10.566663798260834, -10.566663798260834, -10.566348542076867, -10.566663798260834, -10.566663798260834, -10.5669790544448, -10.566663798260834, -10.566348542076867, -10.566663798260834, -10.5669790544448, -10.566663798260834, -10.566663798260834, -10.566663798260834, -10.566348542076867, -10.566348542076867, -10.5669790544448, -10.566663798260834, -10.566663798260834, -10.566348542076867, -10.566663798260834, -10.566348542076867, -10.566663798260834, -10.5669790544448, -10.5669790544448, -10.566663798260834, -10.566663798260834, -10.566663798260834, -10.566663798260834, -10.566663798260834, -10.566663798260834, -10.566663798260834, -10.566663798260834, -10.566663798260834, -10.5669790544448, -10.566663798260834, -10.566663798260834, -10.566663798260834, -10.566348542076867, -10.566663798260834, -10.566663798260834, -10.566663798260834, -10.566663798260834, -10.566348542076867, -10.566663798260834, -10.5669790544448, -10.566348542076867, -10.566663798260834, -10.566663798260834, -10.566663798260834, -10.566663798260834, -10.566663798260834, -10.5669790544448, -10.566663798260834, -10.566663798260834, -10.566663798260834, -10.566663798260834, -10.566348542076867, -10.566348542076867, -10.5669790544448, -10.5669790544448, -10.5669790544448, -10.5669790544448, -10.566348542076867, -10.566663798260834, -10.566348542076867, -10.5669790544448, -10.566663798260834], \"AIN1\": [-10.566663798260834, -10.566663798260834, -10.566663798260834, -10.5669790544448, -10.5669790544448, -10.5669790544448, -10.5669790544448, -10.566663798260834, -10.566663798260834, -10.5669790544448, -10.566663798260834, -10.566663798260834, -10.5669790544448, -10.566348542076867, -10.566663798260834, -10.5669790544448, -10.566348542076867, -10.566663798260834, -10.5669790544448, -10.566663798260834, -10.5669790544448, -10.566348542076867, -10.566663798260834, -10.5669790544448, -10.5669790544448, -10.566663798260834, -10.5669790544448, -10.5669790544448, -10.5669790544448, -10.566663798260834, -10.566663798260834, -10.566663798260834, -10.566663798260834, -10.566663798260834, -10.566663798260834, -10.566663798260834, -10.566663798260834, -10.566348542076867, -10.566663798260834, -10.566663798260834, -10.566348542076867, -10.566663798260834, -10.566663798260834, -10.566348542076867, -10.566663798260834, -10.5669790544448, -10.566348542076867, -10.5669790544448, -10.5669790544448, -10.566663798260834, -10.566348542076867, -10.566663798260834, -10.566348542076867, -10.566348542076867, -10.566663798260834, -10.566663798260834, -10.566663798260834, -10.566663798260834, -10.566663798260834, -10.566663798260834, -10.5669790544448, -10.566663798260834, -10.566663798260834, -10.566348542076867, -10.566663798260834, -10.5669790544448, -10.566663798260834, -10.566348542076867, -10.5669790544448, -10.566348542076867, -10.566663798260834, -10.5669790544448, -10.566663798260834, -10.5669790544448, -10.5669790544448, -10.5669790544448, -10.5669790544448, -10.5669790544448, -10.5669790544448, -10.566663798260834, -10.566663798260834, -10.566348542076867, -10.566663798260834, -10.566348542076867, -10.5669790544448, -10.5669790544448, -10.5669790544448, -10.566348542076867, -10.5669790544448, -10.566663798260834, -10.5669790544448, -10.566663798260834, -10.566663798260834, -10.566663798260834, -10.566348542076867, -10.5669790544448, -10.566663798260834, -10.566663798260834, -10.566663798260834, -10.566348542076867, -10.566663798260834, -10.566663798260834, -10.566348542076867, -10.566663798260834, -10.566663798260834, -10.566348542076867, -10.566348542076867, -10.5669790544448, -10.566663798260834, -10.566348542076867, -10.566663798260834, -10.566663798260834, -10.566663798260834, -10.566663798260834, -10.566348542076867, -10.5669790544448, -10.5669790544448, -10.5669790544448, -10.5669790544448, -10.566663798260834, -10.566663798260834, -10.566663798260834, -10.566348542076867, -10.566663798260834, -10.5669790544448, -10.5669790544448, -10.5669790544448, -10.566348542076867, -10.566348542076867, -10.566663798260834, -10.5669790544448, -10.566663798260834, -10.5669790544448, -10.566348542076867, -10.566663798260834, -10.5669790544448, -10.566663798260834, -10.5669790544448, -10.566663798260834, -10.566663798260834, -10.5669790544448, -10.5669790544448, -10.566663798260834, -10.566663798260834, -10.566663798260834, -10.566348542076867, -10.566348542076867, -10.5669790544448, -10.5669790544448, -10.566663798260834, -10.5669790544448, -10.5669790544448, -10.566663798260834, -10.566663798260834, -10.566663798260834, -10.566663798260834, -10.566663798260834, -10.5669790544448, -10.566663798260834, -10.566663798260834, -10.566663798260834, -10.566348542076867, -10.566348542076867, -10.5669790544448, -10.566348542076867, -10.566663798260834, -10.566348542076867, -10.5669790544448, -10.566663798260834, -10.5669790544448, -10.566663798260834, -10.566663798260834, -10.5669790544448, -10.566348542076867, -10.5669790544448, -10.566348542076867, -10.566348542076867, -10.566348542076867, -10.566663798260834, -10.5669790544448, -10.566663798260834, -10.566348542076867, -10.5669790544448, -10.566663798260834, -10.566348542076867, -10.566663798260834, -10.566348542076867, -10.566663798260834, -10.566663798260834, -10.566663798260834, -10.5669790544448, -10.566663798260834, -10.566348542076867, -10.566663798260834, -10.566663798260834, -10.566663798260834, -10.566663798260834, -10.5669790544448, -10.5669790544448, -10.566663798260834, -10.566663798260834, -10.566663798260834, -10.566663798260834, -10.566663798260834, -10.566663798260834, -10.566663798260834, -10.566663798260834, -10.5669790544448, -10.566663798260834, -10.5669790544448, -10.566663798260834, -10.566663798260834, -10.5669790544448, -10.566663798260834, -10.5669790544448, -10.566663798260834, -10.5669790544448, -10.566663798260834, -10.566663798260834, -10.566663798260834, -10.566348542076867, -10.566663798260834, -10.5669790544448, -10.566348542076867, -10.566663798260834, -10.566348542076867, -10.566348542076867, -10.566663798260834, -10.566663798260834, -10.566663798260834, -10.566663798260834, -10.566348542076867, -10.566663798260834, -10.566663798260834, -10.566663798260834, -10.566663798260834, -10.566663798260834, -10.566663798260834, -10.5669790544448, -10.5669790544448, -10.566663798260834, -10.5669790544448, -10.566663798260834, -10.5669790544448, -10.5669790544448, -10.5669790544448, -10.566663798260834, -10.566663798260834, -10.566663798260834, -10.566663798260834], \"AIN2\": [-10.566663798260834, -10.566663798260834, -10.5669790544448, -10.566663798260834, -10.5669790544448, -10.566348542076867, -10.566348542076867, -10.566348542076867, -10.5669790544448, -10.566348542076867, -10.566663798260834, -10.566663798260834, -10.566348542076867, -10.566663798260834, -10.566663798260834, -10.5669790544448, -10.5669790544448, -10.566663798260834, -10.5669790544448, -10.566663798260834, -10.566663798260834, -10.566663798260834, -10.566348542076867, -10.566663798260834, -10.566663798260834, -10.566663798260834, -10.566663798260834, -10.566663798260834, -10.566663798260834, -10.5669790544448, -10.566663798260834, -10.566348542076867, -10.566348542076867, -10.5669790544448, -10.5669790544448, -10.566663798260834, -10.566663798260834, -10.566348542076867, -10.566663798260834, -10.566663798260834, -10.566663798260834, -10.5669790544448, -10.5669790544448, -10.566348542076867, -10.566663798260834, -10.5669790544448, -10.5669790544448, -10.566663798260834, -10.5669790544448, -10.566663798260834, -10.5669790544448, -10.566663798260834, -10.5669790544448, -10.566348542076867, -10.566348542076867, -10.566348542076867, -10.566663798260834, -10.566348542076867, -10.566663798260834, -10.566663798260834, -10.566348542076867, -10.566663798260834, -10.566348542076867, -10.566663798260834, -10.566663798260834, -10.566663798260834, -10.566663798260834, -10.566663798260834, -10.566663798260834, -10.566663798260834, -10.566663798260834, -10.566663798260834, -10.5669790544448, -10.566663798260834, -10.5669790544448, -10.566663798260834, -10.566663798260834, -10.566663798260834, -10.5669790544448, -10.566348542076867, -10.566348542076867, -10.566663798260834, -10.5669790544448, -10.566663798260834, -10.566663798260834, -10.566663798260834, -10.5669790544448, -10.566663798260834, -10.566663798260834, -10.5669790544448, -10.566348542076867, -10.566663798260834, -10.566663798260834, -10.566348542076867, -10.566348542076867, -10.5669790544448, -10.566348542076867, -10.566663798260834, -10.566663798260834, -10.566663798260834, -10.566348542076867, -10.566663798260834, -10.566663798260834, -10.566663798260834, -10.566663798260834, -10.5669790544448, -10.566663798260834, -10.5669790544448, -10.566663798260834, -10.566663798260834, -10.566348542076867, -10.5669790544448, -10.566663798260834, -10.566663798260834, -10.566663798260834, -10.566348542076867, -10.566348542076867, -10.5669790544448, -10.566663798260834, -10.566663798260834, -10.5669790544448, -10.566348542076867, -10.566348542076867, -10.566663798260834, -10.5669790544448, -10.5669790544448, -10.566663798260834, -10.566663798260834, -10.5669790544448, -10.566663798260834, -10.5669790544448, -10.5669790544448, -10.566663798260834, -10.566663798260834, -10.566348542076867, -10.5669790544448, -10.566348542076867, -10.5669790544448, -10.566663798260834, -10.566663798260834, -10.5669790544448, -10.566663798260834, -10.566663798260834, -10.566663798260834, -10.566663798260834, -10.566663798260834, -10.566663798260834, -10.5669790544448, -10.5669790544448, -10.566663798260834, -10.5669790544448, -10.566348542076867, -10.566348542076867, -10.5669790544448, -10.5669790544448, -10.5669790544448, -10.5669790544448, -10.5669790544448, -10.5669790544448, -10.566663798260834, -10.5669790544448, -10.566663798260834, -10.5669790544448, -10.566663798260834, -10.566663798260834, -10.566348542076867, -10.5669790544448, -10.566663798260834, -10.566348542076867, -10.566663798260834, -10.566348542076867, -10.566663798260834, -10.566663798260834, -10.5669790544448, -10.566663798260834, -10.566663798260834, -10.566663798260834, -10.566663798260834, -10.566663798260834, -10.566663798260834, -10.5669790544448, -10.5669790544448, -10.566663798260834, -10.566663798260834, -10.566663798260834, -10.566663798260834, -10.566348542076867, -10.5669790544448, -10.5669790544448, -10.566663798260834, -10.566348542076867, -10.566663798260834, -10.566348542076867, -10.566348542076867, -10.566663798260834, -10.566348542076867, -10.566348542076867, -10.5669790544448, -10.566663798260834, -10.5669790544448, -10.566663798260834, -10.566663798260834, -10.566663798260834, -10.566663798260834, -10.566663798260834, -10.566663798260834, -10.5669790544448, -10.566663798260834, -10.566663798260834, -10.566663798260834, -10.566348542076867, -10.566663798260834, -10.5669790544448, -10.566663798260834, -10.5669790544448, -10.566663798260834, -10.5669790544448, -10.566663798260834, -10.566663798260834, -10.566663798260834, -10.566663798260834, -10.5669790544448, -10.566663798260834, -10.566663798260834, -10.566348542076867, -10.5669790544448, -10.566663798260834, -10.566663798260834, -10.566663798260834, -10.566348542076867, -10.5669790544448, -10.566663798260834, -10.566663798260834, -10.566663798260834, -10.5669790544448, -10.5669790544448, -10.566663798260834, -10.566348542076867, -10.566663798260834, -10.566663798260834, -10.566348542076867, -10.566663798260834, -10.5669790544448, -10.566348542076867, -10.566663798260834, -10.566348542076867, -10.566663798260834, -10.566348542076867, -10.566663798260834, -10.566663798260834], \"AIN3\": [-10.5669790544448, -10.566663798260834, -10.5669790544448, -10.566348542076867, -10.566663798260834, -10.566663798260834, -10.566348542076867, -10.566663798260834, -10.566663798260834, -10.566348542076867, -10.566348542076867, -10.5669790544448, -10.566663798260834, -10.566663798260834, -10.566663798260834, -10.5669790544448, -10.566348542076867, -10.5669790544448, -10.566348542076867, -10.566348542076867, -10.5669790544448, -10.566663798260834, -10.566663798260834, -10.5669790544448, -10.566663798260834, -10.5669790544448, -10.566663798260834, -10.5669790544448, -10.5669790544448, -10.566663798260834, -10.566663798260834, -10.566663798260834, -10.5669790544448, -10.566663798260834, -10.5669790544448, -10.566663798260834, -10.566663798260834, -10.566663798260834, -10.566348542076867, -10.5669790544448, -10.566663798260834, -10.566663798260834, -10.566663798260834, -10.566663798260834, -10.566663798260834, -10.5669790544448, -10.566663798260834, -10.566663798260834, -10.5669790544448, -10.566663798260834, -10.566663798260834, -10.5669790544448, -10.5669790544448, -10.566663798260834, -10.566348542076867, -10.566663798260834, -10.566348542076867, -10.5669790544448, -10.566663798260834, -10.566663798260834, -10.566663798260834, -10.566348542076867, -10.566663798260834, -10.566663798260834, -10.566663798260834, -10.566663798260834, -10.566663798260834, -10.566663798260834, -10.5669790544448, -10.5669790544448, -10.5669790544448, -10.5669790544448, -10.566348542076867, -10.566663798260834, -10.566348542076867, -10.5669790544448, -10.5669790544448, -10.566348542076867, -10.566663798260834, -10.5669790544448, -10.566663798260834, -10.566663798260834, -10.566663798260834, -10.566663798260834, -10.566663798260834, -10.5669790544448, -10.5669790544448, -10.566663798260834, -10.566663798260834, -10.566663798260834, -10.566663798260834, -10.566663798260834, -10.5669790544448, -10.566663798260834, -10.566663798260834, -10.5669790544448, -10.566663798260834, -10.566663798260834, -10.566663798260834, -10.566663798260834, -10.5669790544448, -10.566663798260834, -10.566663798260834, -10.566348542076867, -10.566348542076867, -10.5669790544448, -10.566663798260834, -10.5669790544448, -10.566663798260834, -10.5669790544448, -10.5669790544448, -10.5669790544448, -10.566663798260834, -10.566663798260834, -10.566663798260834, -10.566348542076867, -10.566348542076867, -10.5669790544448, -10.5669790544448, -10.566663798260834, -10.566663798260834, -10.5669790544448, -10.5669790544448, -10.566663798260834, -10.5669790544448, -10.566348542076867, -10.566348542076867, -10.566348542076867, -10.566663798260834, -10.5669790544448, -10.566663798260834, -10.5669790544448, -10.566663798260834, -10.5669790544448, -10.566663798260834, -10.5669790544448, -10.5669790544448, -10.566663798260834, -10.566663798260834, -10.566348542076867, -10.566663798260834, -10.566663798260834, -10.5669790544448, -10.566663798260834, -10.566663798260834, -10.566663798260834, -10.5669790544448, -10.5669790544448, -10.566663798260834, -10.5669790544448, -10.566663798260834, -10.5669790544448, -10.566663798260834, -10.5669790544448, -10.566663798260834, -10.566348542076867, -10.566663798260834, -10.566663798260834, -10.566663798260834, -10.566663798260834, -10.5669790544448, -10.5669790544448, -10.566348542076867, -10.566348542076867, -10.566663798260834, -10.566348542076867, -10.566348542076867, -10.566663798260834, -10.566663798260834, -10.566663798260834, -10.566663798260834, -10.566663798260834, -10.566348542076867, -10.566663798260834, -10.566663798260834, -10.566663798260834, -10.566663798260834, -10.566663798260834, -10.566663798260834, -10.5669790544448, -10.566663798260834, -10.566348542076867, -10.5669790544448, -10.566663798260834, -10.566663798260834, -10.566663798260834, -10.5669790544448, -10.5669790544448, -10.5669790544448, -10.566663798260834, -10.566348542076867, -10.566663798260834, -10.566663798260834, -10.566348542076867, -10.5669790544448, -10.566663798260834, -10.566663798260834, -10.5669790544448, -10.5669790544448, -10.5669790544448, -10.5669790544448, -10.5669790544448, -10.566663798260834, -10.566663798260834, -10.566663798260834, -10.566663798260834, -10.566663798260834, -10.5669790544448, -10.566348542076867, -10.566663798260834, -10.5669790544448, -10.566663798260834, -10.566663798260834, -10.5669790544448, -10.566663798260834, -10.566663798260834, -10.566348542076867, -10.566663798260834, -10.566348542076867, -10.566663798260834, -10.5669790544448, -10.5669790544448, -10.5669790544448, -10.566663798260834, -10.567294310628768, -10.566663798260834, -10.566663798260834, -10.566663798260834, -10.566663798260834, -10.566663798260834, -10.5669790544448, -10.566348542076867, -10.566663798260834, -10.566663798260834, -10.5669790544448, -10.5669790544448, -10.566663798260834, -10.5669790544448, -10.566663798260834, -10.566663798260834, -10.566663798260834, -10.566663798260834, -10.5669790544448, -10.566663798260834, -10.566348542076867, -10.5669790544448, -10.566663798260834, -10.566663798260834, -10.5669790544448, -10.5669790544448]}, \"data_type\": \"<type 'collections.defaultdict'>\"}"}
{"message": "{\"timestamp\": 7.296518087387085, \"object_type\": \"labjack_stream\", \"data\": {\"AIN0\": [-10.566663798260834, -10.566663798260834, -10.566663798260834, -10.566663798260834, -10.566348542076867, -10.566663798260834, -10.5669790544448, -10.566663798260834, -10.566663798260834, -10.5669790544448, -10.566663798260834, -10.566663798260834, -10.5669790544448, -10.566663798260834, -10.566663798260834, -10.566663798260834, -10.566348542076867, -10.566663798260834, -10.566663798260834, -10.5669790544448, -10.566663798260834, -10.5669790544448, -10.5669790544448, -10.566663798260834, -10.566663798260834, -10.566663798260834, -10.566663798260834, -10.566348542076867, -10.566348542076867, -10.566663798260834, -10.566663798260834, -10.5669790544448, -10.566348542076867, -10.566663798260834, -10.566663798260834, -10.566663798260834, -10.566663798260834, -10.566663798260834, -10.566663798260834, -10.5669790544448, -10.566348542076867, -10.566663798260834, -10.5669790544448, -10.566663798260834, -10.5669790544448, -10.566663798260834, -10.566663798260834, -10.566663798260834, -10.5669790544448, -10.566663798260834, -10.566663798260834, -10.566663798260834, -10.566663798260834, -10.566663798260834, -10.5669790544448, -10.566663798260834, -10.566663798260834, -10.566663798260834, -10.566348542076867, -10.5669790544448, -10.566663798260834, -10.566663798260834, -10.566348542076867, -10.5669790544448, -10.566663798260834, -10.5669790544448, -10.566348542076867, -10.566663798260834, -10.566663798260834, -10.566663798260834, -10.566348542076867, -10.566348542076867, -10.566663798260834, -10.566663798260834, -10.5669790544448, -10.566663798260834, -10.5669790544448, -10.566663798260834, -10.566663798260834, -10.566663798260834, -10.566663798260834, -10.566663798260834, -10.5669790544448, -10.566663798260834, -10.566663798260834, -10.5669790544448, -10.5669790544448, -10.566663798260834, -10.566663798260834, -10.566663798260834, -10.566663798260834, -10.566348542076867, -10.566663798260834, -10.566663798260834, -10.566663798260834, -10.5669790544448, -10.566663798260834, -10.5669790544448, -10.5669790544448, -10.566663798260834, -10.566663798260834, -10.566663798260834, -10.566348542076867, -10.566348542076867, -10.566663798260834, -10.566663798260834, -10.566348542076867, -10.566348542076867, -10.566663798260834, -10.566663798260834, -10.566348542076867, -10.566663798260834, -10.5669790544448, -10.566663798260834, -10.5669790544448, -10.566663798260834, -10.566663798260834, -10.566348542076867, -10.5669790544448, -10.566663798260834, -10.5669790544448, -10.566663798260834, -10.566663798260834, -10.5669790544448, -10.5669790544448, -10.566663798260834, -10.566663798260834, -10.566663798260834, -10.5669790544448, -10.566348542076867, -10.566663798260834, -10.566663798260834, -10.566663798260834, -10.5669790544448, -10.5669790544448, -10.566348542076867, -10.566663798260834, -10.566663798260834, -10.5669790544448, -10.566663798260834, -10.5669790544448, -10.566663798260834, -10.5669790544448, -10.5669790544448, -10.566663798260834, -10.566663798260834, -10.566663798260834, -10.5669790544448, -10.566348542076867, -10.566348542076867, -10.566663798260834, -10.566663798260834, -10.5669790544448, -10.566663798260834, -10.566663798260834, -10.566663798260834, -10.566663798260834, -10.566663798260834, -10.566663798260834, -10.566663798260834, -10.566348542076867, -10.566663798260834, -10.566663798260834, -10.566348542076867, -10.566348542076867, -10.566663798260834, -10.566663798260834, -10.566663798260834, -10.566663798260834, -10.566663798260834, -10.566663798260834, -10.566663798260834, -10.566663798260834, -10.566348542076867, -10.566663798260834, -10.566348542076867, -10.566663798260834, -10.5669790544448, -10.5669790544448, -10.566663798260834, -10.566663798260834, -10.566663798260834, -10.5669790544448, -10.566663798260834, -10.566663798260834, -10.566348542076867, -10.566663798260834, -10.566663798260834, -10.5669790544448, -10.5669790544448, -10.5669790544448, -10.566663798260834, -10.566663798260834, -10.5669790544448, -10.566663798260834, -10.566348542076867, -10.566663798260834, -10.566348542076867, -10.566663798260834, -10.566663798260834, -10.566348542076867, -10.566348542076867, -10.566348542076867, -10.5669790544448, -10.566348542076867, -10.566348542076867, -10.566663798260834, -10.5669790544448, -10.566663798260834, -10.566663798260834, -10.566663798260834, -10.566348542076867, -10.566663798260834, -10.5669790544448, -10.566348542076867, -10.566663798260834, -10.566663798260834, -10.566663798260834, -10.566348542076867, -10.5669790544448, -10.5669790544448, -10.566663798260834, -10.566348542076867, -10.5669790544448, -10.566663798260834, -10.566663798260834, -10.566663798260834, -10.5669790544448, -10.566663798260834, -10.566348542076867, -10.566663798260834, -10.5669790544448, -10.566348542076867, -10.566663798260834, -10.5669790544448, -10.566663798260834, -10.566663798260834, -10.566663798260834, -10.566663798260834, -10.566663798260834, -10.566663798260834, -10.5669790544448, -10.566348542076867, -10.5669790544448, -10.566663798260834, -10.566663798260834, -10.566348542076867, -10.566348542076867, -10.566663798260834, -10.566663798260834], \"AIN1\": [-10.566348542076867, -10.566348542076867, -10.566663798260834, -10.566663798260834, -10.5669790544448, -10.566663798260834, -10.5669790544448, -10.5669790544448, -10.566663798260834, -10.566663798260834, -10.566348542076867, -10.566348542076867, -10.566663798260834, -10.566663798260834, -10.5669790544448, -10.566663798260834, -10.566663798260834, -10.566663798260834, -10.566663798260834, -10.566663798260834, -10.566663798260834, -10.566663798260834, -10.566348542076867, -10.5669790544448, -10.566663798260834, -10.566663798260834, -10.566663798260834, -10.5669790544448, -10.566663798260834, -10.566663798260834, -10.5669790544448, -10.566348542076867, -10.566663798260834, -10.5669790544448, -10.566348542076867, -10.566663798260834, -10.566663798260834, -10.566663798260834, -10.566348542076867, -10.566663798260834, -10.5669790544448, -10.5669790544448, -10.566348542076867, -10.566663798260834, -10.566663798260834, -10.566348542076867, -10.566663798260834, -10.5669790544448, -10.566663798260834, -10.566663798260834, -10.566663798260834, -10.566663798260834, -10.566348542076867, -10.566663798260834, -10.566663798260834, -10.566663798260834, -10.5669790544448, -10.566663798260834, -10.566348542076867, -10.566348542076867, -10.566663798260834, -10.566663798260834, -10.566663798260834, -10.5669790544448, -10.566663798260834, -10.566663798260834, -10.5669790544448, -10.566663798260834, -10.566663798260834, -10.566663798260834, -10.566348542076867, -10.566348542076867, -10.5669790544448, -10.566663798260834, -10.566348542076867, -10.5669790544448, -10.5669790544448, -10.5669790544448, -10.5669790544448, -10.5669790544448, -10.566663798260834, -10.566663798260834, -10.5669790544448, -10.566663798260834, -10.566663798260834, -10.566663798260834, -10.566348542076867, -10.566663798260834, -10.566663798260834, -10.566663798260834, -10.566663798260834, -10.566663798260834, -10.566663798260834, -10.566348542076867, -10.566663798260834, -10.566663798260834, -10.566663798260834, -10.566663798260834, -10.566663798260834, -10.566663798260834, -10.566663798260834, -10.5669790544448, -10.566663798260834, -10.566348542076867, -10.566663798260834, -10.566348542076867, -10.566348542076867, -10.566348542076867, -10.566663798260834, -10.566663798260834, -10.566663798260834, -10.566663798260834, -10.566663798260834, -10.5669790544448, -10.566348542076867, -10.566663798260834, -10.566663798260834, -10.5669790544448, -10.566663798260834, -10.5669790544448, -10.566663798260834, -10.566663798260834, -10.566348542076867, -10.566663798260834, -10.5669790544448, -10.566663798260834, -10.566663798260834, -10.566663798260834, -10.566663798260834, -10.566348542076867, -10.566663798260834, -10.5669790544448, -10.5669790544448, -10.5669790544448, -10.566663798260834, -10.566663798260834, -10.566348542076867, -10.566663798260834, -10.566663798260834, -10.5669790544448, -10.566663798260834, -10.5669790544448, -10.566663798260834, -10.566663798260834, -10.5669790544448, -10.5669790544448, -10.566663798260834, -10.5669790544448, -10.5669790544448, -10.566663798260834, -10.566348542076867, -10.5669790544448, -10.566663798260834, -10.566663798260834, -10.566663798260834, -10.5669790544448, -10.5669790544448, -10.566348542076867, -10.566663798260834, -10.566663798260834, -10.566348542076867, -10.566663798260834, -10.566348542076867, -10.566663798260834, -10.5669790544448, -10.566663798260834, -10.5669790544448, -10.566663798260834, -10.5669790544448, -10.566663798260834, -10.566348542076867, -10.566348542076867, -10.566663798260834, -10.566663798260834, -10.566663798260834, -10.5669790544448, -10.566663798260834, -10.5669790544448, -10.566663798260834, -10.566663798260834, -10.566663798260834, -10.566663798260834, -10.566663798260834, -10.566663798260834, -10.5669790544448, -10.566663798260834, -10.566663798260834, -10.566663798260834, -10.566663798260834, -10.566348542076867, -10.566663798260834, -10.566663798260834, -10.566663798260834, -10.566663798260834, -10.566663798260834, -10.566663798260834, -10.5669790544448, -10.566348542076867, -10.566663798260834, -10.566663798260834, -10.5669790544448, -10.5669790544448, -10.566663798260834, -10.566663798260834, -10.566663798260834, -10.5669790544448, -10.566348542076867, -10.566663798260834, -10.5669790544448, -10.566663798260834, -10.566663798260834, -10.566663798260834, -10.5669790544448, -10.566663798260834, -10.5669790544448, -10.566663798260834, -10.566663798260834, -10.566663798260834, -10.566663798260834, -10.5669790544448, -10.5669790544448, -10.5669790544448, -10.566663798260834, -10.566663798260834, -10.566663798260834, -10.566663798260834, -10.566663798260834, -10.566348542076867, -10.566663798260834, -10.5669790544448, -10.566663798260834, -10.566348542076867, -10.566663798260834, -10.566348542076867, -10.566663798260834, -10.566663798260834, -10.5669790544448, -10.566663798260834, -10.5669790544448, -10.566663798260834, -10.5669790544448, -10.566348542076867, -10.5669790544448, -10.5669790544448, -10.566663798260834, -10.5669790544448, -10.566663798260834, -10.5669790544448, -10.566663798260834, -10.5669790544448], \"AIN2\": [-10.566663798260834, -10.566663798260834, -10.5669790544448, -10.5669790544448, -10.5669790544448, -10.566663798260834, -10.5669790544448, -10.566663798260834, -10.5669790544448, -10.5669790544448, -10.566663798260834, -10.566663798260834, -10.566663798260834, -10.566348542076867, -10.566663798260834, -10.566663798260834, -10.5669790544448, -10.566663798260834, -10.566348542076867, -10.566348542076867, -10.566663798260834, -10.566348542076867, -10.566663798260834, -10.5669790544448, -10.566348542076867, -10.5669790544448, -10.5669790544448, -10.566663798260834, -10.566663798260834, -10.566663798260834, -10.566663798260834, -10.5669790544448, -10.5669790544448, -10.566663798260834, -10.5669790544448, -10.566663798260834, -10.566663798260834, -10.566348542076867, -10.566663798260834, -10.566348542076867, -10.566348542076867, -10.566663798260834, -10.5669790544448, -10.566348542076867, -10.566663798260834, -10.5669790544448, -10.566663798260834, -10.566663798260834, -10.566663798260834, -10.566663798260834, -10.566663798260834, -10.5669790544448, -10.566663798260834, -10.566663798260834, -10.566663798260834, -10.566663798260834, -10.566663798260834, -10.566663798260834, -10.566663798260834, -10.5669790544448, -10.566663798260834, -10.566348542076867, -10.566663798260834, -10.5669790544448, -10.566348542076867, -10.5669790544448, -10.566663798260834, -10.566663798260834, -10.566663798260834, -10.566663798260834, -10.566663798260834, -10.5669790544448, -10.5669790544448, -10.5669790544448, -10.566663798260834, -10.566663798260834, -10.566663798260834, -10.566663798260834, -10.566663798260834, -10.566663798260834, -10.566348542076867, -10.5669790544448, -10.566663798260834, -10.5669790544448, -10.566348542076867, -10.566663798260834, -10.566663798260834, -10.5669790544448, -10.566663798260834, -10.566663798260834, -10.566663798260834, -10.566663798260834, -10.566663798260834, -10.5669790544448, -10.566663798260834, -10.566348542076867, -10.566663798260834, -10.5669790544448, -10.566663798260834, -10.5669790544448, -10.566663798260834, -10.5669790544448, -10.567294310628768, -10.566663798260834, -10.566348542076867, -10.5669790544448, -10.566348542076867, -10.566348542076867, -10.5669790544448, -10.566348542076867, -10.566348542076867, -10.5669790544448, -10.566348542076867, -10.566348542076867, -10.5669790544448, -10.566663798260834, -10.5669790544448, -10.566663798260834, -10.566663798260834, -10.566663798260834, -10.566663798260834, -10.566348542076867, -10.5669790544448, -10.5669790544448, -10.566663798260834, -10.5669790544448, -10.566663798260834, -10.566663798260834, -10.566663798260834, -10.566663798260834, -10.5669790544448, -10.566663798260834, -10.566663798260834, -10.5669790544448, -10.566663798260834, -10.5669790544448, -10.5669790544448, -10.566663798260834, -10.5669790544448, -10.566663798260834, -10.5669790544448, -10.566663798260834, -10.566663798260834, -10.5669790544448, -10.5669790544448, -10.566663798260834, -10.566663798260834, -10.566348542076867, -10.566348542076867, -10.566348542076867, -10.566663798260834, -10.5669790544448, -10.566663798260834, -10.5669790544448, -10.566663798260834, -10.566348542076867, -10.566663798260834, -10.5669790544448, -10.566663798260834, -10.566663798260834, -10.5669790544448, -10.5669790544448, -10.566663798260834, -10.5669790544448, -10.566663798260834, -10.566663798260834, -10.566663798260834, -10.566663798260834, -10.566663798260834, -10.566663798260834, -10.566663798260834, -10.566663798260834, -10.566663798260834, -10.566663798260834, -10.566663798260834, -10.566663798260834, -10.566663798260834, -10.566663798260834, -10.5669790544448, -10.566663798260834, -10.566348542076867, -10.5669790544448, -10.566663798260834, -10.5669790544448, -10.566663798260834, -10.566348542076867, -10.5669790544448, -10.566663798260834, -10.566663798260834, -10.5669790544448, -10.566663798260834, -10.5669790544448, -10.5669790544448, -10.566348542076867, -10.566663798260834, -10.5669790544448, -10.566663798260834, -10.5669790544448, -10.5669790544448, -10.5669790544448, -10.566663798260834, -10.566663798260834, -10.566663798260834, -10.5660332858929, -10.566663798260834, -10.566663798260834, -10.566348542076867, -10.5669790544448, -10.566663798260834, -10.566663798260834, -10.566663798260834, -10.5669790544448, -10.566663798260834, -10.566663798260834, -10.566663798260834, -10.566663798260834, -10.5669790544448, -10.566663798260834, -10.566663798260834, -10.566348542076867, -10.566663798260834, -10.566663798260834, -10.566663798260834, -10.5669790544448, -10.566348542076867, -10.566663798260834, -10.566663798260834, -10.566663798260834, -10.566663798260834, -10.5669790544448, -10.566663798260834, -10.566663798260834, -10.5669790544448, -10.566663798260834, -10.566663798260834, -10.5669790544448, -10.566663798260834, -10.5669790544448, -10.566663798260834, -10.566663798260834, -10.566663798260834, -10.5669790544448, -10.5669790544448, -10.5669790544448, -10.566348542076867, -10.566663798260834, -10.5669790544448, -10.566663798260834, -10.566663798260834, -10.566663798260834], \"AIN3\": [-10.566663798260834, -10.566663798260834, -10.5669790544448, -10.566663798260834, -10.566663798260834, -10.566348542076867, -10.566663798260834, -10.566348542076867, -10.5669790544448, -10.5669790544448, -10.5669790544448, -10.566348542076867, -10.566663798260834, -10.566663798260834, -10.566663798260834, -10.566663798260834, -10.566663798260834, -10.566663798260834, -10.566663798260834, -10.566663798260834, -10.566348542076867, -10.566663798260834, -10.566663798260834, -10.566663798260834, -10.566348542076867, -10.566348542076867, -10.566663798260834, -10.5669790544448, -10.566663798260834, -10.5669790544448, -10.5669790544448, -10.566663798260834, -10.566663798260834, -10.5669790544448, -10.566663798260834, -10.5669790544448, -10.566663798260834, -10.566663798260834, -10.5669790544448, -10.5669790544448, -10.5669790544448, -10.566663798260834, -10.566663798260834, -10.566663798260834, -10.566663798260834, -10.566663798260834, -10.566663798260834, -10.5669790544448, -10.5669790544448, -10.566663798260834, -10.566663798260834, -10.566663798260834, -10.566348542076867, -10.566663798260834, -10.566663798260834, -10.566663798260834, -10.566348542076867, -10.5669790544448, -10.566663798260834, -10.566348542076867, -10.566663798260834, -10.566663798260834, -10.566348542076867, -10.566348542076867, -10.5669790544448, -10.566348542076867, -10.566663798260834, -10.566663798260834, -10.5669790544448, -10.566663798260834, -10.566663798260834, -10.5669790544448, -10.566663798260834, -10.566663798260834, -10.566663798260834, -10.566663798260834, -10.5669790544448, -10.566663798260834, -10.566663798260834, -10.566348542076867, -10.566663798260834, -10.566348542076867, -10.566663798260834, -10.5669790544448, -10.566663798260834, -10.566663798260834, -10.566663798260834, -10.566348542076867, -10.566663798260834, -10.566348542076867, -10.5669790544448, -10.566663798260834, -10.566663798260834, -10.5669790544448, -10.566663798260834, -10.566663798260834, -10.566663798260834, -10.566348542076867, -10.566663798260834, -10.566663798260834, -10.566663798260834, -10.566348542076867, -10.5669790544448, -10.566348542076867, -10.566348542076867, -10.5669790544448, -10.5669790544448, -10.566663798260834, -10.566348542076867, -10.566663798260834, -10.5669790544448, -10.5669790544448, -10.566663798260834, -10.566663798260834, -10.566663798260834, -10.566663798260834, -10.566663798260834, -10.5669790544448, -10.5669790544448, -10.566348542076867, -10.566663798260834, -10.566663798260834, -10.5669790544448, -10.566663798260834, -10.566663798260834, -10.566663798260834, -10.566663798260834, -10.566663798260834, -10.5669790544448, -10.566348542076867, -10.566663798260834, -10.566663798260834, -10.566663798260834, -10.566663798260834, -10.5669790544448, -10.566663798260834, -10.566663798260834, -10.566663798260834, -10.5669790544448, -10.566663798260834, -10.566663798260834, -10.566663798260834, -10.566663798260834, -10.566663798260834, -10.566348542076867, -10.566348542076867, -10.566663798260834, -10.5669790544448, -10.566663798260834, -10.566663798260834, -10.5669790544448, -10.566663798260834, -10.566663798260834, -10.566663798260834, -10.5669790544448, -10.566663798260834, -10.566663798260834, -10.566663798260834, -10.566663798260834, -10.566663798260834, -10.566348542076867, -10.566348542076867, -10.5669790544448, -10.566663798260834, -10.566663798260834, -10.566663798260834, -10.5669790544448, -10.566663798260834, -10.5669790544448, -10.566663798260834, -10.566663798260834, -10.566348542076867, -10.5669790544448, -10.566663798260834, -10.5669790544448, -10.5669790544448, -10.5669790544448, -10.5669790544448, -10.566663798260834, -10.566663798260834, -10.566663798260834, -10.566348542076867, -10.5669790544448, -10.566663798260834, -10.566348542076867, -10.566663798260834, -10.566663798260834, -10.5669790544448, -10.566348542076867, -10.5669790544448, -10.566663798260834, -10.566663798260834, -10.5669790544448, -10.566663798260834, -10.566663798260834, -10.5669790544448, -10.566663798260834, -10.5669790544448, -10.566663798260834, -10.5669790544448, -10.566663798260834, -10.566663798260834, -10.5669790544448, -10.5669790544448, -10.566663798260834, -10.5669790544448, -10.566663798260834, -10.5669790544448, -10.5669790544448, -10.566663798260834, -10.566663798260834, -10.566663798260834, -10.566663798260834, -10.566348542076867, -10.566663798260834, -10.566663798260834, -10.566663798260834, -10.566663798260834, -10.566663798260834, -10.5669790544448, -10.566663798260834, -10.5669790544448, -10.566663798260834, -10.566663798260834, -10.566663798260834, -10.566663798260834, -10.566348542076867, -10.566663798260834, -10.566663798260834, -10.566663798260834, -10.5669790544448, -10.566663798260834, -10.5669790544448, -10.566663798260834, -10.566663798260834, -10.566348542076867, -10.5669790544448, -10.566663798260834, -10.566663798260834, -10.5669790544448, -10.566663798260834, -10.566348542076867, -10.5669790544448, -10.5669790544448, -10.566348542076867, -10.5669790544448, -10.566663798260834, -10.5669790544448, -10.5669790544448, -10.566663798260834]}, \"data_type\": \"<type 'collections.defaultdict'>\"}"}
{"message": "{\"timestamp\": 7.572301149368286, \"object_type\": \"labjack_stream\", \"data\": {\"AIN0\": [-10.5669790544448, -10.566348542076867, -10.5669790544448, -10.566663798260834, -10.566663798260834, -10.566663798260834, -10.566663798260834, -10.566663798260834, -10.566663798260834, -10.566663798260834, -10.566348542076867, -10.566663798260834, -10.5669790544448, -10.566663798260834, -10.566663798260834, -10.566348542076867, -10.566663798260834, -10.566663798260834, -10.566663798260834, -10.566663798260834, -10.566663798260834, -10.566663798260834, -10.566663798260834, -10.566663798260834, -10.566348542076867, -10.566663798260834, -10.566663798260834, -10.566663798260834, -10.566663798260834, -10.5669790544448, -10.566663798260834, -10.566663798260834, -10.566663798260834, -10.5669790544448, -10.566663798260834, -10.566348542076867, -10.566663798260834, -10.566663798260834, -10.566663798260834, -10.566663798260834, -10.566663798260834, -10.566348542076867, -10.566348542076867, -10.566663798260834, -10.566348542076867, -10.566663798260834, -10.566663798260834, -10.5669790544448, -10.5669790544448, -10.566348542076867, -10.566663798260834, -10.566663798260834, -10.5669790544448, -10.566663798260834, -10.5669790544448, -10.566348542076867, -10.566663798260834, -10.566348542076867, -10.566663798260834, -10.566663798260834, -10.566663798260834, -10.566348542076867, -10.566348542076867, -10.566348542076867, -10.566663798260834, -10.566348542076867, -10.566663798260834, -10.566348542076867, -10.566663798260834, -10.5669790544448, -10.5669790544448, -10.566348542076867, -10.5669790544448, -10.566663798260834, -10.5669790544448, -10.566348542076867, -10.566348542076867, -10.566663798260834, -10.566663798260834, -10.5669790544448, -10.566348542076867, -10.566348542076867, -10.566663798260834, -10.566663798260834, -10.5660332858929, -10.566348542076867, -10.566663798260834, -10.5669790544448, -10.566663798260834, -10.566663798260834, -10.5669790544448, -10.5669790544448, -10.566348542076867, -10.5669790544448, -10.566663798260834, -10.566663798260834, -10.5669790544448, -10.566663798260834, -10.566663798260834, -10.566348542076867, -10.566663798260834, -10.566348542076867, -10.566663798260834, -10.566663798260834, -10.566348542076867, -10.566348542076867, -10.566663798260834, -10.566663798260834, -10.566663798260834, -10.5669790544448, -10.5669790544448, -10.566663798260834, -10.566663798260834, -10.566663798260834, -10.5669790544448, -10.5669790544448, -10.5669790544448, -10.566663798260834, -10.566663798260834, -10.566663798260834, -10.566663798260834, -10.566348542076867, -10.566663798260834, -10.566348542076867, -10.566663798260834, -10.566663798260834, -10.566348542076867, -10.5669790544448, -10.566663798260834, -10.566663798260834, -10.566348542076867, -10.5669790544448, -10.566663798260834, -10.566663798260834, -10.566663798260834, -10.5669790544448, -10.5669790544448, -10.566663798260834, -10.566663798260834, -10.5669790544448, -10.566663798260834, -10.566663798260834, -10.566663798260834, -10.566663798260834, -10.566348542076867, -10.566663798260834, -10.566348542076867, -10.566663798260834, -10.566348542076867, -10.566348542076867, -10.566663798260834, -10.566348542076867, -10.566663798260834, -10.5669790544448, -10.566348542076867, -10.5669790544448, -10.5669790544448, -10.566663798260834, -10.566663798260834, -10.5669790544448, -10.566663798260834, -10.566663798260834, -10.5669790544448, -10.5669790544448, -10.5669790544448, -10.5669790544448, -10.5669790544448, -10.5669790544448, -10.5660332858929, -10.566663798260834, -10.5669790544448, -10.566663798260834, -10.566663798260834, -10.566663798260834, -10.566348542076867, -10.566663798260834, -10.5669790544448, -10.566663798260834, -10.5669790544448, -10.566663798260834, -10.566663798260834, -10.5669790544448, -10.566663798260834, -10.566663798260834, -10.566663798260834, -10.566348542076867, -10.5669790544448, -10.5669790544448, -10.566663798260834, -10.566663798260834, -10.566663798260834, -10.566663798260834, -10.566348542076867, -10.5669790544448, -10.566348542076867, -10.566663798260834, -10.566663798260834, -10.566663798260834, -10.566663798260834, -10.566663798260834, -10.566663798260834, -10.566348542076867, -10.566348542076867, -10.566348542076867, -10.5669790544448, -10.566348542076867, -10.566663798260834, -10.5669790544448, -10.566663798260834, -10.566348542076867, -10.5669790544448, -10.566663798260834, -10.566663798260834, -10.5669790544448, -10.566663798260834, -10.566348542076867, -10.566348542076867, -10.566663798260834, -10.566663798260834, -10.566348542076867, -10.5669790544448, -10.566663798260834, -10.566663798260834, -10.566348542076867, -10.566663798260834, -10.566348542076867, -10.566663798260834, -10.566663798260834, -10.566663798260834, -10.566663798260834, -10.5669790544448, -10.566663798260834, -10.566663798260834, -10.566348542076867, -10.5669790544448, -10.5669790544448, -10.566663798260834, -10.5669790544448, -10.5669790544448, -10.566663798260834, -10.566663798260834, -10.566663798260834, -10.5669790544448, -10.566663798260834, -10.5669790544448, -10.566663798260834, -10.566663798260834, -10.5669790544448, -10.566663798260834, -10.5669790544448], \"AIN1\": [-10.566663798260834, -10.566663798260834, -10.566663798260834, -10.566663798260834, -10.5669790544448, -10.566663798260834, -10.566663798260834, -10.5669790544448, -10.566663798260834, -10.566663798260834, -10.566663798260834, -10.566663798260834, -10.566663798260834, -10.5669790544448, -10.566663798260834, -10.566348542076867, -10.566663798260834, -10.5669790544448, -10.5669790544448, -10.566663798260834, -10.566663798260834, -10.566663798260834, -10.5669790544448, -10.566348542076867, -10.5669790544448, -10.566663798260834, -10.5669790544448, -10.566663798260834, -10.566663798260834, -10.566348542076867, -10.5669790544448, -10.566663798260834, -10.5669790544448, -10.566663798260834, -10.5669790544448, -10.5669790544448, -10.566663798260834, -10.5669790544448, -10.5669790544448, -10.566663798260834, -10.5669790544448, -10.5669790544448, -10.5669790544448, -10.566663798260834, -10.5669790544448, -10.5669790544448, -10.5669790544448, -10.566663798260834, -10.566663798260834, -10.566663798260834, -10.5669790544448, -10.566663798260834, -10.5669790544448, -10.566663798260834, -10.5669790544448, -10.5669790544448, -10.566663798260834, -10.566663798260834, -10.566348542076867, -10.5669790544448, -10.5669790544448, -10.5669790544448, -10.5669790544448, -10.5669790544448, -10.566663798260834, -10.566348542076867, -10.566348542076867, -10.566348542076867, -10.566663798260834, -10.566663798260834, -10.566348542076867, -10.566663798260834, -10.566663798260834, -10.566663798260834, -10.5669790544448, -10.5669790544448, -10.5669790544448, -10.566348542076867, -10.5669790544448, -10.5669790544448, -10.5669790544448, -10.566663798260834, -10.566348542076867, -10.566663798260834, -10.566663798260834, -10.566663798260834, -10.5669790544448, -10.566348542076867, -10.5669790544448, -10.566663798260834, -10.566663798260834, -10.566663798260834, -10.566663798260834, -10.566663798260834, -10.5669790544448, -10.566663798260834, -10.5669790544448, -10.566663798260834, -10.566663798260834, -10.566663798260834, -10.566663798260834, -10.566663798260834, -10.5669790544448, -10.566663798260834, -10.566663798260834, -10.567294310628768, -10.566663798260834, -10.566348542076867, -10.566663798260834, -10.5669790544448, -10.566663798260834, -10.566663798260834, -10.566663798260834, -10.566663798260834, -10.566663798260834, -10.566663798260834, -10.566663798260834, -10.566663798260834, -10.5669790544448, -10.566663798260834, -10.5669790544448, -10.566348542076867, -10.5669790544448, -10.566663798260834, -10.566663798260834, -10.566663798260834, -10.566348542076867, -10.5669790544448, -10.566663798260834, -10.5669790544448, -10.566663798260834, -10.566663798260834, -10.5669790544448, -10.566663798260834, -10.566663798260834, -10.566663798260834, -10.566663798260834, -10.566663798260834, -10.566663798260834, -10.566663798260834, -10.566663798260834, -10.566663798260834, -10.566348542076867, -10.566663798260834, -10.566663798260834, -10.566663798260834, -10.566348542076867, -10.566663798260834, -10.566663798260834, -10.566663798260834, -10.566663798260834, -10.5669790544448, -10.566663798260834, -10.566663798260834, -10.5669790544448, -10.566348542076867, -10.566663798260834, -10.566663798260834, -10.5669790544448, -10.566663798260834, -10.566663798260834, -10.5669790544448, -10.5669790544448, -10.5669790544448, -10.566663798260834, -10.5669790544448, -10.566663798260834, -10.5669790544448, -10.566348542076867, -10.566663798260834, -10.566348542076867, -10.5669790544448, -10.5669790544448, -10.566663798260834, -10.566663798260834, -10.566663798260834, -10.566663798260834, -10.566348542076867, -10.566348542076867, -10.566663798260834, -10.566663798260834, -10.566348542076867, -10.5669790544448, -10.566663798260834, -10.566663798260834, -10.566663798260834, -10.566663798260834, -10.5669790544448, -10.5669790544448, -10.5669790544448, -10.5669790544448, -10.566663798260834, -10.5669790544448, -10.566663798260834, -10.5669790544448, -10.5669790544448, -10.5669790544448, -10.566663798260834, -10.566348542076867, -10.566663798260834, -10.566663798260834, -10.566348542076867, -10.566348542076867, -10.566663798260834, -10.566663798260834, -10.566348542076867, -10.5669790544448, -10.5669790544448, -10.5669790544448, -10.566348542076867, -10.566663798260834, -10.566663798260834, -10.566348542076867, -10.566663798260834, -10.566663798260834, -10.566348542076867, -10.566663798260834, -10.5669790544448, -10.566663798260834, -10.566348542076867, -10.566663798260834, -10.566663798260834, -10.5669790544448, -10.5669790544448, -10.5669790544448, -10.5669790544448, -10.566663798260834, -10.566663798260834, -10.5669790544448, -10.566663798260834, -10.566348542076867, -10.566663798260834, -10.566663798260834, -10.5669790544448, -10.566663798260834, -10.566663798260834, -10.566663798260834, -10.566663798260834, -10.5669790544448, -10.566663798260834, -10.5669790544448, -10.566663798260834, -10.566663798260834, -10.566348542076867, -10.566663798260834, -10.566663798260834, -10.5669790544448, -10.566348542076867, -10.566663798260834, -10.566663798260834], \"AIN2\": [-10.566348542076867, -10.566348542076867, -10.566348542076867, -10.5669790544448, -10.566663798260834, -10.566663798260834, -10.566348542076867, -10.5669790544448, -10.566663798260834, -10.5669790544448, -10.566663798260834, -10.566663798260834, -10.5669790544448, -10.5669790544448, -10.566348542076867, -10.566663798260834, -10.566663798260834, -10.566663798260834, -10.566663798260834, -10.566663798260834, -10.566663798260834, -10.566663798260834, -10.566348542076867, -10.566663798260834, -10.566663798260834, -10.5669790544448, -10.566348542076867, -10.566663798260834, -10.566663798260834, -10.5669790544448, -10.566663798260834, -10.566663798260834, -10.566348542076867, -10.566663798260834, -10.5669790544448, -10.566663798260834, -10.566663798260834, -10.566663798260834, -10.566663798260834, -10.566663798260834, -10.566663798260834, -10.5669790544448, -10.5669790544448, -10.566663798260834, -10.566348542076867, -10.5669790544448, -10.566663798260834, -10.5669790544448, -10.566663798260834, -10.566663798260834, -10.566663798260834, -10.566663798260834, -10.566663798260834, -10.566663798260834, -10.5669790544448, -10.566663798260834, -10.566348542076867, -10.566663798260834, -10.566663798260834, -10.566663798260834, -10.5669790544448, -10.566663798260834, -10.566348542076867, -10.566663798260834, -10.566663798260834, -10.566663798260834, -10.566663798260834, -10.5669790544448, -10.5669790544448, -10.566663798260834, -10.566663798260834, -10.5669790544448, -10.566663798260834, -10.5669790544448, -10.566663798260834, -10.566663798260834, -10.566348542076867, -10.566663798260834, -10.5669790544448, -10.566663798260834, -10.5669790544448, -10.566663798260834, -10.5669790544448, -10.566663798260834, -10.566663798260834, -10.566663798260834, -10.566348542076867, -10.566663798260834, -10.5669790544448, -10.566663798260834, -10.566663798260834, -10.566663798260834, -10.566348542076867, -10.566663798260834, -10.566663798260834, -10.566663798260834, -10.566663798260834, -10.5669790544448, -10.5669790544448, -10.566348542076867, -10.5669790544448, -10.566663798260834, -10.566663798260834, -10.566663798260834, -10.566348542076867, -10.566348542076867, -10.566663798260834, -10.566348542076867, -10.566663798260834, -10.5669790544448, -10.5669790544448, -10.566663798260834, -10.566663798260834, -10.566663798260834, -10.5669790544448, -10.5669790544448, -10.566663798260834, -10.566663798260834, -10.566663798260834, -10.566663798260834, -10.566663798260834, -10.566663798260834, -10.5669790544448, -10.5669790544448, -10.5669790544448, -10.5669790544448, -10.566663798260834, -10.566663798260834, -10.5669790544448, -10.566663798260834, -10.5669790544448, -10.5669790544448, -10.566348542076867, -10.566663798260834, -10.566348542076867, -10.566663798260834, -10.566348542076867, -10.566663798260834, -10.566663798260834, -10.566663798260834, -10.566348542076867, -10.566663798260834, -10.5669790544448, -10.5669790544448, -10.566663798260834, -10.5669790544448, -10.566663798260834, -10.566348542076867, -10.566663798260834, -10.566663798260834, -10.566663798260834, -10.566663798260834, -10.566348542076867, -10.566663798260834, -10.5669790544448, -10.566663798260834, -10.5669790544448, -10.566663798260834, -10.566663798260834, -10.566663798260834, -10.566663798260834, -10.566663798260834, -10.5669790544448, -10.5669790544448, -10.566663798260834, -10.5669790544448, -10.5669790544448, -10.566348542076867, -10.5669790544448, -10.566348542076867, -10.5669790544448, -10.566663798260834, -10.5669790544448, -10.566663798260834, -10.566663798260834, -10.566663798260834, -10.566663798260834, -10.566663798260834, -10.566348542076867, -10.566348542076867, -10.5669790544448, -10.566663798260834, -10.566348542076867, -10.566663798260834, -10.5669790544448, -10.566348542076867, -10.566663798260834, -10.5669790544448, -10.566348542076867, -10.566663798260834, -10.5669790544448, -10.566663798260834, -10.566348542076867, -10.5669790544448, -10.566663798260834, -10.566348542076867, -10.566348542076867, -10.566663798260834, -10.566663798260834, -10.566663798260834, -10.566348542076867, -10.5669790544448, -10.566348542076867, -10.566663798260834, -10.566348542076867, -10.5669790544448, -10.566663798260834, -10.566348542076867, -10.566348542076867, -10.5669790544448, -10.566663798260834, -10.566663798260834, -10.5669790544448, -10.566663798260834, -10.566348542076867, -10.5669790544448, -10.566663798260834, -10.566663798260834, -10.5669790544448, -10.5669790544448, -10.566663798260834, -10.566348542076867, -10.566348542076867, -10.566663798260834, -10.566663798260834, -10.5669790544448, -10.566663798260834, -10.566663798260834, -10.566663798260834, -10.566348542076867, -10.5669790544448, -10.566663798260834, -10.566663798260834, -10.566663798260834, -10.566348542076867, -10.566348542076867, -10.5669790544448, -10.566348542076867, -10.5669790544448, -10.566663798260834, -10.5669790544448, -10.566348542076867, -10.566663798260834, -10.566663798260834, -10.5669790544448, -10.566663798260834, -10.5669790544448, -10.566663798260834, -10.566663798260834, -10.566663798260834], \"AIN3\": [-10.5669790544448, -10.566663798260834, -10.566348542076867, -10.566348542076867, -10.566663798260834, -10.566663798260834, -10.566663798260834, -10.566663798260834, -10.566663798260834, -10.5669790544448, -10.566663798260834, -10.566663798260834, -10.566663798260834, -10.566663798260834, -10.566663798260834, -10.5669790544448, -10.566348542076867, -10.566663798260834, -10.5669790544448, -10.566663798260834, -10.566348542076867, -10.5669790544448, -10.566663798260834, -10.566663798260834, -10.5669790544448, -10.566663798260834, -10.566663798260834, -10.566663798260834, -10.566663798260834, -10.566663798260834, -10.566348542076867, -10.566663798260834, -10.5669790544448, -10.5669790544448, -10.5669790544448, -10.566663798260834, -10.566663798260834, -10.5669790544448, -10.5669790544448, -10.566663798260834, -10.566348542076867, -10.566663798260834, -10.566348542076867, -10.5669790544448, -10.566663798260834, -10.566663798260834, -10.5669790544448, -10.5669790544448, -10.566663798260834, -10.566663798260834, -10.566663798260834, -10.5669790544448, -10.566348542076867, -10.566663798260834, -10.566663798260834, -10.566663798260834, -10.566663798260834, -10.566663798260834, -10.566663798260834, -10.566663798260834, -10.566663798260834, -10.5669790544448, -10.566663798260834, -10.5669790544448, -10.566663798260834, -10.566663798260834, -10.566663798260834, -10.566348542076867, -10.566348542076867, -10.5669790544448, -10.5669790544448, -10.566663798260834, -10.5669790544448, -10.566663798260834, -10.566663798260834, -10.566663798260834, -10.566348542076867, -10.566348542076867, -10.566663798260834, -10.566663798260834, -10.566663798260834, -10.566663798260834, -10.566663798260834, -10.5669790544448, -10.566348542076867, -10.5669790544448, -10.566348542076867, -10.566663798260834, -10.566663798260834, -10.566663798260834, -10.5669790544448, -10.5669790544448, -10.566348542076867, -10.566663798260834, -10.566663798260834, -10.566663798260834, -10.566348542076867, -10.566663798260834, -10.566663798260834, -10.5669790544448, -10.566663798260834, -10.566663798260834, -10.566348542076867, -10.5669790544448, -10.5669790544448, -10.566663798260834, -10.566663798260834, -10.566663798260834, -10.566348542076867, -10.566663798260834, -10.566663798260834, -10.566663798260834, -10.5669790544448, -10.566663798260834, -10.566663798260834, -10.566663798260834, -10.566663798260834, -10.5669790544448, -10.5669790544448, -10.566663798260834, -10.5669790544448, -10.566348542076867, -10.566663798260834, -10.5669790544448, -10.566663798260834, -10.566348542076867, -10.566348542076867, -10.566663798260834, -10.566348542076867, -10.566663798260834, -10.566663798260834, -10.566348542076867, -10.5669790544448, -10.566348542076867, -10.566663798260834, -10.566663798260834, -10.566663798260834, -10.566663798260834, -10.566663798260834, -10.566348542076867, -10.566663798260834, -10.5669790544448, -10.566663798260834, -10.566348542076867, -10.566663798260834, -10.566348542076867, -10.566663798260834, -10.5669790544448, -10.566663798260834, -10.566348542076867, -10.566348542076867, -10.566663798260834, -10.5669790544448, -10.566348542076867, -10.566663798260834, -10.566663798260834, -10.5669790544448, -10.566663798260834, -10.566663798260834, -10.566663798260834, -10.566663798260834, -10.566663798260834, -10.566348542076867, -10.5669790544448, -10.5669790544448, -10.566663798260834, -10.566663798260834, -10.566663798260834, -10.5669790544448, -10.5669790544448, -10.566663798260834, -10.5669790544448, -10.566663798260834, -10.5669790544448, -10.566663798260834, -10.566663798260834, -10.566663798260834, -10.5669790544448, -10.566663798260834, -10.5669790544448, -10.5669790544448, -10.566663798260834, -10.5669790544448, -10.566348542076867, -10.566348542076867, -10.566663798260834, -10.566663798260834, -10.566663798260834, -10.5669790544448, -10.566663798260834, -10.566663798260834, -10.566663798260834, -10.566663798260834, -10.566663798260834, -10.566663798260834, -10.5669790544448, -10.5669790544448, -10.566348542076867, -10.566348542076867, -10.566663798260834, -10.566663798260834, -10.566663798260834, -10.566348542076867, -10.5669790544448, -10.566663798260834, -10.566663798260834, -10.566348542076867, -10.5669790544448, -10.566663798260834, -10.5669790544448, -10.566663798260834, -10.566663798260834, -10.566663798260834, -10.566663798260834, -10.566663798260834, -10.5669790544448, -10.5669790544448, -10.566663798260834, -10.5669790544448, -10.566348542076867, -10.566348542076867, -10.566348542076867, -10.566663798260834, -10.566663798260834, -10.566663798260834, -10.566663798260834, -10.566663798260834, -10.5660332858929, -10.5669790544448, -10.5669790544448, -10.566663798260834, -10.566663798260834, -10.566663798260834, -10.566663798260834, -10.566663798260834, -10.5669790544448, -10.566663798260834, -10.566348542076867, -10.566663798260834, -10.566663798260834, -10.566348542076867, -10.5669790544448, -10.566663798260834, -10.566663798260834, -10.5669790544448, -10.566663798260834, -10.566663798260834, -10.566663798260834, -10.566663798260834, -10.566663798260834]}, \"data_type\": \"<type 'collections.defaultdict'>\"}"}
{"message": "{\"timestamp\": 7.797713994979858, \"object_type\": \"labjack_stream\", \"data\": {\"AIN0\": [-10.5669790544448, -10.566663798260834, -10.566663798260834, -10.5669790544448, -10.566348542076867, -10.566663798260834, -10.566348542076867, -10.566663798260834, -10.566348542076867, -10.566663798260834, -10.566663798260834, -10.566348542076867, -10.5669790544448, -10.5669790544448, -10.5669790544448, -10.5669790544448, -10.566663798260834, -10.5669790544448, -10.566663798260834, -10.566663798260834, -10.566663798260834, -10.566663798260834, -10.566663798260834, -10.5669790544448, -10.566663798260834, -10.566663798260834, -10.566663798260834, -10.566663798260834, -10.5669790544448, -10.566348542076867, -10.5669790544448, -10.566663798260834, -10.5669790544448, -10.5669790544448, -10.566663798260834, -10.566663798260834, -10.5669790544448, -10.566663798260834, -10.566348542076867, -10.566663798260834, -10.566348542076867, -10.566663798260834, -10.566663798260834, -10.566348542076867, -10.5669790544448, -10.566663798260834, -10.5669790544448, -10.5669790544448, -10.566663798260834, -10.5669790544448, -10.5669790544448, -10.5669790544448, -10.566348542076867, -10.566663798260834, -10.5669790544448, -10.5669790544448, -10.5669790544448, -10.5669790544448, -10.566348542076867, -10.566348542076867, -10.566663798260834, -10.566663798260834, -10.5669790544448, -10.566663798260834, -10.5669790544448, -10.566663798260834, -10.566348542076867, -10.566663798260834, -10.5669790544448, -10.5669790544448, -10.566663798260834, -10.566663798260834, -10.566663798260834, -10.566663798260834, -10.566663798260834, -10.566663798260834, -10.566348542076867, -10.566663798260834, -10.566663798260834, -10.566663798260834, -10.566663798260834, -10.566663798260834, -10.566663798260834, -10.566663798260834, -10.566663798260834, -10.566663798260834, -10.566348542076867, -10.566663798260834, -10.566663798260834, -10.566663798260834, -10.566348542076867, -10.566663798260834, -10.566663798260834, -10.566663798260834, -10.566348542076867, -10.5669790544448, -10.566663798260834, -10.566348542076867, -10.566663798260834, -10.5669790544448, -10.566663798260834, -10.566348542076867, -10.566663798260834, -10.5669790544448, -10.566663798260834, -10.566663798260834, -10.566348542076867, -10.566663798260834, -10.566663798260834, -10.5669790544448, -10.566663798260834, -10.566663798260834, -10.566663798260834, -10.566348542076867, -10.5669790544448, -10.566663798260834, -10.566663798260834, -10.566348542076867, -10.566663798260834, -10.566663798260834, -10.566348542076867, -10.566663798260834, -10.566663798260834, -10.566663798260834, -10.566663798260834, -10.566348542076867, -10.566663798260834, -10.566348542076867, -10.566663798260834, -10.566663798260834, -10.566663798260834, -10.566663798260834, -10.566663798260834, -10.5669790544448, -10.5669790544448, -10.566663798260834, -10.566663798260834, -10.566663798260834, -10.5669790544448, -10.566663798260834, -10.5669790544448, -10.5669790544448, -10.566663798260834, -10.566663798260834, -10.566663798260834, -10.566663798260834, -10.5669790544448, -10.566663798260834, -10.566663798260834, -10.566663798260834, -10.566663798260834, -10.566663798260834, -10.566663798260834, -10.566663798260834, -10.566663798260834, -10.566663798260834, -10.566663798260834, -10.566348542076867, -10.566663798260834, -10.566348542076867, -10.566348542076867, -10.566348542076867, -10.5669790544448, -10.566663798260834, -10.566348542076867, -10.566348542076867, -10.566663798260834, -10.566663798260834, -10.5669790544448, -10.566663798260834, -10.566663798260834, -10.566348542076867, -10.5669790544448, -10.566663798260834, -10.566663798260834, -10.5669790544448, -10.566663798260834, -10.566663798260834, -10.566663798260834, -10.5669790544448, -10.566663798260834, -10.566663798260834, -10.566663798260834, -10.5669790544448, -10.5669790544448, -10.566348542076867, -10.5669790544448, -10.566348542076867, -10.566663798260834, -10.5669790544448, -10.566663798260834, -10.566663798260834, -10.566663798260834, -10.5669790544448, -10.566663798260834, -10.566348542076867, -10.566663798260834, -10.566348542076867, -10.566663798260834, -10.566663798260834, -10.566348542076867, -10.566348542076867, -10.566663798260834, -10.566348542076867, -10.566348542076867, -10.5669790544448, -10.566663798260834, -10.566663798260834, -10.566663798260834, -10.566663798260834, -10.566663798260834, -10.5669790544448, -10.5669790544448, -10.566663798260834, -10.566663798260834, -10.5669790544448, -10.5669790544448, -10.566663798260834, -10.5669790544448, -10.566348542076867, -10.566663798260834, -10.566663798260834, -10.566663798260834, -10.566663798260834, -10.566348542076867, -10.5669790544448, -10.566663798260834, -10.566663798260834, -10.566663798260834, -10.566663798260834, -10.5669790544448, -10.566663798260834, -10.5669790544448, -10.566663798260834, -10.5669790544448, -10.566663798260834, -10.566663798260834, -10.5669790544448, -10.566663798260834, -10.566663798260834, -10.566663798260834, -10.566663798260834, -10.566663798260834, -10.5669790544448, -10.5669790544448, -10.566663798260834, -10.5669790544448, -10.566663798260834, -10.566663798260834, -10.5669790544448], \"AIN1\": [-10.566663798260834, -10.566663798260834, -10.566663798260834, -10.5669790544448, -10.5669790544448, -10.566348542076867, -10.566663798260834, -10.566348542076867, -10.5669790544448, -10.566663798260834, -10.566348542076867, -10.5669790544448, -10.566348542076867, -10.566663798260834, -10.566348542076867, -10.5669790544448, -10.566663798260834, -10.566663798260834, -10.566663798260834, -10.566663798260834, -10.566663798260834, -10.566663798260834, -10.5669790544448, -10.566663798260834, -10.566663798260834, -10.5669790544448, -10.566663798260834, -10.566663798260834, -10.566348542076867, -10.566663798260834, -10.566663798260834, -10.566663798260834, -10.566663798260834, -10.5669790544448, -10.566663798260834, -10.5669790544448, -10.5669790544448, -10.5669790544448, -10.566663798260834, -10.5669790544448, -10.5669790544448, -10.5669790544448, -10.566663798260834, -10.566663798260834, -10.566663798260834, -10.566663798260834, -10.566348542076867, -10.566663798260834, -10.5669790544448, -10.566348542076867, -10.566663798260834, -10.566663798260834, -10.5669790544448, -10.566348542076867, -10.566663798260834, -10.5669790544448, -10.566663798260834, -10.566348542076867, -10.5669790544448, -10.566663798260834, -10.566663798260834, -10.566663798260834, -10.566663798260834, -10.566663798260834, -10.5669790544448, -10.566663798260834, -10.566663798260834, -10.5669790544448, -10.566663798260834, -10.5669790544448, -10.566663798260834, -10.566348542076867, -10.566663798260834, -10.566348542076867, -10.566663798260834, -10.566663798260834, -10.566663798260834, -10.566663798260834, -10.5669790544448, -10.566348542076867, -10.566663798260834, -10.566663798260834, -10.5669790544448, -10.566663798260834, -10.5669790544448, -10.5669790544448, -10.5669790544448, -10.566663798260834, -10.566663798260834, -10.566663798260834, -10.566348542076867, -10.5669790544448, -10.566663798260834, -10.5669790544448, -10.566663798260834, -10.566663798260834, -10.5669790544448, -10.5669790544448, -10.566663798260834, -10.566348542076867, -10.566663798260834, -10.566663798260834, -10.5669790544448, -10.5669790544448, -10.566348542076867, -10.5669790544448, -10.5669790544448, -10.566663798260834, -10.566663798260834, -10.566663798260834, -10.5669790544448, -10.566663798260834, -10.5669790544448, -10.5669790544448, -10.566663798260834, -10.566663798260834, -10.566348542076867, -10.566663798260834, -10.566348542076867, -10.5669790544448, -10.566663798260834, -10.5669790544448, -10.566663798260834, -10.566348542076867, -10.566663798260834, -10.566348542076867, -10.566663798260834, -10.5669790544448, -10.566663798260834, -10.566663798260834, -10.5669790544448, -10.566348542076867, -10.566663798260834, -10.566348542076867, -10.5669790544448, -10.5669790544448, -10.566663798260834, -10.5669790544448, -10.566663798260834, -10.566663798260834, -10.5669790544448, -10.5669790544448, -10.566663798260834, -10.566348542076867, -10.5669790544448, -10.566663798260834, -10.566663798260834, -10.566663798260834, -10.566663798260834, -10.566663798260834, -10.566663798260834, -10.566663798260834, -10.566663798260834, -10.566663798260834, -10.566663798260834, -10.566348542076867, -10.566663798260834, -10.566663798260834, -10.5669790544448, -10.566663798260834, -10.566663798260834, -10.5669790544448, -10.566348542076867, -10.566663798260834, -10.5669790544448, -10.5669790544448, -10.566663798260834, -10.566348542076867, -10.566663798260834, -10.5669790544448, -10.566663798260834, -10.566663798260834, -10.5669790544448, -10.567294310628768, -10.566663798260834, -10.566663798260834, -10.5669790544448, -10.5669790544448, -10.566663798260834, -10.566663798260834, -10.5669790544448, -10.566663798260834, -10.5669790544448, -10.566663798260834, -10.566663798260834, -10.566663798260834, -10.5669790544448, -10.5669790544448, -10.566663798260834, -10.566348542076867, -10.5669790544448, -10.566663798260834, -10.566663798260834, -10.5669790544448, -10.566663798260834, -10.566663798260834, -10.5669790544448, -10.5669790544448, -10.566663798260834, -10.566663798260834, -10.5669790544448, -10.566663798260834, -10.5669790544448, -10.5669790544448, -10.566348542076867, -10.5669790544448, -10.566663798260834, -10.566348542076867, -10.5669790544448, -10.566663798260834, -10.566663798260834, -10.5669790544448, -10.566663798260834, -10.566348542076867, -10.566663798260834, -10.5669790544448, -10.5669790544448, -10.566663798260834, -10.566663798260834, -10.566663798260834, -10.566663798260834, -10.5669790544448, -10.566663798260834, -10.566348542076867, -10.566663798260834, -10.5669790544448, -10.5669790544448, -10.566663798260834, -10.5669790544448, -10.5669790544448, -10.5669790544448, -10.566663798260834, -10.566663798260834, -10.566663798260834, -10.5669790544448, -10.566663798260834, -10.566348542076867, -10.566663798260834, -10.566663798260834, -10.566663798260834, -10.566663798260834, -10.5669790544448, -10.566348542076867, -10.566663798260834, -10.566663798260834, -10.566348542076867, -10.566663798260834, -10.5669790544448, -10.5669790544448, -10.5669790544448], \"AIN2\": [-10.566348542076867, -10.566348542076867, -10.566663798260834, -10.566663798260834, -10.566663798260834, -10.566348542076867, -10.566663798260834, -10.5669790544448, -10.5669790544448, -10.566663798260834, -10.566663798260834, -10.5669790544448, -10.566663798260834, -10.5669790544448, -10.566348542076867, -10.566348542076867, -10.566663798260834, -10.566663798260834, -10.566663798260834, -10.566348542076867, -10.566663798260834, -10.566663798260834, -10.566663798260834, -10.566663798260834, -10.566663798260834, -10.5669790544448, -10.5669790544448, -10.566348542076867, -10.566663798260834, -10.566348542076867, -10.566663798260834, -10.566663798260834, -10.5669790544448, -10.566663798260834, -10.566348542076867, -10.566663798260834, -10.566663798260834, -10.566663798260834, -10.566663798260834, -10.566663798260834, -10.5669790544448, -10.566663798260834, -10.566663798260834, -10.5669790544448, -10.566663798260834, -10.566348542076867, -10.5669790544448, -10.566348542076867, -10.566348542076867, -10.5669790544448, -10.566663798260834, -10.566348542076867, -10.566663798260834, -10.5669790544448, -10.566663798260834, -10.566663798260834, -10.566663798260834, -10.566348542076867, -10.566663798260834, -10.566348542076867, -10.566663798260834, -10.566663798260834, -10.566663798260834, -10.566663798260834, -10.566663798260834, -10.566663798260834, -10.566663798260834, -10.5669790544448, -10.5669790544448, -10.566663798260834, -10.566348542076867, -10.566663798260834, -10.566348542076867, -10.566663798260834, -10.566663798260834, -10.5669790544448, -10.566663798260834, -10.566663798260834, -10.566663798260834, -10.566663798260834, -10.566663798260834, -10.5669790544448, -10.566663798260834, -10.566348542076867, -10.566348542076867, -10.5669790544448, -10.566663798260834, -10.566663798260834, -10.566663798260834, -10.566663798260834, -10.566663798260834, -10.566348542076867, -10.566663798260834, -10.5669790544448, -10.5669790544448, -10.566348542076867, -10.566348542076867, -10.566663798260834, -10.5669790544448, -10.566663798260834, -10.5669790544448, -10.566348542076867, -10.566663798260834, -10.566663798260834, -10.5669790544448, -10.5669790544448, -10.566663798260834, -10.566663798260834, -10.566663798260834, -10.566663798260834, -10.566663798260834, -10.5669790544448, -10.566663798260834, -10.566663798260834, -10.5669790544448, -10.566348542076867, -10.5669790544448, -10.5669790544448, -10.5669790544448, -10.566663798260834, -10.566348542076867, -10.5669790544448, -10.566348542076867, -10.5669790544448, -10.566663798260834, -10.5669790544448, -10.566663798260834, -10.566663798260834, -10.566348542076867, -10.566663798260834, -10.566663798260834, -10.566348542076867, -10.5669790544448, -10.5669790544448, -10.5669790544448, -10.566663798260834, -10.5669790544448, -10.566663798260834, -10.566663798260834, -10.5669790544448, -10.566663798260834, -10.5669790544448, -10.566663798260834, -10.566663798260834, -10.5669790544448, -10.5669790544448, -10.566348542076867, -10.566348542076867, -10.566663798260834, -10.566663798260834, -10.566663798260834, -10.566663798260834, -10.566348542076867, -10.566663798260834, -10.5669790544448, -10.566348542076867, -10.566663798260834, -10.5669790544448, -10.5669790544448, -10.5669790544448, -10.566663798260834, -10.5669790544448, -10.5669790544448, -10.566663798260834, -10.5669790544448, -10.566663798260834, -10.5669790544448, -10.566663798260834, -10.566663798260834, -10.566663798260834, -10.566663798260834, -10.566663798260834, -10.5669790544448, -10.566663798260834, -10.566663798260834, -10.566663798260834, -10.566348542076867, -10.566663798260834, -10.566663798260834, -10.566663798260834, -10.566663798260834, -10.566663798260834, -10.566663798260834, -10.566663798260834, -10.566348542076867, -10.566663798260834, -10.566663798260834, -10.5669790544448, -10.5669790544448, -10.566348542076867, -10.5669790544448, -10.566663798260834, -10.566663798260834, -10.566663798260834, -10.566663798260834, -10.566663798260834, -10.566663798260834, -10.566663798260834, -10.566348542076867, -10.5669790544448, -10.566663798260834, -10.566663798260834, -10.566663798260834, -10.5669790544448, -10.566663798260834, -10.566348542076867, -10.566663798260834, -10.566663798260834, -10.566348542076867, -10.566663798260834, -10.566663798260834, -10.566348542076867, -10.566663798260834, -10.5669790544448, -10.566663798260834, -10.5669790544448, -10.566663798260834, -10.566348542076867, -10.566663798260834, -10.5669790544448, -10.566663798260834, -10.5669790544448, -10.566663798260834, -10.566663798260834, -10.566663798260834, -10.566348542076867, -10.566663798260834, -10.566663798260834, -10.566663798260834, -10.5669790544448, -10.5669790544448, -10.5669790544448, -10.566348542076867, -10.566348542076867, -10.566663798260834, -10.5669790544448, -10.566348542076867, -10.566348542076867, -10.5669790544448, -10.566663798260834, -10.566663798260834, -10.5669790544448, -10.566663798260834, -10.566348542076867, -10.566348542076867, -10.5669790544448, -10.566663798260834, -10.566663798260834, -10.566348542076867, -10.566348542076867], \"AIN3\": [-10.566348542076867, -10.566663798260834, -10.566663798260834, -10.566663798260834, -10.566663798260834, -10.566663798260834, -10.5669790544448, -10.5669790544448, -10.566348542076867, -10.566663798260834, -10.566663798260834, -10.5669790544448, -10.566348542076867, -10.566663798260834, -10.5669790544448, -10.566663798260834, -10.566663798260834, -10.566663798260834, -10.566663798260834, -10.5669790544448, -10.566663798260834, -10.566663798260834, -10.5669790544448, -10.566663798260834, -10.5669790544448, -10.5669790544448, -10.5669790544448, -10.566663798260834, -10.566663798260834, -10.566663798260834, -10.566663798260834, -10.566663798260834, -10.566348542076867, -10.566348542076867, -10.5669790544448, -10.566348542076867, -10.566663798260834, -10.5669790544448, -10.566663798260834, -10.566663798260834, -10.566348542076867, -10.566663798260834, -10.566663798260834, -10.566348542076867, -10.5669790544448, -10.5669790544448, -10.566663798260834, -10.566663798260834, -10.566663798260834, -10.566663798260834, -10.566663798260834, -10.566663798260834, -10.566663798260834, -10.566663798260834, -10.567294310628768, -10.5669790544448, -10.566663798260834, -10.5669790544448, -10.5669790544448, -10.566663798260834, -10.566663798260834, -10.566663798260834, -10.566663798260834, -10.5669790544448, -10.566663798260834, -10.5669790544448, -10.5669790544448, -10.566663798260834, -10.5669790544448, -10.566348542076867, -10.566348542076867, -10.566663798260834, -10.566663798260834, -10.566663798260834, -10.5669790544448, -10.566663798260834, -10.566663798260834, -10.566348542076867, -10.5669790544448, -10.566348542076867, -10.566663798260834, -10.566663798260834, -10.566663798260834, -10.566348542076867, -10.566663798260834, -10.5669790544448, -10.5669790544448, -10.566663798260834, -10.566348542076867, -10.566348542076867, -10.566663798260834, -10.566663798260834, -10.5669790544448, -10.5669790544448, -10.566663798260834, -10.566348542076867, -10.566663798260834, -10.566663798260834, -10.566663798260834, -10.5669790544448, -10.566663798260834, -10.566663798260834, -10.566663798260834, -10.566348542076867, -10.566663798260834, -10.566663798260834, -10.5669790544448, -10.566663798260834, -10.566663798260834, -10.566348542076867, -10.566348542076867, -10.566348542076867, -10.5669790544448, -10.5669790544448, -10.566663798260834, -10.566348542076867, -10.566663798260834, -10.566348542076867, -10.566663798260834, -10.5669790544448, -10.566663798260834, -10.5669790544448, -10.5669790544448, -10.5669790544448, -10.5669790544448, -10.566663798260834, -10.5669790544448, -10.5669790544448, -10.566663798260834, -10.566663798260834, -10.566348542076867, -10.566348542076867, -10.566663798260834, -10.5669790544448, -10.5669790544448, -10.566663798260834, -10.566663798260834, -10.566348542076867, -10.566663798260834, -10.5669790544448, -10.566663798260834, -10.5669790544448, -10.566663798260834, -10.5669790544448, -10.566663798260834, -10.566348542076867, -10.566663798260834, -10.5669790544448, -10.566663798260834, -10.566663798260834, -10.566663798260834, -10.566348542076867, -10.566663798260834, -10.566663798260834, -10.566663798260834, -10.5669790544448, -10.566663798260834, -10.566663798260834, -10.5669790544448, -10.566663798260834, -10.566663798260834, -10.5669790544448, -10.566663798260834, -10.5669790544448, -10.566663798260834, -10.566663798260834, -10.566663798260834, -10.566663798260834, -10.566348542076867, -10.566663798260834, -10.5669790544448, -10.566663798260834, -10.5669790544448, -10.566663798260834, -10.5669790544448, -10.566663798260834, -10.566663798260834, -10.5669790544448, -10.566348542076867, -10.566348542076867, -10.566663798260834, -10.5669790544448, -10.566663798260834, -10.5669790544448, -10.5669790544448, -10.566663798260834, -10.566663798260834, -10.566663798260834, -10.566348542076867, -10.566663798260834, -10.5669790544448, -10.566663798260834, -10.566663798260834, -10.566663798260834, -10.566663798260834, -10.566663798260834, -10.566348542076867, -10.566663798260834, -10.566348542076867, -10.5669790544448, -10.566663798260834, -10.566663798260834, -10.566663798260834, -10.5669790544448, -10.5669790544448, -10.566663798260834, -10.566663798260834, -10.566663798260834, -10.566663798260834, -10.5669790544448, -10.566663798260834, -10.5669790544448, -10.566663798260834, -10.566663798260834, -10.566348542076867, -10.566663798260834, -10.566663798260834, -10.566663798260834, -10.5669790544448, -10.566663798260834, -10.566663798260834, -10.566663798260834, -10.5669790544448, -10.566663798260834, -10.566348542076867, -10.566663798260834, -10.5669790544448, -10.566663798260834, -10.5669790544448, -10.5669790544448, -10.566663798260834, -10.566663798260834, -10.5669790544448, -10.566663798260834, -10.566663798260834, -10.5669790544448, -10.566663798260834, -10.566663798260834, -10.566348542076867, -10.566663798260834, -10.566663798260834, -10.566663798260834, -10.5669790544448, -10.566663798260834, -10.566348542076867, -10.5669790544448, -10.5669790544448, -10.566663798260834, -10.566348542076867, -10.566348542076867]}, \"data_type\": \"<type 'collections.defaultdict'>\"}"}
{"message": "{\"timestamp\": 8.07273006439209, \"object_type\": \"labjack_stream\", \"data\": {\"AIN0\": [-10.566663798260834, -10.566663798260834, -10.5669790544448, -10.5669790544448, -10.566663798260834, -10.566663798260834, -10.566663798260834, -10.566663798260834, -10.5669790544448, -10.566348542076867, -10.566663798260834, -10.566663798260834, -10.566348542076867, -10.566348542076867, -10.566348542076867, -10.5669790544448, -10.566663798260834, -10.566663798260834, -10.566348542076867, -10.566348542076867, -10.566663798260834, -10.566663798260834, -10.566663798260834, -10.566663798260834, -10.566663798260834, -10.566663798260834, -10.566663798260834, -10.5669790544448, -10.566663798260834, -10.566663798260834, -10.566663798260834, -10.5669790544448, -10.566348542076867, -10.566348542076867, -10.5669790544448, -10.5669790544448, -10.566663798260834, -10.566348542076867, -10.566663798260834, -10.566663798260834, -10.566348542076867, -10.566663798260834, -10.5669790544448, -10.566663798260834, -10.566663798260834, -10.5669790544448, -10.566348542076867, -10.566348542076867, -10.566663798260834, -10.566348542076867, -10.566348542076867, -10.566663798260834, -10.566663798260834, -10.566348542076867, -10.566663798260834, -10.566663798260834, -10.566348542076867, -10.5669790544448, -10.566348542076867, -10.566348542076867, -10.566663798260834, -10.5669790544448, -10.566348542076867, -10.566663798260834, -10.5669790544448, -10.5669790544448, -10.5669790544448, -10.566663798260834, -10.566348542076867, -10.566348542076867, -10.566663798260834, -10.566348542076867, -10.5669790544448, -10.566663798260834, -10.566663798260834, -10.566663798260834, -10.5669790544448, -10.566663798260834, -10.566348542076867, -10.566663798260834, -10.566663798260834, -10.5669790544448, -10.566348542076867, -10.5669790544448, -10.566663798260834, -10.566663798260834, -10.566663798260834, -10.566663798260834, -10.566663798260834, -10.566663798260834, -10.5669790544448, -10.566348542076867, -10.566663798260834, -10.566663798260834, -10.566663798260834, -10.566663798260834, -10.566663798260834, -10.566663798260834, -10.566348542076867, -10.5669790544448, -10.566348542076867, -10.566663798260834, -10.566348542076867, -10.566663798260834, -10.566663798260834, -10.566348542076867, -10.5669790544448, -10.566663798260834, -10.5669790544448, -10.566348542076867, -10.566663798260834, -10.566663798260834, -10.566348542076867, -10.5669790544448, -10.566663798260834, -10.566348542076867, -10.566348542076867, -10.566663798260834, -10.566663798260834, -10.566663798260834, -10.5669790544448, -10.566348542076867, -10.566663798260834, -10.566663798260834, -10.566663798260834, -10.566663798260834, -10.566348542076867, -10.566663798260834, -10.566348542076867, -10.566663798260834, -10.566663798260834, -10.566348542076867, -10.566663798260834, -10.566663798260834, -10.566348542076867, -10.566663798260834, -10.5669790544448, -10.566663798260834, -10.566348542076867, -10.5669790544448, -10.566663798260834, -10.566663798260834, -10.566663798260834, -10.566348542076867, -10.5669790544448, -10.5669790544448, -10.566663798260834, -10.566348542076867, -10.5669790544448, -10.566663798260834, -10.566663798260834, -10.566663798260834, -10.566663798260834, -10.5669790544448, -10.5669790544448, -10.566663798260834, -10.566663798260834, -10.566663798260834, -10.566663798260834, -10.566663798260834, -10.566663798260834, -10.566663798260834, -10.566663798260834, -10.566348542076867, -10.5669790544448, -10.566663798260834, -10.566348542076867, -10.566348542076867, -10.566348542076867, -10.566663798260834, -10.566663798260834, -10.566348542076867, -10.5669790544448, -10.566663798260834, -10.566663798260834, -10.566348542076867, -10.5669790544448, -10.566663798260834, -10.566663798260834, -10.566663798260834, -10.566348542076867, -10.566663798260834, -10.566663798260834, -10.566663798260834, -10.566663798260834, -10.566663798260834, -10.566663798260834, -10.566663798260834, -10.566663798260834, -10.5669790544448, -10.5669790544448, -10.566663798260834, -10.566663798260834, -10.566663798260834, -10.566663798260834, -10.566663798260834, -10.566348542076867, -10.566663798260834, -10.566663798260834, -10.5669790544448, -10.5669790544448, -10.5669790544448, -10.566663798260834, -10.5669790544448, -10.566663798260834, -10.5669790544448, -10.566663798260834, -10.566663798260834, -10.5669790544448, -10.5669790544448, -10.566663798260834, -10.566663798260834, -10.566348542076867, -10.566663798260834, -10.566663798260834, -10.566348542076867, -10.566663798260834, -10.566663798260834, -10.566663798260834, -10.566663798260834, -10.566348542076867, -10.566348542076867, -10.5669790544448, -10.5669790544448, -10.566348542076867, -10.566348542076867, -10.566348542076867, -10.566663798260834, -10.566348542076867, -10.566663798260834, -10.566663798260834, -10.566348542076867, -10.566663798260834, -10.566663798260834, -10.566663798260834, -10.566663798260834, -10.5669790544448, -10.566663798260834, -10.566663798260834, -10.5669790544448, -10.566663798260834, -10.566663798260834, -10.566663798260834, -10.566348542076867, -10.566663798260834, -10.566663798260834, -10.566348542076867, -10.566663798260834, -10.5669790544448, -10.566663798260834], \"AIN1\": [-10.566663798260834, -10.5669790544448, -10.5669790544448, -10.566663798260834, -10.566663798260834, -10.5669790544448, -10.566663798260834, -10.566663798260834, -10.566663798260834, -10.566348542076867, -10.5669790544448, -10.566348542076867, -10.566663798260834, -10.566663798260834, -10.566663798260834, -10.566663798260834, -10.5669790544448, -10.5669790544448, -10.566663798260834, -10.566663798260834, -10.5669790544448, -10.5669790544448, -10.5669790544448, -10.566663798260834, -10.566663798260834, -10.566663798260834, -10.566663798260834, -10.566663798260834, -10.566663798260834, -10.566348542076867, -10.566663798260834, -10.566348542076867, -10.5669790544448, -10.5669790544448, -10.5669790544448, -10.566663798260834, -10.566348542076867, -10.566663798260834, -10.5669790544448, -10.5669790544448, -10.566663798260834, -10.566663798260834, -10.566663798260834, -10.566348542076867, -10.566663798260834, -10.5669790544448, -10.566663798260834, -10.566663798260834, -10.566663798260834, -10.566663798260834, -10.566348542076867, -10.566663798260834, -10.566348542076867, -10.566663798260834, -10.566663798260834, -10.566663798260834, -10.566663798260834, -10.566348542076867, -10.5669790544448, -10.5669790544448, -10.566663798260834, -10.566663798260834, -10.566348542076867, -10.566663798260834, -10.566663798260834, -10.5669790544448, -10.5669790544448, -10.566663798260834, -10.566663798260834, -10.566663798260834, -10.566663798260834, -10.566663798260834, -10.566663798260834, -10.5669790544448, -10.566663798260834, -10.566663798260834, -10.5669790544448, -10.5669790544448, -10.5669790544448, -10.566663798260834, -10.566348542076867, -10.566663798260834, -10.566348542076867, -10.566663798260834, -10.566663798260834, -10.566663798260834, -10.566663798260834, -10.566663798260834, -10.566348542076867, -10.566663798260834, -10.566348542076867, -10.5669790544448, -10.566663798260834, -10.5669790544448, -10.566663798260834, -10.566663798260834, -10.566348542076867, -10.566663798260834, -10.566663798260834, -10.566663798260834, -10.566663798260834, -10.566663798260834, -10.566663798260834, -10.566663798260834, -10.5669790544448, -10.566663798260834, -10.566663798260834, -10.566348542076867, -10.5669790544448, -10.566663798260834, -10.5669790544448, -10.566663798260834, -10.5669790544448, -10.566663798260834, -10.566663798260834, -10.566663798260834, -10.5669790544448, -10.566663798260834, -10.566348542076867, -10.566663798260834, -10.566663798260834, -10.566348542076867, -10.566663798260834, -10.5669790544448, -10.566663798260834, -10.566663798260834, -10.5669790544448, -10.566663798260834, -10.566663798260834, -10.566348542076867, -10.566663798260834, -10.566663798260834, -10.5669790544448, -10.566348542076867, -10.5669790544448, -10.5669790544448, -10.566663798260834, -10.5669790544448, -10.566348542076867, -10.566663798260834, -10.566663798260834, -10.566663798260834, -10.5669790544448, -10.566663798260834, -10.5669790544448, -10.566663798260834, -10.566663798260834, -10.566663798260834, -10.5669790544448, -10.5669790544448, -10.5669790544448, -10.5669790544448, -10.566348542076867, -10.566663798260834, -10.566663798260834, -10.566663798260834, -10.566348542076867, -10.566663798260834, -10.566348542076867, -10.566663798260834, -10.566348542076867, -10.566663798260834, -10.5669790544448, -10.566663798260834, -10.5669790544448, -10.566663798260834, -10.566663798260834, -10.566663798260834, -10.566663798260834, -10.566663798260834, -10.566348542076867, -10.566663798260834, -10.566348542076867, -10.566663798260834, -10.5669790544448, -10.566348542076867, -10.566663798260834, -10.5669790544448, -10.5669790544448, -10.566663798260834, -10.566663798260834, -10.566663798260834, -10.5669790544448, -10.5669790544448, -10.566663798260834, -10.566663798260834, -10.566348542076867, -10.566663798260834, -10.5669790544448, -10.566663798260834, -10.566348542076867, -10.566663798260834, -10.566348542076867, -10.566663798260834, -10.566663798260834, -10.5669790544448, -10.566348542076867, -10.5669790544448, -10.5669790544448, -10.566348542076867, -10.566663798260834, -10.5669790544448, -10.566663798260834, -10.566663798260834, -10.5669790544448, -10.566663798260834, -10.566663798260834, -10.566663798260834, -10.5669790544448, -10.5669790544448, -10.5669790544448, -10.566663798260834, -10.5669790544448, -10.566663798260834, -10.566663798260834, -10.566663798260834, -10.566663798260834, -10.566663798260834, -10.566348542076867, -10.566348542076867, -10.566663798260834, -10.566663798260834, -10.5669790544448, -10.566663798260834, -10.566348542076867, -10.566663798260834, -10.5669790544448, -10.5669790544448, -10.566663798260834, -10.566663798260834, -10.566663798260834, -10.566663798260834, -10.566663798260834, -10.566663798260834, -10.566663798260834, -10.566348542076867, -10.5669790544448, -10.566348542076867, -10.566663798260834, -10.5669790544448, -10.566663798260834, -10.566663798260834, -10.566663798260834, -10.566663798260834, -10.566348542076867, -10.566663798260834, -10.566663798260834, -10.566663798260834, -10.5669790544448, -10.566663798260834], \"AIN2\": [-10.5669790544448, -10.566663798260834, -10.566663798260834, -10.566663798260834, -10.566348542076867, -10.566348542076867, -10.566663798260834, -10.566348542076867, -10.566348542076867, -10.5669790544448, -10.566663798260834, -10.566348542076867, -10.566663798260834, -10.566663798260834, -10.566663798260834, -10.566663798260834, -10.566663798260834, -10.566663798260834, -10.566663798260834, -10.566663798260834, -10.566348542076867, -10.566663798260834, -10.566663798260834, -10.566663798260834, -10.566663798260834, -10.566348542076867, -10.566663798260834, -10.566663798260834, -10.566663798260834, -10.5669790544448, -10.566663798260834, -10.566663798260834, -10.566663798260834, -10.566663798260834, -10.566663798260834, -10.566663798260834, -10.566663798260834, -10.566348542076867, -10.5669790544448, -10.566348542076867, -10.566663798260834, -10.566348542076867, -10.5669790544448, -10.5669790544448, -10.566663798260834, -10.566663798260834, -10.5669790544448, -10.566348542076867, -10.566663798260834, -10.566663798260834, -10.566663798260834, -10.566348542076867, -10.566348542076867, -10.566663798260834, -10.566348542076867, -10.566663798260834, -10.566348542076867, -10.5669790544448, -10.5669790544448, -10.566348542076867, -10.5669790544448, -10.566663798260834, -10.566663798260834, -10.5669790544448, -10.566663798260834, -10.566348542076867, -10.567294310628768, -10.5669790544448, -10.5669790544448, -10.566663798260834, -10.5669790544448, -10.5669790544448, -10.566348542076867, -10.5669790544448, -10.566663798260834, -10.566663798260834, -10.5669790544448, -10.566663798260834, -10.566663798260834, -10.5669790544448, -10.5669790544448, -10.566663798260834, -10.5669790544448, -10.566348542076867, -10.566663798260834, -10.566663798260834, -10.566663798260834, -10.566348542076867, -10.566663798260834, -10.5669790544448, -10.566663798260834, -10.566663798260834, -10.566663798260834, -10.5669790544448, -10.5669790544448, -10.566663798260834, -10.566348542076867, -10.566348542076867, -10.5669790544448, -10.5669790544448, -10.566663798260834, -10.566348542076867, -10.566663798260834, -10.566663798260834, -10.566663798260834, -10.5669790544448, -10.566348542076867, -10.566663798260834, -10.5669790544448, -10.5669790544448, -10.5669790544448, -10.566663798260834, -10.5669790544448, -10.566663798260834, -10.566663798260834, -10.5669790544448, -10.566663798260834, -10.566348542076867, -10.566663798260834, -10.566663798260834, -10.566663798260834, -10.566663798260834, -10.566663798260834, -10.566348542076867, -10.566663798260834, -10.566663798260834, -10.566663798260834, -10.566663798260834, -10.5669790544448, -10.566348542076867, -10.566348542076867, -10.566663798260834, -10.566663798260834, -10.5669790544448, -10.5669790544448, -10.566663798260834, -10.566663798260834, -10.566663798260834, -10.566663798260834, -10.566348542076867, -10.566663798260834, -10.566663798260834, -10.566663798260834, -10.566663798260834, -10.566663798260834, -10.5669790544448, -10.566663798260834, -10.5669790544448, -10.566663798260834, -10.566663798260834, -10.566663798260834, -10.566663798260834, -10.5669790544448, -10.5669790544448, -10.5669790544448, -10.566348542076867, -10.5669790544448, -10.566348542076867, -10.566663798260834, -10.566348542076867, -10.566663798260834, -10.566348542076867, -10.566663798260834, -10.566663798260834, -10.5669790544448, -10.5669790544448, -10.5669790544448, -10.5669790544448, -10.5669790544448, -10.5669790544448, -10.566663798260834, -10.5669790544448, -10.5669790544448, -10.566663798260834, -10.566663798260834, -10.566663798260834, -10.566663798260834, -10.566663798260834, -10.5669790544448, -10.566348542076867, -10.5669790544448, -10.566663798260834, -10.566663798260834, -10.566663798260834, -10.566663798260834, -10.566348542076867, -10.5669790544448, -10.566663798260834, -10.566348542076867, -10.566663798260834, -10.566663798260834, -10.5669790544448, -10.566348542076867, -10.566663798260834, -10.566348542076867, -10.566348542076867, -10.566663798260834, -10.566663798260834, -10.5669790544448, -10.5669790544448, -10.566663798260834, -10.5669790544448, -10.566348542076867, -10.566663798260834, -10.566663798260834, -10.566663798260834, -10.566348542076867, -10.5669790544448, -10.566663798260834, -10.566663798260834, -10.5669790544448, -10.566348542076867, -10.566663798260834, -10.566663798260834, -10.566663798260834, -10.566663798260834, -10.566663798260834, -10.5669790544448, -10.566663798260834, -10.566663798260834, -10.5669790544448, -10.566663798260834, -10.566348542076867, -10.5669790544448, -10.566663798260834, -10.566348542076867, -10.5669790544448, -10.566663798260834, -10.566663798260834, -10.5669790544448, -10.566663798260834, -10.566663798260834, -10.566663798260834, -10.566663798260834, -10.5669790544448, -10.566348542076867, -10.566663798260834, -10.566348542076867, -10.5669790544448, -10.5669790544448, -10.566663798260834, -10.566663798260834, -10.5669790544448, -10.5669790544448, -10.566348542076867, -10.5669790544448, -10.566348542076867, -10.5669790544448, -10.566663798260834, -10.566663798260834], \"AIN3\": [-10.566663798260834, -10.566663798260834, -10.5669790544448, -10.566663798260834, -10.5669790544448, -10.5669790544448, -10.566663798260834, -10.566348542076867, -10.566663798260834, -10.5669790544448, -10.566348542076867, -10.566663798260834, -10.566663798260834, -10.566348542076867, -10.566663798260834, -10.5669790544448, -10.566663798260834, -10.566348542076867, -10.5669790544448, -10.5669790544448, -10.566663798260834, -10.5669790544448, -10.566663798260834, -10.5669790544448, -10.566663798260834, -10.566663798260834, -10.566663798260834, -10.566348542076867, -10.566663798260834, -10.566663798260834, -10.566663798260834, -10.566663798260834, -10.566348542076867, -10.566663798260834, -10.566663798260834, -10.5669790544448, -10.566663798260834, -10.5669790544448, -10.566663798260834, -10.566663798260834, -10.566663798260834, -10.566663798260834, -10.566663798260834, -10.566663798260834, -10.5669790544448, -10.566663798260834, -10.5669790544448, -10.5669790544448, -10.566663798260834, -10.566663798260834, -10.5669790544448, -10.5669790544448, -10.5669790544448, -10.5669790544448, -10.5669790544448, -10.566348542076867, -10.566348542076867, -10.566663798260834, -10.5669790544448, -10.566663798260834, -10.566663798260834, -10.566663798260834, -10.566663798260834, -10.5669790544448, -10.5669790544448, -10.566348542076867, -10.566663798260834, -10.566663798260834, -10.5669790544448, -10.566348542076867, -10.5669790544448, -10.5669790544448, -10.566663798260834, -10.5669790544448, -10.566663798260834, -10.566663798260834, -10.566663798260834, -10.566663798260834, -10.566663798260834, -10.566663798260834, -10.566663798260834, -10.566663798260834, -10.5669790544448, -10.566663798260834, -10.5669790544448, -10.566663798260834, -10.566663798260834, -10.5669790544448, -10.566663798260834, -10.5669790544448, -10.566663798260834, -10.5669790544448, -10.566348542076867, -10.566663798260834, -10.566663798260834, -10.566663798260834, -10.566663798260834, -10.566663798260834, -10.566663798260834, -10.566348542076867, -10.5669790544448, -10.566663798260834, -10.566663798260834, -10.5669790544448, -10.566663798260834, -10.566348542076867, -10.566663798260834, -10.566663798260834, -10.566663798260834, -10.566663798260834, -10.5669790544448, -10.566663798260834, -10.566348542076867, -10.5669790544448, -10.566663798260834, -10.5660332858929, -10.566663798260834, -10.566663798260834, -10.5669790544448, -10.5669790544448, -10.566663798260834, -10.566663798260834, -10.566663798260834, -10.566348542076867, -10.566663798260834, -10.566348542076867, -10.566348542076867, -10.566348542076867, -10.566663798260834, -10.566663798260834, -10.566663798260834, -10.5669790544448, -10.566663798260834, -10.566663798260834, -10.5669790544448, -10.5669790544448, -10.566663798260834, -10.566663798260834, -10.566663798260834, -10.5669790544448, -10.566348542076867, -10.5669790544448, -10.566663798260834, -10.567294310628768, -10.566663798260834, -10.566663798260834, -10.566663798260834, -10.566663798260834, -10.566663798260834, -10.566663798260834, -10.566348542076867, -10.566663798260834, -10.566663798260834, -10.566663798260834, -10.566663798260834, -10.566663798260834, -10.566663798260834, -10.566348542076867, -10.566348542076867, -10.566663798260834, -10.566663798260834, -10.566663798260834, -10.566663798260834, -10.5669790544448, -10.566663798260834, -10.5669790544448, -10.566348542076867, -10.566663798260834, -10.566663798260834, -10.5669790544448, -10.5669790544448, -10.566663798260834, -10.566663798260834, -10.5669790544448, -10.566663798260834, -10.566663798260834, -10.566663798260834, -10.566348542076867, -10.566663798260834, -10.5669790544448, -10.5669790544448, -10.566663798260834, -10.5669790544448, -10.567294310628768, -10.566663798260834, -10.5669790544448, -10.566663798260834, -10.566348542076867, -10.566663798260834, -10.566663798260834, -10.566663798260834, -10.5669790544448, -10.566663798260834, -10.566348542076867, -10.566663798260834, -10.566348542076867, -10.5669790544448, -10.5669790544448, -10.5669790544448, -10.5669790544448, -10.566663798260834, -10.566663798260834, -10.5669790544448, -10.566663798260834, -10.566348542076867, -10.5669790544448, -10.566348542076867, -10.566663798260834, -10.5669790544448, -10.5669790544448, -10.5669790544448, -10.566663798260834, -10.5669790544448, -10.566663798260834, -10.566663798260834, -10.566663798260834, -10.566663798260834, -10.566663798260834, -10.566663798260834, -10.5669790544448, -10.566663798260834, -10.5669790544448, -10.5669790544448, -10.566348542076867, -10.566663798260834, -10.5669790544448, -10.566663798260834, -10.566348542076867, -10.566663798260834, -10.566663798260834, -10.5669790544448, -10.566663798260834, -10.5669790544448, -10.566663798260834, -10.566663798260834, -10.566348542076867, -10.566663798260834, -10.566348542076867, -10.5669790544448, -10.566663798260834, -10.566663798260834, -10.566663798260834, -10.566663798260834, -10.5669790544448, -10.566663798260834, -10.566663798260834, -10.566663798260834, -10.566663798260834, -10.566663798260834, -10.5669790544448]}, \"data_type\": \"<type 'collections.defaultdict'>\"}"}
{"message": "{\"timestamp\": 8.295768022537231, \"object_type\": \"labjack_stream\", \"data\": {\"AIN0\": [-10.5669790544448, -10.566663798260834, -10.566663798260834, -10.566663798260834, -10.5669790544448, -10.566663798260834, -10.566348542076867, -10.566663798260834, -10.5669790544448, -10.566348542076867, -10.566663798260834, -10.566663798260834, -10.566663798260834, -10.566663798260834, -10.566663798260834, -10.566663798260834, -10.566663798260834, -10.566663798260834, -10.566663798260834, -10.566663798260834, -10.566663798260834, -10.566663798260834, -10.566663798260834, -10.566348542076867, -10.566348542076867, -10.566663798260834, -10.566663798260834, -10.5669790544448, -10.566348542076867, -10.566663798260834, -10.566663798260834, -10.566663798260834, -10.566663798260834, -10.566663798260834, -10.566348542076867, -10.566663798260834, -10.566348542076867, -10.566663798260834, -10.566663798260834, -10.566663798260834, -10.566663798260834, -10.5669790544448, -10.566663798260834, -10.566663798260834, -10.566663798260834, -10.566348542076867, -10.5669790544448, -10.566663798260834, -10.566663798260834, -10.566348542076867, -10.5669790544448, -10.566663798260834, -10.566348542076867, -10.566663798260834, -10.566348542076867, -10.566663798260834, -10.566348542076867, -10.566663798260834, -10.566663798260834, -10.566663798260834, -10.566663798260834, -10.566348542076867, -10.566348542076867, -10.566348542076867, -10.566663798260834, -10.566348542076867, -10.5669790544448, -10.566663798260834, -10.566663798260834, -10.566663798260834, -10.566663798260834, -10.566663798260834, -10.5669790544448, -10.5669790544448, -10.566663798260834, -10.566663798260834, -10.566663798260834, -10.5669790544448, -10.566348542076867, -10.5669790544448, -10.566663798260834, -10.566348542076867, -10.5669790544448, -10.566348542076867, -10.5669790544448, -10.5669790544448, -10.566663798260834, -10.566663798260834, -10.5669790544448, -10.566348542076867, -10.566663798260834, -10.566663798260834, -10.566663798260834, -10.566663798260834, -10.566663798260834, -10.566663798260834, -10.566663798260834, -10.566348542076867, -10.5669790544448, -10.5669790544448, -10.566663798260834, -10.566663798260834, -10.566663798260834, -10.5669790544448, -10.566348542076867, -10.566663798260834, -10.566663798260834, -10.566348542076867, -10.566348542076867, -10.5669790544448, -10.566348542076867, -10.5669790544448, -10.566663798260834, -10.566348542076867, -10.566348542076867, -10.5669790544448, -10.566663798260834, -10.566663798260834, -10.566663798260834, -10.566348542076867, -10.566663798260834, -10.566663798260834, -10.566663798260834, -10.5669790544448, -10.566663798260834, -10.5669790544448, -10.566663798260834, -10.566663798260834, -10.566348542076867, -10.566348542076867, -10.566663798260834, -10.566663798260834, -10.566663798260834, -10.5669790544448, -10.566663798260834, -10.566663798260834, -10.566663798260834, -10.566663798260834, -10.5669790544448, -10.566348542076867, -10.566663798260834, -10.566348542076867, -10.566663798260834, -10.566348542076867, -10.5669790544448, -10.566663798260834, -10.566663798260834, -10.566663798260834, -10.566348542076867, -10.566663798260834, -10.566663798260834, -10.566663798260834, -10.566663798260834, -10.566348542076867, -10.566663798260834, -10.566348542076867, -10.5669790544448, -10.566663798260834, -10.566663798260834, -10.566663798260834, -10.566348542076867, -10.566663798260834, -10.566348542076867, -10.566663798260834, -10.5669790544448, -10.5669790544448, -10.566348542076867, -10.566663798260834, -10.566663798260834, -10.566348542076867, -10.566663798260834, -10.5669790544448, -10.566348542076867, -10.5669790544448, -10.566348542076867, -10.5660332858929, -10.5669790544448, -10.566348542076867, -10.566663798260834, -10.566663798260834, -10.566348542076867, -10.566663798260834, -10.566663798260834, -10.566663798260834, -10.566663798260834, -10.566663798260834, -10.566663798260834, -10.566663798260834, -10.566663798260834, -10.566663798260834, -10.5669790544448, -10.566663798260834, -10.566348542076867, -10.566663798260834, -10.566663798260834, -10.566663798260834, -10.566663798260834, -10.566663798260834, -10.566663798260834, -10.5669790544448, -10.566663798260834, -10.566663798260834, -10.566663798260834, -10.566663798260834, -10.566348542076867, -10.566663798260834, -10.566663798260834, -10.566663798260834, -10.566663798260834, -10.566663798260834, -10.566663798260834, -10.566663798260834, -10.566663798260834, -10.566663798260834, -10.566663798260834, -10.566663798260834, -10.566663798260834, -10.566663798260834, -10.566663798260834, -10.566348542076867, -10.566663798260834, -10.566663798260834, -10.5669790544448, -10.5669790544448, -10.566663798260834, -10.566348542076867, -10.5669790544448, -10.5669790544448, -10.566663798260834, -10.566348542076867, -10.5669790544448, -10.5669790544448, -10.566663798260834, -10.566663798260834, -10.566663798260834, -10.566663798260834, -10.566663798260834, -10.566348542076867, -10.566663798260834, -10.566663798260834, -10.566348542076867, -10.566663798260834, -10.566663798260834, -10.566663798260834, -10.5669790544448, -10.566348542076867, -10.566663798260834, -10.5669790544448, -10.566348542076867, -10.566348542076867], \"AIN1\": [-10.566663798260834, -10.566663798260834, -10.5669790544448, -10.566348542076867, -10.566663798260834, -10.566663798260834, -10.566663798260834, -10.566663798260834, -10.566663798260834, -10.566663798260834, -10.5669790544448, -10.566663798260834, -10.566348542076867, -10.566663798260834, -10.566348542076867, -10.566663798260834, -10.5669790544448, -10.566663798260834, -10.5669790544448, -10.566348542076867, -10.5669790544448, -10.566663798260834, -10.566663798260834, -10.566663798260834, -10.566348542076867, -10.566663798260834, -10.5669790544448, -10.566348542076867, -10.566348542076867, -10.566663798260834, -10.566663798260834, -10.566663798260834, -10.566663798260834, -10.5669790544448, -10.566663798260834, -10.566663798260834, -10.5669790544448, -10.5669790544448, -10.566348542076867, -10.566663798260834, -10.5669790544448, -10.566663798260834, -10.566348542076867, -10.566663798260834, -10.5669790544448, -10.566348542076867, -10.566663798260834, -10.5669790544448, -10.566663798260834, -10.566663798260834, -10.566348542076867, -10.5669790544448, -10.5669790544448, -10.566663798260834, -10.566348542076867, -10.566348542076867, -10.566663798260834, -10.566663798260834, -10.566663798260834, -10.566663798260834, -10.566663798260834, -10.5669790544448, -10.566663798260834, -10.566348542076867, -10.566663798260834, -10.566663798260834, -10.566663798260834, -10.566663798260834, -10.5669790544448, -10.5669790544448, -10.566663798260834, -10.5669790544448, -10.566348542076867, -10.566663798260834, -10.5669790544448, -10.566348542076867, -10.566663798260834, -10.566663798260834, -10.566663798260834, -10.5669790544448, -10.5669790544448, -10.566663798260834, -10.5669790544448, -10.566663798260834, -10.5669790544448, -10.566663798260834, -10.566663798260834, -10.566663798260834, -10.5669790544448, -10.566663798260834, -10.566663798260834, -10.566663798260834, -10.566663798260834, -10.566663798260834, -10.5669790544448, -10.5669790544448, -10.566348542076867, -10.566663798260834, -10.566663798260834, -10.5669790544448, -10.5669790544448, -10.566663798260834, -10.566663798260834, -10.566663798260834, -10.566663798260834, -10.566663798260834, -10.566663798260834, -10.566663798260834, -10.566663798260834, -10.5669790544448, -10.5669790544448, -10.5669790544448, -10.5669790544448, -10.566348542076867, -10.5669790544448, -10.566663798260834, -10.566663798260834, -10.5669790544448, -10.566663798260834, -10.566663798260834, -10.5669790544448, -10.5669790544448, -10.566663798260834, -10.566663798260834, -10.566348542076867, -10.566348542076867, -10.566663798260834, -10.5669790544448, -10.5669790544448, -10.566663798260834, -10.5669790544448, -10.566663798260834, -10.566663798260834, -10.5669790544448, -10.566348542076867, -10.5669790544448, -10.566348542076867, -10.566663798260834, -10.5669790544448, -10.566663798260834, -10.5669790544448, -10.566663798260834, -10.566348542076867, -10.566663798260834, -10.566663798260834, -10.566663798260834, -10.566663798260834, -10.566663798260834, -10.5669790544448, -10.5669790544448, -10.566663798260834, -10.5669790544448, -10.566663798260834, -10.566663798260834, -10.5669790544448, -10.5669790544448, -10.566663798260834, -10.566663798260834, -10.566663798260834, -10.566348542076867, -10.566663798260834, -10.566663798260834, -10.566663798260834, -10.566348542076867, -10.5669790544448, -10.566348542076867, -10.566663798260834, -10.566348542076867, -10.566663798260834, -10.566663798260834, -10.566663798260834, -10.566663798260834, -10.5669790544448, -10.566348542076867, -10.566348542076867, -10.566663798260834, -10.5669790544448, -10.566663798260834, -10.5669790544448, -10.566663798260834, -10.5669790544448, -10.566663798260834, -10.566663798260834, -10.566663798260834, -10.566663798260834, -10.566663798260834, -10.5669790544448, -10.566663798260834, -10.566663798260834, -10.566663798260834, -10.566663798260834, -10.5669790544448, -10.566663798260834, -10.566663798260834, -10.566663798260834, -10.566663798260834, -10.566663798260834, -10.566663798260834, -10.566663798260834, -10.566663798260834, -10.5669790544448, -10.5669790544448, -10.566663798260834, -10.566663798260834, -10.566348542076867, -10.566663798260834, -10.5669790544448, -10.5669790544448, -10.566348542076867, -10.566663798260834, -10.566663798260834, -10.566348542076867, -10.5669790544448, -10.5669790544448, -10.566663798260834, -10.5669790544448, -10.566663798260834, -10.566663798260834, -10.566663798260834, -10.5669790544448, -10.566663798260834, -10.566663798260834, -10.5669790544448, -10.566348542076867, -10.566663798260834, -10.566663798260834, -10.5669790544448, -10.5669790544448, -10.5669790544448, -10.5669790544448, -10.5669790544448, -10.5669790544448, -10.566348542076867, -10.566348542076867, -10.566348542076867, -10.566663798260834, -10.5669790544448, -10.566663798260834, -10.566348542076867, -10.566348542076867, -10.566663798260834, -10.566348542076867, -10.566663798260834, -10.566663798260834, -10.566663798260834, -10.566663798260834, -10.566663798260834, -10.566663798260834, -10.566348542076867, -10.566663798260834], \"AIN2\": [-10.5669790544448, -10.5669790544448, -10.566663798260834, -10.566663798260834, -10.566663798260834, -10.566663798260834, -10.566663798260834, -10.566663798260834, -10.566663798260834, -10.566663798260834, -10.566348542076867, -10.566663798260834, -10.566663798260834, -10.5669790544448, -10.566663798260834, -10.566348542076867, -10.566663798260834, -10.566348542076867, -10.5669790544448, -10.566663798260834, -10.566663798260834, -10.566663798260834, -10.5669790544448, -10.566663798260834, -10.566348542076867, -10.5669790544448, -10.566663798260834, -10.566663798260834, -10.566348542076867, -10.566663798260834, -10.566348542076867, -10.566663798260834, -10.566663798260834, -10.566663798260834, -10.566663798260834, -10.566663798260834, -10.566663798260834, -10.5669790544448, -10.566663798260834, -10.5669790544448, -10.566663798260834, -10.566348542076867, -10.566663798260834, -10.566663798260834, -10.566663798260834, -10.566663798260834, -10.5669790544448, -10.566663798260834, -10.5669790544448, -10.5669790544448, -10.5669790544448, -10.566663798260834, -10.566663798260834, -10.566663798260834, -10.566663798260834, -10.5669790544448, -10.5669790544448, -10.5669790544448, -10.566663798260834, -10.566663798260834, -10.566663798260834, -10.566663798260834, -10.566663798260834, -10.566663798260834, -10.5669790544448, -10.5669790544448, -10.566348542076867, -10.566663798260834, -10.566663798260834, -10.5669790544448, -10.566663798260834, -10.566663798260834, -10.566663798260834, -10.5669790544448, -10.566663798260834, -10.566663798260834, -10.566348542076867, -10.5669790544448, -10.5669790544448, -10.566663798260834, -10.566663798260834, -10.566663798260834, -10.566348542076867, -10.566348542076867, -10.566663798260834, -10.5669790544448, -10.566663798260834, -10.5669790544448, -10.566663798260834, -10.566663798260834, -10.566348542076867, -10.566348542076867, -10.566348542076867, -10.566663798260834, -10.566663798260834, -10.566663798260834, -10.5669790544448, -10.566663798260834, -10.566348542076867, -10.566348542076867, -10.566663798260834, -10.566348542076867, -10.5669790544448, -10.566663798260834, -10.566663798260834, -10.566663798260834, -10.5669790544448, -10.566663798260834, -10.566663798260834, -10.566663798260834, -10.566663798260834, -10.567294310628768, -10.566348542076867, -10.566663798260834, -10.5669790544448, -10.566663798260834, -10.5669790544448, -10.566663798260834, -10.566663798260834, -10.566663798260834, -10.566663798260834, -10.566663798260834, -10.566663798260834, -10.5669790544448, -10.566348542076867, -10.5669790544448, -10.5669790544448, -10.566663798260834, -10.5669790544448, -10.566663798260834, -10.5669790544448, -10.5669790544448, -10.566663798260834, -10.566348542076867, -10.5669790544448, -10.566663798260834, -10.566663798260834, -10.5669790544448, -10.5669790544448, -10.5669790544448, -10.5669790544448, -10.566663798260834, -10.566663798260834, -10.566663798260834, -10.566663798260834, -10.5669790544448, -10.566663798260834, -10.566663798260834, -10.566663798260834, -10.566663798260834, -10.566663798260834, -10.566663798260834, -10.566663798260834, -10.566663798260834, -10.566663798260834, -10.5669790544448, -10.566348542076867, -10.566348542076867, -10.566663798260834, -10.5669790544448, -10.566663798260834, -10.566348542076867, -10.5669790544448, -10.566663798260834, -10.566348542076867, -10.566663798260834, -10.566663798260834, -10.566663798260834, -10.566348542076867, -10.566348542076867, -10.566663798260834, -10.566663798260834, -10.566663798260834, -10.566663798260834, -10.566663798260834, -10.566663798260834, -10.566348542076867, -10.5669790544448, -10.566663798260834, -10.566663798260834, -10.566663798260834, -10.566348542076867, -10.566663798260834, -10.566663798260834, -10.566663798260834, -10.5669790544448, -10.566348542076867, -10.5669790544448, -10.566663798260834, -10.5669790544448, -10.566663798260834, -10.5669790544448, -10.5669790544448, -10.5669790544448, -10.566663798260834, -10.566663798260834, -10.566663798260834, -10.566348542076867, -10.5669790544448, -10.5669790544448, -10.566663798260834, -10.566663798260834, -10.566663798260834, -10.566663798260834, -10.566663798260834, -10.566663798260834, -10.566348542076867, -10.566663798260834, -10.566663798260834, -10.5669790544448, -10.5669790544448, -10.566663798260834, -10.5669790544448, -10.566348542076867, -10.566663798260834, -10.5669790544448, -10.566348542076867, -10.5669790544448, -10.566663798260834, -10.566663798260834, -10.566663798260834, -10.5669790544448, -10.566348542076867, -10.5669790544448, -10.5669790544448, -10.566348542076867, -10.5669790544448, -10.566663798260834, -10.5669790544448, -10.5669790544448, -10.566663798260834, -10.566348542076867, -10.566663798260834, -10.566663798260834, -10.566663798260834, -10.566663798260834, -10.566663798260834, -10.566663798260834, -10.5669790544448, -10.566663798260834, -10.566663798260834, -10.566348542076867, -10.566663798260834, -10.566663798260834, -10.566348542076867, -10.566663798260834, -10.5669790544448, -10.566348542076867, -10.566663798260834, -10.566663798260834], \"AIN3\": [-10.566663798260834, -10.566663798260834, -10.566663798260834, -10.566663798260834, -10.566348542076867, -10.566348542076867, -10.566663798260834, -10.566663798260834, -10.566663798260834, -10.566348542076867, -10.566663798260834, -10.566663798260834, -10.566663798260834, -10.5669790544448, -10.5669790544448, -10.566663798260834, -10.566348542076867, -10.566663798260834, -10.5669790544448, -10.566663798260834, -10.5669790544448, -10.566663798260834, -10.5669790544448, -10.566663798260834, -10.566348542076867, -10.5669790544448, -10.566663798260834, -10.5669790544448, -10.5669790544448, -10.566348542076867, -10.566663798260834, -10.566663798260834, -10.5669790544448, -10.566663798260834, -10.566348542076867, -10.566348542076867, -10.566663798260834, -10.566663798260834, -10.566348542076867, -10.566663798260834, -10.566663798260834, -10.566663798260834, -10.566663798260834, -10.566663798260834, -10.566663798260834, -10.566663798260834, -10.566663798260834, -10.5669790544448, -10.566663798260834, -10.5669790544448, -10.566663798260834, -10.566663798260834, -10.566348542076867, -10.566663798260834, -10.5669790544448, -10.566663798260834, -10.566663798260834, -10.566663798260834, -10.566663798260834, -10.566663798260834, -10.5669790544448, -10.5669790544448, -10.5669790544448, -10.5669790544448, -10.566663798260834, -10.566663798260834, -10.5669790544448, -10.566663798260834, -10.566348542076867, -10.566348542076867, -10.566348542076867, -10.566663798260834, -10.566348542076867, -10.566663798260834, -10.5669790544448, -10.566663798260834, -10.5669790544448, -10.5669790544448, -10.566663798260834, -10.566348542076867, -10.566663798260834, -10.566348542076867, -10.566663798260834, -10.5669790544448, -10.566663798260834, -10.566663798260834, -10.566663798260834, -10.5669790544448, -10.5669790544448, -10.566348542076867, -10.566348542076867, -10.566663798260834, -10.5669790544448, -10.566663798260834, -10.566348542076867, -10.5669790544448, -10.566348542076867, -10.5669790544448, -10.5669790544448, -10.5669790544448, -10.5669790544448, -10.566663798260834, -10.566663798260834, -10.566348542076867, -10.566663798260834, -10.566663798260834, -10.566663798260834, -10.566663798260834, -10.5669790544448, -10.5669790544448, -10.566663798260834, -10.566348542076867, -10.566663798260834, -10.566348542076867, -10.5669790544448, -10.5669790544448, -10.5669790544448, -10.5669790544448, -10.5669790544448, -10.566348542076867, -10.5669790544448, -10.566348542076867, -10.5669790544448, -10.5669790544448, -10.5669790544448, -10.566663798260834, -10.566348542076867, -10.566663798260834, -10.566663798260834, -10.566663798260834, -10.5669790544448, -10.566663798260834, -10.566663798260834, -10.5669790544448, -10.566663798260834, -10.566663798260834, -10.566663798260834, -10.566663798260834, -10.566348542076867, -10.5669790544448, -10.5669790544448, -10.5669790544448, -10.566663798260834, -10.566663798260834, -10.5669790544448, -10.566663798260834, -10.5669790544448, -10.566663798260834, -10.566663798260834, -10.566663798260834, -10.566663798260834, -10.566663798260834, -10.566348542076867, -10.5669790544448, -10.5669790544448, -10.566348542076867, -10.566663798260834, -10.566663798260834, -10.566663798260834, -10.5669790544448, -10.566348542076867, -10.566348542076867, -10.566348542076867, -10.566663798260834, -10.5669790544448, -10.566663798260834, -10.566663798260834, -10.5669790544448, -10.5669790544448, -10.5669790544448, -10.566663798260834, -10.5669790544448, -10.566663798260834, -10.566663798260834, -10.566663798260834, -10.566663798260834, -10.566663798260834, -10.566663798260834, -10.566663798260834, -10.566663798260834, -10.566663798260834, -10.5669790544448, -10.5669790544448, -10.566663798260834, -10.566663798260834, -10.5669790544448, -10.566663798260834, -10.566663798260834, -10.566663798260834, -10.566663798260834, -10.566348542076867, -10.566663798260834, -10.566663798260834, -10.566663798260834, -10.5669790544448, -10.5669790544448, -10.5669790544448, -10.566348542076867, -10.566348542076867, -10.566663798260834, -10.5669790544448, -10.5669790544448, -10.566663798260834, -10.566663798260834, -10.566663798260834, -10.566348542076867, -10.566663798260834, -10.566663798260834, -10.5669790544448, -10.566663798260834, -10.5669790544448, -10.566663798260834, -10.566663798260834, -10.566663798260834, -10.566348542076867, -10.5669790544448, -10.5669790544448, -10.566663798260834, -10.5669790544448, -10.566348542076867, -10.566663798260834, -10.5669790544448, -10.566663798260834, -10.5669790544448, -10.566663798260834, -10.5669790544448, -10.566663798260834, -10.5669790544448, -10.566663798260834, -10.566663798260834, -10.566663798260834, -10.566663798260834, -10.566348542076867, -10.5669790544448, -10.566663798260834, -10.566663798260834, -10.566663798260834, -10.5669790544448, -10.566663798260834, -10.5669790544448, -10.5669790544448, -10.5669790544448, -10.566663798260834, -10.566663798260834, -10.566663798260834, -10.566663798260834, -10.566663798260834, -10.566663798260834, -10.5669790544448, -10.5669790544448]}, \"data_type\": \"<type 'collections.defaultdict'>\"}"}
{"message": "{\"timestamp\": 8.57303500175476, \"object_type\": \"labjack_stream\", \"data\": {\"AIN0\": [-10.566663798260834, -10.566348542076867, -10.566663798260834, -10.566663798260834, -10.566663798260834, -10.566663798260834, -10.566663798260834, -10.566663798260834, -10.566663798260834, -10.5669790544448, -10.566348542076867, -10.566663798260834, -10.5669790544448, -10.566663798260834, -10.566348542076867, -10.5669790544448, -10.566663798260834, -10.5669790544448, -10.566663798260834, -10.566663798260834, -10.5669790544448, -10.566663798260834, -10.566663798260834, -10.566663798260834, -10.5669790544448, -10.566663798260834, -10.566663798260834, -10.5669790544448, -10.566348542076867, -10.566663798260834, -10.566348542076867, -10.566663798260834, -10.566663798260834, -10.566348542076867, -10.5669790544448, -10.566663798260834, -10.566663798260834, -10.566663798260834, -10.5669790544448, -10.566663798260834, -10.5669790544448, -10.566348542076867, -10.566663798260834, -10.566663798260834, -10.566348542076867, -10.5669790544448, -10.566663798260834, -10.566663798260834, -10.5669790544448, -10.566663798260834, -10.566663798260834, -10.566663798260834, -10.5669790544448, -10.5669790544448, -10.566663798260834, -10.566348542076867, -10.566348542076867, -10.566348542076867, -10.566663798260834, -10.566663798260834, -10.566348542076867, -10.566348542076867, -10.566663798260834, -10.566663798260834, -10.566663798260834, -10.566663798260834, -10.566348542076867, -10.5669790544448, -10.566663798260834, -10.566663798260834, -10.5669790544448, -10.566663798260834, -10.5669790544448, -10.5669790544448, -10.566348542076867, -10.566348542076867, -10.566663798260834, -10.5669790544448, -10.5669790544448, -10.566663798260834, -10.566348542076867, -10.566663798260834, -10.566663798260834, -10.566663798260834, -10.566663798260834, -10.566663798260834, -10.566348542076867, -10.566663798260834, -10.566663798260834, -10.5669790544448, -10.566663798260834, -10.566663798260834, -10.5669790544448, -10.566348542076867, -10.566348542076867, -10.566663798260834, -10.566663798260834, -10.566348542076867, -10.566663798260834, -10.566663798260834, -10.5669790544448, -10.566348542076867, -10.566663798260834, -10.5669790544448, -10.5669790544448, -10.566663798260834, -10.566663798260834, -10.5669790544448, -10.5669790544448, -10.566348542076867, -10.566663798260834, -10.566663798260834, -10.566348542076867, -10.5669790544448, -10.566663798260834, -10.5669790544448, -10.566348542076867, -10.566348542076867, -10.566348542076867, -10.566348542076867, -10.5669790544448, -10.5669790544448, -10.566348542076867, -10.5669790544448, -10.566663798260834, -10.566663798260834, -10.5669790544448, -10.566348542076867, -10.566348542076867, -10.566348542076867, -10.566663798260834, -10.566663798260834, -10.566663798260834, -10.5669790544448, -10.566663798260834, -10.566663798260834, -10.566348542076867, -10.566663798260834, -10.566663798260834, -10.566663798260834, -10.5669790544448, -10.5669790544448, -10.566348542076867, -10.566348542076867, -10.566348542076867, -10.566663798260834, -10.566663798260834, -10.5669790544448, -10.566348542076867, -10.566663798260834, -10.5669790544448, -10.566663798260834, -10.566663798260834, -10.566663798260834, -10.5669790544448, -10.566663798260834, -10.566348542076867, -10.566663798260834, -10.566663798260834, -10.566663798260834, -10.566663798260834, -10.566663798260834, -10.566663798260834, -10.566348542076867, -10.566348542076867, -10.566663798260834, -10.566663798260834, -10.566663798260834, -10.566663798260834, -10.566348542076867, -10.566663798260834, -10.566663798260834, -10.566663798260834, -10.5669790544448, -10.566663798260834, -10.5669790544448, -10.5669790544448, -10.5669790544448, -10.5669790544448, -10.566663798260834, -10.5669790544448, -10.5669790544448, -10.566663798260834, -10.566348542076867, -10.566663798260834, -10.566663798260834, -10.566663798260834, -10.5669790544448, -10.5669790544448, -10.566663798260834, -10.566348542076867, -10.566663798260834, -10.566663798260834, -10.566663798260834, -10.566663798260834, -10.5669790544448, -10.5669790544448, -10.566663798260834, -10.566663798260834, -10.566663798260834, -10.566348542076867, -10.566663798260834, -10.566663798260834, -10.5669790544448, -10.566663798260834, -10.566348542076867, -10.566663798260834, -10.5669790544448, -10.566663798260834, -10.5669790544448, -10.5669790544448, -10.566663798260834, -10.5669790544448, -10.566348542076867, -10.566663798260834, -10.566663798260834, -10.566663798260834, -10.5669790544448, -10.566348542076867, -10.5669790544448, -10.5669790544448, -10.566663798260834, -10.566663798260834, -10.566663798260834, -10.566348542076867, -10.566663798260834, -10.566348542076867, -10.566663798260834, -10.566348542076867, -10.566663798260834, -10.566663798260834, -10.566663798260834, -10.566663798260834, -10.566663798260834, -10.566348542076867, -10.566663798260834, -10.566663798260834, -10.566663798260834, -10.566663798260834, -10.566663798260834, -10.566663798260834, -10.566348542076867, -10.5669790544448, -10.566663798260834, -10.566663798260834, -10.566663798260834, -10.5660332858929, -10.566663798260834, -10.566663798260834, -10.5669790544448], \"AIN1\": [-10.566348542076867, -10.566663798260834, -10.566663798260834, -10.566663798260834, -10.566663798260834, -10.566663798260834, -10.566663798260834, -10.5669790544448, -10.566663798260834, -10.566348542076867, -10.566663798260834, -10.566663798260834, -10.5669790544448, -10.566663798260834, -10.566663798260834, -10.5669790544448, -10.566348542076867, -10.566663798260834, -10.566663798260834, -10.566663798260834, -10.566663798260834, -10.566348542076867, -10.566663798260834, -10.5669790544448, -10.566663798260834, -10.566348542076867, -10.566663798260834, -10.566663798260834, -10.5669790544448, -10.566663798260834, -10.566663798260834, -10.566663798260834, -10.5669790544448, -10.566663798260834, -10.566663798260834, -10.566348542076867, -10.566348542076867, -10.566663798260834, -10.566663798260834, -10.566663798260834, -10.566348542076867, -10.5669790544448, -10.5669790544448, -10.566663798260834, -10.566348542076867, -10.5669790544448, -10.5669790544448, -10.566663798260834, -10.566663798260834, -10.566663798260834, -10.566663798260834, -10.566348542076867, -10.5669790544448, -10.5669790544448, -10.5669790544448, -10.566663798260834, -10.5669790544448, -10.566663798260834, -10.566348542076867, -10.566663798260834, -10.5669790544448, -10.5669790544448, -10.566663798260834, -10.5669790544448, -10.566663798260834, -10.566663798260834, -10.5669790544448, -10.566348542076867, -10.5669790544448, -10.566663798260834, -10.566663798260834, -10.5669790544448, -10.5669790544448, -10.5669790544448, -10.566663798260834, -10.566663798260834, -10.566663798260834, -10.5669790544448, -10.566663798260834, -10.566348542076867, -10.5669790544448, -10.566663798260834, -10.566663798260834, -10.566663798260834, -10.566663798260834, -10.566348542076867, -10.5669790544448, -10.566663798260834, -10.566663798260834, -10.566663798260834, -10.566663798260834, -10.566348542076867, -10.5669790544448, -10.566663798260834, -10.566663798260834, -10.566663798260834, -10.5669790544448, -10.5669790544448, -10.566663798260834, -10.566348542076867, -10.566663798260834, -10.566348542076867, -10.566348542076867, -10.566663798260834, -10.566663798260834, -10.566663798260834, -10.566663798260834, -10.5669790544448, -10.5669790544448, -10.566663798260834, -10.566663798260834, -10.566663798260834, -10.566663798260834, -10.566663798260834, -10.566663798260834, -10.566663798260834, -10.5669790544448, -10.566663798260834, -10.5669790544448, -10.566663798260834, -10.566663798260834, -10.566663798260834, -10.5669790544448, -10.5669790544448, -10.566663798260834, -10.566663798260834, -10.5669790544448, -10.5669790544448, -10.566663798260834, -10.566663798260834, -10.5669790544448, -10.566663798260834, -10.566663798260834, -10.566663798260834, -10.566348542076867, -10.5669790544448, -10.5669790544448, -10.566663798260834, -10.5669790544448, -10.566663798260834, -10.5669790544448, -10.566663798260834, -10.5669790544448, -10.566348542076867, -10.5669790544448, -10.566348542076867, -10.5669790544448, -10.566663798260834, -10.566663798260834, -10.566663798260834, -10.566663798260834, -10.566348542076867, -10.566663798260834, -10.5669790544448, -10.566663798260834, -10.5669790544448, -10.5669790544448, -10.5669790544448, -10.566663798260834, -10.566663798260834, -10.566663798260834, -10.566663798260834, -10.566663798260834, -10.566663798260834, -10.566348542076867, -10.566663798260834, -10.5669790544448, -10.566663798260834, -10.566663798260834, -10.566663798260834, -10.566663798260834, -10.566663798260834, -10.566663798260834, -10.566663798260834, -10.567294310628768, -10.566663798260834, -10.566663798260834, -10.566663798260834, -10.5669790544448, -10.566663798260834, -10.566663798260834, -10.5669790544448, -10.5669790544448, -10.5669790544448, -10.566663798260834, -10.5669790544448, -10.566663798260834, -10.566663798260834, -10.566663798260834, -10.566663798260834, -10.566348542076867, -10.566663798260834, -10.5669790544448, -10.566663798260834, -10.5669790544448, -10.566663798260834, -10.566663798260834, -10.566348542076867, -10.566663798260834, -10.5669790544448, -10.566663798260834, -10.566663798260834, -10.566663798260834, -10.5669790544448, -10.5669790544448, -10.5669790544448, -10.566663798260834, -10.5669790544448, -10.566663798260834, -10.566663798260834, -10.566663798260834, -10.5669790544448, -10.566348542076867, -10.566663798260834, -10.566348542076867, -10.566663798260834, -10.566663798260834, -10.566663798260834, -10.5669790544448, -10.566663798260834, -10.5669790544448, -10.5669790544448, -10.5669790544448, -10.5669790544448, -10.566663798260834, -10.566663798260834, -10.566663798260834, -10.566348542076867, -10.5669790544448, -10.566663798260834, -10.566663798260834, -10.5669790544448, -10.566663798260834, -10.5669790544448, -10.566663798260834, -10.566348542076867, -10.566348542076867, -10.5669790544448, -10.5669790544448, -10.566348542076867, -10.566663798260834, -10.566663798260834, -10.566663798260834, -10.566663798260834, -10.5669790544448, -10.566663798260834, -10.566663798260834, -10.566663798260834, -10.5669790544448, -10.5669790544448], \"AIN2\": [-10.566663798260834, -10.566348542076867, -10.566663798260834, -10.566663798260834, -10.566348542076867, -10.566663798260834, -10.566348542076867, -10.5669790544448, -10.566663798260834, -10.566348542076867, -10.5669790544448, -10.566663798260834, -10.5669790544448, -10.5669790544448, -10.5669790544448, -10.5669790544448, -10.5669790544448, -10.566663798260834, -10.566663798260834, -10.5669790544448, -10.5669790544448, -10.566348542076867, -10.566663798260834, -10.566348542076867, -10.566663798260834, -10.566663798260834, -10.5669790544448, -10.5669790544448, -10.5669790544448, -10.566663798260834, -10.5669790544448, -10.566663798260834, -10.5669790544448, -10.5669790544448, -10.566663798260834, -10.566663798260834, -10.566663798260834, -10.566348542076867, -10.566348542076867, -10.566348542076867, -10.566663798260834, -10.566663798260834, -10.566663798260834, -10.566663798260834, -10.567294310628768, -10.566663798260834, -10.566348542076867, -10.566663798260834, -10.566663798260834, -10.566663798260834, -10.566663798260834, -10.566663798260834, -10.566663798260834, -10.566663798260834, -10.566663798260834, -10.566663798260834, -10.566663798260834, -10.566663798260834, -10.566348542076867, -10.566663798260834, -10.567294310628768, -10.566663798260834, -10.566663798260834, -10.5669790544448, -10.566663798260834, -10.566663798260834, -10.566663798260834, -10.5669790544448, -10.566663798260834, -10.566663798260834, -10.566663798260834, -10.566663798260834, -10.5669790544448, -10.566663798260834, -10.566348542076867, -10.566663798260834, -10.5669790544448, -10.566663798260834, -10.566663798260834, -10.5669790544448, -10.566348542076867, -10.566663798260834, -10.566663798260834, -10.5669790544448, -10.566663798260834, -10.566348542076867, -10.566663798260834, -10.566663798260834, -10.5669790544448, -10.566663798260834, -10.566348542076867, -10.566663798260834, -10.566663798260834, -10.5669790544448, -10.566663798260834, -10.566663798260834, -10.5669790544448, -10.566348542076867, -10.566348542076867, -10.566663798260834, -10.5669790544448, -10.5669790544448, -10.566348542076867, -10.5669790544448, -10.5669790544448, -10.566663798260834, -10.5669790544448, -10.566348542076867, -10.566348542076867, -10.566663798260834, -10.5669790544448, -10.566348542076867, -10.5669790544448, -10.566663798260834, -10.5669790544448, -10.5669790544448, -10.566348542076867, -10.566663798260834, -10.566663798260834, -10.566663798260834, -10.566663798260834, -10.5669790544448, -10.566663798260834, -10.566663798260834, -10.566663798260834, -10.566348542076867, -10.566663798260834, -10.566348542076867, -10.566348542076867, -10.566663798260834, -10.566663798260834, -10.566663798260834, -10.5669790544448, -10.566348542076867, -10.5669790544448, -10.566348542076867, -10.566663798260834, -10.5669790544448, -10.566663798260834, -10.566663798260834, -10.566663798260834, -10.5669790544448, -10.566663798260834, -10.566663798260834, -10.5669790544448, -10.566663798260834, -10.566663798260834, -10.5669790544448, -10.566663798260834, -10.566663798260834, -10.566663798260834, -10.566348542076867, -10.5669790544448, -10.566348542076867, -10.5669790544448, -10.566348542076867, -10.5669790544448, -10.566663798260834, -10.566663798260834, -10.5669790544448, -10.566663798260834, -10.566663798260834, -10.5669790544448, -10.5669790544448, -10.5669790544448, -10.566663798260834, -10.566663798260834, -10.566663798260834, -10.566663798260834, -10.5669790544448, -10.5669790544448, -10.566663798260834, -10.566663798260834, -10.566348542076867, -10.566348542076867, -10.566663798260834, -10.5669790544448, -10.566348542076867, -10.566348542076867, -10.566663798260834, -10.566663798260834, -10.566663798260834, -10.566663798260834, -10.5669790544448, -10.566663798260834, -10.5669790544448, -10.566663798260834, -10.5669790544448, -10.5669790544448, -10.566663798260834, -10.5669790544448, -10.566663798260834, -10.566663798260834, -10.5669790544448, -10.566348542076867, -10.5669790544448, -10.5669790544448, -10.566663798260834, -10.566663798260834, -10.566663798260834, -10.566663798260834, -10.566663798260834, -10.5669790544448, -10.566663798260834, -10.566663798260834, -10.566348542076867, -10.566663798260834, -10.566663798260834, -10.566663798260834, -10.5669790544448, -10.566663798260834, -10.5669790544448, -10.566663798260834, -10.566663798260834, -10.566663798260834, -10.566663798260834, -10.566663798260834, -10.566663798260834, -10.566348542076867, -10.566663798260834, -10.566663798260834, -10.566663798260834, -10.566348542076867, -10.566348542076867, -10.566663798260834, -10.5669790544448, -10.566663798260834, -10.566663798260834, -10.566663798260834, -10.566663798260834, -10.566663798260834, -10.5669790544448, -10.566348542076867, -10.566663798260834, -10.566663798260834, -10.566663798260834, -10.566663798260834, -10.5669790544448, -10.566663798260834, -10.5669790544448, -10.566663798260834, -10.566663798260834, -10.566663798260834, -10.566663798260834, -10.566348542076867, -10.566663798260834, -10.566663798260834, -10.5669790544448, -10.566663798260834, -10.566663798260834], \"AIN3\": [-10.566348542076867, -10.566663798260834, -10.566348542076867, -10.566348542076867, -10.566663798260834, -10.566663798260834, -10.566348542076867, -10.5669790544448, -10.5669790544448, -10.566663798260834, -10.566663798260834, -10.566663798260834, -10.566663798260834, -10.566663798260834, -10.5669790544448, -10.566663798260834, -10.566663798260834, -10.566663798260834, -10.566348542076867, -10.566663798260834, -10.566663798260834, -10.566663798260834, -10.566663798260834, -10.566663798260834, -10.566663798260834, -10.566663798260834, -10.566663798260834, -10.566663798260834, -10.566663798260834, -10.5669790544448, -10.566663798260834, -10.566348542076867, -10.566663798260834, -10.5669790544448, -10.566348542076867, -10.566663798260834, -10.566663798260834, -10.566663798260834, -10.566663798260834, -10.566348542076867, -10.566663798260834, -10.5669790544448, -10.566663798260834, -10.566663798260834, -10.566663798260834, -10.566663798260834, -10.566663798260834, -10.5669790544448, -10.566663798260834, -10.566663798260834, -10.566663798260834, -10.5669790544448, -10.5669790544448, -10.566663798260834, -10.5669790544448, -10.566663798260834, -10.5669790544448, -10.5669790544448, -10.566663798260834, -10.5669790544448, -10.566663798260834, -10.566663798260834, -10.5669790544448, -10.566663798260834, -10.566663798260834, -10.5669790544448, -10.566348542076867, -10.566663798260834, -10.566663798260834, -10.566348542076867, -10.5669790544448, -10.566663798260834, -10.566348542076867, -10.5669790544448, -10.5669790544448, -10.5669790544448, -10.566663798260834, -10.566663798260834, -10.566663798260834, -10.566663798260834, -10.5669790544448, -10.5669790544448, -10.566663798260834, -10.566663798260834, -10.5669790544448, -10.566663798260834, -10.566348542076867, -10.566348542076867, -10.566348542076867, -10.566663798260834, -10.566663798260834, -10.566663798260834, -10.566663798260834, -10.5669790544448, -10.566663798260834, -10.566663798260834, -10.566348542076867, -10.5669790544448, -10.566348542076867, -10.5669790544448, -10.5669790544448, -10.566663798260834, -10.566663798260834, -10.566663798260834, -10.5669790544448, -10.566663798260834, -10.566663798260834, -10.5669790544448, -10.566663798260834, -10.566663798260834, -10.566663798260834, -10.566663798260834, -10.566348542076867, -10.566348542076867, -10.5669790544448, -10.566348542076867, -10.566663798260834, -10.566663798260834, -10.566663798260834, -10.566663798260834, -10.566663798260834, -10.566348542076867, -10.566663798260834, -10.566663798260834, -10.566348542076867, -10.566348542076867, -10.566348542076867, -10.566663798260834, -10.566348542076867, -10.5669790544448, -10.566663798260834, -10.566348542076867, -10.566663798260834, -10.5669790544448, -10.566663798260834, -10.5669790544448, -10.566348542076867, -10.5669790544448, -10.5669790544448, -10.566663798260834, -10.5669790544448, -10.5669790544448, -10.566348542076867, -10.566663798260834, -10.566663798260834, -10.566663798260834, -10.566663798260834, -10.566663798260834, -10.566348542076867, -10.5669790544448, -10.5669790544448, -10.5669790544448, -10.566663798260834, -10.566663798260834, -10.5669790544448, -10.5669790544448, -10.566663798260834, -10.566348542076867, -10.566663798260834, -10.566663798260834, -10.566663798260834, -10.566663798260834, -10.5669790544448, -10.566663798260834, -10.566348542076867, -10.566663798260834, -10.566663798260834, -10.566348542076867, -10.566663798260834, -10.566348542076867, -10.5669790544448, -10.566348542076867, -10.566663798260834, -10.566663798260834, -10.5669790544448, -10.566663798260834, -10.566663798260834, -10.566348542076867, -10.566348542076867, -10.5669790544448, -10.566663798260834, -10.5669790544448, -10.566663798260834, -10.566663798260834, -10.566348542076867, -10.566663798260834, -10.566663798260834, -10.566348542076867, -10.566663798260834, -10.5669790544448, -10.5669790544448, -10.566663798260834, -10.566663798260834, -10.5669790544448, -10.566663798260834, -10.5669790544448, -10.566663798260834, -10.566663798260834, -10.5669790544448, -10.566348542076867, -10.566348542076867, -10.5669790544448, -10.5669790544448, -10.566663798260834, -10.566663798260834, -10.566663798260834, -10.566663798260834, -10.566663798260834, -10.5669790544448, -10.566663798260834, -10.566663798260834, -10.566663798260834, -10.566663798260834, -10.566663798260834, -10.566348542076867, -10.5669790544448, -10.5669790544448, -10.566663798260834, -10.566348542076867, -10.5669790544448, -10.566348542076867, -10.5669790544448, -10.5669790544448, -10.566663798260834, -10.566663798260834, -10.5669790544448, -10.5669790544448, -10.566348542076867, -10.566663798260834, -10.5669790544448, -10.5669790544448, -10.566348542076867, -10.566663798260834, -10.5669790544448, -10.5669790544448, -10.5669790544448, -10.566348542076867, -10.566663798260834, -10.566663798260834, -10.566663798260834, -10.566663798260834, -10.566663798260834, -10.566348542076867, -10.5669790544448, -10.566663798260834, -10.5669790544448, -10.5669790544448, -10.566348542076867, -10.566663798260834, -10.566663798260834]}, \"data_type\": \"<type 'collections.defaultdict'>\"}"}
{"message": "{\"timestamp\": 8.797209978103638, \"object_type\": \"labjack_stream\", \"data\": {\"AIN0\": [-10.566663798260834, -10.5669790544448, -10.5669790544448, -10.566348542076867, -10.566663798260834, -10.5669790544448, -10.566348542076867, -10.566663798260834, -10.566348542076867, -10.566348542076867, -10.566663798260834, -10.566663798260834, -10.5669790544448, -10.566348542076867, -10.566663798260834, -10.566348542076867, -10.566663798260834, -10.566663798260834, -10.5669790544448, -10.566663798260834, -10.566663798260834, -10.566663798260834, -10.566663798260834, -10.566348542076867, -10.566663798260834, -10.566663798260834, -10.566663798260834, -10.566348542076867, -10.566348542076867, -10.566348542076867, -10.566663798260834, -10.566663798260834, -10.566663798260834, -10.566348542076867, -10.566348542076867, -10.566663798260834, -10.5669790544448, -10.5669790544448, -10.566348542076867, -10.5669790544448, -10.5669790544448, -10.566348542076867, -10.566663798260834, -10.566348542076867, -10.566663798260834, -10.566663798260834, -10.566663798260834, -10.5669790544448, -10.566663798260834, -10.5669790544448, -10.566663798260834, -10.566663798260834, -10.566663798260834, -10.5669790544448, -10.566663798260834, -10.566663798260834, -10.566348542076867, -10.566663798260834, -10.5669790544448, -10.566663798260834, -10.5669790544448, -10.566663798260834, -10.566348542076867, -10.566348542076867, -10.566348542076867, -10.566663798260834, -10.566348542076867, -10.566663798260834, -10.566663798260834, -10.566348542076867, -10.566348542076867, -10.566663798260834, -10.5669790544448, -10.566663798260834, -10.566348542076867, -10.566663798260834, -10.566663798260834, -10.5669790544448, -10.566663798260834, -10.566663798260834, -10.5669790544448, -10.566663798260834, -10.566663798260834, -10.566348542076867, -10.566348542076867, -10.566663798260834, -10.566348542076867, -10.566663798260834, -10.566348542076867, -10.566348542076867, -10.566348542076867, -10.5669790544448, -10.566663798260834, -10.566663798260834, -10.566348542076867, -10.566348542076867, -10.566663798260834, -10.566663798260834, -10.566348542076867, -10.566663798260834, -10.566348542076867, -10.566663798260834, -10.566663798260834, -10.566663798260834, -10.566663798260834, -10.566348542076867, -10.566348542076867, -10.566348542076867, -10.566663798260834, -10.566663798260834, -10.566663798260834, -10.566348542076867, -10.566348542076867, -10.5669790544448, -10.566663798260834, -10.566663798260834, -10.566348542076867, -10.566663798260834, -10.566348542076867, -10.566348542076867, -10.566663798260834, -10.566663798260834, -10.566663798260834, -10.566663798260834, -10.5669790544448, -10.5669790544448, -10.5669790544448, -10.566663798260834, -10.5669790544448, -10.566663798260834, -10.566348542076867, -10.5669790544448, -10.566663798260834, -10.566663798260834, -10.566348542076867, -10.566663798260834, -10.5669790544448, -10.566663798260834, -10.5669790544448, -10.566663798260834, -10.566663798260834, -10.566663798260834, -10.566663798260834, -10.566663798260834, -10.566663798260834, -10.5669790544448, -10.566663798260834, -10.566663798260834, -10.566663798260834, -10.566663798260834, -10.566663798260834, -10.566663798260834, -10.566663798260834, -10.566663798260834, -10.566663798260834, -10.566663798260834, -10.566663798260834, -10.566348542076867, -10.566348542076867, -10.566348542076867, -10.5669790544448, -10.566348542076867, -10.566348542076867, -10.566663798260834, -10.566348542076867, -10.566663798260834, -10.566348542076867, -10.5669790544448, -10.566663798260834, -10.566663798260834, -10.566663798260834, -10.566663798260834, -10.566663798260834, -10.566348542076867, -10.566663798260834, -10.566348542076867, -10.5669790544448, -10.566663798260834, -10.566663798260834, -10.5669790544448, -10.566663798260834, -10.566663798260834, -10.566348542076867, -10.5669790544448, -10.566663798260834, -10.566663798260834, -10.566348542076867, -10.566348542076867, -10.566663798260834, -10.566663798260834, -10.566663798260834, -10.566348542076867, -10.566663798260834, -10.566663798260834, -10.566663798260834, -10.5669790544448, -10.566348542076867, -10.566663798260834, -10.566663798260834, -10.566663798260834, -10.566348542076867, -10.566348542076867, -10.566663798260834, -10.566663798260834, -10.566663798260834, -10.5669790544448, -10.566663798260834, -10.566348542076867, -10.566663798260834, -10.566348542076867, -10.566663798260834, -10.566348542076867, -10.566663798260834, -10.566663798260834, -10.566348542076867, -10.566663798260834, -10.566663798260834, -10.566663798260834, -10.5669790544448, -10.566663798260834, -10.566663798260834, -10.566663798260834, -10.566663798260834, -10.566348542076867, -10.566348542076867, -10.5669790544448, -10.5669790544448, -10.566663798260834, -10.5669790544448, -10.5669790544448, -10.566663798260834, -10.5669790544448, -10.566348542076867, -10.566348542076867, -10.566663798260834, -10.566663798260834, -10.566663798260834, -10.566348542076867, -10.566663798260834, -10.5669790544448, -10.566663798260834, -10.5669790544448, -10.566663798260834, -10.5669790544448, -10.5669790544448, -10.566663798260834, -10.5669790544448, -10.566663798260834, -10.566663798260834, -10.566663798260834], \"AIN1\": [-10.566663798260834, -10.566663798260834, -10.566348542076867, -10.566663798260834, -10.566663798260834, -10.566663798260834, -10.566663798260834, -10.566663798260834, -10.566663798260834, -10.5669790544448, -10.566663798260834, -10.566663798260834, -10.5669790544448, -10.566663798260834, -10.566663798260834, -10.566663798260834, -10.5669790544448, -10.566663798260834, -10.566663798260834, -10.566663798260834, -10.5669790544448, -10.566663798260834, -10.5669790544448, -10.5669790544448, -10.566348542076867, -10.566663798260834, -10.5669790544448, -10.566663798260834, -10.566663798260834, -10.5669790544448, -10.566663798260834, -10.566663798260834, -10.566663798260834, -10.566663798260834, -10.5669790544448, -10.566663798260834, -10.5669790544448, -10.5669790544448, -10.5669790544448, -10.566663798260834, -10.566663798260834, -10.566663798260834, -10.566663798260834, -10.566663798260834, -10.5669790544448, -10.566663798260834, -10.5669790544448, -10.5669790544448, -10.566663798260834, -10.566348542076867, -10.566348542076867, -10.566663798260834, -10.566348542076867, -10.566663798260834, -10.566663798260834, -10.5669790544448, -10.566663798260834, -10.5669790544448, -10.566663798260834, -10.566663798260834, -10.566663798260834, -10.566348542076867, -10.566663798260834, -10.566663798260834, -10.566348542076867, -10.566663798260834, -10.566663798260834, -10.566663798260834, -10.566663798260834, -10.566663798260834, -10.566663798260834, -10.566663798260834, -10.566663798260834, -10.566663798260834, -10.566663798260834, -10.5669790544448, -10.566348542076867, -10.566663798260834, -10.566663798260834, -10.566663798260834, -10.566663798260834, -10.566663798260834, -10.566663798260834, -10.566348542076867, -10.566663798260834, -10.5669790544448, -10.5669790544448, -10.566663798260834, -10.566663798260834, -10.566663798260834, -10.566348542076867, -10.5669790544448, -10.566663798260834, -10.566663798260834, -10.5669790544448, -10.5669790544448, -10.566663798260834, -10.566663798260834, -10.566663798260834, -10.566663798260834, -10.5669790544448, -10.566663798260834, -10.566663798260834, -10.566663798260834, -10.566663798260834, -10.5669790544448, -10.566348542076867, -10.566348542076867, -10.5669790544448, -10.566663798260834, -10.566663798260834, -10.566348542076867, -10.566663798260834, -10.566663798260834, -10.566663798260834, -10.566663798260834, -10.566663798260834, -10.566663798260834, -10.566663798260834, -10.566663798260834, -10.566663798260834, -10.566663798260834, -10.566663798260834, -10.5669790544448, -10.566663798260834, -10.566663798260834, -10.5669790544448, -10.5669790544448, -10.566663798260834, -10.566663798260834, -10.5669790544448, -10.5669790544448, -10.566663798260834, -10.566348542076867, -10.5669790544448, -10.566663798260834, -10.5669790544448, -10.5669790544448, -10.566348542076867, -10.5669790544448, -10.566663798260834, -10.566348542076867, -10.566663798260834, -10.566348542076867, -10.566663798260834, -10.566663798260834, -10.5669790544448, -10.5669790544448, -10.566348542076867, -10.566663798260834, -10.566663798260834, -10.5669790544448, -10.5669790544448, -10.566663798260834, -10.566663798260834, -10.5669790544448, -10.5669790544448, -10.566348542076867, -10.566663798260834, -10.566348542076867, -10.5669790544448, -10.566348542076867, -10.5669790544448, -10.566663798260834, -10.566348542076867, -10.566663798260834, -10.566663798260834, -10.5669790544448, -10.566348542076867, -10.5669790544448, -10.5669790544448, -10.566663798260834, -10.566663798260834, -10.566348542076867, -10.566663798260834, -10.566663798260834, -10.5669790544448, -10.5669790544448, -10.566348542076867, -10.566663798260834, -10.5669790544448, -10.5669790544448, -10.566348542076867, -10.566348542076867, -10.566348542076867, -10.566663798260834, -10.566663798260834, -10.5669790544448, -10.566663798260834, -10.566348542076867, -10.5669790544448, -10.5669790544448, -10.5669790544448, -10.566663798260834, -10.566663798260834, -10.566663798260834, -10.5669790544448, -10.566663798260834, -10.5669790544448, -10.5669790544448, -10.5669790544448, -10.566663798260834, -10.5669790544448, -10.566663798260834, -10.566663798260834, -10.5669790544448, -10.5669790544448, -10.566663798260834, -10.566663798260834, -10.566663798260834, -10.566663798260834, -10.566663798260834, -10.566663798260834, -10.566663798260834, -10.566348542076867, -10.566663798260834, -10.566663798260834, -10.566663798260834, -10.5669790544448, -10.5669790544448, -10.566348542076867, -10.566348542076867, -10.5669790544448, -10.566348542076867, -10.5669790544448, -10.566663798260834, -10.566663798260834, -10.566663798260834, -10.566663798260834, -10.5669790544448, -10.566663798260834, -10.5669790544448, -10.566663798260834, -10.566663798260834, -10.5669790544448, -10.566348542076867, -10.5669790544448, -10.566663798260834, -10.566663798260834, -10.566663798260834, -10.5669790544448, -10.567294310628768, -10.566348542076867, -10.566663798260834, -10.566348542076867, -10.566663798260834, -10.5669790544448, -10.566348542076867, -10.566663798260834, -10.5669790544448], \"AIN2\": [-10.566663798260834, -10.5669790544448, -10.566663798260834, -10.566663798260834, -10.5669790544448, -10.566663798260834, -10.566663798260834, -10.566663798260834, -10.566663798260834, -10.566348542076867, -10.566663798260834, -10.566663798260834, -10.566663798260834, -10.5669790544448, -10.566348542076867, -10.566663798260834, -10.566663798260834, -10.566663798260834, -10.566348542076867, -10.566663798260834, -10.566663798260834, -10.566663798260834, -10.566663798260834, -10.566348542076867, -10.566663798260834, -10.566663798260834, -10.566663798260834, -10.566663798260834, -10.566348542076867, -10.566663798260834, -10.5669790544448, -10.5669790544448, -10.566348542076867, -10.566663798260834, -10.5669790544448, -10.566663798260834, -10.5669790544448, -10.566663798260834, -10.566663798260834, -10.5669790544448, -10.566663798260834, -10.566663798260834, -10.566348542076867, -10.566348542076867, -10.566663798260834, -10.5669790544448, -10.566663798260834, -10.5669790544448, -10.566348542076867, -10.5669790544448, -10.566663798260834, -10.566663798260834, -10.566663798260834, -10.5669790544448, -10.5669790544448, -10.5669790544448, -10.566663798260834, -10.5669790544448, -10.566663798260834, -10.566348542076867, -10.566663798260834, -10.5669790544448, -10.566348542076867, -10.566663798260834, -10.5669790544448, -10.5669790544448, -10.566348542076867, -10.566663798260834, -10.566663798260834, -10.5669790544448, -10.566663798260834, -10.566663798260834, -10.566663798260834, -10.566663798260834, -10.566663798260834, -10.566663798260834, -10.566348542076867, -10.5669790544448, -10.566663798260834, -10.566663798260834, -10.566348542076867, -10.566663798260834, -10.566348542076867, -10.566348542076867, -10.566663798260834, -10.5669790544448, -10.566663798260834, -10.5669790544448, -10.566348542076867, -10.566663798260834, -10.566663798260834, -10.566663798260834, -10.5669790544448, -10.5669790544448, -10.5669790544448, -10.5669790544448, -10.566348542076867, -10.566663798260834, -10.5669790544448, -10.566348542076867, -10.566663798260834, -10.566663798260834, -10.566663798260834, -10.566348542076867, -10.5669790544448, -10.5669790544448, -10.566663798260834, -10.566663798260834, -10.566663798260834, -10.566348542076867, -10.5669790544448, -10.566663798260834, -10.5669790544448, -10.566663798260834, -10.566348542076867, -10.5669790544448, -10.566663798260834, -10.566663798260834, -10.566663798260834, -10.566663798260834, -10.566348542076867, -10.5669790544448, -10.566663798260834, -10.5669790544448, -10.566663798260834, -10.566663798260834, -10.566663798260834, -10.5669790544448, -10.566663798260834, -10.566348542076867, -10.566663798260834, -10.566348542076867, -10.566348542076867, -10.566663798260834, -10.566348542076867, -10.5669790544448, -10.566348542076867, -10.566663798260834, -10.566663798260834, -10.566663798260834, -10.566348542076867, -10.566663798260834, -10.5669790544448, -10.5669790544448, -10.566663798260834, -10.566348542076867, -10.566663798260834, -10.566663798260834, -10.5669790544448, -10.566663798260834, -10.566663798260834, -10.566663798260834, -10.566663798260834, -10.566348542076867, -10.566663798260834, -10.5669790544448, -10.566663798260834, -10.5669790544448, -10.5669790544448, -10.5669790544448, -10.566663798260834, -10.566663798260834, -10.566663798260834, -10.5669790544448, -10.5669790544448, -10.566663798260834, -10.566348542076867, -10.566663798260834, -10.5669790544448, -10.566663798260834, -10.5669790544448, -10.566663798260834, -10.5669790544448, -10.5669790544448, -10.566663798260834, -10.566663798260834, -10.566663798260834, -10.5669790544448, -10.566663798260834, -10.5669790544448, -10.566348542076867, -10.566663798260834, -10.566663798260834, -10.566663798260834, -10.566348542076867, -10.5660332858929, -10.5669790544448, -10.566663798260834, -10.566663798260834, -10.566663798260834, -10.566663798260834, -10.566663798260834, -10.5669790544448, -10.5669790544448, -10.566348542076867, -10.566663798260834, -10.5669790544448, -10.566663798260834, -10.5669790544448, -10.5669790544448, -10.566348542076867, -10.5669790544448, -10.566663798260834, -10.566663798260834, -10.566348542076867, -10.5669790544448, -10.566663798260834, -10.566663798260834, -10.566663798260834, -10.566663798260834, -10.5669790544448, -10.5669790544448, -10.566663798260834, -10.566348542076867, -10.566663798260834, -10.566663798260834, -10.566663798260834, -10.566348542076867, -10.5669790544448, -10.566663798260834, -10.5669790544448, -10.566348542076867, -10.566663798260834, -10.566348542076867, -10.566663798260834, -10.5669790544448, -10.5669790544448, -10.566663798260834, -10.566663798260834, -10.566663798260834, -10.5669790544448, -10.566663798260834, -10.566663798260834, -10.5669790544448, -10.566663798260834, -10.566663798260834, -10.566348542076867, -10.5669790544448, -10.5669790544448, -10.5669790544448, -10.5669790544448, -10.566663798260834, -10.566663798260834, -10.566348542076867, -10.566348542076867, -10.5669790544448, -10.5669790544448, -10.566348542076867, -10.566348542076867, -10.566663798260834], \"AIN3\": [-10.566663798260834, -10.566348542076867, -10.5669790544448, -10.5669790544448, -10.566663798260834, -10.5669790544448, -10.5669790544448, -10.566663798260834, -10.566663798260834, -10.566348542076867, -10.566663798260834, -10.566663798260834, -10.5669790544448, -10.566663798260834, -10.5669790544448, -10.566663798260834, -10.5669790544448, -10.5669790544448, -10.566348542076867, -10.566663798260834, -10.5669790544448, -10.566663798260834, -10.566663798260834, -10.5669790544448, -10.566663798260834, -10.566663798260834, -10.566663798260834, -10.5669790544448, -10.566663798260834, -10.566663798260834, -10.566663798260834, -10.566663798260834, -10.566663798260834, -10.566663798260834, -10.566663798260834, -10.5669790544448, -10.5669790544448, -10.566348542076867, -10.566663798260834, -10.5669790544448, -10.566663798260834, -10.566348542076867, -10.5669790544448, -10.566663798260834, -10.566348542076867, -10.5669790544448, -10.566663798260834, -10.566663798260834, -10.566663798260834, -10.566663798260834, -10.566663798260834, -10.566348542076867, -10.566663798260834, -10.5669790544448, -10.566663798260834, -10.5669790544448, -10.566663798260834, -10.566348542076867, -10.5669790544448, -10.566663798260834, -10.566663798260834, -10.566663798260834, -10.566663798260834, -10.566663798260834, -10.5669790544448, -10.5669790544448, -10.5669790544448, -10.5669790544448, -10.5669790544448, -10.566663798260834, -10.566663798260834, -10.566348542076867, -10.566663798260834, -10.566348542076867, -10.566348542076867, -10.566663798260834, -10.566663798260834, -10.566663798260834, -10.566663798260834, -10.566348542076867, -10.566663798260834, -10.566663798260834, -10.5669790544448, -10.566348542076867, -10.566663798260834, -10.566663798260834, -10.5669790544448, -10.566348542076867, -10.566663798260834, -10.5669790544448, -10.566348542076867, -10.5669790544448, -10.5669790544448, -10.566348542076867, -10.566348542076867, -10.566348542076867, -10.5660332858929, -10.566348542076867, -10.5669790544448, -10.566348542076867, -10.566663798260834, -10.5669790544448, -10.566663798260834, -10.566663798260834, -10.5669790544448, -10.5669790544448, -10.566663798260834, -10.5669790544448, -10.566348542076867, -10.566663798260834, -10.5669790544448, -10.566663798260834, -10.566663798260834, -10.5669790544448, -10.566348542076867, -10.566348542076867, -10.5669790544448, -10.566663798260834, -10.5669790544448, -10.566348542076867, -10.5669790544448, -10.566663798260834, -10.5669790544448, -10.566663798260834, -10.566663798260834, -10.5669790544448, -10.566663798260834, -10.566663798260834, -10.566663798260834, -10.566663798260834, -10.566348542076867, -10.566663798260834, -10.566663798260834, -10.566663798260834, -10.566663798260834, -10.566663798260834, -10.566663798260834, -10.566348542076867, -10.5669790544448, -10.566663798260834, -10.5669790544448, -10.5669790544448, -10.5669790544448, -10.566663798260834, -10.5669790544448, -10.566663798260834, -10.567294310628768, -10.566663798260834, -10.5669790544448, -10.566348542076867, -10.566663798260834, -10.566663798260834, -10.566663798260834, -10.566663798260834, -10.566348542076867, -10.566348542076867, -10.566663798260834, -10.566663798260834, -10.566663798260834, -10.566348542076867, -10.566663798260834, -10.566663798260834, -10.5669790544448, -10.566663798260834, -10.5669790544448, -10.566663798260834, -10.566663798260834, -10.5669790544448, -10.566663798260834, -10.566663798260834, -10.566348542076867, -10.5669790544448, -10.566348542076867, -10.566348542076867, -10.566348542076867, -10.566663798260834, -10.566348542076867, -10.566348542076867, -10.566348542076867, -10.5669790544448, -10.566663798260834, -10.566663798260834, -10.5669790544448, -10.566663798260834, -10.566663798260834, -10.5669790544448, -10.566663798260834, -10.5669790544448, -10.5669790544448, -10.5669790544448, -10.566663798260834, -10.566663798260834, -10.566663798260834, -10.566663798260834, -10.566663798260834, -10.566348542076867, -10.566663798260834, -10.566348542076867, -10.566663798260834, -10.5669790544448, -10.566663798260834, -10.5669790544448, -10.566663798260834, -10.566663798260834, -10.566663798260834, -10.5669790544448, -10.566348542076867, -10.566663798260834, -10.566663798260834, -10.566663798260834, -10.5669790544448, -10.566663798260834, -10.566663798260834, -10.5669790544448, -10.566663798260834, -10.566663798260834, -10.566663798260834, -10.5669790544448, -10.566663798260834, -10.5669790544448, -10.5669790544448, -10.5669790544448, -10.566663798260834, -10.5669790544448, -10.566663798260834, -10.566663798260834, -10.5669790544448, -10.5669790544448, -10.566663798260834, -10.5669790544448, -10.566663798260834, -10.566663798260834, -10.566663798260834, -10.566663798260834, -10.5669790544448, -10.566663798260834, -10.566348542076867, -10.566348542076867, -10.566663798260834, -10.566348542076867, -10.566663798260834, -10.566663798260834, -10.5669790544448, -10.566663798260834, -10.566663798260834, -10.566663798260834, -10.5669790544448, -10.5669790544448, -10.566663798260834, -10.566663798260834]}, \"data_type\": \"<type 'collections.defaultdict'>\"}"}
{"message": "{\"timestamp\": 9.072073936462402, \"object_type\": \"labjack_stream\", \"data\": {\"AIN0\": [-10.566348542076867, -10.566663798260834, -10.566663798260834, -10.5669790544448, -10.5669790544448, -10.566663798260834, -10.566663798260834, -10.5669790544448, -10.566663798260834, -10.566663798260834, -10.566663798260834, -10.566663798260834, -10.566663798260834, -10.566348542076867, -10.566663798260834, -10.566663798260834, -10.5669790544448, -10.566348542076867, -10.566663798260834, -10.5669790544448, -10.5669790544448, -10.566663798260834, -10.5669790544448, -10.5669790544448, -10.566663798260834, -10.566663798260834, -10.566663798260834, -10.566663798260834, -10.566663798260834, -10.566663798260834, -10.566663798260834, -10.5669790544448, -10.566663798260834, -10.566348542076867, -10.566663798260834, -10.566348542076867, -10.566663798260834, -10.566663798260834, -10.5669790544448, -10.566663798260834, -10.566348542076867, -10.5669790544448, -10.566348542076867, -10.566348542076867, -10.566663798260834, -10.566663798260834, -10.566348542076867, -10.566663798260834, -10.5669790544448, -10.566663798260834, -10.5669790544448, -10.5669790544448, -10.5669790544448, -10.566663798260834, -10.566348542076867, -10.566663798260834, -10.566663798260834, -10.566663798260834, -10.5669790544448, -10.5669790544448, -10.5669790544448, -10.566348542076867, -10.566663798260834, -10.566663798260834, -10.566663798260834, -10.5669790544448, -10.566663798260834, -10.5669790544448, -10.566348542076867, -10.566663798260834, -10.566348542076867, -10.566663798260834, -10.566663798260834, -10.566348542076867, -10.566663798260834, -10.566663798260834, -10.5669790544448, -10.566663798260834, -10.566663798260834, -10.566348542076867, -10.566348542076867, -10.566348542076867, -10.5669790544448, -10.566663798260834, -10.566663798260834, -10.566348542076867, -10.5669790544448, -10.566348542076867, -10.566348542076867, -10.566348542076867, -10.566663798260834, -10.566663798260834, -10.566348542076867, -10.566663798260834, -10.5669790544448, -10.5669790544448, -10.566663798260834, -10.566663798260834, -10.566663798260834, -10.566348542076867, -10.5669790544448, -10.566663798260834, -10.566663798260834, -10.566663798260834, -10.566663798260834, -10.5669790544448, -10.566663798260834, -10.566663798260834, -10.5669790544448, -10.566663798260834, -10.566663798260834, -10.566663798260834, -10.566663798260834, -10.566348542076867, -10.5669790544448, -10.566663798260834, -10.5669790544448, -10.566663798260834, -10.566663798260834, -10.566663798260834, -10.5669790544448, -10.566348542076867, -10.566663798260834, -10.566663798260834, -10.566663798260834, -10.566348542076867, -10.566663798260834, -10.566348542076867, -10.5669790544448, -10.566663798260834, -10.566348542076867, -10.566348542076867, -10.5669790544448, -10.566663798260834, -10.566663798260834, -10.566348542076867, -10.5669790544448, -10.566663798260834, -10.566663798260834, -10.5669790544448, -10.566663798260834, -10.566663798260834, -10.566663798260834, -10.566348542076867, -10.566348542076867, -10.566348542076867, -10.566663798260834, -10.566663798260834, -10.566663798260834, -10.566663798260834, -10.566663798260834, -10.5669790544448, -10.566663798260834, -10.5669790544448, -10.566348542076867, -10.5669790544448, -10.566663798260834, -10.566348542076867, -10.566348542076867, -10.5669790544448, -10.5669790544448, -10.566663798260834, -10.566348542076867, -10.566663798260834, -10.5669790544448, -10.566663798260834, -10.566348542076867, -10.566348542076867, -10.566663798260834, -10.566663798260834, -10.566663798260834, -10.566663798260834, -10.566348542076867, -10.5669790544448, -10.5669790544448, -10.5669790544448, -10.566663798260834, -10.5669790544448, -10.566348542076867, -10.566348542076867, -10.566663798260834, -10.566663798260834, -10.566663798260834, -10.566663798260834, -10.566663798260834, -10.566348542076867, -10.566663798260834, -10.566348542076867, -10.566348542076867, -10.566663798260834, -10.566348542076867, -10.566348542076867, -10.566663798260834, -10.5669790544448, -10.566663798260834, -10.566348542076867, -10.566663798260834, -10.566663798260834, -10.566663798260834, -10.5669790544448, -10.566348542076867, -10.5669790544448, -10.5669790544448, -10.566663798260834, -10.566663798260834, -10.566663798260834, -10.566663798260834, -10.566663798260834, -10.5669790544448, -10.566348542076867, -10.566663798260834, -10.566663798260834, -10.566348542076867, -10.566663798260834, -10.566663798260834, -10.566663798260834, -10.566663798260834, -10.566663798260834, -10.566348542076867, -10.566348542076867, -10.566663798260834, -10.566663798260834, -10.5669790544448, -10.5669790544448, -10.5669790544448, -10.566663798260834, -10.566663798260834, -10.566663798260834, -10.566663798260834, -10.566663798260834, -10.567294310628768, -10.566348542076867, -10.566663798260834, -10.566663798260834, -10.566348542076867, -10.566663798260834, -10.566663798260834, -10.566663798260834, -10.566663798260834, -10.566663798260834, -10.566663798260834, -10.566663798260834, -10.566663798260834, -10.566348542076867, -10.566348542076867, -10.566663798260834, -10.5660332858929, -10.5669790544448, -10.566663798260834, -10.566663798260834], \"AIN1\": [-10.566348542076867, -10.566663798260834, -10.566663798260834, -10.566663798260834, -10.5669790544448, -10.566663798260834, -10.5669790544448, -10.566348542076867, -10.5669790544448, -10.566663798260834, -10.566663798260834, -10.5669790544448, -10.566663798260834, -10.5669790544448, -10.566663798260834, -10.566663798260834, -10.566348542076867, -10.566663798260834, -10.566663798260834, -10.566663798260834, -10.566663798260834, -10.566663798260834, -10.566663798260834, -10.566348542076867, -10.5669790544448, -10.5669790544448, -10.566663798260834, -10.5669790544448, -10.566663798260834, -10.566663798260834, -10.566663798260834, -10.566663798260834, -10.566663798260834, -10.566663798260834, -10.5669790544448, -10.5669790544448, -10.5669790544448, -10.5669790544448, -10.566663798260834, -10.5669790544448, -10.566663798260834, -10.5669790544448, -10.5669790544448, -10.5669790544448, -10.566663798260834, -10.5669790544448, -10.5669790544448, -10.566663798260834, -10.566663798260834, -10.5669790544448, -10.566663798260834, -10.5669790544448, -10.566663798260834, -10.566348542076867, -10.5669790544448, -10.5669790544448, -10.566663798260834, -10.566663798260834, -10.566663798260834, -10.566663798260834, -10.566663798260834, -10.5669790544448, -10.566663798260834, -10.5669790544448, -10.566663798260834, -10.5669790544448, -10.5669790544448, -10.566663798260834, -10.566663798260834, -10.566663798260834, -10.5669790544448, -10.566663798260834, -10.566663798260834, -10.566663798260834, -10.566663798260834, -10.5669790544448, -10.566663798260834, -10.5669790544448, -10.5669790544448, -10.566663798260834, -10.566663798260834, -10.5669790544448, -10.5669790544448, -10.5669790544448, -10.566663798260834, -10.5669790544448, -10.566663798260834, -10.5669790544448, -10.566663798260834, -10.566348542076867, -10.566348542076867, -10.566663798260834, -10.566663798260834, -10.566348542076867, -10.5669790544448, -10.5669790544448, -10.566663798260834, -10.566663798260834, -10.566348542076867, -10.5669790544448, -10.566663798260834, -10.5669790544448, -10.566663798260834, -10.566663798260834, -10.566663798260834, -10.566663798260834, -10.5669790544448, -10.5669790544448, -10.566348542076867, -10.566348542076867, -10.566663798260834, -10.566348542076867, -10.5669790544448, -10.566663798260834, -10.566348542076867, -10.566663798260834, -10.566663798260834, -10.566663798260834, -10.566348542076867, -10.5669790544448, -10.566663798260834, -10.5669790544448, -10.566663798260834, -10.566663798260834, -10.566663798260834, -10.5669790544448, -10.5669790544448, -10.566663798260834, -10.566663798260834, -10.566663798260834, -10.566663798260834, -10.566663798260834, -10.566663798260834, -10.566663798260834, -10.566663798260834, -10.566663798260834, -10.566663798260834, -10.566663798260834, -10.5669790544448, -10.566663798260834, -10.566663798260834, -10.5669790544448, -10.566348542076867, -10.5669790544448, -10.566663798260834, -10.5669790544448, -10.566348542076867, -10.566663798260834, -10.5669790544448, -10.566663798260834, -10.566348542076867, -10.566663798260834, -10.566663798260834, -10.5669790544448, -10.5669790544448, -10.5669790544448, -10.566663798260834, -10.566663798260834, -10.566663798260834, -10.566663798260834, -10.5669790544448, -10.5669790544448, -10.566663798260834, -10.566663798260834, -10.566663798260834, -10.566348542076867, -10.5669790544448, -10.5669790544448, -10.566663798260834, -10.5669790544448, -10.566663798260834, -10.566348542076867, -10.5669790544448, -10.566348542076867, -10.566663798260834, -10.5669790544448, -10.566663798260834, -10.566348542076867, -10.5669790544448, -10.5669790544448, -10.566348542076867, -10.566663798260834, -10.566663798260834, -10.566663798260834, -10.5669790544448, -10.566348542076867, -10.566663798260834, -10.566663798260834, -10.566348542076867, -10.5669790544448, -10.5669790544448, -10.566663798260834, -10.5669790544448, -10.566663798260834, -10.566663798260834, -10.566663798260834, -10.5669790544448, -10.566663798260834, -10.566663798260834, -10.566348542076867, -10.566663798260834, -10.5669790544448, -10.566663798260834, -10.566663798260834, -10.5669790544448, -10.566663798260834, -10.566663798260834, -10.566348542076867, -10.566663798260834, -10.5669790544448, -10.5669790544448, -10.566348542076867, -10.5669790544448, -10.5660332858929, -10.566663798260834, -10.566348542076867, -10.5669790544448, -10.566663798260834, -10.566663798260834, -10.5669790544448, -10.566663798260834, -10.5669790544448, -10.5669790544448, -10.566663798260834, -10.566663798260834, -10.566663798260834, -10.566663798260834, -10.566663798260834, -10.5669790544448, -10.566348542076867, -10.566348542076867, -10.566663798260834, -10.5669790544448, -10.566663798260834, -10.566663798260834, -10.5669790544448, -10.566663798260834, -10.566663798260834, -10.5669790544448, -10.5669790544448, -10.566663798260834, -10.5669790544448, -10.566348542076867, -10.5669790544448, -10.567294310628768, -10.5669790544448, -10.566663798260834, -10.566663798260834, -10.566348542076867, -10.5669790544448], \"AIN2\": [-10.566663798260834, -10.566663798260834, -10.566663798260834, -10.566663798260834, -10.566348542076867, -10.566663798260834, -10.566663798260834, -10.566663798260834, -10.566663798260834, -10.566663798260834, -10.5669790544448, -10.566663798260834, -10.5669790544448, -10.566663798260834, -10.566348542076867, -10.566663798260834, -10.566663798260834, -10.566663798260834, -10.566348542076867, -10.566663798260834, -10.566663798260834, -10.5669790544448, -10.5669790544448, -10.566663798260834, -10.566663798260834, -10.566663798260834, -10.566663798260834, -10.566663798260834, -10.566663798260834, -10.5669790544448, -10.566663798260834, -10.566348542076867, -10.566663798260834, -10.566663798260834, -10.5669790544448, -10.5669790544448, -10.566663798260834, -10.566663798260834, -10.566663798260834, -10.566663798260834, -10.566663798260834, -10.566663798260834, -10.566348542076867, -10.566663798260834, -10.566348542076867, -10.566663798260834, -10.566663798260834, -10.566663798260834, -10.5669790544448, -10.5669790544448, -10.566663798260834, -10.566348542076867, -10.566663798260834, -10.566663798260834, -10.566663798260834, -10.566348542076867, -10.566663798260834, -10.5669790544448, -10.566663798260834, -10.566663798260834, -10.566663798260834, -10.566348542076867, -10.566663798260834, -10.566663798260834, -10.566663798260834, -10.5669790544448, -10.566663798260834, -10.5669790544448, -10.566663798260834, -10.5669790544448, -10.566663798260834, -10.5669790544448, -10.5669790544448, -10.566663798260834, -10.5669790544448, -10.566663798260834, -10.566663798260834, -10.5669790544448, -10.5669790544448, -10.5669790544448, -10.566348542076867, -10.566663798260834, -10.566663798260834, -10.566663798260834, -10.566663798260834, -10.5669790544448, -10.5669790544448, -10.566663798260834, -10.566663798260834, -10.5669790544448, -10.566663798260834, -10.5669790544448, -10.566663798260834, -10.5669790544448, -10.566663798260834, -10.5669790544448, -10.5669790544448, -10.566663798260834, -10.566663798260834, -10.566663798260834, -10.566663798260834, -10.566663798260834, -10.566663798260834, -10.566663798260834, -10.566348542076867, -10.566663798260834, -10.566663798260834, -10.566663798260834, -10.566663798260834, -10.5669790544448, -10.5669790544448, -10.5669790544448, -10.566348542076867, -10.566663798260834, -10.5669790544448, -10.566663798260834, -10.566348542076867, -10.5669790544448, -10.5669790544448, -10.566663798260834, -10.5669790544448, -10.566663798260834, -10.566663798260834, -10.566348542076867, -10.566663798260834, -10.5669790544448, -10.566663798260834, -10.566663798260834, -10.566663798260834, -10.566663798260834, -10.5669790544448, -10.566663798260834, -10.566348542076867, -10.5669790544448, -10.566663798260834, -10.566663798260834, -10.566663798260834, -10.566663798260834, -10.5669790544448, -10.5669790544448, -10.566663798260834, -10.5669790544448, -10.5669790544448, -10.566663798260834, -10.566348542076867, -10.5669790544448, -10.5669790544448, -10.5669790544448, -10.5669790544448, -10.566348542076867, -10.566348542076867, -10.5669790544448, -10.566663798260834, -10.566663798260834, -10.566663798260834, -10.566663798260834, -10.566663798260834, -10.5669790544448, -10.566348542076867, -10.566663798260834, -10.5669790544448, -10.566663798260834, -10.566663798260834, -10.566663798260834, -10.5669790544448, -10.5669790544448, -10.566348542076867, -10.566663798260834, -10.5669790544448, -10.566663798260834, -10.566663798260834, -10.5669790544448, -10.566663798260834, -10.566663798260834, -10.5669790544448, -10.566348542076867, -10.566663798260834, -10.566348542076867, -10.566663798260834, -10.5669790544448, -10.566663798260834, -10.566663798260834, -10.566348542076867, -10.566663798260834, -10.566663798260834, -10.566348542076867, -10.5669790544448, -10.5669790544448, -10.5669790544448, -10.566663798260834, -10.566663798260834, -10.5669790544448, -10.566663798260834, -10.566663798260834, -10.566348542076867, -10.566663798260834, -10.566348542076867, -10.5669790544448, -10.566663798260834, -10.5669790544448, -10.566663798260834, -10.5669790544448, -10.566663798260834, -10.5669790544448, -10.566663798260834, -10.5669790544448, -10.566663798260834, -10.5660332858929, -10.566663798260834, -10.566663798260834, -10.566348542076867, -10.566663798260834, -10.566663798260834, -10.566663798260834, -10.566663798260834, -10.566663798260834, -10.5669790544448, -10.5669790544448, -10.566663798260834, -10.566348542076867, -10.5669790544448, -10.5669790544448, -10.566663798260834, -10.566348542076867, -10.566663798260834, -10.566348542076867, -10.566348542076867, -10.5669790544448, -10.566348542076867, -10.566663798260834, -10.566663798260834, -10.566348542076867, -10.5669790544448, -10.566663798260834, -10.566663798260834, -10.566663798260834, -10.5669790544448, -10.5669790544448, -10.566663798260834, -10.566663798260834, -10.566663798260834, -10.5669790544448, -10.5669790544448, -10.5669790544448, -10.5669790544448, -10.566663798260834, -10.5669790544448, -10.5669790544448, -10.566348542076867, -10.5669790544448], \"AIN3\": [-10.566663798260834, -10.5669790544448, -10.566663798260834, -10.566348542076867, -10.566663798260834, -10.5669790544448, -10.566663798260834, -10.566663798260834, -10.566663798260834, -10.5669790544448, -10.566663798260834, -10.566348542076867, -10.566348542076867, -10.566348542076867, -10.5669790544448, -10.566663798260834, -10.566348542076867, -10.5669790544448, -10.5669790544448, -10.566663798260834, -10.5669790544448, -10.566663798260834, -10.566663798260834, -10.566663798260834, -10.5669790544448, -10.5669790544448, -10.566663798260834, -10.566348542076867, -10.5669790544448, -10.566663798260834, -10.566663798260834, -10.5669790544448, -10.566663798260834, -10.566663798260834, -10.5669790544448, -10.5669790544448, -10.566663798260834, -10.566663798260834, -10.566663798260834, -10.566348542076867, -10.566663798260834, -10.566663798260834, -10.566663798260834, -10.5669790544448, -10.566663798260834, -10.566348542076867, -10.566663798260834, -10.5669790544448, -10.566348542076867, -10.566663798260834, -10.5669790544448, -10.5669790544448, -10.566348542076867, -10.566663798260834, -10.5669790544448, -10.566663798260834, -10.566663798260834, -10.566663798260834, -10.5669790544448, -10.566663798260834, -10.566663798260834, -10.566663798260834, -10.5669790544448, -10.566663798260834, -10.566663798260834, -10.566663798260834, -10.566348542076867, -10.566663798260834, -10.566348542076867, -10.566663798260834, -10.5669790544448, -10.5669790544448, -10.5669790544448, -10.566663798260834, -10.566663798260834, -10.566663798260834, -10.566663798260834, -10.566663798260834, -10.566348542076867, -10.566663798260834, -10.566663798260834, -10.566663798260834, -10.566348542076867, -10.566663798260834, -10.5669790544448, -10.5669790544448, -10.566663798260834, -10.5669790544448, -10.5669790544448, -10.566663798260834, -10.566663798260834, -10.5669790544448, -10.566663798260834, -10.566663798260834, -10.5669790544448, -10.5669790544448, -10.566663798260834, -10.566663798260834, -10.566663798260834, -10.566663798260834, -10.566663798260834, -10.566663798260834, -10.566663798260834, -10.566663798260834, -10.566348542076867, -10.5669790544448, -10.566663798260834, -10.566663798260834, -10.566348542076867, -10.566663798260834, -10.5669790544448, -10.566348542076867, -10.566663798260834, -10.566663798260834, -10.566663798260834, -10.566663798260834, -10.566663798260834, -10.566663798260834, -10.566663798260834, -10.5669790544448, -10.566348542076867, -10.566663798260834, -10.566663798260834, -10.566348542076867, -10.566663798260834, -10.566663798260834, -10.566663798260834, -10.566663798260834, -10.566663798260834, -10.566348542076867, -10.566663798260834, -10.566348542076867, -10.566663798260834, -10.566348542076867, -10.566663798260834, -10.566663798260834, -10.5669790544448, -10.566663798260834, -10.5669790544448, -10.566348542076867, -10.566663798260834, -10.566663798260834, -10.566663798260834, -10.566348542076867, -10.566663798260834, -10.566663798260834, -10.566663798260834, -10.566663798260834, -10.5669790544448, -10.566663798260834, -10.566663798260834, -10.566663798260834, -10.566663798260834, -10.566663798260834, -10.5669790544448, -10.5669790544448, -10.566348542076867, -10.5669790544448, -10.566348542076867, -10.5669790544448, -10.5669790544448, -10.566663798260834, -10.5669790544448, -10.566663798260834, -10.566348542076867, -10.5669790544448, -10.566663798260834, -10.566348542076867, -10.566663798260834, -10.5669790544448, -10.566663798260834, -10.566663798260834, -10.566348542076867, -10.566663798260834, -10.566663798260834, -10.566663798260834, -10.566663798260834, -10.566663798260834, -10.566663798260834, -10.566663798260834, -10.566663798260834, -10.566663798260834, -10.5669790544448, -10.5669790544448, -10.566663798260834, -10.567294310628768, -10.566663798260834, -10.566663798260834, -10.566663798260834, -10.5669790544448, -10.566663798260834, -10.566663798260834, -10.566663798260834, -10.566663798260834, -10.566663798260834, -10.566663798260834, -10.566348542076867, -10.566663798260834, -10.566663798260834, -10.5669790544448, -10.5669790544448, -10.5669790544448, -10.5669790544448, -10.5669790544448, -10.566663798260834, -10.566663798260834, -10.566663798260834, -10.566663798260834, -10.566348542076867, -10.5669790544448, -10.566663798260834, -10.566663798260834, -10.566663798260834, -10.566663798260834, -10.5669790544448, -10.5669790544448, -10.566663798260834, -10.566663798260834, -10.566663798260834, -10.566663798260834, -10.566663798260834, -10.5669790544448, -10.566663798260834, -10.566663798260834, -10.566348542076867, -10.566663798260834, -10.5669790544448, -10.566348542076867, -10.566663798260834, -10.566663798260834, -10.566663798260834, -10.5669790544448, -10.566663798260834, -10.5669790544448, -10.566663798260834, -10.5669790544448, -10.566348542076867, -10.566663798260834, -10.5669790544448, -10.566348542076867, -10.566663798260834, -10.566663798260834, -10.566348542076867, -10.5669790544448, -10.566663798260834, -10.566663798260834, -10.5669790544448, -10.5660332858929, -10.566663798260834, -10.5669790544448]}, \"data_type\": \"<type 'collections.defaultdict'>\"}"}
{"message": "{\"timestamp\": 9.297235012054443, \"object_type\": \"labjack_stream\", \"data\": {\"AIN0\": [-10.5669790544448, -10.5669790544448, -10.5669790544448, -10.566348542076867, -10.566663798260834, -10.566663798260834, -10.5669790544448, -10.566663798260834, -10.566663798260834, -10.566663798260834, -10.5669790544448, -10.566663798260834, -10.566663798260834, -10.566663798260834, -10.566663798260834, -10.566663798260834, -10.5669790544448, -10.566663798260834, -10.5669790544448, -10.566663798260834, -10.566663798260834, -10.566663798260834, -10.566348542076867, -10.566663798260834, -10.566663798260834, -10.566348542076867, -10.566663798260834, -10.566663798260834, -10.566348542076867, -10.566663798260834, -10.566348542076867, -10.566663798260834, -10.566663798260834, -10.5669790544448, -10.566663798260834, -10.5669790544448, -10.566663798260834, -10.566348542076867, -10.566663798260834, -10.566663798260834, -10.566663798260834, -10.5669790544448, -10.566663798260834, -10.566663798260834, -10.5669790544448, -10.566663798260834, -10.566348542076867, -10.5669790544448, -10.5669790544448, -10.566348542076867, -10.566663798260834, -10.566663798260834, -10.5669790544448, -10.566663798260834, -10.566348542076867, -10.566348542076867, -10.566663798260834, -10.566663798260834, -10.566663798260834, -10.566663798260834, -10.566663798260834, -10.566348542076867, -10.566663798260834, -10.566663798260834, -10.566663798260834, -10.566663798260834, -10.566663798260834, -10.566663798260834, -10.566663798260834, -10.566663798260834, -10.566663798260834, -10.566663798260834, -10.566663798260834, -10.5669790544448, -10.5669790544448, -10.566348542076867, -10.5669790544448, -10.566663798260834, -10.566663798260834, -10.566663798260834, -10.566663798260834, -10.566663798260834, -10.566663798260834, -10.566663798260834, -10.5669790544448, -10.566663798260834, -10.566348542076867, -10.566663798260834, -10.566348542076867, -10.566663798260834, -10.566663798260834, -10.5669790544448, -10.566663798260834, -10.566663798260834, -10.566663798260834, -10.5669790544448, -10.566663798260834, -10.566663798260834, -10.566348542076867, -10.566348542076867, -10.566663798260834, -10.566663798260834, -10.566663798260834, -10.566663798260834, -10.5669790544448, -10.566663798260834, -10.566348542076867, -10.566348542076867, -10.566663798260834, -10.566663798260834, -10.566663798260834, -10.566663798260834, -10.5669790544448, -10.566663798260834, -10.566663798260834, -10.566663798260834, -10.566663798260834, -10.5669790544448, -10.566663798260834, -10.566663798260834, -10.566663798260834, -10.5669790544448, -10.566663798260834, -10.566348542076867, -10.566348542076867, -10.566663798260834, -10.5669790544448, -10.566663798260834, -10.5669790544448, -10.566348542076867, -10.566663798260834, -10.566663798260834, -10.5669790544448, -10.566663798260834, -10.566663798260834, -10.566663798260834, -10.566663798260834, -10.566348542076867, -10.5669790544448, -10.566348542076867, -10.566663798260834, -10.566663798260834, -10.5669790544448, -10.5660332858929, -10.566348542076867, -10.5669790544448, -10.566663798260834, -10.566663798260834, -10.5669790544448, -10.5669790544448, -10.5669790544448, -10.566348542076867, -10.566663798260834, -10.566663798260834, -10.566663798260834, -10.566663798260834, -10.5669790544448, -10.566348542076867, -10.566663798260834, -10.566663798260834, -10.566348542076867, -10.566663798260834, -10.566663798260834, -10.5669790544448, -10.5669790544448, -10.566663798260834, -10.566663798260834, -10.566663798260834, -10.566348542076867, -10.566663798260834, -10.566663798260834, -10.566663798260834, -10.566663798260834, -10.566663798260834, -10.566348542076867, -10.566663798260834, -10.566663798260834, -10.566663798260834, -10.566663798260834, -10.566663798260834, -10.566663798260834, -10.566663798260834, -10.566663798260834, -10.566348542076867, -10.566663798260834, -10.5669790544448, -10.566348542076867, -10.566663798260834, -10.566348542076867, -10.566663798260834, -10.566348542076867, -10.566663798260834, -10.566663798260834, -10.566663798260834, -10.5669790544448, -10.566348542076867, -10.566663798260834, -10.566663798260834, -10.5669790544448, -10.566663798260834, -10.566663798260834, -10.5669790544448, -10.566663798260834, -10.5669790544448, -10.5669790544448, -10.566663798260834, -10.566663798260834, -10.566663798260834, -10.566663798260834, -10.5669790544448, -10.566663798260834, -10.566663798260834, -10.5669790544448, -10.566663798260834, -10.566663798260834, -10.566348542076867, -10.566348542076867, -10.566663798260834, -10.566663798260834, -10.566348542076867, -10.5669790544448, -10.566663798260834, -10.566663798260834, -10.566663798260834, -10.566663798260834, -10.566348542076867, -10.566663798260834, -10.5669790544448, -10.5669790544448, -10.566663798260834, -10.5669790544448, -10.5669790544448, -10.566663798260834, -10.5669790544448, -10.566663798260834, -10.566663798260834, -10.5669790544448, -10.566663798260834, -10.566663798260834, -10.566348542076867, -10.566663798260834, -10.566663798260834, -10.566663798260834, -10.5669790544448, -10.566663798260834, -10.5669790544448, -10.566348542076867, -10.5669790544448, -10.5669790544448, -10.566348542076867], \"AIN1\": [-10.5669790544448, -10.566663798260834, -10.5669790544448, -10.566663798260834, -10.566663798260834, -10.566348542076867, -10.5669790544448, -10.5669790544448, -10.566663798260834, -10.5669790544448, -10.5669790544448, -10.566663798260834, -10.5669790544448, -10.566348542076867, -10.566663798260834, -10.566348542076867, -10.566663798260834, -10.566663798260834, -10.566348542076867, -10.566663798260834, -10.566663798260834, -10.566663798260834, -10.566663798260834, -10.566348542076867, -10.566663798260834, -10.566663798260834, -10.566663798260834, -10.566663798260834, -10.566348542076867, -10.566663798260834, -10.5669790544448, -10.5669790544448, -10.566348542076867, -10.5669790544448, -10.566663798260834, -10.566663798260834, -10.566663798260834, -10.566348542076867, -10.566663798260834, -10.5669790544448, -10.5669790544448, -10.566348542076867, -10.566663798260834, -10.5669790544448, -10.566663798260834, -10.566348542076867, -10.566663798260834, -10.566663798260834, -10.566663798260834, -10.566348542076867, -10.566663798260834, -10.5669790544448, -10.5669790544448, -10.566663798260834, -10.566663798260834, -10.5669790544448, -10.566663798260834, -10.566663798260834, -10.566663798260834, -10.566348542076867, -10.566348542076867, -10.566663798260834, -10.566663798260834, -10.566663798260834, -10.566663798260834, -10.566348542076867, -10.566348542076867, -10.5669790544448, -10.566663798260834, -10.566348542076867, -10.566663798260834, -10.566663798260834, -10.566663798260834, -10.566348542076867, -10.5669790544448, -10.566663798260834, -10.5669790544448, -10.566663798260834, -10.566663798260834, -10.5669790544448, -10.566348542076867, -10.5669790544448, -10.566663798260834, -10.5669790544448, -10.566663798260834, -10.5669790544448, -10.566663798260834, -10.5669790544448, -10.566348542076867, -10.566663798260834, -10.566348542076867, -10.566663798260834, -10.566663798260834, -10.5669790544448, -10.566663798260834, -10.5669790544448, -10.5669790544448, -10.566663798260834, -10.5669790544448, -10.566663798260834, -10.566663798260834, -10.5669790544448, -10.5669790544448, -10.566663798260834, -10.566663798260834, -10.566663798260834, -10.5669790544448, -10.566663798260834, -10.5669790544448, -10.566663798260834, -10.566663798260834, -10.5669790544448, -10.566663798260834, -10.566663798260834, -10.566663798260834, -10.5669790544448, -10.5669790544448, -10.566663798260834, -10.566348542076867, -10.566663798260834, -10.566663798260834, -10.566663798260834, -10.566663798260834, -10.566663798260834, -10.566663798260834, -10.566663798260834, -10.566663798260834, -10.566663798260834, -10.566663798260834, -10.5669790544448, -10.566348542076867, -10.566663798260834, -10.5669790544448, -10.5669790544448, -10.566348542076867, -10.566663798260834, -10.566663798260834, -10.5669790544448, -10.566663798260834, -10.5669790544448, -10.5669790544448, -10.5669790544448, -10.566663798260834, -10.566663798260834, -10.566663798260834, -10.566348542076867, -10.566663798260834, -10.566348542076867, -10.566663798260834, -10.566348542076867, -10.566663798260834, -10.5669790544448, -10.5669790544448, -10.566663798260834, -10.566348542076867, -10.566663798260834, -10.5669790544448, -10.566663798260834, -10.5669790544448, -10.566348542076867, -10.5669790544448, -10.566348542076867, -10.566663798260834, -10.566663798260834, -10.566348542076867, -10.566663798260834, -10.566663798260834, -10.566663798260834, -10.5669790544448, -10.566663798260834, -10.566663798260834, -10.5669790544448, -10.566663798260834, -10.566663798260834, -10.566663798260834, -10.566348542076867, -10.566663798260834, -10.566663798260834, -10.5669790544448, -10.566348542076867, -10.566663798260834, -10.566663798260834, -10.5669790544448, -10.567294310628768, -10.5669790544448, -10.5669790544448, -10.566663798260834, -10.566663798260834, -10.566663798260834, -10.566663798260834, -10.566663798260834, -10.5669790544448, -10.566663798260834, -10.566663798260834, -10.566348542076867, -10.5669790544448, -10.5669790544448, -10.566663798260834, -10.5669790544448, -10.566663798260834, -10.5669790544448, -10.566348542076867, -10.566663798260834, -10.566663798260834, -10.5669790544448, -10.566663798260834, -10.566663798260834, -10.566663798260834, -10.566663798260834, -10.566663798260834, -10.566348542076867, -10.5669790544448, -10.5669790544448, -10.5669790544448, -10.566663798260834, -10.5669790544448, -10.566663798260834, -10.566663798260834, -10.566348542076867, -10.567294310628768, -10.5669790544448, -10.566663798260834, -10.566663798260834, -10.566663798260834, -10.5669790544448, -10.566663798260834, -10.566663798260834, -10.566663798260834, -10.566663798260834, -10.566348542076867, -10.566348542076867, -10.5669790544448, -10.566663798260834, -10.566663798260834, -10.566348542076867, -10.566663798260834, -10.566348542076867, -10.566663798260834, -10.566663798260834, -10.5669790544448, -10.566663798260834, -10.5669790544448, -10.5669790544448, -10.5669790544448, -10.5669790544448, -10.566663798260834, -10.566663798260834, -10.566348542076867, -10.566663798260834, -10.566348542076867], \"AIN2\": [-10.566663798260834, -10.5669790544448, -10.5669790544448, -10.5669790544448, -10.566663798260834, -10.566663798260834, -10.566348542076867, -10.566663798260834, -10.566663798260834, -10.566663798260834, -10.566663798260834, -10.5669790544448, -10.566663798260834, -10.566663798260834, -10.566663798260834, -10.566663798260834, -10.5669790544448, -10.566663798260834, -10.566663798260834, -10.566663798260834, -10.566663798260834, -10.566348542076867, -10.5669790544448, -10.566348542076867, -10.566663798260834, -10.566348542076867, -10.5669790544448, -10.5669790544448, -10.566663798260834, -10.566663798260834, -10.566663798260834, -10.5669790544448, -10.566663798260834, -10.566348542076867, -10.566663798260834, -10.566348542076867, -10.5669790544448, -10.566663798260834, -10.566663798260834, -10.566348542076867, -10.566663798260834, -10.5669790544448, -10.566348542076867, -10.566663798260834, -10.566348542076867, -10.566663798260834, -10.566663798260834, -10.566663798260834, -10.566663798260834, -10.566663798260834, -10.566663798260834, -10.5669790544448, -10.5669790544448, -10.566663798260834, -10.566663798260834, -10.566348542076867, -10.5669790544448, -10.5669790544448, -10.5669790544448, -10.566663798260834, -10.566663798260834, -10.5669790544448, -10.5669790544448, -10.566663798260834, -10.5669790544448, -10.566663798260834, -10.5669790544448, -10.5669790544448, -10.566663798260834, -10.5669790544448, -10.566663798260834, -10.566663798260834, -10.566663798260834, -10.566663798260834, -10.5669790544448, -10.566663798260834, -10.566663798260834, -10.566663798260834, -10.566663798260834, -10.5669790544448, -10.566663798260834, -10.566663798260834, -10.566663798260834, -10.5669790544448, -10.566663798260834, -10.566663798260834, -10.566663798260834, -10.5669790544448, -10.566663798260834, -10.566348542076867, -10.566663798260834, -10.566663798260834, -10.566663798260834, -10.566663798260834, -10.566663798260834, -10.5669790544448, -10.566663798260834, -10.5669790544448, -10.566348542076867, -10.566348542076867, -10.566663798260834, -10.566663798260834, -10.5669790544448, -10.566348542076867, -10.566663798260834, -10.566663798260834, -10.566348542076867, -10.566663798260834, -10.5669790544448, -10.566663798260834, -10.5669790544448, -10.566663798260834, -10.566663798260834, -10.566663798260834, -10.566663798260834, -10.566348542076867, -10.566663798260834, -10.566663798260834, -10.5669790544448, -10.566663798260834, -10.566663798260834, -10.566663798260834, -10.566663798260834, -10.566663798260834, -10.566663798260834, -10.566663798260834, -10.5669790544448, -10.5669790544448, -10.5669790544448, -10.566663798260834, -10.566663798260834, -10.5669790544448, -10.566663798260834, -10.5669790544448, -10.5669790544448, -10.566663798260834, -10.5669790544448, -10.566663798260834, -10.566663798260834, -10.566663798260834, -10.566663798260834, -10.566663798260834, -10.566663798260834, -10.566663798260834, -10.566663798260834, -10.566663798260834, -10.566663798260834, -10.566348542076867, -10.566663798260834, -10.5669790544448, -10.566663798260834, -10.566663798260834, -10.5669790544448, -10.5669790544448, -10.566663798260834, -10.5669790544448, -10.566663798260834, -10.566663798260834, -10.566663798260834, -10.566663798260834, -10.5669790544448, -10.566663798260834, -10.5669790544448, -10.566348542076867, -10.566663798260834, -10.566663798260834, -10.566348542076867, -10.566348542076867, -10.566663798260834, -10.5669790544448, -10.566663798260834, -10.5669790544448, -10.566663798260834, -10.566663798260834, -10.566663798260834, -10.5669790544448, -10.566348542076867, -10.566663798260834, -10.566348542076867, -10.566348542076867, -10.566663798260834, -10.5669790544448, -10.566663798260834, -10.566663798260834, -10.566663798260834, -10.5669790544448, -10.566663798260834, -10.5669790544448, -10.5669790544448, -10.566663798260834, -10.5669790544448, -10.5669790544448, -10.566663798260834, -10.566348542076867, -10.5669790544448, -10.566663798260834, -10.5669790544448, -10.566663798260834, -10.566348542076867, -10.566663798260834, -10.566663798260834, -10.5669790544448, -10.566663798260834, -10.566663798260834, -10.5669790544448, -10.5669790544448, -10.566663798260834, -10.5669790544448, -10.566663798260834, -10.566348542076867, -10.566663798260834, -10.566348542076867, -10.5669790544448, -10.566663798260834, -10.566348542076867, -10.566663798260834, -10.566663798260834, -10.5669790544448, -10.5669790544448, -10.566663798260834, -10.5669790544448, -10.566348542076867, -10.5669790544448, -10.566663798260834, -10.566663798260834, -10.5669790544448, -10.566663798260834, -10.566663798260834, -10.566663798260834, -10.566348542076867, -10.5669790544448, -10.5669790544448, -10.5669790544448, -10.566663798260834, -10.566663798260834, -10.566663798260834, -10.5669790544448, -10.566663798260834, -10.566663798260834, -10.566663798260834, -10.566348542076867, -10.566663798260834, -10.566663798260834, -10.566348542076867, -10.566348542076867, -10.566348542076867, -10.5669790544448, -10.566663798260834, -10.566348542076867, -10.5669790544448], \"AIN3\": [-10.566348542076867, -10.566663798260834, -10.566663798260834, -10.566348542076867, -10.5669790544448, -10.566663798260834, -10.566663798260834, -10.566348542076867, -10.566663798260834, -10.566663798260834, -10.5669790544448, -10.566663798260834, -10.5669790544448, -10.566663798260834, -10.566663798260834, -10.566663798260834, -10.5669790544448, -10.566663798260834, -10.5669790544448, -10.566663798260834, -10.566663798260834, -10.566663798260834, -10.566348542076867, -10.566348542076867, -10.566663798260834, -10.5669790544448, -10.566348542076867, -10.566663798260834, -10.566663798260834, -10.566663798260834, -10.566663798260834, -10.566348542076867, -10.5669790544448, -10.566663798260834, -10.5669790544448, -10.566663798260834, -10.566663798260834, -10.566663798260834, -10.566348542076867, -10.566663798260834, -10.566663798260834, -10.566663798260834, -10.5669790544448, -10.566663798260834, -10.566663798260834, -10.566663798260834, -10.566663798260834, -10.566663798260834, -10.566348542076867, -10.5669790544448, -10.566663798260834, -10.566663798260834, -10.566663798260834, -10.566348542076867, -10.566663798260834, -10.566663798260834, -10.5669790544448, -10.5669790544448, -10.566663798260834, -10.5669790544448, -10.566663798260834, -10.5669790544448, -10.5669790544448, -10.5669790544448, -10.566663798260834, -10.566663798260834, -10.566663798260834, -10.566663798260834, -10.5669790544448, -10.566663798260834, -10.5669790544448, -10.566348542076867, -10.5669790544448, -10.566663798260834, -10.566663798260834, -10.5669790544448, -10.566663798260834, -10.5669790544448, -10.566348542076867, -10.566663798260834, -10.566663798260834, -10.5669790544448, -10.5669790544448, -10.566663798260834, -10.566663798260834, -10.566348542076867, -10.5669790544448, -10.566663798260834, -10.5669790544448, -10.566663798260834, -10.5669790544448, -10.5669790544448, -10.566663798260834, -10.566663798260834, -10.5669790544448, -10.566663798260834, -10.566348542076867, -10.566663798260834, -10.566663798260834, -10.566663798260834, -10.566663798260834, -10.5669790544448, -10.5669790544448, -10.5669790544448, -10.5669790544448, -10.566663798260834, -10.5669790544448, -10.5669790544448, -10.5669790544448, -10.5669790544448, -10.566663798260834, -10.566663798260834, -10.566663798260834, -10.5669790544448, -10.5669790544448, -10.566663798260834, -10.566348542076867, -10.566663798260834, -10.5669790544448, -10.5669790544448, -10.566663798260834, -10.566663798260834, -10.5669790544448, -10.566663798260834, -10.5669790544448, -10.5669790544448, -10.566663798260834, -10.566663798260834, -10.566663798260834, -10.566663798260834, -10.5669790544448, -10.566348542076867, -10.566663798260834, -10.566663798260834, -10.566663798260834, -10.566663798260834, -10.566663798260834, -10.566663798260834, -10.566348542076867, -10.566663798260834, -10.5669790544448, -10.566663798260834, -10.566663798260834, -10.5669790544448, -10.5669790544448, -10.5669790544448, -10.5669790544448, -10.566663798260834, -10.566663798260834, -10.566348542076867, -10.566348542076867, -10.566348542076867, -10.566663798260834, -10.5669790544448, -10.5669790544448, -10.566663798260834, -10.5669790544448, -10.566663798260834, -10.566663798260834, -10.566663798260834, -10.5669790544448, -10.566663798260834, -10.5669790544448, -10.566663798260834, -10.566348542076867, -10.566663798260834, -10.566663798260834, -10.566663798260834, -10.5669790544448, -10.566663798260834, -10.566348542076867, -10.5669790544448, -10.566663798260834, -10.566663798260834, -10.566348542076867, -10.5669790544448, -10.5669790544448, -10.566663798260834, -10.5669790544448, -10.566663798260834, -10.566663798260834, -10.566348542076867, -10.566663798260834, -10.566663798260834, -10.566663798260834, -10.566663798260834, -10.566348542076867, -10.566348542076867, -10.566663798260834, -10.5669790544448, -10.5669790544448, -10.566348542076867, -10.5669790544448, -10.566663798260834, -10.566663798260834, -10.566663798260834, -10.566663798260834, -10.5669790544448, -10.566663798260834, -10.566663798260834, -10.566663798260834, -10.566663798260834, -10.566348542076867, -10.5669790544448, -10.566663798260834, -10.566663798260834, -10.5669790544448, -10.5669790544448, -10.5669790544448, -10.566663798260834, -10.566663798260834, -10.5669790544448, -10.566348542076867, -10.5669790544448, -10.566663798260834, -10.566663798260834, -10.566663798260834, -10.566663798260834, -10.566663798260834, -10.566663798260834, -10.566348542076867, -10.566663798260834, -10.566663798260834, -10.566663798260834, -10.566348542076867, -10.566663798260834, -10.5669790544448, -10.5669790544448, -10.566663798260834, -10.566663798260834, -10.566663798260834, -10.566663798260834, -10.566348542076867, -10.5669790544448, -10.566663798260834, -10.566663798260834, -10.5669790544448, -10.566663798260834, -10.566348542076867, -10.566348542076867, -10.566663798260834, -10.566663798260834, -10.5669790544448, -10.5669790544448, -10.566663798260834, -10.5669790544448, -10.566663798260834, -10.566663798260834, -10.566663798260834, -10.566663798260834]}, \"data_type\": \"<type 'collections.defaultdict'>\"}"}
{"message": "{\"timestamp\": 9.577391147613525, \"object_type\": \"labjack_stream\", \"data\": {\"AIN0\": [-10.566663798260834, -10.566348542076867, -10.5669790544448, -10.5669790544448, -10.5669790544448, -10.566663798260834, -10.5669790544448, -10.566663798260834, -10.566348542076867, -10.5669790544448, -10.566663798260834, -10.5669790544448, -10.566663798260834, -10.566348542076867, -10.5669790544448, -10.5669790544448, -10.5669790544448, -10.566663798260834, -10.566663798260834, -10.566348542076867, -10.566663798260834, -10.566663798260834, -10.5669790544448, -10.566663798260834, -10.566663798260834, -10.566348542076867, -10.566663798260834, -10.5669790544448, -10.5669790544448, -10.566663798260834, -10.566663798260834, -10.5669790544448, -10.566348542076867, -10.5669790544448, -10.566663798260834, -10.5669790544448, -10.5669790544448, -10.566663798260834, -10.566663798260834, -10.5669790544448, -10.566348542076867, -10.566663798260834, -10.566663798260834, -10.566348542076867, -10.5669790544448, -10.566348542076867, -10.566348542076867, -10.566663798260834, -10.566663798260834, -10.5669790544448, -10.566663798260834, -10.5669790544448, -10.566348542076867, -10.566663798260834, -10.566348542076867, -10.566663798260834, -10.566663798260834, -10.566663798260834, -10.566348542076867, -10.566663798260834, -10.566663798260834, -10.566663798260834, -10.566348542076867, -10.566663798260834, -10.566663798260834, -10.5669790544448, -10.566348542076867, -10.566663798260834, -10.5669790544448, -10.566348542076867, -10.566663798260834, -10.566663798260834, -10.566348542076867, -10.566348542076867, -10.566348542076867, -10.566348542076867, -10.566663798260834, -10.566663798260834, -10.566663798260834, -10.566663798260834, -10.566348542076867, -10.566663798260834, -10.566348542076867, -10.5669790544448, -10.5669790544448, -10.566663798260834, -10.566663798260834, -10.566663798260834, -10.5669790544448, -10.566348542076867, -10.566663798260834, -10.566663798260834, -10.566663798260834, -10.566663798260834, -10.566348542076867, -10.566663798260834, -10.5669790544448, -10.566348542076867, -10.5669790544448, -10.5669790544448, -10.566663798260834, -10.566663798260834, -10.566663798260834, -10.566348542076867, -10.566663798260834, -10.5669790544448, -10.566348542076867, -10.5669790544448, -10.566348542076867, -10.5669790544448, -10.566663798260834, -10.566663798260834, -10.566663798260834, -10.5669790544448, -10.566348542076867, -10.566663798260834, -10.566663798260834, -10.566663798260834, -10.566663798260834, -10.566663798260834, -10.566663798260834, -10.566348542076867, -10.5669790544448, -10.5669790544448, -10.566663798260834, -10.566663798260834, -10.5669790544448, -10.566663798260834, -10.5669790544448, -10.566663798260834, -10.566663798260834, -10.566663798260834, -10.566663798260834, -10.566663798260834, -10.566663798260834, -10.566663798260834, -10.5669790544448, -10.566663798260834, -10.566663798260834, -10.566663798260834, -10.5669790544448, -10.5669790544448, -10.566663798260834, -10.5669790544448, -10.5669790544448, -10.5669790544448, -10.566663798260834, -10.566348542076867, -10.566663798260834, -10.5669790544448, -10.566348542076867, -10.566663798260834, -10.5669790544448, -10.566348542076867, -10.566663798260834, -10.566663798260834, -10.566663798260834, -10.566663798260834, -10.5669790544448, -10.566663798260834, -10.566663798260834, -10.566663798260834, -10.566663798260834, -10.566348542076867, -10.566663798260834, -10.5669790544448, -10.566663798260834, -10.566348542076867, -10.566663798260834, -10.566663798260834, -10.566663798260834, -10.566348542076867, -10.5669790544448, -10.566348542076867, -10.566663798260834, -10.566348542076867, -10.566663798260834, -10.566663798260834, -10.566348542076867, -10.566663798260834, -10.566663798260834, -10.566663798260834, -10.566663798260834, -10.566663798260834, -10.566663798260834, -10.5669790544448, -10.566663798260834, -10.566348542076867, -10.566348542076867, -10.566663798260834, -10.566348542076867, -10.5669790544448, -10.566663798260834, -10.5669790544448, -10.5669790544448, -10.566663798260834, -10.566663798260834, -10.566663798260834, -10.566348542076867, -10.5669790544448, -10.566663798260834, -10.566663798260834, -10.566663798260834, -10.566663798260834, -10.5669790544448, -10.566663798260834, -10.5669790544448, -10.5669790544448, -10.5669790544448, -10.566663798260834, -10.566663798260834, -10.5669790544448, -10.566663798260834, -10.566348542076867, -10.566348542076867, -10.566663798260834, -10.566663798260834, -10.566663798260834, -10.5669790544448, -10.566348542076867, -10.5669790544448, -10.5669790544448, -10.566663798260834, -10.566348542076867, -10.566348542076867, -10.566663798260834, -10.566348542076867, -10.566663798260834, -10.566663798260834, -10.566663798260834, -10.566663798260834, -10.566663798260834, -10.566663798260834, -10.566663798260834, -10.566663798260834, -10.5669790544448, -10.5669790544448, -10.566663798260834, -10.566348542076867, -10.566663798260834, -10.566663798260834, -10.566663798260834, -10.5669790544448, -10.566663798260834, -10.566663798260834, -10.566663798260834, -10.566663798260834, -10.566348542076867, -10.566663798260834, -10.566663798260834], \"AIN1\": [-10.5669790544448, -10.566663798260834, -10.566348542076867, -10.566348542076867, -10.566663798260834, -10.566663798260834, -10.566348542076867, -10.5669790544448, -10.5669790544448, -10.566663798260834, -10.566663798260834, -10.5669790544448, -10.566348542076867, -10.566663798260834, -10.566663798260834, -10.566348542076867, -10.566348542076867, -10.5669790544448, -10.566663798260834, -10.566348542076867, -10.566663798260834, -10.566348542076867, -10.5669790544448, -10.566348542076867, -10.5669790544448, -10.566663798260834, -10.566348542076867, -10.566663798260834, -10.566663798260834, -10.566663798260834, -10.5669790544448, -10.566663798260834, -10.5669790544448, -10.566663798260834, -10.566663798260834, -10.5669790544448, -10.5669790544448, -10.566663798260834, -10.566348542076867, -10.566348542076867, -10.566663798260834, -10.566663798260834, -10.5669790544448, -10.566348542076867, -10.566348542076867, -10.566663798260834, -10.5669790544448, -10.566348542076867, -10.5669790544448, -10.566663798260834, -10.566663798260834, -10.566663798260834, -10.566663798260834, -10.5669790544448, -10.5669790544448, -10.566663798260834, -10.5669790544448, -10.5669790544448, -10.566663798260834, -10.566663798260834, -10.566663798260834, -10.566663798260834, -10.566663798260834, -10.566348542076867, -10.5669790544448, -10.5669790544448, -10.5669790544448, -10.566663798260834, -10.566663798260834, -10.5669790544448, -10.566663798260834, -10.566663798260834, -10.5669790544448, -10.566663798260834, -10.566348542076867, -10.5669790544448, -10.566663798260834, -10.566348542076867, -10.566663798260834, -10.566348542076867, -10.566348542076867, -10.566663798260834, -10.566663798260834, -10.566663798260834, -10.566663798260834, -10.566348542076867, -10.566663798260834, -10.5669790544448, -10.5669790544448, -10.566663798260834, -10.566663798260834, -10.5669790544448, -10.566663798260834, -10.5669790544448, -10.566663798260834, -10.566348542076867, -10.566663798260834, -10.566663798260834, -10.566663798260834, -10.566663798260834, -10.566663798260834, -10.566663798260834, -10.566663798260834, -10.566348542076867, -10.566663798260834, -10.566663798260834, -10.566348542076867, -10.566348542076867, -10.566348542076867, -10.566663798260834, -10.566348542076867, -10.566663798260834, -10.566663798260834, -10.566663798260834, -10.5669790544448, -10.5669790544448, -10.566348542076867, -10.5669790544448, -10.5669790544448, -10.566663798260834, -10.566663798260834, -10.566663798260834, -10.566663798260834, -10.566663798260834, -10.566348542076867, -10.5669790544448, -10.566663798260834, -10.566663798260834, -10.5669790544448, -10.5669790544448, -10.566348542076867, -10.566663798260834, -10.5669790544448, -10.566663798260834, -10.5669790544448, -10.566663798260834, -10.5669790544448, -10.566663798260834, -10.566663798260834, -10.566663798260834, -10.566348542076867, -10.566663798260834, -10.566663798260834, -10.566663798260834, -10.566348542076867, -10.566663798260834, -10.566663798260834, -10.566663798260834, -10.5669790544448, -10.566663798260834, -10.5669790544448, -10.566663798260834, -10.5669790544448, -10.566663798260834, -10.566348542076867, -10.566663798260834, -10.566663798260834, -10.5669790544448, -10.5669790544448, -10.566348542076867, -10.566663798260834, -10.566663798260834, -10.566663798260834, -10.5669790544448, -10.5669790544448, -10.566663798260834, -10.566663798260834, -10.566348542076867, -10.566348542076867, -10.566663798260834, -10.566663798260834, -10.566663798260834, -10.566663798260834, -10.5669790544448, -10.566663798260834, -10.566663798260834, -10.566663798260834, -10.566663798260834, -10.566348542076867, -10.566663798260834, -10.567294310628768, -10.5669790544448, -10.566663798260834, -10.5669790544448, -10.5669790544448, -10.5669790544448, -10.566663798260834, -10.566663798260834, -10.5669790544448, -10.566348542076867, -10.566663798260834, -10.566663798260834, -10.566348542076867, -10.566663798260834, -10.5669790544448, -10.566348542076867, -10.566663798260834, -10.566663798260834, -10.566348542076867, -10.5669790544448, -10.566348542076867, -10.566663798260834, -10.566663798260834, -10.566663798260834, -10.566663798260834, -10.566663798260834, -10.566348542076867, -10.566663798260834, -10.566663798260834, -10.566348542076867, -10.566663798260834, -10.566663798260834, -10.5669790544448, -10.566663798260834, -10.5669790544448, -10.566348542076867, -10.566663798260834, -10.566663798260834, -10.5669790544448, -10.5669790544448, -10.566663798260834, -10.5660332858929, -10.566663798260834, -10.566348542076867, -10.566348542076867, -10.566663798260834, -10.5669790544448, -10.5669790544448, -10.566663798260834, -10.566663798260834, -10.566663798260834, -10.5669790544448, -10.566663798260834, -10.566663798260834, -10.566663798260834, -10.566663798260834, -10.566663798260834, -10.566663798260834, -10.566663798260834, -10.566663798260834, -10.5669790544448, -10.566663798260834, -10.5669790544448, -10.566348542076867, -10.5669790544448, -10.566348542076867, -10.566663798260834, -10.566663798260834, -10.566663798260834, -10.566663798260834], \"AIN2\": [-10.5669790544448, -10.5669790544448, -10.566663798260834, -10.566348542076867, -10.566663798260834, -10.5669790544448, -10.5669790544448, -10.566663798260834, -10.567294310628768, -10.5669790544448, -10.566663798260834, -10.566663798260834, -10.566663798260834, -10.5669790544448, -10.5669790544448, -10.566663798260834, -10.566663798260834, -10.566663798260834, -10.5669790544448, -10.566663798260834, -10.566348542076867, -10.5669790544448, -10.566663798260834, -10.566663798260834, -10.5669790544448, -10.5669790544448, -10.566663798260834, -10.566663798260834, -10.5669790544448, -10.5669790544448, -10.566663798260834, -10.566348542076867, -10.5669790544448, -10.5669790544448, -10.566348542076867, -10.5669790544448, -10.566663798260834, -10.5669790544448, -10.566663798260834, -10.566663798260834, -10.5669790544448, -10.566663798260834, -10.566663798260834, -10.566348542076867, -10.566663798260834, -10.566663798260834, -10.566663798260834, -10.566663798260834, -10.566663798260834, -10.566348542076867, -10.566663798260834, -10.566348542076867, -10.566663798260834, -10.566663798260834, -10.566348542076867, -10.566663798260834, -10.5669790544448, -10.5669790544448, -10.566663798260834, -10.5669790544448, -10.5669790544448, -10.566663798260834, -10.566348542076867, -10.566663798260834, -10.566663798260834, -10.566663798260834, -10.566663798260834, -10.566663798260834, -10.5669790544448, -10.566663798260834, -10.566663798260834, -10.566348542076867, -10.566348542076867, -10.5669790544448, -10.566663798260834, -10.566663798260834, -10.5669790544448, -10.566663798260834, -10.566663798260834, -10.566348542076867, -10.566663798260834, -10.566663798260834, -10.566663798260834, -10.566348542076867, -10.5669790544448, -10.566663798260834, -10.5669790544448, -10.566663798260834, -10.566663798260834, -10.5669790544448, -10.566663798260834, -10.566663798260834, -10.566663798260834, -10.5669790544448, -10.5669790544448, -10.566348542076867, -10.566663798260834, -10.566663798260834, -10.566348542076867, -10.5669790544448, -10.566663798260834, -10.566348542076867, -10.566663798260834, -10.566663798260834, -10.566348542076867, -10.566663798260834, -10.566663798260834, -10.5669790544448, -10.566663798260834, -10.566663798260834, -10.566663798260834, -10.566348542076867, -10.566663798260834, -10.5669790544448, -10.566663798260834, -10.566663798260834, -10.566663798260834, -10.566348542076867, -10.566663798260834, -10.566663798260834, -10.566663798260834, -10.566348542076867, -10.566663798260834, -10.566348542076867, -10.566663798260834, -10.5669790544448, -10.566663798260834, -10.5669790544448, -10.566663798260834, -10.5669790544448, -10.566663798260834, -10.566663798260834, -10.566348542076867, -10.566348542076867, -10.566348542076867, -10.5669790544448, -10.566348542076867, -10.566663798260834, -10.566348542076867, -10.566663798260834, -10.566663798260834, -10.566663798260834, -10.566663798260834, -10.5669790544448, -10.5669790544448, -10.566663798260834, -10.566663798260834, -10.566663798260834, -10.5669790544448, -10.5669790544448, -10.5669790544448, -10.5669790544448, -10.566663798260834, -10.566663798260834, -10.566663798260834, -10.566348542076867, -10.5669790544448, -10.5669790544448, -10.566348542076867, -10.566663798260834, -10.566348542076867, -10.5669790544448, -10.5669790544448, -10.566663798260834, -10.5669790544448, -10.566663798260834, -10.566663798260834, -10.566663798260834, -10.566663798260834, -10.566348542076867, -10.566348542076867, -10.5669790544448, -10.566663798260834, -10.566348542076867, -10.566663798260834, -10.5669790544448, -10.5669790544448, -10.5669790544448, -10.566663798260834, -10.5669790544448, -10.566663798260834, -10.566663798260834, -10.566663798260834, -10.5669790544448, -10.566663798260834, -10.566663798260834, -10.566663798260834, -10.5669790544448, -10.5669790544448, -10.566348542076867, -10.566663798260834, -10.566663798260834, -10.566663798260834, -10.566663798260834, -10.566663798260834, -10.566663798260834, -10.566663798260834, -10.5669790544448, -10.566663798260834, -10.566348542076867, -10.566663798260834, -10.566663798260834, -10.566348542076867, -10.566348542076867, -10.566663798260834, -10.566663798260834, -10.566663798260834, -10.5669790544448, -10.566663798260834, -10.566348542076867, -10.566663798260834, -10.566663798260834, -10.5669790544448, -10.566663798260834, -10.566663798260834, -10.5669790544448, -10.566663798260834, -10.566348542076867, -10.566663798260834, -10.5669790544448, -10.566663798260834, -10.566663798260834, -10.566663798260834, -10.566663798260834, -10.5669790544448, -10.566663798260834, -10.566348542076867, -10.566663798260834, -10.566663798260834, -10.5669790544448, -10.566663798260834, -10.566663798260834, -10.566663798260834, -10.566663798260834, -10.5669790544448, -10.5669790544448, -10.5669790544448, -10.566663798260834, -10.566663798260834, -10.5669790544448, -10.566663798260834, -10.5669790544448, -10.566348542076867, -10.566663798260834, -10.5669790544448, -10.5669790544448, -10.566348542076867, -10.566663798260834, -10.5669790544448, -10.566663798260834], \"AIN3\": [-10.566348542076867, -10.566348542076867, -10.566663798260834, -10.566663798260834, -10.566348542076867, -10.566663798260834, -10.5669790544448, -10.566663798260834, -10.566663798260834, -10.566663798260834, -10.566663798260834, -10.5669790544448, -10.566663798260834, -10.566663798260834, -10.566348542076867, -10.5669790544448, -10.566663798260834, -10.5669790544448, -10.566663798260834, -10.566663798260834, -10.566663798260834, -10.566348542076867, -10.566663798260834, -10.566348542076867, -10.5669790544448, -10.5669790544448, -10.566663798260834, -10.566663798260834, -10.566663798260834, -10.5669790544448, -10.5669790544448, -10.566663798260834, -10.5669790544448, -10.566663798260834, -10.5669790544448, -10.566663798260834, -10.566348542076867, -10.566663798260834, -10.5669790544448, -10.566348542076867, -10.566663798260834, -10.566663798260834, -10.5669790544448, -10.566663798260834, -10.566663798260834, -10.566663798260834, -10.566663798260834, -10.566663798260834, -10.566663798260834, -10.566663798260834, -10.566663798260834, -10.566663798260834, -10.566348542076867, -10.566348542076867, -10.5669790544448, -10.566348542076867, -10.566348542076867, -10.5669790544448, -10.566663798260834, -10.566663798260834, -10.566663798260834, -10.5669790544448, -10.566663798260834, -10.566348542076867, -10.566663798260834, -10.566348542076867, -10.566348542076867, -10.566663798260834, -10.566663798260834, -10.566663798260834, -10.566663798260834, -10.566348542076867, -10.566663798260834, -10.566663798260834, -10.566663798260834, -10.5669790544448, -10.566663798260834, -10.566663798260834, -10.566663798260834, -10.566663798260834, -10.566663798260834, -10.566663798260834, -10.566348542076867, -10.566348542076867, -10.5669790544448, -10.566348542076867, -10.566663798260834, -10.566663798260834, -10.566663798260834, -10.5669790544448, -10.566663798260834, -10.567294310628768, -10.566348542076867, -10.566663798260834, -10.566348542076867, -10.5669790544448, -10.5669790544448, -10.566663798260834, -10.5669790544448, -10.566663798260834, -10.5669790544448, -10.566348542076867, -10.566663798260834, -10.566348542076867, -10.566348542076867, -10.566348542076867, -10.566663798260834, -10.566348542076867, -10.566663798260834, -10.566663798260834, -10.566663798260834, -10.5669790544448, -10.566348542076867, -10.5669790544448, -10.566663798260834, -10.566663798260834, -10.566663798260834, -10.5669790544448, -10.566663798260834, -10.566663798260834, -10.5669790544448, -10.566663798260834, -10.566348542076867, -10.566663798260834, -10.566663798260834, -10.5669790544448, -10.566663798260834, -10.566663798260834, -10.566663798260834, -10.566348542076867, -10.566663798260834, -10.566663798260834, -10.566663798260834, -10.566348542076867, -10.5669790544448, -10.566348542076867, -10.5669790544448, -10.5669790544448, -10.5669790544448, -10.566663798260834, -10.5669790544448, -10.566663798260834, -10.566348542076867, -10.566663798260834, -10.5669790544448, -10.566348542076867, -10.566348542076867, -10.5669790544448, -10.566663798260834, -10.5669790544448, -10.5669790544448, -10.566663798260834, -10.566663798260834, -10.566663798260834, -10.566348542076867, -10.566663798260834, -10.5669790544448, -10.5669790544448, -10.5669790544448, -10.566348542076867, -10.566663798260834, -10.566348542076867, -10.566663798260834, -10.5669790544448, -10.566663798260834, -10.5669790544448, -10.566348542076867, -10.566663798260834, -10.566663798260834, -10.566663798260834, -10.566348542076867, -10.566663798260834, -10.566663798260834, -10.566663798260834, -10.566663798260834, -10.5669790544448, -10.566663798260834, -10.5669790544448, -10.566348542076867, -10.5669790544448, -10.566663798260834, -10.566663798260834, -10.566663798260834, -10.566663798260834, -10.566663798260834, -10.5669790544448, -10.5669790544448, -10.566663798260834, -10.5669790544448, -10.566663798260834, -10.566663798260834, -10.5669790544448, -10.566348542076867, -10.5669790544448, -10.566663798260834, -10.566348542076867, -10.5669790544448, -10.566663798260834, -10.5669790544448, -10.5669790544448, -10.5669790544448, -10.566663798260834, -10.566348542076867, -10.566663798260834, -10.566663798260834, -10.566663798260834, -10.5669790544448, -10.566663798260834, -10.566663798260834, -10.5669790544448, -10.566663798260834, -10.566348542076867, -10.566663798260834, -10.566663798260834, -10.5669790544448, -10.566663798260834, -10.566663798260834, -10.566348542076867, -10.566348542076867, -10.566663798260834, -10.566663798260834, -10.566348542076867, -10.5669790544448, -10.566348542076867, -10.566348542076867, -10.5669790544448, -10.566663798260834, -10.566663798260834, -10.5669790544448, -10.5669790544448, -10.566348542076867, -10.566348542076867, -10.5669790544448, -10.566663798260834, -10.566663798260834, -10.566663798260834, -10.566663798260834, -10.566663798260834, -10.5669790544448, -10.5669790544448, -10.566663798260834, -10.5669790544448, -10.566348542076867, -10.566663798260834, -10.566663798260834, -10.5669790544448, -10.566663798260834, -10.566663798260834, -10.566663798260834, -10.566663798260834]}, \"data_type\": \"<type 'collections.defaultdict'>\"}"}
{"message": "{\"timestamp\": 9.802963972091675, \"object_type\": \"labjack_stream\", \"data\": {\"AIN0\": [-10.566663798260834, -10.566348542076867, -10.566348542076867, -10.5669790544448, -10.566663798260834, -10.566663798260834, -10.566348542076867, -10.566663798260834, -10.566663798260834, -10.566663798260834, -10.566663798260834, -10.5669790544448, -10.566663798260834, -10.566663798260834, -10.566663798260834, -10.566348542076867, -10.566348542076867, -10.566663798260834, -10.5669790544448, -10.566663798260834, -10.566663798260834, -10.566663798260834, -10.566663798260834, -10.566663798260834, -10.566348542076867, -10.5669790544448, -10.566348542076867, -10.566663798260834, -10.566663798260834, -10.566663798260834, -10.566348542076867, -10.5669790544448, -10.566663798260834, -10.566663798260834, -10.566348542076867, -10.566663798260834, -10.566348542076867, -10.5669790544448, -10.5669790544448, -10.5669790544448, -10.5669790544448, -10.566348542076867, -10.5669790544448, -10.566663798260834, -10.566348542076867, -10.566348542076867, -10.566663798260834, -10.566663798260834, -10.566348542076867, -10.566663798260834, -10.566663798260834, -10.566663798260834, -10.566663798260834, -10.566663798260834, -10.566663798260834, -10.566663798260834, -10.5669790544448, -10.566663798260834, -10.5669790544448, -10.566663798260834, -10.5669790544448, -10.566663798260834, -10.566663798260834, -10.566348542076867, -10.5669790544448, -10.566663798260834, -10.566663798260834, -10.5669790544448, -10.566663798260834, -10.5669790544448, -10.566663798260834, -10.566348542076867, -10.5669790544448, -10.566348542076867, -10.566663798260834, -10.566663798260834, -10.5669790544448, -10.566663798260834, -10.566663798260834, -10.566663798260834, -10.5669790544448, -10.566348542076867, -10.566663798260834, -10.566663798260834, -10.566663798260834, -10.566663798260834, -10.566348542076867, -10.566348542076867, -10.566663798260834, -10.566663798260834, -10.566663798260834, -10.566663798260834, -10.566663798260834, -10.566663798260834, -10.566663798260834, -10.566663798260834, -10.566663798260834, -10.5669790544448, -10.566663798260834, -10.566663798260834, -10.566663798260834, -10.566663798260834, -10.5669790544448, -10.566348542076867, -10.566663798260834, -10.5669790544448, -10.566348542076867, -10.566663798260834, -10.566663798260834, -10.566663798260834, -10.566663798260834, -10.566663798260834, -10.566663798260834, -10.566663798260834, -10.566663798260834, -10.566663798260834, -10.566663798260834, -10.566663798260834, -10.566663798260834, -10.566663798260834, -10.566663798260834, -10.566663798260834, -10.5669790544448, -10.566663798260834, -10.5669790544448, -10.5669790544448, -10.566663798260834, -10.566663798260834, -10.5669790544448, -10.566663798260834, -10.5669790544448, -10.566348542076867, -10.566663798260834, -10.566663798260834, -10.566663798260834, -10.5669790544448, -10.566663798260834, -10.566663798260834, -10.566663798260834, -10.566663798260834, -10.566663798260834, -10.566663798260834, -10.566663798260834, -10.5669790544448, -10.566663798260834, -10.5669790544448, -10.5669790544448, -10.5669790544448, -10.566663798260834, -10.5669790544448, -10.5669790544448, -10.566663798260834, -10.566663798260834, -10.566663798260834, -10.566663798260834, -10.566663798260834, -10.5669790544448, -10.566663798260834, -10.5669790544448, -10.5669790544448, -10.566663798260834, -10.5669790544448, -10.566348542076867, -10.566348542076867, -10.566663798260834, -10.566348542076867, -10.566663798260834, -10.566663798260834, -10.566663798260834, -10.5669790544448, -10.566663798260834, -10.566663798260834, -10.566663798260834, -10.566663798260834, -10.566348542076867, -10.566348542076867, -10.566663798260834, -10.566663798260834, -10.566348542076867, -10.5669790544448, -10.566663798260834, -10.566348542076867, -10.566663798260834, -10.566663798260834, -10.566348542076867, -10.566663798260834, -10.566663798260834, -10.5669790544448, -10.566663798260834, -10.566348542076867, -10.566348542076867, -10.566348542076867, -10.566663798260834, -10.566663798260834, -10.566663798260834, -10.566663798260834, -10.566348542076867, -10.566663798260834, -10.566663798260834, -10.566663798260834, -10.566663798260834, -10.566663798260834, -10.5669790544448, -10.566663798260834, -10.566663798260834, -10.566663798260834, -10.566663798260834, -10.566663798260834, -10.566348542076867, -10.566348542076867, -10.566663798260834, -10.5669790544448, -10.566663798260834, -10.5669790544448, -10.566663798260834, -10.5669790544448, -10.566348542076867, -10.566348542076867, -10.5669790544448, -10.566663798260834, -10.566348542076867, -10.566348542076867, -10.566348542076867, -10.5669790544448, -10.566663798260834, -10.566348542076867, -10.5669790544448, -10.566348542076867, -10.566663798260834, -10.566663798260834, -10.5669790544448, -10.566663798260834, -10.566663798260834, -10.5669790544448, -10.566663798260834, -10.566663798260834, -10.566663798260834, -10.566348542076867, -10.566663798260834, -10.566663798260834, -10.566663798260834, -10.566663798260834, -10.5669790544448, -10.566663798260834, -10.566663798260834, -10.5669790544448, -10.566348542076867, -10.566348542076867, -10.566663798260834, -10.5669790544448], \"AIN1\": [-10.566348542076867, -10.566663798260834, -10.566663798260834, -10.566663798260834, -10.566348542076867, -10.566663798260834, -10.566663798260834, -10.5669790544448, -10.566663798260834, -10.5669790544448, -10.566663798260834, -10.566663798260834, -10.566663798260834, -10.5669790544448, -10.5669790544448, -10.5669790544448, -10.566663798260834, -10.566663798260834, -10.566663798260834, -10.566663798260834, -10.566663798260834, -10.566663798260834, -10.5669790544448, -10.5669790544448, -10.566348542076867, -10.5669790544448, -10.566663798260834, -10.566663798260834, -10.5669790544448, -10.5669790544448, -10.566663798260834, -10.5660332858929, -10.566663798260834, -10.5669790544448, -10.566663798260834, -10.566663798260834, -10.566663798260834, -10.5669790544448, -10.5669790544448, -10.566663798260834, -10.566663798260834, -10.5669790544448, -10.566663798260834, -10.5669790544448, -10.5669790544448, -10.5669790544448, -10.566663798260834, -10.566663798260834, -10.566663798260834, -10.566663798260834, -10.567294310628768, -10.566663798260834, -10.566663798260834, -10.566663798260834, -10.566663798260834, -10.5669790544448, -10.566663798260834, -10.5669790544448, -10.5669790544448, -10.566663798260834, -10.566348542076867, -10.5669790544448, -10.5669790544448, -10.566663798260834, -10.566348542076867, -10.566663798260834, -10.566663798260834, -10.566663798260834, -10.566663798260834, -10.5669790544448, -10.566663798260834, -10.566663798260834, -10.566348542076867, -10.566663798260834, -10.566348542076867, -10.5669790544448, -10.5669790544448, -10.566663798260834, -10.566348542076867, -10.566663798260834, -10.566663798260834, -10.566663798260834, -10.566348542076867, -10.566663798260834, -10.566663798260834, -10.566663798260834, -10.566663798260834, -10.5669790544448, -10.566663798260834, -10.566663798260834, -10.5669790544448, -10.566663798260834, -10.566663798260834, -10.566348542076867, -10.566663798260834, -10.566348542076867, -10.566348542076867, -10.566663798260834, -10.566663798260834, -10.566663798260834, -10.5669790544448, -10.5669790544448, -10.566663798260834, -10.566348542076867, -10.5669790544448, -10.566348542076867, -10.5669790544448, -10.566663798260834, -10.566663798260834, -10.566663798260834, -10.5669790544448, -10.566663798260834, -10.566663798260834, -10.566663798260834, -10.566663798260834, -10.566348542076867, -10.5669790544448, -10.566663798260834, -10.5669790544448, -10.566348542076867, -10.566348542076867, -10.566348542076867, -10.566663798260834, -10.5669790544448, -10.566663798260834, -10.566348542076867, -10.5669790544448, -10.5669790544448, -10.566663798260834, -10.566663798260834, -10.566663798260834, -10.566663798260834, -10.5669790544448, -10.566348542076867, -10.5669790544448, -10.5669790544448, -10.566663798260834, -10.566348542076867, -10.566663798260834, -10.566663798260834, -10.5669790544448, -10.566348542076867, -10.566348542076867, -10.5669790544448, -10.566663798260834, -10.566663798260834, -10.566663798260834, -10.566663798260834, -10.566663798260834, -10.566663798260834, -10.5669790544448, -10.566663798260834, -10.5669790544448, -10.5669790544448, -10.566663798260834, -10.566663798260834, -10.566348542076867, -10.5669790544448, -10.566663798260834, -10.566348542076867, -10.5669790544448, -10.5669790544448, -10.5669790544448, -10.566663798260834, -10.566663798260834, -10.566663798260834, -10.566348542076867, -10.566663798260834, -10.566663798260834, -10.5669790544448, -10.566663798260834, -10.5669790544448, -10.566348542076867, -10.5669790544448, -10.566663798260834, -10.566663798260834, -10.566663798260834, -10.566663798260834, -10.566663798260834, -10.5669790544448, -10.566663798260834, -10.566663798260834, -10.5669790544448, -10.566348542076867, -10.566663798260834, -10.5669790544448, -10.566663798260834, -10.566348542076867, -10.566663798260834, -10.566663798260834, -10.5669790544448, -10.566663798260834, -10.566663798260834, -10.566663798260834, -10.566663798260834, -10.566663798260834, -10.566663798260834, -10.566348542076867, -10.566663798260834, -10.566663798260834, -10.5669790544448, -10.566663798260834, -10.566663798260834, -10.566348542076867, -10.5669790544448, -10.566663798260834, -10.566663798260834, -10.566663798260834, -10.566348542076867, -10.5669790544448, -10.566348542076867, -10.5669790544448, -10.5669790544448, -10.566663798260834, -10.5669790544448, -10.566663798260834, -10.5669790544448, -10.566663798260834, -10.566348542076867, -10.566663798260834, -10.566663798260834, -10.5669790544448, -10.566663798260834, -10.566663798260834, -10.566348542076867, -10.566348542076867, -10.5669790544448, -10.566663798260834, -10.5669790544448, -10.566663798260834, -10.566348542076867, -10.566663798260834, -10.566663798260834, -10.566348542076867, -10.5669790544448, -10.566663798260834, -10.566663798260834, -10.566663798260834, -10.566348542076867, -10.566663798260834, -10.566663798260834, -10.566663798260834, -10.5669790544448, -10.566663798260834, -10.566663798260834, -10.5669790544448, -10.566348542076867, -10.566663798260834, -10.566348542076867, -10.566663798260834], \"AIN2\": [-10.566663798260834, -10.566348542076867, -10.566663798260834, -10.5669790544448, -10.5669790544448, -10.5669790544448, -10.566663798260834, -10.5669790544448, -10.566663798260834, -10.5669790544448, -10.566663798260834, -10.566663798260834, -10.566663798260834, -10.5669790544448, -10.5669790544448, -10.566663798260834, -10.566663798260834, -10.566348542076867, -10.566663798260834, -10.5669790544448, -10.566663798260834, -10.566663798260834, -10.5669790544448, -10.566348542076867, -10.566663798260834, -10.566663798260834, -10.5669790544448, -10.566348542076867, -10.5669790544448, -10.5669790544448, -10.566663798260834, -10.566663798260834, -10.5669790544448, -10.566663798260834, -10.566663798260834, -10.566663798260834, -10.5669790544448, -10.566663798260834, -10.566348542076867, -10.5669790544448, -10.566348542076867, -10.566663798260834, -10.5669790544448, -10.566348542076867, -10.566663798260834, -10.566348542076867, -10.5669790544448, -10.5669790544448, -10.5669790544448, -10.566348542076867, -10.5669790544448, -10.566663798260834, -10.566663798260834, -10.566348542076867, -10.566663798260834, -10.5669790544448, -10.566348542076867, -10.5669790544448, -10.566348542076867, -10.566663798260834, -10.566663798260834, -10.566663798260834, -10.566663798260834, -10.566348542076867, -10.566663798260834, -10.5669790544448, -10.5669790544448, -10.566663798260834, -10.5669790544448, -10.5669790544448, -10.5669790544448, -10.5669790544448, -10.566663798260834, -10.566663798260834, -10.566663798260834, -10.566663798260834, -10.566663798260834, -10.566663798260834, -10.5660332858929, -10.5669790544448, -10.5669790544448, -10.566348542076867, -10.566663798260834, -10.5669790544448, -10.5669790544448, -10.566663798260834, -10.5669790544448, -10.566663798260834, -10.566663798260834, -10.566663798260834, -10.566663798260834, -10.566663798260834, -10.566348542076867, -10.566663798260834, -10.566663798260834, -10.5669790544448, -10.566663798260834, -10.566663798260834, -10.566663798260834, -10.566663798260834, -10.566348542076867, -10.5669790544448, -10.566663798260834, -10.566348542076867, -10.566663798260834, -10.566663798260834, -10.566348542076867, -10.566663798260834, -10.566663798260834, -10.5669790544448, -10.566663798260834, -10.5669790544448, -10.566663798260834, -10.566348542076867, -10.566663798260834, -10.566348542076867, -10.566663798260834, -10.566663798260834, -10.566663798260834, -10.5669790544448, -10.566663798260834, -10.566663798260834, -10.566663798260834, -10.566663798260834, -10.566663798260834, -10.5669790544448, -10.566663798260834, -10.566663798260834, -10.566663798260834, -10.5669790544448, -10.566663798260834, -10.566663798260834, -10.566663798260834, -10.5669790544448, -10.5669790544448, -10.5669790544448, -10.566663798260834, -10.566663798260834, -10.5669790544448, -10.5669790544448, -10.566663798260834, -10.566663798260834, -10.566663798260834, -10.566663798260834, -10.566663798260834, -10.566663798260834, -10.566663798260834, -10.566348542076867, -10.5669790544448, -10.566663798260834, -10.5669790544448, -10.566663798260834, -10.566663798260834, -10.566663798260834, -10.566663798260834, -10.566663798260834, -10.566663798260834, -10.566348542076867, -10.566348542076867, -10.5669790544448, -10.5669790544448, -10.5669790544448, -10.5669790544448, -10.5669790544448, -10.566663798260834, -10.5669790544448, -10.5669790544448, -10.566663798260834, -10.566663798260834, -10.566348542076867, -10.566663798260834, -10.5669790544448, -10.566663798260834, -10.566348542076867, -10.566663798260834, -10.5669790544448, -10.566348542076867, -10.5669790544448, -10.566663798260834, -10.566663798260834, -10.566663798260834, -10.566663798260834, -10.5669790544448, -10.566663798260834, -10.566663798260834, -10.5669790544448, -10.5669790544448, -10.566663798260834, -10.5669790544448, -10.566663798260834, -10.566663798260834, -10.566663798260834, -10.566348542076867, -10.566663798260834, -10.566663798260834, -10.5669790544448, -10.566348542076867, -10.566663798260834, -10.566348542076867, -10.5669790544448, -10.566663798260834, -10.566348542076867, -10.566663798260834, -10.566348542076867, -10.566663798260834, -10.5669790544448, -10.566663798260834, -10.5669790544448, -10.566348542076867, -10.566663798260834, -10.566663798260834, -10.5669790544448, -10.566663798260834, -10.5669790544448, -10.5669790544448, -10.566663798260834, -10.5669790544448, -10.5669790544448, -10.566348542076867, -10.566663798260834, -10.566663798260834, -10.566663798260834, -10.566663798260834, -10.5669790544448, -10.566663798260834, -10.566663798260834, -10.566663798260834, -10.5669790544448, -10.566663798260834, -10.566348542076867, -10.566663798260834, -10.566348542076867, -10.566663798260834, -10.5669790544448, -10.566663798260834, -10.566663798260834, -10.566663798260834, -10.5669790544448, -10.5669790544448, -10.566663798260834, -10.566663798260834, -10.5669790544448, -10.566348542076867, -10.566348542076867, -10.566663798260834, -10.566663798260834, -10.566663798260834, -10.566663798260834, -10.566663798260834, -10.566663798260834], \"AIN3\": [-10.566348542076867, -10.566663798260834, -10.566663798260834, -10.566663798260834, -10.5669790544448, -10.566663798260834, -10.566663798260834, -10.566663798260834, -10.566663798260834, -10.566663798260834, -10.566663798260834, -10.5669790544448, -10.5669790544448, -10.566663798260834, -10.566663798260834, -10.566663798260834, -10.566348542076867, -10.566663798260834, -10.566663798260834, -10.566663798260834, -10.5669790544448, -10.566663798260834, -10.566663798260834, -10.566663798260834, -10.566663798260834, -10.566348542076867, -10.566348542076867, -10.566663798260834, -10.566663798260834, -10.5669790544448, -10.5669790544448, -10.5669790544448, -10.5669790544448, -10.5669790544448, -10.5669790544448, -10.566663798260834, -10.566663798260834, -10.566663798260834, -10.566663798260834, -10.566663798260834, -10.566348542076867, -10.5669790544448, -10.5669790544448, -10.566663798260834, -10.566663798260834, -10.566348542076867, -10.566663798260834, -10.566348542076867, -10.566663798260834, -10.566348542076867, -10.566663798260834, -10.566663798260834, -10.5669790544448, -10.566663798260834, -10.5669790544448, -10.5669790544448, -10.566663798260834, -10.5669790544448, -10.566348542076867, -10.566663798260834, -10.566348542076867, -10.566663798260834, -10.566663798260834, -10.566663798260834, -10.566663798260834, -10.566663798260834, -10.5669790544448, -10.5669790544448, -10.566663798260834, -10.566663798260834, -10.566663798260834, -10.566663798260834, -10.566663798260834, -10.5669790544448, -10.566663798260834, -10.566348542076867, -10.5669790544448, -10.566663798260834, -10.566348542076867, -10.566348542076867, -10.566663798260834, -10.566663798260834, -10.566663798260834, -10.5669790544448, -10.5669790544448, -10.5669790544448, -10.566663798260834, -10.5669790544448, -10.566663798260834, -10.566663798260834, -10.5669790544448, -10.5669790544448, -10.566663798260834, -10.566663798260834, -10.5669790544448, -10.5669790544448, -10.566663798260834, -10.566663798260834, -10.566663798260834, -10.5669790544448, -10.5669790544448, -10.5669790544448, -10.5669790544448, -10.566663798260834, -10.566663798260834, -10.566348542076867, -10.566663798260834, -10.5669790544448, -10.566663798260834, -10.566663798260834, -10.5669790544448, -10.566663798260834, -10.566663798260834, -10.566663798260834, -10.566348542076867, -10.566663798260834, -10.5669790544448, -10.566348542076867, -10.566663798260834, -10.566663798260834, -10.566663798260834, -10.5669790544448, -10.566663798260834, -10.566663798260834, -10.5669790544448, -10.5669790544448, -10.5669790544448, -10.566348542076867, -10.566663798260834, -10.5669790544448, -10.566663798260834, -10.566348542076867, -10.566663798260834, -10.5669790544448, -10.566663798260834, -10.566663798260834, -10.566663798260834, -10.5669790544448, -10.5669790544448, -10.5669790544448, -10.566663798260834, -10.566663798260834, -10.566663798260834, -10.566663798260834, -10.566663798260834, -10.566663798260834, -10.5669790544448, -10.566663798260834, -10.566663798260834, -10.566663798260834, -10.566663798260834, -10.566663798260834, -10.566348542076867, -10.566663798260834, -10.566348542076867, -10.5669790544448, -10.566663798260834, -10.566663798260834, -10.566663798260834, -10.566348542076867, -10.566663798260834, -10.566663798260834, -10.5669790544448, -10.5669790544448, -10.5669790544448, -10.5669790544448, -10.566348542076867, -10.566663798260834, -10.5669790544448, -10.566663798260834, -10.566663798260834, -10.566663798260834, -10.5669790544448, -10.566663798260834, -10.5669790544448, -10.566663798260834, -10.566663798260834, -10.5669790544448, -10.566663798260834, -10.5669790544448, -10.5669790544448, -10.566663798260834, -10.566663798260834, -10.566348542076867, -10.566348542076867, -10.566663798260834, -10.566663798260834, -10.566348542076867, -10.566663798260834, -10.566663798260834, -10.566663798260834, -10.566663798260834, -10.566663798260834, -10.5669790544448, -10.566663798260834, -10.566663798260834, -10.566348542076867, -10.5669790544448, -10.566663798260834, -10.566663798260834, -10.566348542076867, -10.566348542076867, -10.566663798260834, -10.566663798260834, -10.5669790544448, -10.566663798260834, -10.5669790544448, -10.566663798260834, -10.566663798260834, -10.5669790544448, -10.566663798260834, -10.5669790544448, -10.566663798260834, -10.566663798260834, -10.566663798260834, -10.566663798260834, -10.566348542076867, -10.566663798260834, -10.566663798260834, -10.5669790544448, -10.566663798260834, -10.5669790544448, -10.5669790544448, -10.566663798260834, -10.566348542076867, -10.566663798260834, -10.566663798260834, -10.566348542076867, -10.566663798260834, -10.5669790544448, -10.5669790544448, -10.566663798260834, -10.5669790544448, -10.566663798260834, -10.5669790544448, -10.566663798260834, -10.5669790544448, -10.566663798260834, -10.5669790544448, -10.566663798260834, -10.5669790544448, -10.566663798260834, -10.566663798260834, -10.566663798260834, -10.566348542076867, -10.566663798260834, -10.5669790544448, -10.5669790544448, -10.566348542076867, -10.5669790544448]}, \"data_type\": \"<type 'collections.defaultdict'>\"}"}
{"message": "{\"timestamp\": 10.026823043823242, \"object_type\": \"labjack_stream\", \"data\": {\"AIN0\": [-10.566348542076867, -10.566663798260834, -10.566348542076867, -10.566348542076867, -10.5669790544448, -10.566663798260834, -10.566663798260834, -10.5669790544448, -10.566663798260834, -10.5669790544448, -10.566663798260834, -10.566348542076867, -10.5669790544448, -10.566663798260834, -10.566663798260834, -10.566663798260834, -10.566663798260834, -10.566663798260834, -10.566663798260834, -10.566663798260834, -10.5669790544448, -10.5669790544448, -10.566663798260834, -10.566663798260834, -10.566663798260834, -10.566663798260834, -10.566663798260834, -10.566663798260834, -10.566663798260834, -10.566663798260834, -10.566348542076867, -10.566663798260834, -10.566348542076867, -10.5669790544448, -10.566663798260834, -10.5669790544448, -10.566663798260834, -10.5669790544448, -10.5669790544448, -10.5669790544448, -10.566348542076867, -10.566663798260834, -10.566663798260834, -10.566348542076867, -10.566663798260834, -10.5669790544448, -10.566663798260834, -10.566663798260834, -10.566663798260834, -10.566663798260834, -10.566663798260834, -10.566348542076867, -10.566663798260834, -10.566663798260834, -10.566663798260834, -10.566663798260834, -10.566663798260834, -10.5669790544448, -10.566348542076867, -10.566663798260834, -10.566663798260834, -10.5669790544448, -10.566348542076867, -10.566348542076867, -10.5669790544448, -10.566663798260834, -10.5669790544448, -10.566663798260834, -10.566663798260834, -10.566348542076867, -10.566663798260834, -10.566663798260834, -10.566663798260834, -10.566348542076867, -10.566348542076867, -10.566663798260834, -10.566348542076867, -10.566348542076867, -10.5669790544448, -10.566663798260834, -10.566663798260834, -10.566663798260834, -10.566663798260834, -10.566348542076867, -10.566663798260834, -10.566663798260834, -10.566663798260834, -10.566663798260834, -10.566663798260834, -10.5669790544448, -10.566663798260834, -10.5669790544448, -10.5669790544448, -10.566663798260834, -10.566663798260834, -10.566663798260834, -10.5669790544448, -10.566663798260834, -10.566663798260834, -10.566663798260834, -10.566348542076867, -10.566663798260834, -10.566663798260834, -10.566663798260834, -10.566663798260834, -10.566663798260834, -10.566348542076867, -10.566663798260834, -10.5669790544448, -10.5669790544448, -10.5669790544448, -10.566348542076867, -10.566663798260834, -10.566663798260834, -10.5669790544448, -10.566663798260834, -10.566663798260834, -10.566663798260834, -10.566663798260834, -10.566348542076867, -10.566348542076867, -10.566348542076867, -10.566663798260834, -10.566348542076867, -10.566663798260834, -10.566663798260834, -10.566663798260834, -10.566663798260834, -10.5669790544448, -10.566663798260834, -10.566663798260834, -10.5669790544448, -10.566663798260834, -10.566663798260834, -10.5669790544448, -10.5669790544448, -10.566348542076867, -10.566348542076867, -10.566663798260834, -10.566663798260834, -10.566663798260834, -10.566663798260834, -10.566663798260834, -10.566663798260834, -10.566348542076867, -10.566663798260834, -10.566348542076867, -10.566663798260834, -10.566663798260834, -10.566663798260834, -10.566663798260834, -10.566663798260834, -10.566663798260834, -10.566663798260834, -10.566348542076867, -10.566663798260834, -10.5669790544448, -10.5669790544448, -10.566663798260834, -10.566663798260834, -10.5669790544448, -10.566348542076867, -10.5669790544448, -10.566348542076867, -10.5669790544448, -10.566663798260834, -10.566663798260834, -10.566663798260834, -10.566663798260834, -10.566663798260834, -10.566663798260834, -10.566663798260834, -10.566663798260834, -10.5669790544448, -10.566663798260834, -10.566348542076867, -10.566663798260834, -10.566663798260834, -10.566663798260834, -10.566663798260834, -10.566663798260834, -10.566348542076867, -10.5669790544448, -10.566348542076867, -10.566663798260834, -10.566663798260834, -10.5669790544448, -10.566663798260834, -10.566663798260834, -10.566663798260834, -10.566348542076867, -10.566663798260834, -10.5669790544448, -10.566663798260834, -10.566663798260834, -10.5669790544448, -10.5669790544448, -10.566663798260834, -10.566663798260834, -10.566348542076867, -10.5669790544448, -10.566663798260834, -10.5669790544448, -10.566663798260834, -10.566348542076867, -10.566663798260834, -10.566663798260834, -10.566663798260834, -10.566663798260834, -10.5669790544448, -10.566663798260834, -10.5669790544448, -10.566663798260834, -10.566663798260834, -10.5669790544448, -10.566663798260834, -10.566663798260834, -10.566663798260834, -10.566663798260834, -10.566663798260834, -10.566663798260834, -10.566663798260834, -10.566663798260834, -10.566663798260834, -10.566348542076867, -10.566663798260834, -10.566348542076867, -10.566663798260834, -10.566348542076867, -10.566663798260834, -10.566663798260834, -10.5669790544448, -10.566348542076867, -10.566348542076867, -10.566663798260834, -10.566663798260834, -10.5669790544448, -10.5669790544448, -10.566348542076867, -10.566348542076867, -10.566348542076867, -10.5669790544448, -10.566663798260834, -10.566348542076867, -10.5669790544448, -10.566663798260834, -10.566348542076867, -10.566663798260834, -10.566348542076867, -10.566663798260834], \"AIN1\": [-10.566663798260834, -10.5669790544448, -10.566663798260834, -10.566663798260834, -10.566663798260834, -10.566348542076867, -10.566348542076867, -10.5669790544448, -10.566663798260834, -10.566663798260834, -10.5669790544448, -10.566348542076867, -10.566663798260834, -10.566663798260834, -10.566663798260834, -10.566663798260834, -10.566663798260834, -10.5669790544448, -10.566663798260834, -10.566663798260834, -10.566348542076867, -10.5669790544448, -10.566348542076867, -10.5669790544448, -10.5669790544448, -10.566663798260834, -10.566663798260834, -10.5669790544448, -10.5669790544448, -10.566663798260834, -10.566663798260834, -10.566348542076867, -10.566348542076867, -10.566348542076867, -10.566663798260834, -10.566663798260834, -10.566663798260834, -10.566663798260834, -10.566348542076867, -10.5669790544448, -10.566663798260834, -10.566348542076867, -10.566663798260834, -10.566663798260834, -10.566663798260834, -10.566663798260834, -10.566663798260834, -10.5669790544448, -10.566663798260834, -10.566663798260834, -10.566663798260834, -10.5669790544448, -10.566663798260834, -10.566348542076867, -10.566663798260834, -10.566348542076867, -10.566663798260834, -10.566663798260834, -10.566663798260834, -10.566663798260834, -10.566663798260834, -10.566663798260834, -10.566663798260834, -10.566663798260834, -10.5669790544448, -10.566663798260834, -10.566663798260834, -10.566663798260834, -10.566663798260834, -10.566663798260834, -10.5669790544448, -10.566663798260834, -10.566663798260834, -10.5669790544448, -10.5669790544448, -10.566663798260834, -10.5669790544448, -10.5669790544448, -10.566348542076867, -10.566663798260834, -10.566663798260834, -10.566663798260834, -10.566663798260834, -10.5669790544448, -10.566663798260834, -10.566663798260834, -10.566663798260834, -10.5669790544448, -10.5669790544448, -10.566663798260834, -10.5669790544448, -10.566663798260834, -10.5669790544448, -10.566663798260834, -10.5669790544448, -10.566348542076867, -10.566663798260834, -10.5669790544448, -10.566348542076867, -10.566663798260834, -10.566663798260834, -10.5669790544448, -10.566663798260834, -10.5669790544448, -10.566663798260834, -10.5669790544448, -10.5669790544448, -10.566348542076867, -10.566663798260834, -10.5669790544448, -10.5669790544448, -10.566348542076867, -10.5669790544448, -10.566663798260834, -10.566663798260834, -10.5669790544448, -10.566663798260834, -10.566663798260834, -10.566348542076867, -10.566663798260834, -10.566663798260834, -10.566348542076867, -10.5669790544448, -10.566348542076867, -10.5669790544448, -10.566663798260834, -10.566348542076867, -10.566348542076867, -10.566348542076867, -10.566663798260834, -10.566663798260834, -10.566663798260834, -10.5669790544448, -10.566663798260834, -10.566663798260834, -10.566663798260834, -10.5669790544448, -10.566348542076867, -10.566663798260834, -10.566663798260834, -10.5669790544448, -10.566663798260834, -10.566663798260834, -10.566663798260834, -10.566663798260834, -10.566663798260834, -10.566348542076867, -10.566663798260834, -10.566663798260834, -10.566663798260834, -10.5669790544448, -10.567294310628768, -10.566663798260834, -10.566348542076867, -10.566663798260834, -10.5669790544448, -10.566663798260834, -10.566663798260834, -10.566663798260834, -10.5669790544448, -10.5669790544448, -10.5669790544448, -10.5669790544448, -10.566663798260834, -10.566663798260834, -10.5669790544448, -10.566663798260834, -10.5669790544448, -10.566663798260834, -10.566663798260834, -10.566663798260834, -10.5669790544448, -10.566663798260834, -10.566663798260834, -10.566663798260834, -10.5669790544448, -10.566348542076867, -10.566663798260834, -10.5669790544448, -10.5669790544448, -10.566348542076867, -10.5669790544448, -10.566663798260834, -10.566663798260834, -10.566348542076867, -10.566663798260834, -10.5669790544448, -10.566663798260834, -10.566663798260834, -10.5669790544448, -10.566663798260834, -10.5669790544448, -10.566663798260834, -10.566663798260834, -10.5669790544448, -10.566663798260834, -10.566663798260834, -10.566663798260834, -10.566663798260834, -10.567294310628768, -10.566348542076867, -10.566348542076867, -10.566348542076867, -10.566663798260834, -10.566663798260834, -10.566663798260834, -10.566663798260834, -10.5669790544448, -10.566663798260834, -10.5669790544448, -10.566663798260834, -10.566663798260834, -10.566663798260834, -10.566663798260834, -10.5669790544448, -10.5669790544448, -10.5669790544448, -10.566348542076867, -10.5669790544448, -10.566663798260834, -10.566663798260834, -10.5669790544448, -10.5669790544448, -10.5669790544448, -10.566663798260834, -10.5669790544448, -10.5669790544448, -10.5669790544448, -10.567294310628768, -10.5669790544448, -10.566663798260834, -10.566663798260834, -10.566663798260834, -10.566663798260834, -10.566663798260834, -10.5669790544448, -10.566663798260834, -10.5669790544448, -10.566663798260834, -10.566663798260834, -10.566348542076867, -10.566348542076867, -10.566663798260834, -10.5669790544448, -10.566348542076867, -10.5669790544448, -10.5669790544448, -10.566663798260834, -10.566663798260834, -10.566348542076867], \"AIN2\": [-10.566663798260834, -10.566663798260834, -10.566663798260834, -10.566348542076867, -10.5669790544448, -10.5669790544448, -10.566663798260834, -10.566663798260834, -10.566663798260834, -10.566663798260834, -10.5669790544448, -10.566663798260834, -10.5669790544448, -10.5669790544448, -10.566663798260834, -10.5669790544448, -10.5669790544448, -10.566663798260834, -10.5669790544448, -10.5669790544448, -10.566663798260834, -10.566663798260834, -10.566663798260834, -10.566663798260834, -10.566348542076867, -10.566348542076867, -10.566348542076867, -10.566663798260834, -10.5669790544448, -10.566348542076867, -10.5669790544448, -10.566663798260834, -10.566663798260834, -10.5669790544448, -10.5669790544448, -10.5669790544448, -10.566663798260834, -10.566663798260834, -10.5669790544448, -10.566348542076867, -10.5669790544448, -10.5669790544448, -10.5669790544448, -10.5669790544448, -10.566348542076867, -10.566348542076867, -10.5669790544448, -10.5669790544448, -10.566663798260834, -10.566663798260834, -10.5669790544448, -10.5669790544448, -10.566663798260834, -10.566663798260834, -10.566663798260834, -10.566663798260834, -10.566663798260834, -10.566663798260834, -10.5669790544448, -10.566663798260834, -10.5669790544448, -10.566663798260834, -10.566663798260834, -10.5669790544448, -10.5669790544448, -10.566348542076867, -10.566663798260834, -10.5669790544448, -10.5669790544448, -10.566663798260834, -10.566663798260834, -10.566663798260834, -10.566663798260834, -10.566348542076867, -10.566663798260834, -10.566663798260834, -10.566663798260834, -10.566663798260834, -10.5669790544448, -10.566663798260834, -10.5669790544448, -10.566663798260834, -10.566663798260834, -10.566663798260834, -10.566663798260834, -10.566663798260834, -10.566663798260834, -10.566663798260834, -10.566663798260834, -10.566348542076867, -10.566663798260834, -10.566663798260834, -10.566663798260834, -10.566663798260834, -10.5669790544448, -10.5669790544448, -10.5669790544448, -10.566663798260834, -10.5669790544448, -10.5669790544448, -10.566663798260834, -10.566348542076867, -10.566663798260834, -10.566663798260834, -10.566663798260834, -10.5669790544448, -10.566663798260834, -10.566663798260834, -10.566663798260834, -10.566663798260834, -10.567294310628768, -10.566663798260834, -10.5669790544448, -10.5669790544448, -10.5669790544448, -10.566663798260834, -10.566663798260834, -10.5669790544448, -10.5669790544448, -10.566348542076867, -10.566663798260834, -10.566663798260834, -10.566663798260834, -10.566663798260834, -10.566663798260834, -10.566663798260834, -10.5669790544448, -10.566663798260834, -10.566663798260834, -10.566663798260834, -10.566663798260834, -10.566663798260834, -10.566663798260834, -10.566348542076867, -10.566663798260834, -10.566663798260834, -10.566663798260834, -10.566663798260834, -10.5669790544448, -10.566663798260834, -10.566348542076867, -10.566663798260834, -10.566663798260834, -10.566663798260834, -10.5669790544448, -10.566663798260834, -10.5669790544448, -10.5669790544448, -10.566663798260834, -10.566348542076867, -10.566663798260834, -10.566663798260834, -10.5669790544448, -10.5669790544448, -10.566348542076867, -10.566663798260834, -10.566663798260834, -10.566663798260834, -10.566663798260834, -10.566663798260834, -10.566348542076867, -10.566663798260834, -10.5669790544448, -10.566663798260834, -10.566663798260834, -10.566348542076867, -10.566663798260834, -10.566348542076867, -10.566348542076867, -10.566663798260834, -10.5669790544448, -10.566663798260834, -10.566348542076867, -10.5669790544448, -10.566663798260834, -10.566663798260834, -10.566348542076867, -10.5669790544448, -10.5669790544448, -10.5669790544448, -10.566348542076867, -10.5669790544448, -10.566663798260834, -10.5669790544448, -10.566663798260834, -10.566663798260834, -10.5669790544448, -10.566663798260834, -10.566663798260834, -10.5669790544448, -10.5669790544448, -10.566663798260834, -10.566663798260834, -10.566663798260834, -10.566663798260834, -10.5669790544448, -10.566348542076867, -10.566348542076867, -10.566663798260834, -10.5669790544448, -10.566663798260834, -10.566663798260834, -10.566663798260834, -10.566348542076867, -10.5669790544448, -10.566348542076867, -10.566663798260834, -10.5669790544448, -10.566663798260834, -10.566663798260834, -10.566663798260834, -10.566348542076867, -10.566348542076867, -10.566663798260834, -10.566663798260834, -10.5669790544448, -10.566663798260834, -10.5669790544448, -10.5669790544448, -10.566663798260834, -10.5669790544448, -10.5669790544448, -10.5669790544448, -10.566663798260834, -10.5669790544448, -10.566348542076867, -10.566663798260834, -10.5669790544448, -10.5669790544448, -10.566348542076867, -10.5669790544448, -10.566663798260834, -10.5669790544448, -10.566663798260834, -10.566663798260834, -10.566663798260834, -10.566663798260834, -10.5669790544448, -10.566663798260834, -10.566663798260834, -10.5669790544448, -10.5669790544448, -10.566663798260834, -10.566348542076867, -10.566663798260834, -10.566348542076867, -10.5669790544448, -10.5669790544448, -10.566348542076867, -10.566663798260834], \"AIN3\": [-10.566663798260834, -10.5669790544448, -10.566348542076867, -10.566663798260834, -10.566663798260834, -10.566663798260834, -10.5669790544448, -10.566348542076867, -10.5669790544448, -10.566348542076867, -10.5669790544448, -10.566663798260834, -10.566663798260834, -10.566663798260834, -10.566348542076867, -10.566663798260834, -10.5669790544448, -10.566348542076867, -10.566663798260834, -10.5669790544448, -10.566348542076867, -10.566663798260834, -10.566348542076867, -10.566348542076867, -10.5669790544448, -10.567294310628768, -10.566663798260834, -10.5669790544448, -10.566663798260834, -10.566663798260834, -10.566663798260834, -10.566663798260834, -10.566663798260834, -10.566663798260834, -10.566348542076867, -10.566663798260834, -10.566348542076867, -10.566663798260834, -10.5669790544448, -10.566348542076867, -10.566663798260834, -10.566663798260834, -10.5669790544448, -10.566348542076867, -10.566663798260834, -10.566663798260834, -10.566348542076867, -10.566663798260834, -10.566663798260834, -10.566663798260834, -10.566348542076867, -10.5669790544448, -10.566348542076867, -10.566663798260834, -10.566348542076867, -10.566348542076867, -10.566663798260834, -10.566348542076867, -10.566663798260834, -10.5669790544448, -10.5669790544448, -10.566663798260834, -10.5669790544448, -10.566663798260834, -10.566663798260834, -10.566663798260834, -10.566663798260834, -10.5669790544448, -10.566663798260834, -10.5669790544448, -10.566348542076867, -10.566663798260834, -10.566348542076867, -10.5669790544448, -10.5669790544448, -10.5669790544448, -10.5669790544448, -10.566663798260834, -10.566663798260834, -10.566663798260834, -10.566663798260834, -10.566663798260834, -10.566663798260834, -10.5669790544448, -10.5669790544448, -10.566663798260834, -10.566663798260834, -10.5669790544448, -10.5669790544448, -10.566663798260834, -10.566663798260834, -10.566663798260834, -10.566663798260834, -10.566663798260834, -10.566663798260834, -10.566348542076867, -10.567294310628768, -10.566663798260834, -10.566663798260834, -10.566348542076867, -10.566663798260834, -10.566663798260834, -10.566663798260834, -10.566663798260834, -10.5669790544448, -10.566663798260834, -10.5669790544448, -10.566348542076867, -10.5669790544448, -10.566663798260834, -10.566663798260834, -10.5669790544448, -10.5669790544448, -10.566348542076867, -10.5669790544448, -10.566663798260834, -10.566348542076867, -10.566663798260834, -10.5669790544448, -10.566663798260834, -10.566663798260834, -10.566663798260834, -10.566663798260834, -10.5669790544448, -10.566663798260834, -10.566663798260834, -10.566663798260834, -10.566348542076867, -10.566663798260834, -10.5669790544448, -10.566663798260834, -10.566663798260834, -10.566663798260834, -10.566663798260834, -10.566663798260834, -10.566663798260834, -10.566663798260834, -10.5669790544448, -10.5669790544448, -10.566348542076867, -10.566663798260834, -10.566663798260834, -10.566663798260834, -10.566663798260834, -10.566663798260834, -10.566348542076867, -10.5669790544448, -10.566348542076867, -10.566663798260834, -10.566663798260834, -10.566663798260834, -10.566663798260834, -10.5669790544448, -10.566663798260834, -10.566663798260834, -10.566663798260834, -10.566663798260834, -10.566663798260834, -10.5669790544448, -10.566663798260834, -10.566348542076867, -10.566663798260834, -10.5669790544448, -10.566663798260834, -10.566663798260834, -10.5669790544448, -10.566348542076867, -10.5669790544448, -10.566663798260834, -10.566348542076867, -10.566663798260834, -10.5669790544448, -10.566663798260834, -10.5669790544448, -10.566663798260834, -10.566663798260834, -10.566663798260834, -10.566663798260834, -10.566663798260834, -10.566663798260834, -10.566663798260834, -10.566663798260834, -10.566348542076867, -10.566663798260834, -10.5669790544448, -10.5669790544448, -10.566663798260834, -10.566663798260834, -10.5669790544448, -10.566348542076867, -10.5669790544448, -10.5669790544448, -10.566663798260834, -10.566663798260834, -10.566663798260834, -10.566348542076867, -10.5669790544448, -10.566663798260834, -10.566348542076867, -10.566663798260834, -10.566663798260834, -10.566663798260834, -10.5669790544448, -10.566663798260834, -10.566348542076867, -10.5669790544448, -10.566663798260834, -10.566663798260834, -10.566663798260834, -10.566663798260834, -10.566663798260834, -10.5669790544448, -10.566663798260834, -10.5669790544448, -10.5669790544448, -10.566663798260834, -10.5669790544448, -10.566348542076867, -10.566663798260834, -10.5669790544448, -10.5669790544448, -10.566663798260834, -10.5669790544448, -10.5669790544448, -10.566348542076867, -10.566663798260834, -10.566663798260834, -10.566663798260834, -10.566663798260834, -10.566663798260834, -10.5669790544448, -10.5669790544448, -10.566348542076867, -10.566663798260834, -10.566348542076867, -10.566348542076867, -10.566663798260834, -10.5669790544448, -10.5669790544448, -10.566663798260834, -10.566663798260834, -10.566663798260834, -10.566663798260834, -10.566663798260834, -10.566663798260834, -10.566348542076867, -10.566663798260834, -10.566663798260834, -10.566663798260834, -10.5669790544448]}, \"data_type\": \"<type 'collections.defaultdict'>\"}"}
{"message": "{\"timestamp\": 10.302247047424316, \"object_type\": \"labjack_stream\", \"data\": {\"AIN0\": [-10.566348542076867, -10.566348542076867, -10.566663798260834, -10.566663798260834, -10.5669790544448, -10.566663798260834, -10.566348542076867, -10.5669790544448, -10.5669790544448, -10.566348542076867, -10.566663798260834, -10.566348542076867, -10.566663798260834, -10.566663798260834, -10.566348542076867, -10.566663798260834, -10.566663798260834, -10.566663798260834, -10.566663798260834, -10.566348542076867, -10.566663798260834, -10.5669790544448, -10.566663798260834, -10.566663798260834, -10.566663798260834, -10.566348542076867, -10.566663798260834, -10.566348542076867, -10.566663798260834, -10.566663798260834, -10.566348542076867, -10.566663798260834, -10.566663798260834, -10.566348542076867, -10.566663798260834, -10.566348542076867, -10.566663798260834, -10.566663798260834, -10.566663798260834, -10.566663798260834, -10.566663798260834, -10.5669790544448, -10.566663798260834, -10.5669790544448, -10.566663798260834, -10.5669790544448, -10.566663798260834, -10.5669790544448, -10.566663798260834, -10.566663798260834, -10.566663798260834, -10.566348542076867, -10.5669790544448, -10.566348542076867, -10.566663798260834, -10.566348542076867, -10.5669790544448, -10.566663798260834, -10.566348542076867, -10.566663798260834, -10.566663798260834, -10.566663798260834, -10.566663798260834, -10.566348542076867, -10.566663798260834, -10.5669790544448, -10.566663798260834, -10.5669790544448, -10.566663798260834, -10.566663798260834, -10.566663798260834, -10.5669790544448, -10.5669790544448, -10.566348542076867, -10.566663798260834, -10.566348542076867, -10.566663798260834, -10.566663798260834, -10.566663798260834, -10.566663798260834, -10.566663798260834, -10.566663798260834, -10.5669790544448, -10.566663798260834, -10.566663798260834, -10.566663798260834, -10.566663798260834, -10.566663798260834, -10.566663798260834, -10.566663798260834, -10.566348542076867, -10.566663798260834, -10.566663798260834, -10.566663798260834, -10.566663798260834, -10.566663798260834, -10.5669790544448, -10.566348542076867, -10.566663798260834, -10.566663798260834, -10.566348542076867, -10.566663798260834, -10.566663798260834, -10.566663798260834, -10.5669790544448, -10.5669790544448, -10.5669790544448, -10.566663798260834, -10.566663798260834, -10.566663798260834, -10.566663798260834, -10.566348542076867, -10.566348542076867, -10.566663798260834, -10.566663798260834, -10.566663798260834, -10.566663798260834, -10.566663798260834, -10.566663798260834, -10.566348542076867, -10.5669790544448, -10.566663798260834, -10.566663798260834, -10.566663798260834, -10.566663798260834, -10.5669790544448, -10.566663798260834, -10.566663798260834, -10.566348542076867, -10.566663798260834, -10.566663798260834, -10.566348542076867, -10.566663798260834, -10.566348542076867, -10.566663798260834, -10.566663798260834, -10.566663798260834, -10.566663798260834, -10.5669790544448, -10.566348542076867, -10.566663798260834, -10.566663798260834, -10.566348542076867, -10.566663798260834, -10.5660332858929, -10.566663798260834, -10.566663798260834, -10.566348542076867, -10.566348542076867, -10.5669790544448, -10.566348542076867, -10.5669790544448, -10.566348542076867, -10.566663798260834, -10.5669790544448, -10.566663798260834, -10.566348542076867, -10.566348542076867, -10.566663798260834, -10.566663798260834, -10.566663798260834, -10.566663798260834, -10.566663798260834, -10.566663798260834, -10.566663798260834, -10.566663798260834, -10.566348542076867, -10.566348542076867, -10.5669790544448, -10.5669790544448, -10.566663798260834, -10.5669790544448, -10.566663798260834, -10.566663798260834, -10.566348542076867, -10.566663798260834, -10.566663798260834, -10.5669790544448, -10.566663798260834, -10.566663798260834, -10.5669790544448, -10.566663798260834, -10.566663798260834, -10.566663798260834, -10.5669790544448, -10.566663798260834, -10.566663798260834, -10.566663798260834, -10.5669790544448, -10.566348542076867, -10.566663798260834, -10.566348542076867, -10.5669790544448, -10.566663798260834, -10.566663798260834, -10.566348542076867, -10.566663798260834, -10.566348542076867, -10.566348542076867, -10.566663798260834, -10.566663798260834, -10.5669790544448, -10.566348542076867, -10.566663798260834, -10.566663798260834, -10.566663798260834, -10.566663798260834, -10.5669790544448, -10.566348542076867, -10.566663798260834, -10.566348542076867, -10.566663798260834, -10.566348542076867, -10.5669790544448, -10.566663798260834, -10.566348542076867, -10.566663798260834, -10.5669790544448, -10.5669790544448, -10.566663798260834, -10.5669790544448, -10.5669790544448, -10.5669790544448, -10.5669790544448, -10.566663798260834, -10.566348542076867, -10.566663798260834, -10.5669790544448, -10.566348542076867, -10.5669790544448, -10.566663798260834, -10.566348542076867, -10.566663798260834, -10.566348542076867, -10.566663798260834, -10.566348542076867, -10.566663798260834, -10.566663798260834, -10.5669790544448, -10.566663798260834, -10.566663798260834, -10.566663798260834, -10.566663798260834, -10.566348542076867, -10.566663798260834, -10.5669790544448, -10.566348542076867, -10.566663798260834, -10.566348542076867, -10.566663798260834], \"AIN1\": [-10.566663798260834, -10.566348542076867, -10.5669790544448, -10.566663798260834, -10.566663798260834, -10.5669790544448, -10.5669790544448, -10.566663798260834, -10.5669790544448, -10.5669790544448, -10.5669790544448, -10.5669790544448, -10.566663798260834, -10.5669790544448, -10.566663798260834, -10.566663798260834, -10.566348542076867, -10.566663798260834, -10.566663798260834, -10.566348542076867, -10.5669790544448, -10.566663798260834, -10.566663798260834, -10.5669790544448, -10.566663798260834, -10.5669790544448, -10.566348542076867, -10.566348542076867, -10.566663798260834, -10.566663798260834, -10.5669790544448, -10.5669790544448, -10.5669790544448, -10.566348542076867, -10.566663798260834, -10.566663798260834, -10.5669790544448, -10.566663798260834, -10.5669790544448, -10.566663798260834, -10.566663798260834, -10.566663798260834, -10.5669790544448, -10.5669790544448, -10.567294310628768, -10.566348542076867, -10.566663798260834, -10.566663798260834, -10.566348542076867, -10.566663798260834, -10.566663798260834, -10.566663798260834, -10.566348542076867, -10.566663798260834, -10.566663798260834, -10.566663798260834, -10.5669790544448, -10.566663798260834, -10.5669790544448, -10.566663798260834, -10.5669790544448, -10.5669790544448, -10.566663798260834, -10.566663798260834, -10.566663798260834, -10.566663798260834, -10.566348542076867, -10.566663798260834, -10.566348542076867, -10.566663798260834, -10.5669790544448, -10.566663798260834, -10.566348542076867, -10.566348542076867, -10.566663798260834, -10.5669790544448, -10.566663798260834, -10.566663798260834, -10.566663798260834, -10.567294310628768, -10.566663798260834, -10.566663798260834, -10.5669790544448, -10.566348542076867, -10.566663798260834, -10.566663798260834, -10.566663798260834, -10.5669790544448, -10.566348542076867, -10.5669790544448, -10.5669790544448, -10.566663798260834, -10.5669790544448, -10.5669790544448, -10.566348542076867, -10.5669790544448, -10.566663798260834, -10.566663798260834, -10.5669790544448, -10.5669790544448, -10.566348542076867, -10.566348542076867, -10.566348542076867, -10.5669790544448, -10.566663798260834, -10.566663798260834, -10.566663798260834, -10.566663798260834, -10.566663798260834, -10.566663798260834, -10.566348542076867, -10.566663798260834, -10.566348542076867, -10.5669790544448, -10.5669790544448, -10.5669790544448, -10.5669790544448, -10.5669790544448, -10.566663798260834, -10.5669790544448, -10.5669790544448, -10.566663798260834, -10.5669790544448, -10.566663798260834, -10.566663798260834, -10.566348542076867, -10.566348542076867, -10.566663798260834, -10.5669790544448, -10.566663798260834, -10.566663798260834, -10.566348542076867, -10.566663798260834, -10.5669790544448, -10.566663798260834, -10.566663798260834, -10.566663798260834, -10.5669790544448, -10.566663798260834, -10.566663798260834, -10.566348542076867, -10.566663798260834, -10.5669790544448, -10.566663798260834, -10.5669790544448, -10.566663798260834, -10.566663798260834, -10.5669790544448, -10.566663798260834, -10.5669790544448, -10.566663798260834, -10.566663798260834, -10.566348542076867, -10.566348542076867, -10.566348542076867, -10.566663798260834, -10.566663798260834, -10.566663798260834, -10.5669790544448, -10.566663798260834, -10.5669790544448, -10.566663798260834, -10.566663798260834, -10.566663798260834, -10.566663798260834, -10.5669790544448, -10.566348542076867, -10.566663798260834, -10.5669790544448, -10.566348542076867, -10.566663798260834, -10.5669790544448, -10.566663798260834, -10.566663798260834, -10.566663798260834, -10.566663798260834, -10.5669790544448, -10.5669790544448, -10.5669790544448, -10.5669790544448, -10.566348542076867, -10.566663798260834, -10.5669790544448, -10.566348542076867, -10.566663798260834, -10.566663798260834, -10.5669790544448, -10.5669790544448, -10.566663798260834, -10.5669790544448, -10.566663798260834, -10.566663798260834, -10.566663798260834, -10.566663798260834, -10.566663798260834, -10.566663798260834, -10.5669790544448, -10.5669790544448, -10.566663798260834, -10.5669790544448, -10.566663798260834, -10.5669790544448, -10.566663798260834, -10.5669790544448, -10.566348542076867, -10.566663798260834, -10.566348542076867, -10.566348542076867, -10.566663798260834, -10.566663798260834, -10.566663798260834, -10.566663798260834, -10.5669790544448, -10.5669790544448, -10.566663798260834, -10.566663798260834, -10.5669790544448, -10.566663798260834, -10.5669790544448, -10.566663798260834, -10.5669790544448, -10.5669790544448, -10.5669790544448, -10.566663798260834, -10.566663798260834, -10.566348542076867, -10.5669790544448, -10.5669790544448, -10.566348542076867, -10.566348542076867, -10.566663798260834, -10.5669790544448, -10.5669790544448, -10.566663798260834, -10.5669790544448, -10.566663798260834, -10.566663798260834, -10.566663798260834, -10.5669790544448, -10.566663798260834, -10.566348542076867, -10.566663798260834, -10.5669790544448, -10.566663798260834, -10.566663798260834, -10.566348542076867, -10.566663798260834, -10.5669790544448, -10.566663798260834, -10.5669790544448], \"AIN2\": [-10.566348542076867, -10.566663798260834, -10.5669790544448, -10.566663798260834, -10.566663798260834, -10.566663798260834, -10.5669790544448, -10.5669790544448, -10.5669790544448, -10.566348542076867, -10.566663798260834, -10.566348542076867, -10.566663798260834, -10.5669790544448, -10.566663798260834, -10.566663798260834, -10.566348542076867, -10.566663798260834, -10.566663798260834, -10.566663798260834, -10.566663798260834, -10.566348542076867, -10.566348542076867, -10.566348542076867, -10.566663798260834, -10.5669790544448, -10.5669790544448, -10.566663798260834, -10.566348542076867, -10.566663798260834, -10.5669790544448, -10.5669790544448, -10.566348542076867, -10.566663798260834, -10.5669790544448, -10.566663798260834, -10.566663798260834, -10.5669790544448, -10.566663798260834, -10.566663798260834, -10.566663798260834, -10.566348542076867, -10.566663798260834, -10.566348542076867, -10.566663798260834, -10.566663798260834, -10.566663798260834, -10.566348542076867, -10.5669790544448, -10.5669790544448, -10.566348542076867, -10.5669790544448, -10.5669790544448, -10.5669790544448, -10.566663798260834, -10.566663798260834, -10.5669790544448, -10.566663798260834, -10.5669790544448, -10.566348542076867, -10.566663798260834, -10.5669790544448, -10.566663798260834, -10.566348542076867, -10.5669790544448, -10.5669790544448, -10.566348542076867, -10.5669790544448, -10.566348542076867, -10.5669790544448, -10.566663798260834, -10.566663798260834, -10.566663798260834, -10.5669790544448, -10.566663798260834, -10.566348542076867, -10.566348542076867, -10.5669790544448, -10.566663798260834, -10.566663798260834, -10.566663798260834, -10.5669790544448, -10.5669790544448, -10.566663798260834, -10.566663798260834, -10.566663798260834, -10.566663798260834, -10.566663798260834, -10.566348542076867, -10.5669790544448, -10.5669790544448, -10.5669790544448, -10.566348542076867, -10.566663798260834, -10.566348542076867, -10.566663798260834, -10.566663798260834, -10.566348542076867, -10.566663798260834, -10.566663798260834, -10.5669790544448, -10.5669790544448, -10.566663798260834, -10.566663798260834, -10.566663798260834, -10.566663798260834, -10.566663798260834, -10.566663798260834, -10.566663798260834, -10.566663798260834, -10.566663798260834, -10.566663798260834, -10.566348542076867, -10.566663798260834, -10.566663798260834, -10.566663798260834, -10.566663798260834, -10.5669790544448, -10.566663798260834, -10.566348542076867, -10.566663798260834, -10.5669790544448, -10.566663798260834, -10.566348542076867, -10.566663798260834, -10.566663798260834, -10.566663798260834, -10.566663798260834, -10.5669790544448, -10.5669790544448, -10.5669790544448, -10.5669790544448, -10.566348542076867, -10.566663798260834, -10.566663798260834, -10.566663798260834, -10.566663798260834, -10.566348542076867, -10.5669790544448, -10.566663798260834, -10.5669790544448, -10.5669790544448, -10.566663798260834, -10.5669790544448, -10.566663798260834, -10.566663798260834, -10.566348542076867, -10.566663798260834, -10.566663798260834, -10.566663798260834, -10.5669790544448, -10.566348542076867, -10.566663798260834, -10.566663798260834, -10.5669790544448, -10.5669790544448, -10.566663798260834, -10.566663798260834, -10.566663798260834, -10.5669790544448, -10.566663798260834, -10.5669790544448, -10.566663798260834, -10.566663798260834, -10.566663798260834, -10.566663798260834, -10.566663798260834, -10.566663798260834, -10.566348542076867, -10.566663798260834, -10.5669790544448, -10.566663798260834, -10.5669790544448, -10.566663798260834, -10.5669790544448, -10.566663798260834, -10.5669790544448, -10.566663798260834, -10.566348542076867, -10.566663798260834, -10.566663798260834, -10.5669790544448, -10.5669790544448, -10.566663798260834, -10.5669790544448, -10.566663798260834, -10.5669790544448, -10.5669790544448, -10.566663798260834, -10.566348542076867, -10.566348542076867, -10.5669790544448, -10.5669790544448, -10.566663798260834, -10.566663798260834, -10.5669790544448, -10.5669790544448, -10.5669790544448, -10.566663798260834, -10.5669790544448, -10.5669790544448, -10.566348542076867, -10.566663798260834, -10.566663798260834, -10.566663798260834, -10.566663798260834, -10.566663798260834, -10.566663798260834, -10.566663798260834, -10.566663798260834, -10.566663798260834, -10.566663798260834, -10.566348542076867, -10.566663798260834, -10.566348542076867, -10.566348542076867, -10.566663798260834, -10.5669790544448, -10.5669790544448, -10.566663798260834, -10.566663798260834, -10.566663798260834, -10.566663798260834, -10.566663798260834, -10.566663798260834, -10.566663798260834, -10.5669790544448, -10.566348542076867, -10.566663798260834, -10.566663798260834, -10.566663798260834, -10.5669790544448, -10.5669790544448, -10.5669790544448, -10.566663798260834, -10.566663798260834, -10.566663798260834, -10.566348542076867, -10.566348542076867, -10.5669790544448, -10.566663798260834, -10.5669790544448, -10.566663798260834, -10.566348542076867, -10.5669790544448, -10.566663798260834, -10.566663798260834, -10.566663798260834, -10.5669790544448, -10.566663798260834], \"AIN3\": [-10.566663798260834, -10.566663798260834, -10.566663798260834, -10.5669790544448, -10.5669790544448, -10.566348542076867, -10.566663798260834, -10.566663798260834, -10.566663798260834, -10.5669790544448, -10.566663798260834, -10.566663798260834, -10.566663798260834, -10.566663798260834, -10.5669790544448, -10.566348542076867, -10.566663798260834, -10.566663798260834, -10.566663798260834, -10.566663798260834, -10.566663798260834, -10.566663798260834, -10.566663798260834, -10.5669790544448, -10.566663798260834, -10.566663798260834, -10.566663798260834, -10.566348542076867, -10.5669790544448, -10.5669790544448, -10.566663798260834, -10.566663798260834, -10.5669790544448, -10.566663798260834, -10.566663798260834, -10.5669790544448, -10.566663798260834, -10.566663798260834, -10.566348542076867, -10.5669790544448, -10.566663798260834, -10.566663798260834, -10.566663798260834, -10.5669790544448, -10.566663798260834, -10.566663798260834, -10.566348542076867, -10.566663798260834, -10.5669790544448, -10.5669790544448, -10.5669790544448, -10.566663798260834, -10.5669790544448, -10.566663798260834, -10.566663798260834, -10.566663798260834, -10.566663798260834, -10.566663798260834, -10.566348542076867, -10.5669790544448, -10.566663798260834, -10.566663798260834, -10.566663798260834, -10.5669790544448, -10.566663798260834, -10.566663798260834, -10.566663798260834, -10.5669790544448, -10.566663798260834, -10.5669790544448, -10.5669790544448, -10.566663798260834, -10.566663798260834, -10.566663798260834, -10.566348542076867, -10.566663798260834, -10.566663798260834, -10.5669790544448, -10.5669790544448, -10.566663798260834, -10.566663798260834, -10.566663798260834, -10.566663798260834, -10.566663798260834, -10.566663798260834, -10.566663798260834, -10.566663798260834, -10.566348542076867, -10.566663798260834, -10.566663798260834, -10.566348542076867, -10.566663798260834, -10.566663798260834, -10.566663798260834, -10.566663798260834, -10.566348542076867, -10.566663798260834, -10.566663798260834, -10.566663798260834, -10.566663798260834, -10.566663798260834, -10.566663798260834, -10.566348542076867, -10.566663798260834, -10.566663798260834, -10.566663798260834, -10.566663798260834, -10.5669790544448, -10.5669790544448, -10.566663798260834, -10.5669790544448, -10.566348542076867, -10.5669790544448, -10.566663798260834, -10.566663798260834, -10.566663798260834, -10.566663798260834, -10.566348542076867, -10.5669790544448, -10.566663798260834, -10.5669790544448, -10.566663798260834, -10.566663798260834, -10.566663798260834, -10.5669790544448, -10.566663798260834, -10.566663798260834, -10.566663798260834, -10.566663798260834, -10.566663798260834, -10.566663798260834, -10.5669790544448, -10.566663798260834, -10.566663798260834, -10.5669790544448, -10.5669790544448, -10.566348542076867, -10.566663798260834, -10.566663798260834, -10.566348542076867, -10.566663798260834, -10.566663798260834, -10.566663798260834, -10.5669790544448, -10.566663798260834, -10.566663798260834, -10.566663798260834, -10.566663798260834, -10.5669790544448, -10.5669790544448, -10.5669790544448, -10.566663798260834, -10.566663798260834, -10.566663798260834, -10.566663798260834, -10.5669790544448, -10.566663798260834, -10.566663798260834, -10.566663798260834, -10.566663798260834, -10.566663798260834, -10.5669790544448, -10.566663798260834, -10.5669790544448, -10.566663798260834, -10.566663798260834, -10.566348542076867, -10.5669790544448, -10.566663798260834, -10.566663798260834, -10.5669790544448, -10.566663798260834, -10.566663798260834, -10.566663798260834, -10.5669790544448, -10.566663798260834, -10.566663798260834, -10.566663798260834, -10.566663798260834, -10.566663798260834, -10.5669790544448, -10.566663798260834, -10.566348542076867, -10.566663798260834, -10.5669790544448, -10.566663798260834, -10.566663798260834, -10.566663798260834, -10.566663798260834, -10.5669790544448, -10.5669790544448, -10.566663798260834, -10.5669790544448, -10.566663798260834, -10.566663798260834, -10.566663798260834, -10.566348542076867, -10.566348542076867, -10.566663798260834, -10.5669790544448, -10.566663798260834, -10.5669790544448, -10.566663798260834, -10.566663798260834, -10.5669790544448, -10.566348542076867, -10.566663798260834, -10.5669790544448, -10.566663798260834, -10.566663798260834, -10.566663798260834, -10.5669790544448, -10.566663798260834, -10.5669790544448, -10.566663798260834, -10.566663798260834, -10.566348542076867, -10.566348542076867, -10.566348542076867, -10.5669790544448, -10.5669790544448, -10.5669790544448, -10.566663798260834, -10.5669790544448, -10.566348542076867, -10.566663798260834, -10.566663798260834, -10.566663798260834, -10.5669790544448, -10.5669790544448, -10.566348542076867, -10.566348542076867, -10.5669790544448, -10.566663798260834, -10.566348542076867, -10.566348542076867, -10.5669790544448, -10.566663798260834, -10.566348542076867, -10.566663798260834, -10.5669790544448, -10.566663798260834, -10.566663798260834, -10.566663798260834, -10.566663798260834, -10.566663798260834, -10.566663798260834, -10.566348542076867, -10.566663798260834, -10.566663798260834]}, \"data_type\": \"<type 'collections.defaultdict'>\"}"}
{"message": "{\"timestamp\": 0.0007340908050537109, \"object_type\": \"info\", \"data\": \"Setting up channels and logging:\", \"data_type\": \"<type 'str'>\"}"}
{"message": "{\"timestamp\": 1.1952931880950928, \"object_type\": \"info\", \"data\": \"Labjack opened.\", \"data_type\": \"<type 'str'>\"}"}
{"message": "{\"timestamp\": 1.197810173034668, \"object_type\": \"info\", \"data\": \"Streaming addresses:[0, 2, 4, 6]\", \"data_type\": \"<type 'str'>\"}"}
{"message": "{\"timestamp\": 1.2032990455627441, \"object_type\": \"info\", \"data\": \"Configuring U6 stream...\", \"data_type\": \"<type 'str'>\"}"}
{"message": "{\"timestamp\": 1.2042410373687744, \"object_type\": \"info\", \"data\": \"Analog addresses[5000, 5002]\", \"data_type\": \"<type 'str'>\"}"}
{"message": "{\"timestamp\": 1.2059199810028076, \"object_type\": \"info\", \"data\": \"Digital addresses [6000]\", \"data_type\": \"<type 'str'>\"}"}
{"message": "{\"timestamp\": 1.2065260410308838, \"object_type\": \"info\", \"data\": \"Generating logfile\", \"data_type\": \"<type 'str'>\"}"}
{"message": "{\"timestamp\": 1.2065441608428955, \"object_type\": \"info\", \"data\": \"Setup complete\", \"data_type\": \"<type 'str'>\"}"}
{"message": "{\"timestamp\": 2.207578182220459, \"object_type\": \"labjack_stream\", \"data\": null, \"data_type\": \"<type 'NoneType'>\"}"}
{"message": "{\"timestamp\": 3.2088561058044434, \"object_type\": \"labjack_stream\", \"data\": null, \"data_type\": \"<type 'NoneType'>\"}"}
{"message": "{\"timestamp\": 4.2096240520477295, \"object_type\": \"labjack_stream\", \"data\": null, \"data_type\": \"<type 'NoneType'>\"}"}
{"message": "{\"timestamp\": 4.533179044723511, \"object_type\": \"standard\", \"data\": \"{'level':'LinearTrack_100cm', 'level_start_time':'Mar Sat 15 08:49 2014', 'running_time':0, 'x':0.5, 'z':200, 'view_angle':90.00001, 'x_mouse':-15.125, 'y_mouse':-12.6, 'context':'reward', 'outcome':'None'}\", \"data_type\": \"<type 'str'>\"}"}
{"message": "{\"timestamp\": 4.533948183059692, \"object_type\": \"labjack_task\", \"data\": {\"write_value\": 1, \"register\": 6002, \"mode\": \"write\"}, \"data_type\": \"<type 'dict'>\"}"}
{"message": "{\"timestamp\": 4.5342841148376465, \"object_type\": \"labjack_task\", \"data\": {\"write_value\": 0, \"register\": 6000, \"mode\": \"write\"}, \"data_type\": \"<type 'dict'>\"}"}
{"message": "{\"timestamp\": 4.5346879959106445, \"object_type\": \"labjack_task\", \"data\": {\"write_value\": 0, \"register\": 6001, \"mode\": \"write\"}, \"data_type\": \"<type 'dict'>\"}"}
{"message": "{\"timestamp\": 4.550461053848267, \"object_type\": \"standard\", \"data\": \"{ 'running_time':0, 'x':0.5, 'z':200, 'view_angle':90.00001, 'x_mouse':-15.125, 'y_mouse':-12.6, 'context':'reward', 'outcome':'None'}\", \"data_type\": \"<type 'str'>\"}"}
{"message": "{\"timestamp\": 4.55125617980957, \"object_type\": \"labjack_task\", \"data\": {\"write_value\": 1, \"register\": 6002, \"mode\": \"write\"}, \"data_type\": \"<type 'dict'>\"}"}
{"message": "{\"timestamp\": 4.551833152770996, \"object_type\": \"labjack_task\", \"data\": {\"write_value\": 0, \"register\": 6000, \"mode\": \"write\"}, \"data_type\": \"<type 'dict'>\"}"}
{"message": "{\"timestamp\": 4.552284002304077, \"object_type\": \"labjack_task\", \"data\": {\"write_value\": 0, \"register\": 6001, \"mode\": \"write\"}, \"data_type\": \"<type 'dict'>\"}"}
{"message": "{\"timestamp\": 4.553788185119629, \"object_type\": \"standard\", \"data\": \"{ 'running_time':0.02, 'x':0.4920001, 'z':200, 'view_angle':90.00001, 'x_mouse':0, 'y_mouse':0, 'context':'None', 'outcome':'None'}\", \"data_type\": \"<type 'str'>\"}"}
{"message": "{\"timestamp\": 4.554458141326904, \"object_type\": \"labjack_task\", \"data\": {\"write_value\": 0, \"register\": 6002, \"mode\": \"write\"}, \"data_type\": \"<type 'dict'>\"}"}
{"message": "{\"timestamp\": 4.55503511428833, \"object_type\": \"labjack_task\", \"data\": {\"write_value\": 0, \"register\": 6000, \"mode\": \"write\"}, \"data_type\": \"<type 'dict'>\"}"}
{"message": "{\"timestamp\": 4.555612087249756, \"object_type\": \"labjack_task\", \"data\": {\"write_value\": 0, \"register\": 6001, \"mode\": \"write\"}, \"data_type\": \"<type 'dict'>\"}"}
{"message": "{\"timestamp\": 4.922396183013916, \"object_type\": \"standard\", \"data\": \"{ 'running_time':0.3533334, 'x':0.4920001, 'z':200, 'view_angle':90.00001, 'x_mouse':0, 'y_mouse':0, 'context':'None', 'outcome':'None'}\", \"data_type\": \"<type 'str'>\"}"}
{"message": "{\"timestamp\": 4.923236131668091, \"object_type\": \"labjack_task\", \"data\": {\"write_value\": 0, \"register\": 6002, \"mode\": \"write\"}, \"data_type\": \"<type 'dict'>\"}"}
{"message": "{\"timestamp\": 4.923820972442627, \"object_type\": \"labjack_task\", \"data\": {\"write_value\": 0, \"register\": 6000, \"mode\": \"write\"}, \"data_type\": \"<type 'dict'>\"}"}
{"message": "{\"timestamp\": 4.924175024032593, \"object_type\": \"labjack_task\", \"data\": {\"write_value\": 0, \"register\": 6001, \"mode\": \"write\"}, \"data_type\": \"<type 'dict'>\"}"}
{"message": "{\"timestamp\": 4.948486089706421, \"object_type\": \"standard\", \"data\": \"{ 'running_time':0.3804784, 'x':0.4920001, 'z':200, 'view_angle':90.00001, 'x_mouse':0, 'y_mouse':0, 'context':'None', 'outcome':'None'}\", \"data_type\": \"<type 'str'>\"}"}
{"message": "{\"timestamp\": 4.949198007583618, \"object_type\": \"labjack_task\", \"data\": {\"write_value\": 0, \"register\": 6002, \"mode\": \"write\"}, \"data_type\": \"<type 'dict'>\"}"}
{"message": "{\"timestamp\": 4.949659109115601, \"object_type\": \"labjack_task\", \"data\": {\"write_value\": 0, \"register\": 6000, \"mode\": \"write\"}, \"data_type\": \"<type 'dict'>\"}"}
{"message": "{\"timestamp\": 4.950034141540527, \"object_type\": \"labjack_task\", \"data\": {\"write_value\": 0, \"register\": 6001, \"mode\": \"write\"}, \"data_type\": \"<type 'dict'>\"}"}
{"message": "{\"timestamp\": 4.962260007858276, \"object_type\": \"standard\", \"data\": \"{ 'running_time':0.3943294, 'x':0.4920001, 'z':200, 'view_angle':90.00001, 'x_mouse':0, 'y_mouse':0, 'context':'None', 'outcome':'None'}\", \"data_type\": \"<type 'str'>\"}"}
{"message": "{\"timestamp\": 4.963093042373657, \"object_type\": \"labjack_task\", \"data\": {\"write_value\": 0, \"register\": 6002, \"mode\": \"write\"}, \"data_type\": \"<type 'dict'>\"}"}
{"message": "{\"timestamp\": 4.963675022125244, \"object_type\": \"labjack_task\", \"data\": {\"write_value\": 0, \"register\": 6000, \"mode\": \"write\"}, \"data_type\": \"<type 'dict'>\"}"}
{"message": "{\"timestamp\": 4.964166164398193, \"object_type\": \"labjack_task\", \"data\": {\"write_value\": 0, \"register\": 6001, \"mode\": \"write\"}, \"data_type\": \"<type 'dict'>\"}"}
{"message": "{\"timestamp\": 4.975537061691284, \"object_type\": \"standard\", \"data\": \"{ 'running_time':0.4074513, 'x':0.4920001, 'z':200, 'view_angle':90.00001, 'x_mouse':0, 'y_mouse':0, 'context':'None', 'outcome':'None'}\", \"data_type\": \"<type 'str'>\"}"}
{"message": "{\"timestamp\": 4.976583003997803, \"object_type\": \"labjack_task\", \"data\": {\"write_value\": 0, \"register\": 6002, \"mode\": \"write\"}, \"data_type\": \"<type 'dict'>\"}"}
{"message": "{\"timestamp\": 4.9771740436553955, \"object_type\": \"labjack_task\", \"data\": {\"write_value\": 0, \"register\": 6000, \"mode\": \"write\"}, \"data_type\": \"<type 'dict'>\"}"}
{"message": "{\"timestamp\": 4.977756977081299, \"object_type\": \"labjack_task\", \"data\": {\"write_value\": 0, \"register\": 6001, \"mode\": \"write\"}, \"data_type\": \"<type 'dict'>\"}"}
{"message": "{\"timestamp\": 5.008497953414917, \"object_type\": \"standard\", \"data\": \"{ 'running_time':0.4404563, 'x':0.4920001, 'z':200, 'view_angle':90.00001, 'x_mouse':0, 'y_mouse':0, 'context':'None', 'outcome':'None'}\", \"data_type\": \"<type 'str'>\"}"}
{"message": "{\"timestamp\": 5.009315013885498, \"object_type\": \"labjack_task\", \"data\": {\"write_value\": 0, \"register\": 6002, \"mode\": \"write\"}, \"data_type\": \"<type 'dict'>\"}"}
{"message": "{\"timestamp\": 5.009929180145264, \"object_type\": \"labjack_task\", \"data\": {\"write_value\": 0, \"register\": 6000, \"mode\": \"write\"}, \"data_type\": \"<type 'dict'>\"}"}
{"message": "{\"timestamp\": 5.010470151901245, \"object_type\": \"labjack_task\", \"data\": {\"write_value\": 0, \"register\": 6001, \"mode\": \"write\"}, \"data_type\": \"<type 'dict'>\"}"}
{"message": "{\"timestamp\": 5.022088050842285, \"object_type\": \"standard\", \"data\": \"{ 'running_time':0.4541184, 'x':0.4920001, 'z':200, 'view_angle':90.00001, 'x_mouse':0, 'y_mouse':0, 'context':'None', 'outcome':'None'}\", \"data_type\": \"<type 'str'>\"}"}
{"message": "{\"timestamp\": 5.022824048995972, \"object_type\": \"labjack_task\", \"data\": {\"write_value\": 0, \"register\": 6002, \"mode\": \"write\"}, \"data_type\": \"<type 'dict'>\"}"}
{"message": "{\"timestamp\": 5.023200988769531, \"object_type\": \"labjack_task\", \"data\": {\"write_value\": 0, \"register\": 6000, \"mode\": \"write\"}, \"data_type\": \"<type 'dict'>\"}"}
{"message": "{\"timestamp\": 5.023714065551758, \"object_type\": \"labjack_task\", \"data\": {\"write_value\": 0, \"register\": 6001, \"mode\": \"write\"}, \"data_type\": \"<type 'dict'>\"}"}
{"message": "{\"timestamp\": 5.040817975997925, \"object_type\": \"standard\", \"data\": \"{ 'running_time':0.4728324, 'x':0.4920001, 'z':200, 'view_angle':90.00001, 'x_mouse':0, 'y_mouse':0, 'context':'None', 'outcome':'None'}\", \"data_type\": \"<type 'str'>\"}"}
{"message": "{\"timestamp\": 5.041712045669556, \"object_type\": \"labjack_task\", \"data\": {\"write_value\": 0, \"register\": 6002, \"mode\": \"write\"}, \"data_type\": \"<type 'dict'>\"}"}
{"message": "{\"timestamp\": 5.042440176010132, \"object_type\": \"labjack_task\", \"data\": {\"write_value\": 0, \"register\": 6000, \"mode\": \"write\"}, \"data_type\": \"<type 'dict'>\"}"}
{"message": "{\"timestamp\": 5.04296612739563, \"object_type\": \"labjack_task\", \"data\": {\"write_value\": 0, \"register\": 6001, \"mode\": \"write\"}, \"data_type\": \"<type 'dict'>\"}"}
{"message": "{\"timestamp\": 5.068504095077515, \"object_type\": \"standard\", \"data\": \"{ 'running_time':0.5003974, 'x':0.4920001, 'z':200, 'view_angle':90.00001, 'x_mouse':0, 'y_mouse':0, 'context':'None', 'outcome':'None'}\", \"data_type\": \"<type 'str'>\"}"}
{"message": "{\"timestamp\": 5.0693440437316895, \"object_type\": \"labjack_task\", \"data\": {\"write_value\": 0, \"register\": 6002, \"mode\": \"write\"}, \"data_type\": \"<type 'dict'>\"}"}
{"message": "{\"timestamp\": 5.070188045501709, \"object_type\": \"labjack_task\", \"data\": {\"write_value\": 0, \"register\": 6000, \"mode\": \"write\"}, \"data_type\": \"<type 'dict'>\"}"}
{"message": "{\"timestamp\": 5.070765972137451, \"object_type\": \"labjack_task\", \"data\": {\"write_value\": 0, \"register\": 6001, \"mode\": \"write\"}, \"data_type\": \"<type 'dict'>\"}"}
{"message": "{\"timestamp\": 5.096779108047485, \"object_type\": \"standard\", \"data\": \"{ 'running_time':0.5288073, 'x':0.4920001, 'z':200, 'view_angle':90.00001, 'x_mouse':0, 'y_mouse':0, 'context':'None', 'outcome':'None'}\", \"data_type\": \"<type 'str'>\"}"}
{"message": "{\"timestamp\": 5.097593069076538, \"object_type\": \"labjack_task\", \"data\": {\"write_value\": 0, \"register\": 6002, \"mode\": \"write\"}, \"data_type\": \"<type 'dict'>\"}"}
{"message": "{\"timestamp\": 5.098211050033569, \"object_type\": \"labjack_task\", \"data\": {\"write_value\": 0, \"register\": 6000, \"mode\": \"write\"}, \"data_type\": \"<type 'dict'>\"}"}
{"message": "{\"timestamp\": 5.098706960678101, \"object_type\": \"labjack_task\", \"data\": {\"write_value\": 0, \"register\": 6001, \"mode\": \"write\"}, \"data_type\": \"<type 'dict'>\"}"}
{"message": "{\"timestamp\": 5.124809980392456, \"object_type\": \"standard\", \"data\": \"{ 'running_time':0.5568004, 'x':0.4920001, 'z':200, 'view_angle':90.00001, 'x_mouse':0, 'y_mouse':0, 'context':'None', 'outcome':'None'}\", \"data_type\": \"<type 'str'>\"}"}
{"message": "{\"timestamp\": 5.1257100105285645, \"object_type\": \"labjack_task\", \"data\": {\"write_value\": 0, \"register\": 6002, \"mode\": \"write\"}, \"data_type\": \"<type 'dict'>\"}"}
{"message": "{\"timestamp\": 5.126337051391602, \"object_type\": \"labjack_task\", \"data\": {\"write_value\": 0, \"register\": 6000, \"mode\": \"write\"}, \"data_type\": \"<type 'dict'>\"}"}
{"message": "{\"timestamp\": 5.1269590854644775, \"object_type\": \"labjack_task\", \"data\": {\"write_value\": 0, \"register\": 6001, \"mode\": \"write\"}, \"data_type\": \"<type 'dict'>\"}"}
{"message": "{\"timestamp\": 5.148468971252441, \"object_type\": \"standard\", \"data\": \"{ 'running_time':0.5804204, 'x':0.4920001, 'z':200, 'view_angle':90.00001, 'x_mouse':0, 'y_mouse':0, 'context':'None', 'outcome':'None'}\", \"data_type\": \"<type 'str'>\"}"}
{"message": "{\"timestamp\": 5.149235963821411, \"object_type\": \"labjack_task\", \"data\": {\"write_value\": 0, \"register\": 6002, \"mode\": \"write\"}, \"data_type\": \"<type 'dict'>\"}"}
{"message": "{\"timestamp\": 5.1498401165008545, \"object_type\": \"labjack_task\", \"data\": {\"write_value\": 0, \"register\": 6000, \"mode\": \"write\"}, \"data_type\": \"<type 'dict'>\"}"}
{"message": "{\"timestamp\": 5.1503400802612305, \"object_type\": \"labjack_task\", \"data\": {\"write_value\": 0, \"register\": 6001, \"mode\": \"write\"}, \"data_type\": \"<type 'dict'>\"}"}
{"message": "{\"timestamp\": 5.17691707611084, \"object_type\": \"standard\", \"data\": \"{ 'running_time':0.6087604, 'x':0.4920001, 'z':200, 'view_angle':90.00001, 'x_mouse':0, 'y_mouse':0, 'context':'None', 'outcome':'None'}\", \"data_type\": \"<type 'str'>\"}"}
{"message": "{\"timestamp\": 5.178009986877441, \"object_type\": \"labjack_task\", \"data\": {\"write_value\": 0, \"register\": 6002, \"mode\": \"write\"}, \"data_type\": \"<type 'dict'>\"}"}
{"message": "{\"timestamp\": 5.178791046142578, \"object_type\": \"labjack_task\", \"data\": {\"write_value\": 0, \"register\": 6000, \"mode\": \"write\"}, \"data_type\": \"<type 'dict'>\"}"}
{"message": "{\"timestamp\": 5.179502964019775, \"object_type\": \"labjack_task\", \"data\": {\"write_value\": 0, \"register\": 6001, \"mode\": \"write\"}, \"data_type\": \"<type 'dict'>\"}"}
{"message": "{\"timestamp\": 5.204689979553223, \"object_type\": \"standard\", \"data\": \"{ 'running_time':0.6366103, 'x':0.4920001, 'z':200, 'view_angle':90.00001, 'x_mouse':0, 'y_mouse':0, 'context':'None', 'outcome':'None'}\", \"data_type\": \"<type 'str'>\"}"}
{"message": "{\"timestamp\": 5.205471992492676, \"object_type\": \"labjack_task\", \"data\": {\"write_value\": 0, \"register\": 6002, \"mode\": \"write\"}, \"data_type\": \"<type 'dict'>\"}"}
{"message": "{\"timestamp\": 5.206092119216919, \"object_type\": \"labjack_task\", \"data\": {\"write_value\": 0, \"register\": 6000, \"mode\": \"write\"}, \"data_type\": \"<type 'dict'>\"}"}
{"message": "{\"timestamp\": 5.206707954406738, \"object_type\": \"labjack_task\", \"data\": {\"write_value\": 0, \"register\": 6001, \"mode\": \"write\"}, \"data_type\": \"<type 'dict'>\"}"}
{"message": "{\"timestamp\": 5.210489988327026, \"object_type\": \"labjack_stream\", \"data\": null, \"data_type\": \"<type 'NoneType'>\"}"}
{"message": "{\"timestamp\": 5.2285661697387695, \"object_type\": \"standard\", \"data\": \"{ 'running_time':0.6605114, 'x':0.4920001, 'z':200, 'view_angle':90.00001, 'x_mouse':0, 'y_mouse':0, 'context':'None', 'outcome':'None'}\", \"data_type\": \"<type 'str'>\"}"}
{"message": "{\"timestamp\": 5.2293360233306885, \"object_type\": \"labjack_task\", \"data\": {\"write_value\": 0, \"register\": 6002, \"mode\": \"write\"}, \"data_type\": \"<type 'dict'>\"}"}
{"message": "{\"timestamp\": 5.229968070983887, \"object_type\": \"labjack_task\", \"data\": {\"write_value\": 0, \"register\": 6000, \"mode\": \"write\"}, \"data_type\": \"<type 'dict'>\"}"}
{"message": "{\"timestamp\": 5.230585098266602, \"object_type\": \"labjack_task\", \"data\": {\"write_value\": 0, \"register\": 6001, \"mode\": \"write\"}, \"data_type\": \"<type 'dict'>\"}"}
{"message": "{\"timestamp\": 5.2564780712127686, \"object_type\": \"standard\", \"data\": \"{ 'running_time':0.6884434, 'x':0.4920001, 'z':200, 'view_angle':90.00001, 'x_mouse':0, 'y_mouse':0, 'context':'None', 'outcome':'None'}\", \"data_type\": \"<type 'str'>\"}"}
{"message": "{\"timestamp\": 5.257205009460449, \"object_type\": \"labjack_task\", \"data\": {\"write_value\": 0, \"register\": 6002, \"mode\": \"write\"}, \"data_type\": \"<type 'dict'>\"}"}
{"message": "{\"timestamp\": 5.257797956466675, \"object_type\": \"labjack_task\", \"data\": {\"write_value\": 0, \"register\": 6000, \"mode\": \"write\"}, \"data_type\": \"<type 'dict'>\"}"}
{"message": "{\"timestamp\": 5.258332967758179, \"object_type\": \"labjack_task\", \"data\": {\"write_value\": 0, \"register\": 6001, \"mode\": \"write\"}, \"data_type\": \"<type 'dict'>\"}"}
{"message": "{\"timestamp\": 5.284417152404785, \"object_type\": \"standard\", \"data\": \"{ 'running_time':0.7164643, 'x':0.4920001, 'z':200, 'view_angle':90.00001, 'x_mouse':0, 'y_mouse':0, 'context':'None', 'outcome':'None'}\", \"data_type\": \"<type 'str'>\"}"}
{"message": "{\"timestamp\": 5.2850799560546875, \"object_type\": \"labjack_task\", \"data\": {\"write_value\": 0, \"register\": 6002, \"mode\": \"write\"}, \"data_type\": \"<type 'dict'>\"}"}
{"message": "{\"timestamp\": 5.285461187362671, \"object_type\": \"labjack_task\", \"data\": {\"write_value\": 0, \"register\": 6000, \"mode\": \"write\"}, \"data_type\": \"<type 'dict'>\"}"}
{"message": "{\"timestamp\": 5.285961151123047, \"object_type\": \"labjack_task\", \"data\": {\"write_value\": 0, \"register\": 6001, \"mode\": \"write\"}, \"data_type\": \"<type 'dict'>\"}"}
{"message": "{\"timestamp\": 5.308829069137573, \"object_type\": \"standard\", \"data\": \"{ 'running_time':0.7407573, 'x':0.4920001, 'z':200, 'view_angle':90.00001, 'x_mouse':0, 'y_mouse':0, 'context':'None', 'outcome':'None'}\", \"data_type\": \"<type 'str'>\"}"}
{"message": "{\"timestamp\": 5.309705018997192, \"object_type\": \"labjack_task\", \"data\": {\"write_value\": 0, \"register\": 6002, \"mode\": \"write\"}, \"data_type\": \"<type 'dict'>\"}"}
{"message": "{\"timestamp\": 5.310431957244873, \"object_type\": \"labjack_task\", \"data\": {\"write_value\": 0, \"register\": 6000, \"mode\": \"write\"}, \"data_type\": \"<type 'dict'>\"}"}
{"message": "{\"timestamp\": 5.310991048812866, \"object_type\": \"labjack_task\", \"data\": {\"write_value\": 0, \"register\": 6001, \"mode\": \"write\"}, \"data_type\": \"<type 'dict'>\"}"}
{"message": "{\"timestamp\": 5.336575984954834, \"object_type\": \"standard\", \"data\": \"{ 'running_time':0.7685344, 'x':0.4920001, 'z':200, 'view_angle':90.00001, 'x_mouse':0, 'y_mouse':0, 'context':'None', 'outcome':'None'}\", \"data_type\": \"<type 'str'>\"}"}
{"message": "{\"timestamp\": 5.33732008934021, \"object_type\": \"labjack_task\", \"data\": {\"write_value\": 0, \"register\": 6002, \"mode\": \"write\"}, \"data_type\": \"<type 'dict'>\"}"}
{"message": "{\"timestamp\": 5.337912082672119, \"object_type\": \"labjack_task\", \"data\": {\"write_value\": 0, \"register\": 6000, \"mode\": \"write\"}, \"data_type\": \"<type 'dict'>\"}"}
{"message": "{\"timestamp\": 5.338443040847778, \"object_type\": \"labjack_task\", \"data\": {\"write_value\": 0, \"register\": 6001, \"mode\": \"write\"}, \"data_type\": \"<type 'dict'>\"}"}
{"message": "{\"timestamp\": 5.364391088485718, \"object_type\": \"standard\", \"data\": \"{ 'running_time':0.7963634, 'x':0.4920001, 'z':200, 'view_angle':90.00001, 'x_mouse':0, 'y_mouse':0, 'context':'None', 'outcome':'None'}\", \"data_type\": \"<type 'str'>\"}"}
{"message": "{\"timestamp\": 5.365192174911499, \"object_type\": \"labjack_task\", \"data\": {\"write_value\": 0, \"register\": 6002, \"mode\": \"write\"}, \"data_type\": \"<type 'dict'>\"}"}
{"message": "{\"timestamp\": 5.365906000137329, \"object_type\": \"labjack_task\", \"data\": {\"write_value\": 0, \"register\": 6000, \"mode\": \"write\"}, \"data_type\": \"<type 'dict'>\"}"}
{"message": "{\"timestamp\": 5.366501092910767, \"object_type\": \"labjack_task\", \"data\": {\"write_value\": 0, \"register\": 6001, \"mode\": \"write\"}, \"data_type\": \"<type 'dict'>\"}"}
{"message": "{\"timestamp\": 5.388324975967407, \"object_type\": \"standard\", \"data\": \"{ 'running_time':0.8203064, 'x':0.4920001, 'z':200, 'view_angle':90.00001, 'x_mouse':0, 'y_mouse':0, 'context':'None', 'outcome':'None'}\", \"data_type\": \"<type 'str'>\"}"}
{"message": "{\"timestamp\": 5.389060020446777, \"object_type\": \"labjack_task\", \"data\": {\"write_value\": 0, \"register\": 6002, \"mode\": \"write\"}, \"data_type\": \"<type 'dict'>\"}"}
{"message": "{\"timestamp\": 5.389657020568848, \"object_type\": \"labjack_task\", \"data\": {\"write_value\": 0, \"register\": 6000, \"mode\": \"write\"}, \"data_type\": \"<type 'dict'>\"}"}
{"message": "{\"timestamp\": 5.3902060985565186, \"object_type\": \"labjack_task\", \"data\": {\"write_value\": 0, \"register\": 6001, \"mode\": \"write\"}, \"data_type\": \"<type 'dict'>\"}"}
{"message": "{\"timestamp\": 5.416831016540527, \"object_type\": \"standard\", \"data\": \"{ 'running_time':0.8488023, 'x':0.4920001, 'z':200, 'view_angle':90.00001, 'x_mouse':0, 'y_mouse':0, 'context':'None', 'outcome':'None'}\", \"data_type\": \"<type 'str'>\"}"}
{"message": "{\"timestamp\": 5.417562961578369, \"object_type\": \"labjack_task\", \"data\": {\"write_value\": 0, \"register\": 6002, \"mode\": \"write\"}, \"data_type\": \"<type 'dict'>\"}"}
{"message": "{\"timestamp\": 5.418178081512451, \"object_type\": \"labjack_task\", \"data\": {\"write_value\": 0, \"register\": 6000, \"mode\": \"write\"}, \"data_type\": \"<type 'dict'>\"}"}
{"message": "{\"timestamp\": 5.418699026107788, \"object_type\": \"labjack_task\", \"data\": {\"write_value\": 0, \"register\": 6001, \"mode\": \"write\"}, \"data_type\": \"<type 'dict'>\"}"}
{"message": "{\"timestamp\": 5.4448020458221436, \"object_type\": \"standard\", \"data\": \"{ 'running_time':0.8767694, 'x':0.4920001, 'z':200, 'view_angle':90.00001, 'x_mouse':0, 'y_mouse':0, 'context':'None', 'outcome':'None'}\", \"data_type\": \"<type 'str'>\"}"}
{"message": "{\"timestamp\": 5.445571184158325, \"object_type\": \"labjack_task\", \"data\": {\"write_value\": 0, \"register\": 6002, \"mode\": \"write\"}, \"data_type\": \"<type 'dict'>\"}"}
{"message": "{\"timestamp\": 5.446197986602783, \"object_type\": \"labjack_task\", \"data\": {\"write_value\": 0, \"register\": 6000, \"mode\": \"write\"}, \"data_type\": \"<type 'dict'>\"}"}
{"message": "{\"timestamp\": 5.446683168411255, \"object_type\": \"labjack_task\", \"data\": {\"write_value\": 0, \"register\": 6001, \"mode\": \"write\"}, \"data_type\": \"<type 'dict'>\"}"}
{"message": "{\"timestamp\": 5.468285083770752, \"object_type\": \"standard\", \"data\": \"{ 'running_time':0.9002454, 'x':0.4920001, 'z':200, 'view_angle':90.00001, 'x_mouse':0, 'y_mouse':0, 'context':'None', 'outcome':'None'}\", \"data_type\": \"<type 'str'>\"}"}
{"message": "{\"timestamp\": 5.469060182571411, \"object_type\": \"labjack_task\", \"data\": {\"write_value\": 0, \"register\": 6002, \"mode\": \"write\"}, \"data_type\": \"<type 'dict'>\"}"}
{"message": "{\"timestamp\": 5.469736099243164, \"object_type\": \"labjack_task\", \"data\": {\"write_value\": 0, \"register\": 6000, \"mode\": \"write\"}, \"data_type\": \"<type 'dict'>\"}"}
{"message": "{\"timestamp\": 5.4703240394592285, \"object_type\": \"labjack_task\", \"data\": {\"write_value\": 0, \"register\": 6001, \"mode\": \"write\"}, \"data_type\": \"<type 'dict'>\"}"}
{"message": "{\"timestamp\": 5.496734142303467, \"object_type\": \"standard\", \"data\": \"{ 'running_time':0.9285454, 'x':0.4920001, 'z':200, 'view_angle':90.00001, 'x_mouse':0, 'y_mouse':0, 'context':'None', 'outcome':'None'}\", \"data_type\": \"<type 'str'>\"}"}
{"message": "{\"timestamp\": 5.497740030288696, \"object_type\": \"labjack_task\", \"data\": {\"write_value\": 0, \"register\": 6002, \"mode\": \"write\"}, \"data_type\": \"<type 'dict'>\"}"}
{"message": "{\"timestamp\": 5.498255014419556, \"object_type\": \"labjack_task\", \"data\": {\"write_value\": 0, \"register\": 6000, \"mode\": \"write\"}, \"data_type\": \"<type 'dict'>\"}"}
{"message": "{\"timestamp\": 5.498905181884766, \"object_type\": \"labjack_task\", \"data\": {\"write_value\": 0, \"register\": 6001, \"mode\": \"write\"}, \"data_type\": \"<type 'dict'>\"}"}
{"message": "{\"timestamp\": 5.524383068084717, \"object_type\": \"standard\", \"data\": \"{ 'running_time':0.9563773, 'x':0.4920001, 'z':200, 'view_angle':90.00001, 'x_mouse':0, 'y_mouse':0, 'context':'None', 'outcome':'None'}\", \"data_type\": \"<type 'str'>\"}"}
{"message": "{\"timestamp\": 5.5251851081848145, \"object_type\": \"labjack_task\", \"data\": {\"write_value\": 0, \"register\": 6002, \"mode\": \"write\"}, \"data_type\": \"<type 'dict'>\"}"}
{"message": "{\"timestamp\": 5.525698184967041, \"object_type\": \"labjack_task\", \"data\": {\"write_value\": 0, \"register\": 6000, \"mode\": \"write\"}, \"data_type\": \"<type 'dict'>\"}"}
{"message": "{\"timestamp\": 5.526196002960205, \"object_type\": \"labjack_task\", \"data\": {\"write_value\": 0, \"register\": 6001, \"mode\": \"write\"}, \"data_type\": \"<type 'dict'>\"}"}
{"message": "{\"timestamp\": 5.548525094985962, \"object_type\": \"standard\", \"data\": \"{ 'running_time':0.9804704, 'x':0.4920001, 'z':200, 'view_angle':90.00001, 'x_mouse':0, 'y_mouse':0, 'context':'None', 'outcome':'None'}\", \"data_type\": \"<type 'str'>\"}"}
{"message": "{\"timestamp\": 5.549321174621582, \"object_type\": \"labjack_task\", \"data\": {\"write_value\": 0, \"register\": 6002, \"mode\": \"write\"}, \"data_type\": \"<type 'dict'>\"}"}
{"message": "{\"timestamp\": 5.549955129623413, \"object_type\": \"labjack_task\", \"data\": {\"write_value\": 0, \"register\": 6000, \"mode\": \"write\"}, \"data_type\": \"<type 'dict'>\"}"}
{"message": "{\"timestamp\": 5.550577163696289, \"object_type\": \"labjack_task\", \"data\": {\"write_value\": 0, \"register\": 6001, \"mode\": \"write\"}, \"data_type\": \"<type 'dict'>\"}"}
{"message": "{\"timestamp\": 5.576595067977905, \"object_type\": \"standard\", \"data\": \"{ 'running_time':1.008563, 'x':0.4920001, 'z':200, 'view_angle':90.00001, 'x_mouse':0, 'y_mouse':0, 'context':'None', 'outcome':'None'}\", \"data_type\": \"<type 'str'>\"}"}
{"message": "{\"timestamp\": 5.577439069747925, \"object_type\": \"labjack_task\", \"data\": {\"write_value\": 0, \"register\": 6002, \"mode\": \"write\"}, \"data_type\": \"<type 'dict'>\"}"}
{"message": "{\"timestamp\": 5.577960968017578, \"object_type\": \"labjack_task\", \"data\": {\"write_value\": 0, \"register\": 6000, \"mode\": \"write\"}, \"data_type\": \"<type 'dict'>\"}"}
{"message": "{\"timestamp\": 5.578391075134277, \"object_type\": \"labjack_task\", \"data\": {\"write_value\": 0, \"register\": 6001, \"mode\": \"write\"}, \"data_type\": \"<type 'dict'>\"}"}
{"message": "{\"timestamp\": 5.604573965072632, \"object_type\": \"standard\", \"data\": \"{ 'running_time':1.036558, 'x':0.4920001, 'z':200, 'view_angle':90.00001, 'x_mouse':0, 'y_mouse':0, 'context':'None', 'outcome':'None'}\", \"data_type\": \"<type 'str'>\"}"}
{"message": "{\"timestamp\": 5.605329990386963, \"object_type\": \"labjack_task\", \"data\": {\"write_value\": 0, \"register\": 6002, \"mode\": \"write\"}, \"data_type\": \"<type 'dict'>\"}"}
{"message": "{\"timestamp\": 5.6059250831604, \"object_type\": \"labjack_task\", \"data\": {\"write_value\": 0, \"register\": 6000, \"mode\": \"write\"}, \"data_type\": \"<type 'dict'>\"}"}
{"message": "{\"timestamp\": 5.6063971519470215, \"object_type\": \"labjack_task\", \"data\": {\"write_value\": 0, \"register\": 6001, \"mode\": \"write\"}, \"data_type\": \"<type 'dict'>\"}"}
{"message": "{\"timestamp\": 5.6484551429748535, \"object_type\": \"standard\", \"data\": \"{ 'running_time':1.080337, 'x':0.4920001, 'z':200, 'view_angle':90.00001, 'x_mouse':0, 'y_mouse':0, 'context':'None', 'outcome':'None'}\", \"data_type\": \"<type 'str'>\"}"}
{"message": "{\"timestamp\": 5.6491851806640625, \"object_type\": \"labjack_task\", \"data\": {\"write_value\": 0, \"register\": 6002, \"mode\": \"write\"}, \"data_type\": \"<type 'dict'>\"}"}
{"message": "{\"timestamp\": 5.649706125259399, \"object_type\": \"labjack_task\", \"data\": {\"write_value\": 0, \"register\": 6000, \"mode\": \"write\"}, \"data_type\": \"<type 'dict'>\"}"}
{"message": "{\"timestamp\": 5.65019416809082, \"object_type\": \"labjack_task\", \"data\": {\"write_value\": 0, \"register\": 6001, \"mode\": \"write\"}, \"data_type\": \"<type 'dict'>\"}"}
{"message": "{\"timestamp\": 5.661798000335693, \"object_type\": \"standard\", \"data\": \"{ 'running_time':1.093823, 'x':0.4920001, 'z':200, 'view_angle':90.00001, 'x_mouse':0, 'y_mouse':0, 'context':'None', 'outcome':'None'}\", \"data_type\": \"<type 'str'>\"}"}
{"message": "{\"timestamp\": 5.662554025650024, \"object_type\": \"labjack_task\", \"data\": {\"write_value\": 0, \"register\": 6002, \"mode\": \"write\"}, \"data_type\": \"<type 'dict'>\"}"}
{"message": "{\"timestamp\": 5.663076162338257, \"object_type\": \"labjack_task\", \"data\": {\"write_value\": 0, \"register\": 6000, \"mode\": \"write\"}, \"data_type\": \"<type 'dict'>\"}"}
{"message": "{\"timestamp\": 5.663570165634155, \"object_type\": \"labjack_task\", \"data\": {\"write_value\": 0, \"register\": 6001, \"mode\": \"write\"}, \"data_type\": \"<type 'dict'>\"}"}
{"message": "{\"timestamp\": 5.684628963470459, \"object_type\": \"standard\", \"data\": \"{ 'running_time':1.116621, 'x':0.4920001, 'z':200, 'view_angle':90.00001, 'x_mouse':0, 'y_mouse':0, 'context':'None', 'outcome':'None'}\", \"data_type\": \"<type 'str'>\"}"}
{"message": "{\"timestamp\": 5.685496091842651, \"object_type\": \"labjack_task\", \"data\": {\"write_value\": 0, \"register\": 6002, \"mode\": \"write\"}, \"data_type\": \"<type 'dict'>\"}"}
{"message": "{\"timestamp\": 5.6860740184783936, \"object_type\": \"labjack_task\", \"data\": {\"write_value\": 0, \"register\": 6000, \"mode\": \"write\"}, \"data_type\": \"<type 'dict'>\"}"}
{"message": "{\"timestamp\": 5.6867101192474365, \"object_type\": \"labjack_task\", \"data\": {\"write_value\": 0, \"register\": 6001, \"mode\": \"write\"}, \"data_type\": \"<type 'dict'>\"}"}
{"message": "{\"timestamp\": 5.70873498916626, \"object_type\": \"standard\", \"data\": \"{ 'running_time':1.1407, 'x':0.4920001, 'z':200, 'view_angle':90.00001, 'x_mouse':0, 'y_mouse':0, 'context':'None', 'outcome':'None'}\", \"data_type\": \"<type 'str'>\"}"}
{"message": "{\"timestamp\": 5.709434986114502, \"object_type\": \"labjack_task\", \"data\": {\"write_value\": 0, \"register\": 6002, \"mode\": \"write\"}, \"data_type\": \"<type 'dict'>\"}"}
{"message": "{\"timestamp\": 5.710097074508667, \"object_type\": \"labjack_task\", \"data\": {\"write_value\": 0, \"register\": 6000, \"mode\": \"write\"}, \"data_type\": \"<type 'dict'>\"}"}
{"message": "{\"timestamp\": 5.710699081420898, \"object_type\": \"labjack_task\", \"data\": {\"write_value\": 0, \"register\": 6001, \"mode\": \"write\"}, \"data_type\": \"<type 'dict'>\"}"}
{"message": "{\"timestamp\": 5.7365241050720215, \"object_type\": \"standard\", \"data\": \"{ 'running_time':1.168529, 'x':0.4920001, 'z':200, 'view_angle':90.00001, 'x_mouse':0, 'y_mouse':0, 'context':'None', 'outcome':'None'}\", \"data_type\": \"<type 'str'>\"}"}
{"message": "{\"timestamp\": 5.737352132797241, \"object_type\": \"labjack_task\", \"data\": {\"write_value\": 0, \"register\": 6002, \"mode\": \"write\"}, \"data_type\": \"<type 'dict'>\"}"}
{"message": "{\"timestamp\": 5.737951040267944, \"object_type\": \"labjack_task\", \"data\": {\"write_value\": 0, \"register\": 6000, \"mode\": \"write\"}, \"data_type\": \"<type 'dict'>\"}"}
{"message": "{\"timestamp\": 5.738495111465454, \"object_type\": \"labjack_task\", \"data\": {\"write_value\": 0, \"register\": 6001, \"mode\": \"write\"}, \"data_type\": \"<type 'dict'>\"}"}
{"message": "{\"timestamp\": 5.765148162841797, \"object_type\": \"standard\", \"data\": \"{ 'running_time':1.197117, 'x':0.4920001, 'z':200, 'view_angle':90.00001, 'x_mouse':0, 'y_mouse':0, 'context':'None', 'outcome':'None'}\", \"data_type\": \"<type 'str'>\"}"}
{"message": "{\"timestamp\": 5.766041994094849, \"object_type\": \"labjack_task\", \"data\": {\"write_value\": 0, \"register\": 6002, \"mode\": \"write\"}, \"data_type\": \"<type 'dict'>\"}"}
{"message": "{\"timestamp\": 5.766568183898926, \"object_type\": \"labjack_task\", \"data\": {\"write_value\": 0, \"register\": 6000, \"mode\": \"write\"}, \"data_type\": \"<type 'dict'>\"}"}
{"message": "{\"timestamp\": 5.76706600189209, \"object_type\": \"labjack_task\", \"data\": {\"write_value\": 0, \"register\": 6001, \"mode\": \"write\"}, \"data_type\": \"<type 'dict'>\"}"}
{"message": "{\"timestamp\": 0.0007691383361816406, \"object_type\": \"info\", \"data\": \"Setting up channels and logging:\", \"data_type\": \"<type 'str'>\"}"}
{"message": "{\"timestamp\": 1.205739974975586, \"object_type\": \"info\", \"data\": \"Labjack opened.\", \"data_type\": \"<type 'str'>\"}"}
{"message": "{\"timestamp\": 1.2082600593566895, \"object_type\": \"info\", \"data\": \"Streaming addresses:[0, 2, 4, 6]\", \"data_type\": \"<type 'str'>\"}"}
{"message": "{\"timestamp\": 1.2133779525756836, \"object_type\": \"info\", \"data\": \"Configuring U6 stream...\", \"data_type\": \"<type 'str'>\"}"}
{"message": "{\"timestamp\": 1.2142729759216309, \"object_type\": \"info\", \"data\": \"Analog addresses[5000, 5002]\", \"data_type\": \"<type 'str'>\"}"}
{"message": "{\"timestamp\": 1.2158730030059814, \"object_type\": \"info\", \"data\": \"Digital addresses [6000]\", \"data_type\": \"<type 'str'>\"}"}
{"message": "{\"timestamp\": 1.2164850234985352, \"object_type\": \"info\", \"data\": \"Generating logfile\", \"data_type\": \"<type 'str'>\"}"}
{"message": "{\"timestamp\": 1.2165019512176514, \"object_type\": \"info\", \"data\": \"Setup complete\", \"data_type\": \"<type 'str'>\"}"}
{"message": "{\"timestamp\": 1.490056037902832, \"object_type\": \"labjack_stream\", \"data\": {\"AIN0\": [3.9161937030985428, -1.6389239244995224, -5.5515684237138885, -8.670397851699363, -10.566348542076867, -10.566663798260834, -10.566663798260834, -10.5669790544448, -10.566348542076867, -10.566663798260834, -10.5669790544448, -10.566663798260834, -10.566663798260834, -10.5669790544448, -10.566663798260834, -10.566348542076867, -10.5669790544448, -10.566663798260834, -10.566348542076867, -10.566663798260834, -10.566663798260834, -10.566663798260834, -10.566663798260834, -10.5669790544448, -10.566663798260834, -10.566663798260834, -10.5669790544448, -10.566663798260834, -10.5669790544448, -10.5669790544448, -10.5669790544448, -10.566348542076867, -10.566663798260834, -10.566348542076867, -10.566663798260834, -10.566663798260834, -10.566663798260834, -10.566663798260834, -10.566663798260834, -10.566663798260834, -10.5669790544448, -10.5669790544448, -10.566663798260834, -10.566348542076867, -10.566663798260834, -10.566663798260834, -10.566663798260834, -10.566348542076867, -10.5669790544448, -10.566663798260834, -10.5669790544448, -10.566663798260834, -10.566663798260834, -10.5669790544448, -10.566663798260834, -10.566663798260834, -10.566663798260834, -10.5669790544448, -10.566663798260834, -10.566663798260834, -10.566663798260834, -10.566663798260834, -10.566348542076867, -10.5669790544448, -10.566348542076867, -10.5669790544448, -10.5669790544448, -10.566663798260834, -10.5669790544448, -10.566663798260834, -10.566663798260834, -10.566348542076867, -10.566663798260834, -10.566663798260834, -10.5669790544448, -10.566348542076867, -10.566663798260834, -10.5669790544448, -10.566663798260834, -10.566348542076867, -10.566348542076867, -10.5669790544448, -10.566663798260834, -10.566348542076867, -10.566348542076867, -10.566348542076867, -10.566348542076867, -10.566663798260834, -10.566348542076867, -10.566663798260834, -10.566663798260834, -10.566663798260834, -10.566663798260834, -10.5669790544448, -10.566663798260834, -10.5669790544448, -10.566663798260834, -10.566348542076867, -10.566348542076867, -10.566663798260834, -10.566663798260834, -10.566663798260834, -10.566663798260834, -10.566663798260834, -10.566663798260834, -10.566663798260834, -10.5669790544448, -10.5669790544448, -10.566663798260834, -10.566663798260834, -10.566663798260834, -10.566663798260834, -10.566348542076867, -10.566348542076867, -10.566348542076867, -10.5669790544448, -10.566348542076867, -10.566663798260834, -10.5669790544448, -10.566348542076867, -10.5669790544448, -10.566663798260834, -10.5669790544448, -10.566663798260834, -10.566663798260834, -10.566663798260834, -10.566348542076867, -10.566663798260834, -10.566663798260834, -10.566663798260834, -10.566663798260834, -10.566348542076867, -10.566663798260834, -10.566348542076867, -10.566663798260834, -10.566348542076867, -10.566348542076867, -10.566663798260834, -10.566663798260834, -10.566663798260834, -10.566663798260834, -10.566663798260834, -10.566663798260834, -10.566663798260834, -10.5669790544448, -10.566348542076867, -10.566663798260834, -10.566663798260834, -10.566663798260834, -10.5669790544448, -10.566663798260834, -10.5669790544448, -10.566663798260834, -10.566348542076867, -10.566663798260834, -10.566663798260834, -10.566348542076867, -10.566663798260834, -10.566663798260834, -10.5669790544448, -10.566348542076867, -10.5669790544448, -10.566663798260834, -10.566663798260834, -10.566663798260834, -10.566663798260834, -10.566663798260834, -10.566663798260834, -10.5669790544448, -10.566348542076867, -10.566663798260834, -10.566663798260834, -10.5669790544448, -10.5669790544448, -10.566663798260834, -10.566663798260834, -10.566663798260834, -10.566348542076867, -10.566663798260834, -10.566663798260834, -10.5669790544448, -10.566348542076867, -10.566663798260834, -10.5669790544448, -10.5669790544448, -10.5669790544448, -10.566663798260834, -10.566663798260834, -10.566663798260834, -10.566663798260834, -10.5669790544448, -10.5669790544448, -10.566663798260834, -10.5660332858929, -10.5669790544448, -10.5669790544448, -10.566663798260834, -10.566663798260834, -10.566663798260834, -10.566348542076867, -10.566348542076867, -10.566348542076867, -10.566348542076867, -10.566348542076867, -10.566663798260834, -10.5669790544448, -10.566663798260834, -10.566663798260834, -10.566663798260834, -10.566663798260834, -10.566663798260834, -10.566348542076867, -10.566663798260834, -10.5669790544448, -10.566663798260834, -10.566348542076867, -10.566663798260834, -10.566348542076867, -10.566348542076867, -10.566663798260834, -10.566348542076867, -10.566663798260834, -10.566663798260834, -10.5669790544448, -10.566663798260834, -10.566663798260834, -10.566663798260834, -10.5669790544448, -10.566663798260834, -10.566663798260834, -10.566663798260834, -10.566663798260834, -10.566348542076867, -10.566663798260834, -10.566663798260834, -10.566663798260834, -10.5669790544448, -10.5669790544448, -10.5669790544448, -10.566348542076867, -10.566663798260834, -10.566663798260834, -10.5669790544448, -10.566663798260834, -10.566663798260834, -10.566348542076867, -10.566663798260834, -10.566663798260834, -10.566348542076867, -10.566348542076867], \"AIN1\": [0.39892298160339124, -3.09919056863464, -6.638256489848118, -9.552169398255046, -10.566348542076867, -10.566348542076867, -10.566663798260834, -10.566348542076867, -10.5669790544448, -10.5669790544448, -10.566663798260834, -10.566348542076867, -10.566663798260834, -10.566348542076867, -10.566663798260834, -10.5669790544448, -10.5669790544448, -10.566663798260834, -10.566663798260834, -10.566663798260834, -10.5669790544448, -10.5669790544448, -10.566663798260834, -10.5669790544448, -10.566663798260834, -10.5669790544448, -10.5669790544448, -10.5669790544448, -10.566348542076867, -10.566348542076867, -10.566348542076867, -10.566663798260834, -10.566663798260834, -10.5669790544448, -10.566663798260834, -10.566348542076867, -10.566663798260834, -10.566348542076867, -10.566663798260834, -10.566663798260834, -10.566348542076867, -10.566348542076867, -10.566663798260834, -10.566348542076867, -10.566663798260834, -10.566663798260834, -10.566663798260834, -10.566663798260834, -10.566663798260834, -10.566663798260834, -10.5669790544448, -10.566663798260834, -10.566663798260834, -10.566348542076867, -10.5669790544448, -10.566663798260834, -10.566663798260834, -10.566663798260834, -10.5669790544448, -10.566663798260834, -10.5669790544448, -10.566663798260834, -10.5669790544448, -10.5669790544448, -10.5669790544448, -10.566663798260834, -10.5669790544448, -10.5669790544448, -10.5669790544448, -10.566663798260834, -10.566663798260834, -10.566663798260834, -10.566663798260834, -10.566348542076867, -10.566663798260834, -10.566663798260834, -10.566663798260834, -10.566348542076867, -10.5669790544448, -10.566663798260834, -10.566663798260834, -10.566663798260834, -10.566663798260834, -10.566663798260834, -10.566663798260834, -10.566663798260834, -10.566663798260834, -10.566663798260834, -10.566348542076867, -10.566663798260834, -10.566663798260834, -10.566663798260834, -10.566663798260834, -10.566348542076867, -10.566663798260834, -10.5669790544448, -10.566663798260834, -10.566663798260834, -10.566348542076867, -10.566663798260834, -10.566663798260834, -10.566663798260834, -10.566348542076867, -10.566663798260834, -10.566348542076867, -10.5669790544448, -10.566663798260834, -10.5669790544448, -10.566663798260834, -10.566663798260834, -10.5669790544448, -10.566663798260834, -10.566348542076867, -10.566663798260834, -10.566348542076867, -10.566348542076867, -10.566663798260834, -10.566348542076867, -10.5669790544448, -10.566663798260834, -10.5669790544448, -10.566663798260834, -10.566663798260834, -10.566663798260834, -10.5669790544448, -10.5669790544448, -10.566663798260834, -10.566663798260834, -10.566663798260834, -10.5669790544448, -10.5669790544448, -10.566348542076867, -10.566663798260834, -10.566663798260834, -10.5669790544448, -10.566663798260834, -10.566663798260834, -10.5669790544448, -10.566348542076867, -10.5669790544448, -10.566663798260834, -10.566348542076867, -10.566348542076867, -10.566348542076867, -10.566348542076867, -10.566663798260834, -10.566663798260834, -10.566663798260834, -10.566348542076867, -10.566663798260834, -10.5669790544448, -10.566348542076867, -10.5669790544448, -10.566663798260834, -10.5669790544448, -10.566348542076867, -10.566348542076867, -10.566348542076867, -10.566663798260834, -10.566663798260834, -10.5669790544448, -10.566663798260834, -10.566663798260834, -10.566663798260834, -10.566663798260834, -10.566663798260834, -10.566663798260834, -10.566663798260834, -10.566348542076867, -10.5669790544448, -10.566663798260834, -10.566663798260834, -10.566663798260834, -10.566348542076867, -10.5669790544448, -10.566663798260834, -10.566663798260834, -10.566663798260834, -10.5669790544448, -10.566663798260834, -10.566663798260834, -10.566663798260834, -10.566348542076867, -10.5669790544448, -10.566663798260834, -10.566663798260834, -10.566663798260834, -10.566663798260834, -10.566663798260834, -10.566348542076867, -10.566663798260834, -10.566663798260834, -10.566663798260834, -10.566348542076867, -10.5669790544448, -10.566663798260834, -10.566663798260834, -10.566663798260834, -10.566663798260834, -10.566663798260834, -10.5669790544448, -10.5669790544448, -10.5669790544448, -10.5669790544448, -10.566663798260834, -10.566663798260834, -10.566348542076867, -10.5669790544448, -10.566663798260834, -10.566663798260834, -10.5669790544448, -10.566663798260834, -10.566663798260834, -10.5669790544448, -10.566663798260834, -10.566663798260834, -10.5669790544448, -10.5669790544448, -10.566348542076867, -10.566348542076867, -10.566663798260834, -10.566663798260834, -10.566663798260834, -10.566348542076867, -10.566663798260834, -10.566348542076867, -10.566663798260834, -10.5669790544448, -10.5669790544448, -10.5669790544448, -10.566348542076867, -10.566663798260834, -10.566663798260834, -10.566663798260834, -10.566663798260834, -10.566663798260834, -10.566663798260834, -10.566663798260834, -10.566348542076867, -10.566663798260834, -10.566663798260834, -10.566663798260834, -10.566663798260834, -10.5669790544448, -10.566663798260834, -10.5669790544448, -10.5669790544448, -10.5669790544448, -10.566663798260834, -10.566663798260834], \"AIN2\": [0.18169462671721703, -3.912551523269485, -7.422613875558, -10.078016713111992, -10.5669790544448, -10.566663798260834, -10.5669790544448, -10.566663798260834, -10.566663798260834, -10.5669790544448, -10.566663798260834, -10.566663798260834, -10.566663798260834, -10.566663798260834, -10.566348542076867, -10.566663798260834, -10.566663798260834, -10.566663798260834, -10.566663798260834, -10.5669790544448, -10.566663798260834, -10.566663798260834, -10.566663798260834, -10.566663798260834, -10.566663798260834, -10.5669790544448, -10.566663798260834, -10.5669790544448, -10.566663798260834, -10.566348542076867, -10.566348542076867, -10.5669790544448, -10.566348542076867, -10.566348542076867, -10.5660332858929, -10.566663798260834, -10.566663798260834, -10.5669790544448, -10.566663798260834, -10.566348542076867, -10.5669790544448, -10.566663798260834, -10.566663798260834, -10.5669790544448, -10.566348542076867, -10.5669790544448, -10.566348542076867, -10.5669790544448, -10.5669790544448, -10.5669790544448, -10.566663798260834, -10.566663798260834, -10.566663798260834, -10.566663798260834, -10.5669790544448, -10.566663798260834, -10.5669790544448, -10.566663798260834, -10.566348542076867, -10.5669790544448, -10.5669790544448, -10.566663798260834, -10.566663798260834, -10.566348542076867, -10.566663798260834, -10.566663798260834, -10.5669790544448, -10.566663798260834, -10.5669790544448, -10.566663798260834, -10.566663798260834, -10.5669790544448, -10.566663798260834, -10.5669790544448, -10.566663798260834, -10.5669790544448, -10.566663798260834, -10.5669790544448, -10.5669790544448, -10.5669790544448, -10.566348542076867, -10.566663798260834, -10.566348542076867, -10.566663798260834, -10.566663798260834, -10.5669790544448, -10.5669790544448, -10.566663798260834, -10.566348542076867, -10.566663798260834, -10.5669790544448, -10.5669790544448, -10.566663798260834, -10.566663798260834, -10.5669790544448, -10.566663798260834, -10.566663798260834, -10.566663798260834, -10.5669790544448, -10.566663798260834, -10.566663798260834, -10.566663798260834, -10.566663798260834, -10.5669790544448, -10.566663798260834, -10.566663798260834, -10.566663798260834, -10.566348542076867, -10.5669790544448, -10.566663798260834, -10.5669790544448, -10.566663798260834, -10.5669790544448, -10.5669790544448, -10.566663798260834, -10.566663798260834, -10.566663798260834, -10.566663798260834, -10.5669790544448, -10.566663798260834, -10.566663798260834, -10.566663798260834, -10.566348542076867, -10.566663798260834, -10.566663798260834, -10.566348542076867, -10.566348542076867, -10.566663798260834, -10.566348542076867, -10.566663798260834, -10.5669790544448, -10.566663798260834, -10.566663798260834, -10.566348542076867, -10.566663798260834, -10.566663798260834, -10.566663798260834, -10.566663798260834, -10.566348542076867, -10.566663798260834, -10.566663798260834, -10.5669790544448, -10.566348542076867, -10.566663798260834, -10.566663798260834, -10.5669790544448, -10.566663798260834, -10.566663798260834, -10.566663798260834, -10.5669790544448, -10.5669790544448, -10.566663798260834, -10.566663798260834, -10.566663798260834, -10.566663798260834, -10.566663798260834, -10.5669790544448, -10.566663798260834, -10.566663798260834, -10.5669790544448, -10.5669790544448, -10.5669790544448, -10.5669790544448, -10.566663798260834, -10.5669790544448, -10.566348542076867, -10.566663798260834, -10.5669790544448, -10.566348542076867, -10.566663798260834, -10.566663798260834, -10.566663798260834, -10.566663798260834, -10.5669790544448, -10.566348542076867, -10.566663798260834, -10.566663798260834, -10.566663798260834, -10.566663798260834, -10.566663798260834, -10.566663798260834, -10.566663798260834, -10.566348542076867, -10.5669790544448, -10.566663798260834, -10.5669790544448, -10.566663798260834, -10.566663798260834, -10.566663798260834, -10.5669790544448, -10.566663798260834, -10.566663798260834, -10.566663798260834, -10.5669790544448, -10.5669790544448, -10.566663798260834, -10.566663798260834, -10.566663798260834, -10.566663798260834, -10.566348542076867, -10.566663798260834, -10.5669790544448, -10.566663798260834, -10.5669790544448, -10.566663798260834, -10.5669790544448, -10.566663798260834, -10.566348542076867, -10.566663798260834, -10.5669790544448, -10.566663798260834, -10.566663798260834, -10.566663798260834, -10.566663798260834, -10.5669790544448, -10.566663798260834, -10.566663798260834, -10.566663798260834, -10.566663798260834, -10.5669790544448, -10.5669790544448, -10.566663798260834, -10.566663798260834, -10.566663798260834, -10.566348542076867, -10.5669790544448, -10.5669790544448, -10.5669790544448, -10.566663798260834, -10.566663798260834, -10.566348542076867, -10.5669790544448, -10.5669790544448, -10.566348542076867, -10.5669790544448, -10.5669790544448, -10.566663798260834, -10.5669790544448, -10.5669790544448, -10.5669790544448, -10.5669790544448, -10.566663798260834, -10.566348542076867, -10.5669790544448, -10.566663798260834, -10.566348542076867, -10.5669790544448, -10.566663798260834, -10.5669790544448, -10.566348542076867], \"AIN3\": [-1.3025455762067395, -4.9440697572094905, -8.20507972416408, -10.555629831821989, -10.5669790544448, -10.5669790544448, -10.5669790544448, -10.5669790544448, -10.5669790544448, -10.5669790544448, -10.566348542076867, -10.566348542076867, -10.566348542076867, -10.5669790544448, -10.5669790544448, -10.566663798260834, -10.566348542076867, -10.566663798260834, -10.5669790544448, -10.566663798260834, -10.5669790544448, -10.566663798260834, -10.566663798260834, -10.566663798260834, -10.566663798260834, -10.566663798260834, -10.5669790544448, -10.566663798260834, -10.566348542076867, -10.5669790544448, -10.5669790544448, -10.566663798260834, -10.5669790544448, -10.566663798260834, -10.566663798260834, -10.566663798260834, -10.566663798260834, -10.5669790544448, -10.5669790544448, -10.566663798260834, -10.566663798260834, -10.5669790544448, -10.5669790544448, -10.566348542076867, -10.5669790544448, -10.566663798260834, -10.566663798260834, -10.566663798260834, -10.566663798260834, -10.566663798260834, -10.5669790544448, -10.566663798260834, -10.5669790544448, -10.566348542076867, -10.566663798260834, -10.566348542076867, -10.566663798260834, -10.5669790544448, -10.5669790544448, -10.5669790544448, -10.566663798260834, -10.566663798260834, -10.5669790544448, -10.566663798260834, -10.566663798260834, -10.566663798260834, -10.566663798260834, -10.566348542076867, -10.566348542076867, -10.566663798260834, -10.566348542076867, -10.5669790544448, -10.566663798260834, -10.5669790544448, -10.5669790544448, -10.566663798260834, -10.566348542076867, -10.566663798260834, -10.566663798260834, -10.5669790544448, -10.566348542076867, -10.5669790544448, -10.5669790544448, -10.566663798260834, -10.5669790544448, -10.566663798260834, -10.566663798260834, -10.566663798260834, -10.566663798260834, -10.566663798260834, -10.566348542076867, -10.566663798260834, -10.5669790544448, -10.566663798260834, -10.5669790544448, -10.566663798260834, -10.5669790544448, -10.566663798260834, -10.566663798260834, -10.566348542076867, -10.5669790544448, -10.566663798260834, -10.5669790544448, -10.566663798260834, -10.566663798260834, -10.5669790544448, -10.566663798260834, -10.566663798260834, -10.566348542076867, -10.566663798260834, -10.566663798260834, -10.566348542076867, -10.566663798260834, -10.566348542076867, -10.566663798260834, -10.566663798260834, -10.5669790544448, -10.566663798260834, -10.5669790544448, -10.5669790544448, -10.566348542076867, -10.566663798260834, -10.566663798260834, -10.566663798260834, -10.5669790544448, -10.5669790544448, -10.566663798260834, -10.566663798260834, -10.566663798260834, -10.566663798260834, -10.566663798260834, -10.566663798260834, -10.566663798260834, -10.566663798260834, -10.566663798260834, -10.566663798260834, -10.566663798260834, -10.5669790544448, -10.566348542076867, -10.566663798260834, -10.566663798260834, -10.566663798260834, -10.566663798260834, -10.566663798260834, -10.5669790544448, -10.566663798260834, -10.566663798260834, -10.566663798260834, -10.566663798260834, -10.566663798260834, -10.5669790544448, -10.566348542076867, -10.5669790544448, -10.566663798260834, -10.566663798260834, -10.566348542076867, -10.566663798260834, -10.566663798260834, -10.5669790544448, -10.567294310628768, -10.566663798260834, -10.5669790544448, -10.566663798260834, -10.5669790544448, -10.5669790544448, -10.566663798260834, -10.566663798260834, -10.566663798260834, -10.567294310628768, -10.566663798260834, -10.566663798260834, -10.566663798260834, -10.566663798260834, -10.566663798260834, -10.566663798260834, -10.566348542076867, -10.566348542076867, -10.566663798260834, -10.566663798260834, -10.566663798260834, -10.566663798260834, -10.566663798260834, -10.5669790544448, -10.566663798260834, -10.566663798260834, -10.566663798260834, -10.566663798260834, -10.566663798260834, -10.566663798260834, -10.566663798260834, -10.566663798260834, -10.566663798260834, -10.566348542076867, -10.566663798260834, -10.566348542076867, -10.5669790544448, -10.566348542076867, -10.566348542076867, -10.566663798260834, -10.566663798260834, -10.5669790544448, -10.566348542076867, -10.566663798260834, -10.5669790544448, -10.566663798260834, -10.566663798260834, -10.5669790544448, -10.5669790544448, -10.566663798260834, -10.566663798260834, -10.566663798260834, -10.566663798260834, -10.566348542076867, -10.5669790544448, -10.5669790544448, -10.5669790544448, -10.566348542076867, -10.566348542076867, -10.566663798260834, -10.566663798260834, -10.5669790544448, -10.5669790544448, -10.566663798260834, -10.566348542076867, -10.566663798260834, -10.566663798260834, -10.566663798260834, -10.5669790544448, -10.566663798260834, -10.5669790544448, -10.566663798260834, -10.566663798260834, -10.5669790544448, -10.566663798260834, -10.566348542076867, -10.5669790544448, -10.5669790544448, -10.566348542076867, -10.5669790544448, -10.5669790544448, -10.566663798260834, -10.566663798260834, -10.566663798260834, -10.566348542076867, -10.566663798260834, -10.566663798260834, -10.566348542076867, -10.5669790544448, -10.566663798260834, -10.566348542076867]}, \"data_type\": \"<type 'collections.defaultdict'>\"}"}
{"message": "{\"timestamp\": 1.764394998550415, \"object_type\": \"labjack_stream\", \"data\": {\"AIN0\": [-10.566663798260834, -10.5669790544448, -10.566663798260834, -10.566348542076867, -10.566348542076867, -10.566663798260834, -10.566663798260834, -10.566348542076867, -10.566348542076867, -10.566663798260834, -10.566663798260834, -10.566663798260834, -10.566348542076867, -10.566663798260834, -10.5669790544448, -10.566663798260834, -10.5669790544448, -10.566348542076867, -10.566663798260834, -10.5669790544448, -10.566663798260834, -10.5669790544448, -10.566663798260834, -10.566663798260834, -10.566663798260834, -10.566663798260834, -10.566663798260834, -10.566348542076867, -10.566663798260834, -10.566348542076867, -10.566663798260834, -10.5669790544448, -10.5669790544448, -10.566348542076867, -10.5669790544448, -10.566348542076867, -10.5669790544448, -10.5669790544448, -10.566663798260834, -10.566663798260834, -10.5669790544448, -10.566663798260834, -10.566663798260834, -10.566663798260834, -10.566348542076867, -10.566663798260834, -10.566663798260834, -10.566663798260834, -10.566348542076867, -10.566663798260834, -10.566663798260834, -10.566663798260834, -10.566663798260834, -10.566663798260834, -10.566663798260834, -10.566663798260834, -10.5669790544448, -10.566663798260834, -10.566663798260834, -10.566663798260834, -10.5669790544448, -10.566348542076867, -10.566663798260834, -10.566663798260834, -10.5669790544448, -10.566663798260834, -10.566348542076867, -10.566348542076867, -10.566348542076867, -10.566663798260834, -10.566663798260834, -10.566663798260834, -10.566663798260834, -10.566348542076867, -10.566663798260834, -10.566663798260834, -10.566663798260834, -10.566663798260834, -10.566348542076867, -10.566663798260834, -10.5669790544448, -10.5669790544448, -10.566663798260834, -10.566348542076867, -10.566663798260834, -10.5669790544448, -10.566663798260834, -10.566348542076867, -10.566663798260834, -10.5669790544448, -10.566348542076867, -10.566663798260834, -10.566663798260834, -10.566663798260834, -10.5669790544448, -10.566663798260834, -10.5669790544448, -10.566348542076867, -10.566663798260834, -10.566663798260834, -10.566663798260834, -10.5669790544448, -10.566663798260834, -10.566663798260834, -10.566663798260834, -10.566663798260834, -10.5669790544448, -10.5669790544448, -10.566663798260834, -10.566348542076867, -10.566663798260834, -10.566663798260834, -10.566663798260834, -10.566348542076867, -10.566348542076867, -10.566663798260834, -10.566663798260834, -10.566663798260834, -10.566663798260834, -10.566348542076867, -10.5669790544448, -10.566663798260834, -10.566663798260834, -10.566348542076867, -10.566663798260834, -10.5669790544448, -10.5669790544448, -10.566663798260834, -10.566663798260834, -10.566348542076867, -10.5669790544448, -10.566663798260834, -10.566348542076867, -10.5669790544448, -10.566663798260834, -10.566663798260834, -10.566663798260834, -10.566348542076867, -10.566663798260834, -10.566348542076867, -10.566663798260834, -10.5669790544448, -10.566663798260834, -10.566348542076867, -10.566348542076867, -10.566663798260834, -10.566663798260834, -10.566663798260834, -10.566663798260834, -10.566663798260834, -10.5669790544448, -10.5669790544448, -10.566663798260834, -10.566663798260834, -10.566663798260834, -10.566663798260834, -10.566348542076867, -10.566348542076867, -10.566663798260834, -10.566663798260834, -10.566663798260834, -10.5669790544448, -10.566348542076867, -10.566348542076867, -10.566663798260834, -10.566663798260834, -10.566663798260834, -10.566348542076867, -10.566663798260834, -10.566663798260834, -10.566663798260834, -10.566663798260834, -10.566663798260834, -10.566663798260834, -10.566663798260834, -10.566663798260834, -10.566663798260834, -10.5669790544448, -10.566663798260834, -10.566663798260834, -10.566348542076867, -10.566663798260834, -10.5669790544448, -10.566348542076867, -10.566663798260834, -10.566663798260834, -10.566663798260834, -10.566663798260834, -10.566348542076867, -10.5669790544448, -10.566663798260834, -10.5669790544448, -10.5669790544448, -10.566663798260834, -10.566663798260834, -10.566663798260834, -10.566663798260834, -10.566663798260834, -10.566663798260834, -10.5669790544448, -10.566348542076867, -10.566348542076867, -10.566663798260834, -10.566663798260834, -10.5669790544448, -10.566663798260834, -10.566663798260834, -10.566348542076867, -10.566663798260834, -10.566663798260834, -10.566663798260834, -10.5669790544448, -10.566663798260834, -10.566663798260834, -10.5669790544448, -10.566663798260834, -10.566663798260834, -10.5669790544448, -10.566663798260834, -10.566663798260834, -10.566348542076867, -10.566663798260834, -10.566663798260834, -10.566663798260834, -10.566348542076867, -10.566663798260834, -10.566348542076867, -10.566663798260834, -10.566663798260834, -10.566663798260834, -10.566663798260834, -10.5669790544448, -10.566663798260834, -10.566663798260834, -10.566663798260834, -10.5669790544448, -10.5669790544448, -10.5669790544448, -10.5669790544448, -10.566663798260834, -10.566663798260834, -10.566663798260834, -10.566663798260834, -10.566663798260834, -10.566348542076867, -10.566663798260834, -10.566663798260834, -10.566663798260834, -10.566663798260834, -10.566663798260834], \"AIN1\": [-10.566663798260834, -10.566663798260834, -10.566663798260834, -10.566663798260834, -10.566663798260834, -10.566663798260834, -10.566663798260834, -10.566663798260834, -10.566663798260834, -10.566663798260834, -10.566663798260834, -10.5669790544448, -10.566663798260834, -10.566663798260834, -10.566348542076867, -10.5669790544448, -10.566663798260834, -10.566663798260834, -10.566663798260834, -10.566663798260834, -10.5669790544448, -10.566663798260834, -10.566663798260834, -10.5669790544448, -10.566663798260834, -10.566348542076867, -10.566663798260834, -10.5669790544448, -10.5669790544448, -10.566663798260834, -10.5669790544448, -10.566663798260834, -10.5669790544448, -10.5669790544448, -10.566348542076867, -10.566663798260834, -10.5669790544448, -10.566663798260834, -10.566663798260834, -10.5669790544448, -10.566663798260834, -10.566663798260834, -10.566663798260834, -10.566663798260834, -10.566663798260834, -10.5669790544448, -10.566348542076867, -10.566663798260834, -10.5669790544448, -10.566663798260834, -10.5669790544448, -10.566663798260834, -10.566663798260834, -10.566663798260834, -10.566348542076867, -10.566663798260834, -10.566663798260834, -10.566348542076867, -10.566663798260834, -10.566663798260834, -10.566663798260834, -10.566663798260834, -10.5669790544448, -10.566348542076867, -10.5669790544448, -10.566663798260834, -10.566348542076867, -10.566348542076867, -10.566348542076867, -10.566663798260834, -10.566663798260834, -10.566663798260834, -10.5669790544448, -10.5669790544448, -10.566663798260834, -10.566348542076867, -10.566348542076867, -10.566663798260834, -10.566663798260834, -10.566663798260834, -10.5669790544448, -10.5669790544448, -10.566663798260834, -10.5669790544448, -10.566663798260834, -10.566663798260834, -10.5669790544448, -10.5669790544448, -10.566663798260834, -10.566663798260834, -10.566663798260834, -10.566663798260834, -10.566663798260834, -10.566663798260834, -10.566348542076867, -10.566663798260834, -10.566663798260834, -10.5669790544448, -10.566348542076867, -10.566663798260834, -10.566663798260834, -10.566663798260834, -10.566348542076867, -10.5669790544448, -10.5669790544448, -10.566348542076867, -10.566663798260834, -10.566663798260834, -10.566663798260834, -10.566663798260834, -10.566663798260834, -10.566663798260834, -10.566663798260834, -10.566663798260834, -10.566663798260834, -10.5669790544448, -10.566348542076867, -10.566348542076867, -10.5669790544448, -10.566663798260834, -10.566663798260834, -10.566663798260834, -10.5669790544448, -10.5669790544448, -10.5669790544448, -10.566348542076867, -10.5669790544448, -10.566663798260834, -10.5669790544448, -10.566663798260834, -10.566663798260834, -10.566663798260834, -10.566663798260834, -10.5669790544448, -10.566663798260834, -10.566663798260834, -10.566663798260834, -10.566663798260834, -10.566663798260834, -10.566348542076867, -10.566663798260834, -10.566348542076867, -10.566663798260834, -10.5669790544448, -10.566348542076867, -10.5669790544448, -10.5669790544448, -10.566663798260834, -10.566663798260834, -10.566663798260834, -10.566663798260834, -10.566663798260834, -10.5669790544448, -10.566663798260834, -10.566663798260834, -10.566348542076867, -10.566348542076867, -10.5669790544448, -10.566663798260834, -10.566663798260834, -10.566663798260834, -10.566663798260834, -10.5669790544448, -10.5669790544448, -10.566663798260834, -10.566663798260834, -10.566348542076867, -10.5669790544448, -10.566663798260834, -10.566348542076867, -10.566663798260834, -10.566663798260834, -10.566663798260834, -10.566663798260834, -10.5669790544448, -10.566663798260834, -10.5669790544448, -10.566663798260834, -10.566348542076867, -10.566663798260834, -10.566663798260834, -10.566663798260834, -10.566348542076867, -10.566663798260834, -10.566663798260834, -10.5669790544448, -10.566663798260834, -10.5669790544448, -10.566663798260834, -10.566663798260834, -10.566348542076867, -10.566663798260834, -10.566663798260834, -10.566663798260834, -10.566663798260834, -10.566663798260834, -10.566663798260834, -10.566663798260834, -10.566663798260834, -10.5669790544448, -10.566663798260834, -10.566663798260834, -10.566663798260834, -10.5669790544448, -10.566663798260834, -10.566663798260834, -10.566663798260834, -10.566348542076867, -10.566663798260834, -10.566663798260834, -10.566663798260834, -10.5669790544448, -10.566348542076867, -10.566663798260834, -10.5669790544448, -10.5669790544448, -10.566663798260834, -10.566663798260834, -10.566663798260834, -10.566663798260834, -10.5669790544448, -10.566663798260834, -10.5669790544448, -10.566663798260834, -10.566663798260834, -10.566663798260834, -10.566663798260834, -10.5669790544448, -10.566663798260834, -10.566348542076867, -10.566663798260834, -10.566663798260834, -10.566663798260834, -10.566663798260834, -10.5669790544448, -10.566663798260834, -10.566663798260834, -10.566663798260834, -10.566663798260834, -10.566663798260834, -10.566348542076867, -10.566348542076867, -10.5669790544448, -10.566663798260834, -10.5669790544448, -10.5669790544448, -10.566348542076867, -10.5669790544448, -10.5669790544448, -10.566663798260834], \"AIN2\": [-10.566663798260834, -10.5669790544448, -10.5669790544448, -10.5669790544448, -10.566348542076867, -10.566663798260834, -10.5669790544448, -10.566663798260834, -10.566348542076867, -10.5669790544448, -10.566348542076867, -10.566663798260834, -10.566663798260834, -10.566348542076867, -10.5669790544448, -10.5669790544448, -10.5669790544448, -10.5669790544448, -10.5669790544448, -10.566348542076867, -10.566663798260834, -10.566663798260834, -10.5669790544448, -10.5669790544448, -10.5669790544448, -10.566348542076867, -10.566663798260834, -10.566348542076867, -10.566663798260834, -10.5669790544448, -10.566663798260834, -10.5669790544448, -10.566663798260834, -10.566663798260834, -10.566663798260834, -10.566663798260834, -10.566663798260834, -10.566348542076867, -10.566348542076867, -10.5669790544448, -10.5669790544448, -10.566663798260834, -10.5669790544448, -10.566663798260834, -10.566663798260834, -10.566663798260834, -10.566663798260834, -10.566348542076867, -10.5669790544448, -10.566663798260834, -10.566348542076867, -10.566348542076867, -10.5669790544448, -10.566663798260834, -10.566663798260834, -10.5669790544448, -10.5669790544448, -10.5669790544448, -10.5669790544448, -10.566663798260834, -10.566663798260834, -10.566663798260834, -10.566663798260834, -10.566663798260834, -10.566663798260834, -10.566663798260834, -10.566348542076867, -10.566663798260834, -10.566663798260834, -10.566663798260834, -10.566663798260834, -10.566663798260834, -10.566663798260834, -10.5669790544448, -10.566348542076867, -10.5669790544448, -10.566663798260834, -10.566663798260834, -10.566663798260834, -10.566663798260834, -10.5669790544448, -10.566663798260834, -10.566663798260834, -10.566348542076867, -10.566663798260834, -10.566663798260834, -10.566348542076867, -10.566663798260834, -10.5660332858929, -10.5669790544448, -10.566663798260834, -10.566663798260834, -10.566663798260834, -10.5669790544448, -10.5669790544448, -10.5669790544448, -10.566348542076867, -10.566663798260834, -10.566663798260834, -10.5669790544448, -10.566663798260834, -10.566663798260834, -10.566663798260834, -10.566663798260834, -10.566348542076867, -10.566348542076867, -10.566663798260834, -10.566663798260834, -10.5669790544448, -10.566348542076867, -10.566348542076867, -10.5669790544448, -10.566663798260834, -10.566663798260834, -10.566663798260834, -10.566663798260834, -10.566663798260834, -10.566663798260834, -10.566348542076867, -10.566663798260834, -10.566663798260834, -10.566663798260834, -10.566663798260834, -10.566663798260834, -10.5669790544448, -10.5669790544448, -10.566663798260834, -10.566663798260834, -10.566663798260834, -10.566348542076867, -10.566663798260834, -10.566663798260834, -10.5669790544448, -10.5669790544448, -10.566663798260834, -10.5669790544448, -10.5669790544448, -10.566663798260834, -10.566663798260834, -10.566663798260834, -10.566663798260834, -10.566663798260834, -10.566663798260834, -10.566663798260834, -10.566663798260834, -10.567294310628768, -10.566663798260834, -10.5669790544448, -10.566663798260834, -10.566663798260834, -10.566663798260834, -10.566348542076867, -10.566663798260834, -10.566663798260834, -10.566348542076867, -10.566663798260834, -10.566663798260834, -10.566663798260834, -10.566663798260834, -10.5669790544448, -10.566663798260834, -10.566663798260834, -10.5669790544448, -10.5669790544448, -10.566663798260834, -10.5669790544448, -10.566663798260834, -10.566663798260834, -10.566663798260834, -10.566348542076867, -10.566663798260834, -10.5669790544448, -10.5669790544448, -10.566663798260834, -10.566663798260834, -10.566663798260834, -10.566348542076867, -10.566663798260834, -10.566663798260834, -10.5669790544448, -10.5669790544448, -10.5669790544448, -10.566663798260834, -10.5669790544448, -10.566348542076867, -10.566348542076867, -10.5669790544448, -10.566663798260834, -10.5669790544448, -10.566663798260834, -10.566663798260834, -10.5669790544448, -10.566663798260834, -10.566663798260834, -10.566348542076867, -10.566348542076867, -10.566663798260834, -10.5669790544448, -10.566663798260834, -10.5669790544448, -10.566348542076867, -10.566663798260834, -10.566348542076867, -10.566348542076867, -10.5669790544448, -10.566663798260834, -10.566663798260834, -10.5669790544448, -10.5669790544448, -10.566663798260834, -10.566348542076867, -10.566663798260834, -10.566663798260834, -10.566663798260834, -10.566663798260834, -10.5669790544448, -10.566348542076867, -10.5669790544448, -10.566348542076867, -10.566663798260834, -10.566663798260834, -10.566663798260834, -10.566663798260834, -10.566663798260834, -10.5669790544448, -10.566663798260834, -10.566663798260834, -10.566663798260834, -10.5669790544448, -10.566663798260834, -10.5669790544448, -10.5669790544448, -10.5669790544448, -10.566663798260834, -10.566663798260834, -10.566663798260834, -10.5669790544448, -10.566663798260834, -10.566663798260834, -10.5669790544448, -10.566348542076867, -10.566663798260834, -10.5669790544448, -10.5669790544448, -10.5669790544448, -10.566663798260834, -10.5669790544448, -10.566663798260834, -10.566663798260834, -10.5660332858929], \"AIN3\": [-10.566663798260834, -10.566348542076867, -10.566663798260834, -10.566663798260834, -10.566663798260834, -10.566663798260834, -10.5669790544448, -10.566348542076867, -10.566663798260834, -10.566663798260834, -10.566663798260834, -10.5669790544448, -10.5669790544448, -10.5669790544448, -10.566663798260834, -10.5669790544448, -10.566663798260834, -10.566663798260834, -10.566348542076867, -10.566663798260834, -10.566663798260834, -10.5669790544448, -10.566663798260834, -10.566663798260834, -10.566663798260834, -10.5669790544448, -10.566348542076867, -10.566663798260834, -10.5669790544448, -10.5669790544448, -10.5669790544448, -10.566663798260834, -10.5669790544448, -10.567294310628768, -10.566663798260834, -10.566663798260834, -10.566663798260834, -10.566663798260834, -10.566663798260834, -10.5669790544448, -10.566663798260834, -10.566663798260834, -10.566663798260834, -10.566348542076867, -10.566663798260834, -10.566348542076867, -10.566663798260834, -10.566663798260834, -10.566663798260834, -10.5669790544448, -10.566663798260834, -10.566663798260834, -10.566663798260834, -10.566663798260834, -10.566663798260834, -10.566663798260834, -10.5669790544448, -10.566663798260834, -10.566348542076867, -10.566348542076867, -10.566348542076867, -10.5669790544448, -10.566348542076867, -10.5669790544448, -10.566663798260834, -10.566663798260834, -10.5669790544448, -10.566663798260834, -10.566663798260834, -10.5669790544448, -10.566663798260834, -10.566663798260834, -10.5669790544448, -10.566663798260834, -10.5669790544448, -10.5669790544448, -10.566348542076867, -10.566663798260834, -10.5669790544448, -10.566663798260834, -10.5669790544448, -10.5669790544448, -10.566663798260834, -10.566663798260834, -10.5669790544448, -10.566663798260834, -10.566348542076867, -10.566663798260834, -10.566348542076867, -10.566663798260834, -10.566663798260834, -10.566663798260834, -10.566663798260834, -10.566663798260834, -10.5669790544448, -10.566663798260834, -10.566663798260834, -10.566663798260834, -10.566663798260834, -10.566663798260834, -10.566663798260834, -10.566663798260834, -10.5669790544448, -10.5669790544448, -10.566663798260834, -10.5669790544448, -10.5669790544448, -10.566663798260834, -10.566663798260834, -10.566663798260834, -10.5669790544448, -10.566663798260834, -10.566663798260834, -10.566348542076867, -10.5669790544448, -10.566663798260834, -10.5669790544448, -10.5669790544448, -10.566663798260834, -10.566663798260834, -10.566663798260834, -10.566663798260834, -10.5669790544448, -10.566663798260834, -10.566663798260834, -10.566663798260834, -10.566348542076867, -10.566663798260834, -10.566663798260834, -10.566663798260834, -10.566663798260834, -10.566663798260834, -10.5669790544448, -10.566663798260834, -10.566663798260834, -10.566663798260834, -10.566348542076867, -10.5669790544448, -10.5669790544448, -10.566663798260834, -10.566663798260834, -10.566663798260834, -10.566663798260834, -10.566663798260834, -10.566663798260834, -10.5669790544448, -10.566348542076867, -10.5669790544448, -10.566663798260834, -10.566663798260834, -10.5669790544448, -10.5669790544448, -10.5669790544448, -10.5669790544448, -10.566663798260834, -10.5669790544448, -10.5669790544448, -10.566663798260834, -10.566663798260834, -10.566663798260834, -10.566663798260834, -10.566663798260834, -10.566663798260834, -10.5669790544448, -10.566663798260834, -10.566348542076867, -10.5669790544448, -10.566348542076867, -10.566663798260834, -10.5669790544448, -10.5669790544448, -10.566663798260834, -10.5669790544448, -10.5669790544448, -10.566663798260834, -10.5669790544448, -10.566348542076867, -10.5669790544448, -10.5669790544448, -10.566663798260834, -10.566663798260834, -10.566663798260834, -10.566663798260834, -10.5669790544448, -10.5669790544448, -10.566663798260834, -10.566348542076867, -10.5669790544448, -10.5669790544448, -10.5669790544448, -10.566663798260834, -10.566663798260834, -10.5669790544448, -10.566663798260834, -10.566663798260834, -10.566663798260834, -10.566663798260834, -10.566663798260834, -10.566663798260834, -10.566348542076867, -10.566663798260834, -10.5669790544448, -10.5669790544448, -10.566663798260834, -10.566663798260834, -10.5669790544448, -10.5669790544448, -10.566663798260834, -10.566663798260834, -10.566663798260834, -10.5669790544448, -10.566663798260834, -10.566663798260834, -10.566663798260834, -10.566348542076867, -10.566663798260834, -10.566663798260834, -10.566663798260834, -10.566663798260834, -10.5669790544448, -10.566348542076867, -10.566663798260834, -10.566348542076867, -10.5669790544448, -10.566663798260834, -10.566348542076867, -10.566663798260834, -10.5669790544448, -10.566348542076867, -10.566663798260834, -10.5669790544448, -10.566663798260834, -10.5669790544448, -10.5669790544448, -10.5669790544448, -10.566663798260834, -10.566663798260834, -10.566348542076867, -10.566663798260834, -10.5669790544448, -10.566663798260834, -10.566663798260834, -10.566663798260834, -10.566663798260834, -10.5669790544448, -10.5669790544448, -10.566663798260834, -10.5669790544448, -10.566663798260834, -10.566663798260834]}, \"data_type\": \"<type 'collections.defaultdict'>\"}"}
{"message": "{\"timestamp\": 1.991028070449829, \"object_type\": \"labjack_stream\", \"data\": {\"AIN0\": [-10.566663798260834, -10.566348542076867, -10.566348542076867, -10.5669790544448, -10.566663798260834, -10.566348542076867, -10.5669790544448, -10.566663798260834, -10.566663798260834, -10.566663798260834, -10.566663798260834, -10.566663798260834, -10.566663798260834, -10.5669790544448, -10.566663798260834, -10.566663798260834, -10.566348542076867, -10.5669790544448, -10.5669790544448, -10.566663798260834, -10.566663798260834, -10.566663798260834, -10.566663798260834, -10.566663798260834, -10.5669790544448, -10.566348542076867, -10.566663798260834, -10.566663798260834, -10.566348542076867, -10.5669790544448, -10.5669790544448, -10.5669790544448, -10.566663798260834, -10.566663798260834, -10.566348542076867, -10.566663798260834, -10.566663798260834, -10.566663798260834, -10.566348542076867, -10.566663798260834, -10.566663798260834, -10.566663798260834, -10.566348542076867, -10.566663798260834, -10.566663798260834, -10.566663798260834, -10.566348542076867, -10.566348542076867, -10.566663798260834, -10.566663798260834, -10.566348542076867, -10.5669790544448, -10.566348542076867, -10.566348542076867, -10.566663798260834, -10.566663798260834, -10.566348542076867, -10.5669790544448, -10.566663798260834, -10.566663798260834, -10.566348542076867, -10.566663798260834, -10.566663798260834, -10.566663798260834, -10.566663798260834, -10.566663798260834, -10.5669790544448, -10.566663798260834, -10.566663798260834, -10.5669790544448, -10.566348542076867, -10.566663798260834, -10.5669790544448, -10.566663798260834, -10.566348542076867, -10.566663798260834, -10.566663798260834, -10.566663798260834, -10.5669790544448, -10.5669790544448, -10.566348542076867, -10.566348542076867, -10.5669790544448, -10.566663798260834, -10.566663798260834, -10.566663798260834, -10.566663798260834, -10.566663798260834, -10.566663798260834, -10.5669790544448, -10.566663798260834, -10.566348542076867, -10.5669790544448, -10.5669790544448, -10.566348542076867, -10.566663798260834, -10.566663798260834, -10.566663798260834, -10.566663798260834, -10.566663798260834, -10.5669790544448, -10.5669790544448, -10.566348542076867, -10.566663798260834, -10.566663798260834, -10.5669790544448, -10.566663798260834, -10.5669790544448, -10.566663798260834, -10.5669790544448, -10.566663798260834, -10.566663798260834, -10.566663798260834, -10.566663798260834, -10.5669790544448, -10.566348542076867, -10.566663798260834, -10.566663798260834, -10.566348542076867, -10.566663798260834, -10.5669790544448, -10.566663798260834, -10.566348542076867, -10.566663798260834, -10.566348542076867, -10.566663798260834, -10.566663798260834, -10.5669790544448, -10.5669790544448, -10.566663798260834, -10.5669790544448, -10.566663798260834, -10.566663798260834, -10.566663798260834, -10.5669790544448, -10.566663798260834, -10.566348542076867, -10.566348542076867, -10.566663798260834, -10.566663798260834, -10.566663798260834, -10.566348542076867, -10.566348542076867, -10.566663798260834, -10.566348542076867, -10.566663798260834, -10.566348542076867, -10.566663798260834, -10.566663798260834, -10.5669790544448, -10.566663798260834, -10.566663798260834, -10.566663798260834, -10.566663798260834, -10.566663798260834, -10.5669790544448, -10.566663798260834, -10.5669790544448, -10.566663798260834, -10.566348542076867, -10.5669790544448, -10.566663798260834, -10.566663798260834, -10.566663798260834, -10.566663798260834, -10.566348542076867, -10.566663798260834, -10.566663798260834, -10.566663798260834, -10.566663798260834, -10.5669790544448, -10.566348542076867, -10.566663798260834, -10.5669790544448, -10.566663798260834, -10.566348542076867, -10.566663798260834, -10.566663798260834, -10.566663798260834, -10.5669790544448, -10.566663798260834, -10.566663798260834, -10.566663798260834, -10.566663798260834, -10.566348542076867, -10.566348542076867, -10.5660332858929, -10.566663798260834, -10.566663798260834, -10.566663798260834, -10.566663798260834, -10.566663798260834, -10.5669790544448, -10.5669790544448, -10.5669790544448, -10.566348542076867, -10.566663798260834, -10.566663798260834, -10.566663798260834, -10.566348542076867, -10.566663798260834, -10.566663798260834, -10.566663798260834, -10.5669790544448, -10.566348542076867, -10.5669790544448, -10.5669790544448, -10.566663798260834, -10.5669790544448, -10.566663798260834, -10.566663798260834, -10.566348542076867, -10.5669790544448, -10.566348542076867, -10.5669790544448, -10.566663798260834, -10.566663798260834, -10.5669790544448, -10.5669790544448, -10.566348542076867, -10.566663798260834, -10.566348542076867, -10.566663798260834, -10.566663798260834, -10.566663798260834, -10.5669790544448, -10.566663798260834, -10.566663798260834, -10.5669790544448, -10.566663798260834, -10.566663798260834, -10.566663798260834, -10.566663798260834, -10.566663798260834, -10.566663798260834, -10.566663798260834, -10.566663798260834, -10.566663798260834, -10.566663798260834, -10.566348542076867, -10.566348542076867, -10.566663798260834, -10.566348542076867, -10.566663798260834, -10.566348542076867, -10.5669790544448, -10.566663798260834, -10.566348542076867, -10.566663798260834, -10.5669790544448], \"AIN1\": [-10.566348542076867, -10.5669790544448, -10.5669790544448, -10.566348542076867, -10.566663798260834, -10.566348542076867, -10.5669790544448, -10.566663798260834, -10.5669790544448, -10.566663798260834, -10.566663798260834, -10.566663798260834, -10.566663798260834, -10.566663798260834, -10.566663798260834, -10.566663798260834, -10.566663798260834, -10.566663798260834, -10.566663798260834, -10.5669790544448, -10.566663798260834, -10.5669790544448, -10.5669790544448, -10.566663798260834, -10.566663798260834, -10.566348542076867, -10.566663798260834, -10.566663798260834, -10.566348542076867, -10.566663798260834, -10.566663798260834, -10.566348542076867, -10.5669790544448, -10.566663798260834, -10.5669790544448, -10.5669790544448, -10.566663798260834, -10.5669790544448, -10.566663798260834, -10.566663798260834, -10.566663798260834, -10.566663798260834, -10.566663798260834, -10.566663798260834, -10.5669790544448, -10.5669790544448, -10.566348542076867, -10.566663798260834, -10.566663798260834, -10.566663798260834, -10.566663798260834, -10.566663798260834, -10.5669790544448, -10.5669790544448, -10.566663798260834, -10.5669790544448, -10.5669790544448, -10.566663798260834, -10.5669790544448, -10.5669790544448, -10.566663798260834, -10.566348542076867, -10.566348542076867, -10.566348542076867, -10.566663798260834, -10.5669790544448, -10.566348542076867, -10.5669790544448, -10.5669790544448, -10.566663798260834, -10.5669790544448, -10.566663798260834, -10.566663798260834, -10.566663798260834, -10.566663798260834, -10.566663798260834, -10.5669790544448, -10.5669790544448, -10.566348542076867, -10.566663798260834, -10.566348542076867, -10.566663798260834, -10.5669790544448, -10.566663798260834, -10.566348542076867, -10.566348542076867, -10.566663798260834, -10.566663798260834, -10.566663798260834, -10.566663798260834, -10.566663798260834, -10.566348542076867, -10.566348542076867, -10.566663798260834, -10.5669790544448, -10.5669790544448, -10.566663798260834, -10.566663798260834, -10.566663798260834, -10.5669790544448, -10.5669790544448, -10.566663798260834, -10.566663798260834, -10.566348542076867, -10.566348542076867, -10.5669790544448, -10.566663798260834, -10.566663798260834, -10.566663798260834, -10.566663798260834, -10.566348542076867, -10.566663798260834, -10.5669790544448, -10.566663798260834, -10.5669790544448, -10.5669790544448, -10.566663798260834, -10.566348542076867, -10.566348542076867, -10.5669790544448, -10.566663798260834, -10.5669790544448, -10.5669790544448, -10.5669790544448, -10.5669790544448, -10.566663798260834, -10.5669790544448, -10.566663798260834, -10.566663798260834, -10.566663798260834, -10.566663798260834, -10.566348542076867, -10.566348542076867, -10.566663798260834, -10.5669790544448, -10.566663798260834, -10.566663798260834, -10.566663798260834, -10.566663798260834, -10.5669790544448, -10.566663798260834, -10.5669790544448, -10.566663798260834, -10.566348542076867, -10.566663798260834, -10.5669790544448, -10.566663798260834, -10.566348542076867, -10.5669790544448, -10.5669790544448, -10.566663798260834, -10.566348542076867, -10.5669790544448, -10.566663798260834, -10.5669790544448, -10.5669790544448, -10.5669790544448, -10.566663798260834, -10.566663798260834, -10.566348542076867, -10.566663798260834, -10.5669790544448, -10.566663798260834, -10.566348542076867, -10.566663798260834, -10.5669790544448, -10.566663798260834, -10.5669790544448, -10.566663798260834, -10.5669790544448, -10.5669790544448, -10.5669790544448, -10.566663798260834, -10.566663798260834, -10.566663798260834, -10.566663798260834, -10.566348542076867, -10.5669790544448, -10.566663798260834, -10.566663798260834, -10.566663798260834, -10.566663798260834, -10.566348542076867, -10.5669790544448, -10.5669790544448, -10.566663798260834, -10.5669790544448, -10.5669790544448, -10.5669790544448, -10.566663798260834, -10.5669790544448, -10.566663798260834, -10.566663798260834, -10.5669790544448, -10.566663798260834, -10.566663798260834, -10.566663798260834, -10.5669790544448, -10.566663798260834, -10.566348542076867, -10.566663798260834, -10.566663798260834, -10.566663798260834, -10.566663798260834, -10.566663798260834, -10.566348542076867, -10.5669790544448, -10.566663798260834, -10.566348542076867, -10.566663798260834, -10.566348542076867, -10.566663798260834, -10.566663798260834, -10.566663798260834, -10.566663798260834, -10.566663798260834, -10.566663798260834, -10.566663798260834, -10.566663798260834, -10.5669790544448, -10.566663798260834, -10.566663798260834, -10.566348542076867, -10.566663798260834, -10.566663798260834, -10.566663798260834, -10.5669790544448, -10.566663798260834, -10.566348542076867, -10.566663798260834, -10.5669790544448, -10.566663798260834, -10.5669790544448, -10.566348542076867, -10.566663798260834, -10.566663798260834, -10.5669790544448, -10.566348542076867, -10.566663798260834, -10.566663798260834, -10.5669790544448, -10.566663798260834, -10.566663798260834, -10.566663798260834, -10.5669790544448, -10.566663798260834, -10.566348542076867, -10.566663798260834, -10.566663798260834, -10.566663798260834], \"AIN2\": [-10.5669790544448, -10.5669790544448, -10.566663798260834, -10.566663798260834, -10.566348542076867, -10.5669790544448, -10.566663798260834, -10.566663798260834, -10.566663798260834, -10.566663798260834, -10.5669790544448, -10.566348542076867, -10.5669790544448, -10.566663798260834, -10.566663798260834, -10.566663798260834, -10.566663798260834, -10.5669790544448, -10.566663798260834, -10.5669790544448, -10.566663798260834, -10.566663798260834, -10.566663798260834, -10.566663798260834, -10.5669790544448, -10.566663798260834, -10.5669790544448, -10.5669790544448, -10.566663798260834, -10.566663798260834, -10.566663798260834, -10.566663798260834, -10.5669790544448, -10.566663798260834, -10.566663798260834, -10.566348542076867, -10.566348542076867, -10.566663798260834, -10.566663798260834, -10.566348542076867, -10.566348542076867, -10.566663798260834, -10.566663798260834, -10.566663798260834, -10.5669790544448, -10.566663798260834, -10.566348542076867, -10.566663798260834, -10.566663798260834, -10.566663798260834, -10.566663798260834, -10.5669790544448, -10.566663798260834, -10.566348542076867, -10.5669790544448, -10.566663798260834, -10.566663798260834, -10.5669790544448, -10.566663798260834, -10.566663798260834, -10.566663798260834, -10.566348542076867, -10.5669790544448, -10.566663798260834, -10.566663798260834, -10.5669790544448, -10.5669790544448, -10.566663798260834, -10.566663798260834, -10.566663798260834, -10.566663798260834, -10.5669790544448, -10.566663798260834, -10.566348542076867, -10.566663798260834, -10.566663798260834, -10.566663798260834, -10.566663798260834, -10.5669790544448, -10.566663798260834, -10.5669790544448, -10.566663798260834, -10.5669790544448, -10.566348542076867, -10.566348542076867, -10.566663798260834, -10.566663798260834, -10.566348542076867, -10.566663798260834, -10.566663798260834, -10.566663798260834, -10.566348542076867, -10.5669790544448, -10.566663798260834, -10.566663798260834, -10.566663798260834, -10.566663798260834, -10.566663798260834, -10.5669790544448, -10.5669790544448, -10.5669790544448, -10.566348542076867, -10.566663798260834, -10.5669790544448, -10.566663798260834, -10.566663798260834, -10.566348542076867, -10.566663798260834, -10.5669790544448, -10.5669790544448, -10.566663798260834, -10.566348542076867, -10.566663798260834, -10.566663798260834, -10.566663798260834, -10.5669790544448, -10.5669790544448, -10.566663798260834, -10.566663798260834, -10.5669790544448, -10.566663798260834, -10.5669790544448, -10.5669790544448, -10.566348542076867, -10.5669790544448, -10.566663798260834, -10.566663798260834, -10.566663798260834, -10.566663798260834, -10.566348542076867, -10.5669790544448, -10.566663798260834, -10.566663798260834, -10.566348542076867, -10.566663798260834, -10.566663798260834, -10.566663798260834, -10.566348542076867, -10.5669790544448, -10.566663798260834, -10.566663798260834, -10.5669790544448, -10.566348542076867, -10.566663798260834, -10.566663798260834, -10.5669790544448, -10.566348542076867, -10.566663798260834, -10.566663798260834, -10.566663798260834, -10.566663798260834, -10.566663798260834, -10.566663798260834, -10.5669790544448, -10.567294310628768, -10.566663798260834, -10.566663798260834, -10.566348542076867, -10.566663798260834, -10.566663798260834, -10.566663798260834, -10.5669790544448, -10.566663798260834, -10.566663798260834, -10.5669790544448, -10.566663798260834, -10.566663798260834, -10.566663798260834, -10.566663798260834, -10.566663798260834, -10.5669790544448, -10.566663798260834, -10.566663798260834, -10.5669790544448, -10.566663798260834, -10.566663798260834, -10.566663798260834, -10.566663798260834, -10.566348542076867, -10.566663798260834, -10.566663798260834, -10.566663798260834, -10.5669790544448, -10.566663798260834, -10.566663798260834, -10.566663798260834, -10.566663798260834, -10.566663798260834, -10.566348542076867, -10.566663798260834, -10.566663798260834, -10.5669790544448, -10.5669790544448, -10.566663798260834, -10.5669790544448, -10.566663798260834, -10.566663798260834, -10.566663798260834, -10.566348542076867, -10.566663798260834, -10.566663798260834, -10.566663798260834, -10.5669790544448, -10.566663798260834, -10.5669790544448, -10.5669790544448, -10.566663798260834, -10.566348542076867, -10.566663798260834, -10.5669790544448, -10.566663798260834, -10.566663798260834, -10.566663798260834, -10.566663798260834, -10.5669790544448, -10.5669790544448, -10.5669790544448, -10.566663798260834, -10.566663798260834, -10.5669790544448, -10.566663798260834, -10.566663798260834, -10.566348542076867, -10.5669790544448, -10.566348542076867, -10.5669790544448, -10.5669790544448, -10.566663798260834, -10.566663798260834, -10.566663798260834, -10.566663798260834, -10.566663798260834, -10.566663798260834, -10.566663798260834, -10.566663798260834, -10.5669790544448, -10.566663798260834, -10.566663798260834, -10.566663798260834, -10.566663798260834, -10.5669790544448, -10.5669790544448, -10.5669790544448, -10.5669790544448, -10.566663798260834, -10.566663798260834, -10.5669790544448, -10.566663798260834, -10.566348542076867, -10.5669790544448], \"AIN3\": [-10.5669790544448, -10.566663798260834, -10.566663798260834, -10.566663798260834, -10.566663798260834, -10.5669790544448, -10.566663798260834, -10.5669790544448, -10.566663798260834, -10.5669790544448, -10.566348542076867, -10.566663798260834, -10.566663798260834, -10.566663798260834, -10.5669790544448, -10.566663798260834, -10.566663798260834, -10.566663798260834, -10.5669790544448, -10.566663798260834, -10.566663798260834, -10.5669790544448, -10.566663798260834, -10.566663798260834, -10.566663798260834, -10.566663798260834, -10.566348542076867, -10.566663798260834, -10.566663798260834, -10.566348542076867, -10.5669790544448, -10.5669790544448, -10.566663798260834, -10.566348542076867, -10.566663798260834, -10.566348542076867, -10.566663798260834, -10.566663798260834, -10.566348542076867, -10.566663798260834, -10.5669790544448, -10.5669790544448, -10.566663798260834, -10.566348542076867, -10.5669790544448, -10.566663798260834, -10.566663798260834, -10.5669790544448, -10.566348542076867, -10.566663798260834, -10.566663798260834, -10.566663798260834, -10.566663798260834, -10.5669790544448, -10.566663798260834, -10.566663798260834, -10.5669790544448, -10.5669790544448, -10.5669790544448, -10.566663798260834, -10.566663798260834, -10.566663798260834, -10.566663798260834, -10.5669790544448, -10.566663798260834, -10.566348542076867, -10.566663798260834, -10.566663798260834, -10.566348542076867, -10.5669790544448, -10.566663798260834, -10.5669790544448, -10.566663798260834, -10.566663798260834, -10.566348542076867, -10.566348542076867, -10.566663798260834, -10.5669790544448, -10.566663798260834, -10.566663798260834, -10.5669790544448, -10.566663798260834, -10.5669790544448, -10.566663798260834, -10.566348542076867, -10.5669790544448, -10.566348542076867, -10.566663798260834, -10.566663798260834, -10.566663798260834, -10.566663798260834, -10.5669790544448, -10.5669790544448, -10.5669790544448, -10.5669790544448, -10.566663798260834, -10.566663798260834, -10.566663798260834, -10.566663798260834, -10.5669790544448, -10.566348542076867, -10.5669790544448, -10.566348542076867, -10.566348542076867, -10.5669790544448, -10.566663798260834, -10.5669790544448, -10.5669790544448, -10.5669790544448, -10.5669790544448, -10.566663798260834, -10.566663798260834, -10.566663798260834, -10.5669790544448, -10.5669790544448, -10.566663798260834, -10.566663798260834, -10.566663798260834, -10.566663798260834, -10.566663798260834, -10.566348542076867, -10.566663798260834, -10.566663798260834, -10.5669790544448, -10.5669790544448, -10.566663798260834, -10.566663798260834, -10.566348542076867, -10.566663798260834, -10.5669790544448, -10.566348542076867, -10.566663798260834, -10.566663798260834, -10.566663798260834, -10.5669790544448, -10.566663798260834, -10.5669790544448, -10.566663798260834, -10.566663798260834, -10.566348542076867, -10.5669790544448, -10.566348542076867, -10.566663798260834, -10.566663798260834, -10.5669790544448, -10.5669790544448, -10.5669790544448, -10.566663798260834, -10.566663798260834, -10.566348542076867, -10.5669790544448, -10.5669790544448, -10.566663798260834, -10.566663798260834, -10.566663798260834, -10.5669790544448, -10.566663798260834, -10.566663798260834, -10.566663798260834, -10.5669790544448, -10.566663798260834, -10.566663798260834, -10.566663798260834, -10.566663798260834, -10.5669790544448, -10.5669790544448, -10.566663798260834, -10.566663798260834, -10.566663798260834, -10.566663798260834, -10.566348542076867, -10.566663798260834, -10.566663798260834, -10.567294310628768, -10.566663798260834, -10.566663798260834, -10.5669790544448, -10.566663798260834, -10.566348542076867, -10.566348542076867, -10.566663798260834, -10.566348542076867, -10.566663798260834, -10.5669790544448, -10.566663798260834, -10.5669790544448, -10.5669790544448, -10.5669790544448, -10.566348542076867, -10.566663798260834, -10.566348542076867, -10.566663798260834, -10.566348542076867, -10.566663798260834, -10.566663798260834, -10.566663798260834, -10.566663798260834, -10.566663798260834, -10.566348542076867, -10.566663798260834, -10.5669790544448, -10.5669790544448, -10.566663798260834, -10.566663798260834, -10.566348542076867, -10.5669790544448, -10.566348542076867, -10.566663798260834, -10.5669790544448, -10.566663798260834, -10.566663798260834, -10.566663798260834, -10.5669790544448, -10.566348542076867, -10.566663798260834, -10.5669790544448, -10.566348542076867, -10.566663798260834, -10.5669790544448, -10.566348542076867, -10.566663798260834, -10.566663798260834, -10.566663798260834, -10.566348542076867, -10.5669790544448, -10.566663798260834, -10.5669790544448, -10.566348542076867, -10.566348542076867, -10.566663798260834, -10.5669790544448, -10.5669790544448, -10.566663798260834, -10.566348542076867, -10.566663798260834, -10.566348542076867, -10.566348542076867, -10.5669790544448, -10.566348542076867, -10.5669790544448, -10.566348542076867, -10.566663798260834, -10.566663798260834, -10.566663798260834, -10.566663798260834, -10.566663798260834, -10.566663798260834, -10.566663798260834, -10.5669790544448, -10.566663798260834]}, \"data_type\": \"<type 'collections.defaultdict'>\"}"}
{"message": "{\"timestamp\": 2.2654380798339844, \"object_type\": \"labjack_stream\", \"data\": {\"AIN0\": [-10.566663798260834, -10.566663798260834, -10.566348542076867, -10.566663798260834, -10.5669790544448, -10.566348542076867, -10.5669790544448, -10.566663798260834, -10.5669790544448, -10.566663798260834, -10.566663798260834, -10.566663798260834, -10.566663798260834, -10.566348542076867, -10.566663798260834, -10.566348542076867, -10.5669790544448, -10.566348542076867, -10.566663798260834, -10.566663798260834, -10.566663798260834, -10.5669790544448, -10.5669790544448, -10.566663798260834, -10.566663798260834, -10.5669790544448, -10.566663798260834, -10.5669790544448, -10.566663798260834, -10.566663798260834, -10.5669790544448, -10.566663798260834, -10.566663798260834, -10.566348542076867, -10.566663798260834, -10.5669790544448, -10.566663798260834, -10.5669790544448, -10.5669790544448, -10.567294310628768, -10.566663798260834, -10.566663798260834, -10.5669790544448, -10.566663798260834, -10.566348542076867, -10.566348542076867, -10.566348542076867, -10.566663798260834, -10.5669790544448, -10.566348542076867, -10.566663798260834, -10.5669790544448, -10.5669790544448, -10.566663798260834, -10.566663798260834, -10.5669790544448, -10.566663798260834, -10.566663798260834, -10.566663798260834, -10.566663798260834, -10.5669790544448, -10.566348542076867, -10.566348542076867, -10.5669790544448, -10.566663798260834, -10.5669790544448, -10.566348542076867, -10.566663798260834, -10.5669790544448, -10.566348542076867, -10.566348542076867, -10.566663798260834, -10.566663798260834, -10.566663798260834, -10.566663798260834, -10.566663798260834, -10.5669790544448, -10.566348542076867, -10.566348542076867, -10.566348542076867, -10.5669790544448, -10.566663798260834, -10.566663798260834, -10.566663798260834, -10.566663798260834, -10.566663798260834, -10.566663798260834, -10.566348542076867, -10.566663798260834, -10.566663798260834, -10.566663798260834, -10.566663798260834, -10.5669790544448, -10.5669790544448, -10.566663798260834, -10.566663798260834, -10.5669790544448, -10.566348542076867, -10.566663798260834, -10.566663798260834, -10.566663798260834, -10.566348542076867, -10.566348542076867, -10.5669790544448, -10.566663798260834, -10.566663798260834, -10.566663798260834, -10.566663798260834, -10.566663798260834, -10.5669790544448, -10.566663798260834, -10.566348542076867, -10.566663798260834, -10.566348542076867, -10.566663798260834, -10.566663798260834, -10.566663798260834, -10.5669790544448, -10.5669790544448, -10.5669790544448, -10.5669790544448, -10.566663798260834, -10.566663798260834, -10.566663798260834, -10.566348542076867, -10.5669790544448, -10.566663798260834, -10.566663798260834, -10.566348542076867, -10.566348542076867, -10.566348542076867, -10.566663798260834, -10.566663798260834, -10.566663798260834, -10.5669790544448, -10.566348542076867, -10.5669790544448, -10.566663798260834, -10.566663798260834, -10.566663798260834, -10.566663798260834, -10.566663798260834, -10.566663798260834, -10.566663798260834, -10.566663798260834, -10.566663798260834, -10.566348542076867, -10.566663798260834, -10.5669790544448, -10.566663798260834, -10.566663798260834, -10.566663798260834, -10.566663798260834, -10.566348542076867, -10.566348542076867, -10.566663798260834, -10.566348542076867, -10.566663798260834, -10.566348542076867, -10.566348542076867, -10.566348542076867, -10.566348542076867, -10.5669790544448, -10.566663798260834, -10.566663798260834, -10.566663798260834, -10.566348542076867, -10.566663798260834, -10.566663798260834, -10.566663798260834, -10.5669790544448, -10.566663798260834, -10.566663798260834, -10.566663798260834, -10.566663798260834, -10.566348542076867, -10.566663798260834, -10.566663798260834, -10.5669790544448, -10.566663798260834, -10.5669790544448, -10.5669790544448, -10.566663798260834, -10.566663798260834, -10.566663798260834, -10.566348542076867, -10.566663798260834, -10.566348542076867, -10.5669790544448, -10.566663798260834, -10.566663798260834, -10.566663798260834, -10.566348542076867, -10.566663798260834, -10.566348542076867, -10.566663798260834, -10.566663798260834, -10.5669790544448, -10.566663798260834, -10.5669790544448, -10.566348542076867, -10.566663798260834, -10.566663798260834, -10.566348542076867, -10.566663798260834, -10.566348542076867, -10.566663798260834, -10.566663798260834, -10.566663798260834, -10.5669790544448, -10.5669790544448, -10.5669790544448, -10.566663798260834, -10.566348542076867, -10.566663798260834, -10.566663798260834, -10.5669790544448, -10.566663798260834, -10.5669790544448, -10.566663798260834, -10.566663798260834, -10.566663798260834, -10.566663798260834, -10.566663798260834, -10.566663798260834, -10.566663798260834, -10.566348542076867, -10.566663798260834, -10.566663798260834, -10.566348542076867, -10.5669790544448, -10.566663798260834, -10.566663798260834, -10.566663798260834, -10.566663798260834, -10.566663798260834, -10.566348542076867, -10.566348542076867, -10.566663798260834, -10.566348542076867, -10.5669790544448, -10.566663798260834, -10.5669790544448, -10.566663798260834, -10.5669790544448, -10.566663798260834, -10.566348542076867, -10.566663798260834, -10.5669790544448, -10.566663798260834], \"AIN1\": [-10.566663798260834, -10.566663798260834, -10.5669790544448, -10.566348542076867, -10.566663798260834, -10.5669790544448, -10.566663798260834, -10.566663798260834, -10.566348542076867, -10.566663798260834, -10.566663798260834, -10.566348542076867, -10.5669790544448, -10.5669790544448, -10.566663798260834, -10.566348542076867, -10.5669790544448, -10.5669790544448, -10.566663798260834, -10.566663798260834, -10.566663798260834, -10.566663798260834, -10.566663798260834, -10.566663798260834, -10.5669790544448, -10.566663798260834, -10.566663798260834, -10.5669790544448, -10.566663798260834, -10.5669790544448, -10.5669790544448, -10.5669790544448, -10.566663798260834, -10.566663798260834, -10.566663798260834, -10.566663798260834, -10.566348542076867, -10.566663798260834, -10.566663798260834, -10.566663798260834, -10.566663798260834, -10.5669790544448, -10.566663798260834, -10.5669790544448, -10.566663798260834, -10.566663798260834, -10.566663798260834, -10.566663798260834, -10.5669790544448, -10.566663798260834, -10.5669790544448, -10.566663798260834, -10.566663798260834, -10.566663798260834, -10.566663798260834, -10.5669790544448, -10.5669790544448, -10.566663798260834, -10.566663798260834, -10.5669790544448, -10.5669790544448, -10.566348542076867, -10.566663798260834, -10.566663798260834, -10.566663798260834, -10.566663798260834, -10.566663798260834, -10.566663798260834, -10.566663798260834, -10.566663798260834, -10.5669790544448, -10.566663798260834, -10.566663798260834, -10.5669790544448, -10.5669790544448, -10.5669790544448, -10.566348542076867, -10.566663798260834, -10.5669790544448, -10.566348542076867, -10.5669790544448, -10.566348542076867, -10.566663798260834, -10.5669790544448, -10.566663798260834, -10.566663798260834, -10.5669790544448, -10.5669790544448, -10.566663798260834, -10.566663798260834, -10.566348542076867, -10.5669790544448, -10.5669790544448, -10.5669790544448, -10.566348542076867, -10.566663798260834, -10.566663798260834, -10.5669790544448, -10.5669790544448, -10.5669790544448, -10.566663798260834, -10.566663798260834, -10.566663798260834, -10.5669790544448, -10.5669790544448, -10.5669790544448, -10.566663798260834, -10.566348542076867, -10.566663798260834, -10.566663798260834, -10.566663798260834, -10.5669790544448, -10.566663798260834, -10.5669790544448, -10.566663798260834, -10.566663798260834, -10.566663798260834, -10.5669790544448, -10.566663798260834, -10.566348542076867, -10.566663798260834, -10.566663798260834, -10.566663798260834, -10.566663798260834, -10.5669790544448, -10.566663798260834, -10.566348542076867, -10.566663798260834, -10.566663798260834, -10.566663798260834, -10.566663798260834, -10.5669790544448, -10.5669790544448, -10.566663798260834, -10.5669790544448, -10.566663798260834, -10.566348542076867, -10.566663798260834, -10.566663798260834, -10.5669790544448, -10.566663798260834, -10.5669790544448, -10.566348542076867, -10.5669790544448, -10.566663798260834, -10.566663798260834, -10.566663798260834, -10.566663798260834, -10.5669790544448, -10.5669790544448, -10.566663798260834, -10.566348542076867, -10.5669790544448, -10.566663798260834, -10.566663798260834, -10.5669790544448, -10.566663798260834, -10.566663798260834, -10.566663798260834, -10.566663798260834, -10.566663798260834, -10.5669790544448, -10.566348542076867, -10.566348542076867, -10.566663798260834, -10.566663798260834, -10.566663798260834, -10.566663798260834, -10.566663798260834, -10.566663798260834, -10.566348542076867, -10.566663798260834, -10.566663798260834, -10.566663798260834, -10.566348542076867, -10.5669790544448, -10.5669790544448, -10.566663798260834, -10.566348542076867, -10.566348542076867, -10.5669790544448, -10.566348542076867, -10.5669790544448, -10.566663798260834, -10.566348542076867, -10.566663798260834, -10.566663798260834, -10.566663798260834, -10.566348542076867, -10.566663798260834, -10.566348542076867, -10.566663798260834, -10.566663798260834, -10.5669790544448, -10.566663798260834, -10.566663798260834, -10.5669790544448, -10.566663798260834, -10.566663798260834, -10.566663798260834, -10.566663798260834, -10.566663798260834, -10.566348542076867, -10.566663798260834, -10.566663798260834, -10.5669790544448, -10.566348542076867, -10.566348542076867, -10.566663798260834, -10.566348542076867, -10.566663798260834, -10.566663798260834, -10.5669790544448, -10.566348542076867, -10.566663798260834, -10.566663798260834, -10.566663798260834, -10.566663798260834, -10.566663798260834, -10.566348542076867, -10.566663798260834, -10.566663798260834, -10.566663798260834, -10.5669790544448, -10.566348542076867, -10.566663798260834, -10.566663798260834, -10.566663798260834, -10.566663798260834, -10.566663798260834, -10.566663798260834, -10.566663798260834, -10.566663798260834, -10.566348542076867, -10.566348542076867, -10.5669790544448, -10.566663798260834, -10.566663798260834, -10.566663798260834, -10.566663798260834, -10.566663798260834, -10.5669790544448, -10.5669790544448, -10.566348542076867, -10.566663798260834, -10.566663798260834, -10.566663798260834, -10.566348542076867, -10.5669790544448, -10.566663798260834], \"AIN2\": [-10.566663798260834, -10.566348542076867, -10.5669790544448, -10.5669790544448, -10.5669790544448, -10.5669790544448, -10.566348542076867, -10.566663798260834, -10.566348542076867, -10.566348542076867, -10.566663798260834, -10.5669790544448, -10.566663798260834, -10.566663798260834, -10.566663798260834, -10.566663798260834, -10.566348542076867, -10.5669790544448, -10.566663798260834, -10.5669790544448, -10.5669790544448, -10.5669790544448, -10.566348542076867, -10.566348542076867, -10.5669790544448, -10.566663798260834, -10.566663798260834, -10.566348542076867, -10.566663798260834, -10.566663798260834, -10.566663798260834, -10.5669790544448, -10.5669790544448, -10.566663798260834, -10.566663798260834, -10.566663798260834, -10.566663798260834, -10.566663798260834, -10.566348542076867, -10.5669790544448, -10.5669790544448, -10.566663798260834, -10.566348542076867, -10.5669790544448, -10.566663798260834, -10.566663798260834, -10.566663798260834, -10.566663798260834, -10.566663798260834, -10.566663798260834, -10.566663798260834, -10.566663798260834, -10.566663798260834, -10.566663798260834, -10.5669790544448, -10.566663798260834, -10.566663798260834, -10.566663798260834, -10.566663798260834, -10.566663798260834, -10.566663798260834, -10.566663798260834, -10.566663798260834, -10.5669790544448, -10.566663798260834, -10.5669790544448, -10.566348542076867, -10.566663798260834, -10.5669790544448, -10.566663798260834, -10.566663798260834, -10.5669790544448, -10.566663798260834, -10.566663798260834, -10.566348542076867, -10.566348542076867, -10.566663798260834, -10.566663798260834, -10.5669790544448, -10.566348542076867, -10.566663798260834, -10.567294310628768, -10.566348542076867, -10.566663798260834, -10.566663798260834, -10.566663798260834, -10.566663798260834, -10.566663798260834, -10.566663798260834, -10.566663798260834, -10.566348542076867, -10.566348542076867, -10.5669790544448, -10.566663798260834, -10.566348542076867, -10.566348542076867, -10.5669790544448, -10.5669790544448, -10.566663798260834, -10.566663798260834, -10.566663798260834, -10.566348542076867, -10.566663798260834, -10.566663798260834, -10.566663798260834, -10.566348542076867, -10.5669790544448, -10.566663798260834, -10.566663798260834, -10.5669790544448, -10.5669790544448, -10.5669790544448, -10.566663798260834, -10.5669790544448, -10.566663798260834, -10.566663798260834, -10.566348542076867, -10.5669790544448, -10.566348542076867, -10.566663798260834, -10.566348542076867, -10.566663798260834, -10.566663798260834, -10.566348542076867, -10.566663798260834, -10.566663798260834, -10.566348542076867, -10.566663798260834, -10.5669790544448, -10.566663798260834, -10.566663798260834, -10.566663798260834, -10.5669790544448, -10.566663798260834, -10.566348542076867, -10.566663798260834, -10.5669790544448, -10.566663798260834, -10.566663798260834, -10.566348542076867, -10.5669790544448, -10.566348542076867, -10.566663798260834, -10.566663798260834, -10.566663798260834, -10.566663798260834, -10.566348542076867, -10.566663798260834, -10.5669790544448, -10.566663798260834, -10.5669790544448, -10.5669790544448, -10.566663798260834, -10.566663798260834, -10.566348542076867, -10.566663798260834, -10.566663798260834, -10.566663798260834, -10.566663798260834, -10.566348542076867, -10.566663798260834, -10.566663798260834, -10.566663798260834, -10.5669790544448, -10.566663798260834, -10.566663798260834, -10.566663798260834, -10.566348542076867, -10.566663798260834, -10.566663798260834, -10.566348542076867, -10.566663798260834, -10.566663798260834, -10.566663798260834, -10.566663798260834, -10.5669790544448, -10.5669790544448, -10.5669790544448, -10.566663798260834, -10.566348542076867, -10.5669790544448, -10.566663798260834, -10.5669790544448, -10.566348542076867, -10.566348542076867, -10.5669790544448, -10.566663798260834, -10.5669790544448, -10.566348542076867, -10.566663798260834, -10.566663798260834, -10.5669790544448, -10.566663798260834, -10.5669790544448, -10.566348542076867, -10.566663798260834, -10.566663798260834, -10.566663798260834, -10.5669790544448, -10.566663798260834, -10.566663798260834, -10.566663798260834, -10.5669790544448, -10.566663798260834, -10.5669790544448, -10.5669790544448, -10.566663798260834, -10.566663798260834, -10.566663798260834, -10.566348542076867, -10.566663798260834, -10.566663798260834, -10.566663798260834, -10.5669790544448, -10.566663798260834, -10.566348542076867, -10.5669790544448, -10.566663798260834, -10.5669790544448, -10.5669790544448, -10.566663798260834, -10.5669790544448, -10.566663798260834, -10.566663798260834, -10.566663798260834, -10.5669790544448, -10.566663798260834, -10.566348542076867, -10.566663798260834, -10.5669790544448, -10.566663798260834, -10.5669790544448, -10.566663798260834, -10.566348542076867, -10.5669790544448, -10.566348542076867, -10.5669790544448, -10.5669790544448, -10.566663798260834, -10.5669790544448, -10.5669790544448, -10.566663798260834, -10.566663798260834, -10.566663798260834, -10.5669790544448, -10.566663798260834, -10.5669790544448, -10.566348542076867, -10.566663798260834, -10.5669790544448], \"AIN3\": [-10.5669790544448, -10.566663798260834, -10.566348542076867, -10.5669790544448, -10.566348542076867, -10.566348542076867, -10.566348542076867, -10.5669790544448, -10.566663798260834, -10.566663798260834, -10.566663798260834, -10.566663798260834, -10.5669790544448, -10.566663798260834, -10.5669790544448, -10.566348542076867, -10.566663798260834, -10.566663798260834, -10.566663798260834, -10.566663798260834, -10.566348542076867, -10.566663798260834, -10.566348542076867, -10.566348542076867, -10.5669790544448, -10.566663798260834, -10.566663798260834, -10.566663798260834, -10.566663798260834, -10.566663798260834, -10.5669790544448, -10.566663798260834, -10.566663798260834, -10.5669790544448, -10.566663798260834, -10.566663798260834, -10.566663798260834, -10.566348542076867, -10.566663798260834, -10.5669790544448, -10.566663798260834, -10.5669790544448, -10.566663798260834, -10.566663798260834, -10.5669790544448, -10.5669790544448, -10.566663798260834, -10.566663798260834, -10.566663798260834, -10.566663798260834, -10.566663798260834, -10.566663798260834, -10.566663798260834, -10.566663798260834, -10.566663798260834, -10.566663798260834, -10.566663798260834, -10.566663798260834, -10.566348542076867, -10.566663798260834, -10.566663798260834, -10.566663798260834, -10.5669790544448, -10.566663798260834, -10.566663798260834, -10.566663798260834, -10.566663798260834, -10.566348542076867, -10.566663798260834, -10.566663798260834, -10.566663798260834, -10.566663798260834, -10.566348542076867, -10.5669790544448, -10.5669790544448, -10.566663798260834, -10.566663798260834, -10.566663798260834, -10.566663798260834, -10.566663798260834, -10.566663798260834, -10.566348542076867, -10.5669790544448, -10.566663798260834, -10.566663798260834, -10.566663798260834, -10.566663798260834, -10.566663798260834, -10.566348542076867, -10.566663798260834, -10.566663798260834, -10.566348542076867, -10.5669790544448, -10.5669790544448, -10.566663798260834, -10.566663798260834, -10.566663798260834, -10.5669790544448, -10.566348542076867, -10.566348542076867, -10.5669790544448, -10.5669790544448, -10.566348542076867, -10.5669790544448, -10.566348542076867, -10.5669790544448, -10.566348542076867, -10.566663798260834, -10.566663798260834, -10.5669790544448, -10.566663798260834, -10.566663798260834, -10.566663798260834, -10.566663798260834, -10.566663798260834, -10.566663798260834, -10.566663798260834, -10.566663798260834, -10.5669790544448, -10.566348542076867, -10.5669790544448, -10.5669790544448, -10.5669790544448, -10.5669790544448, -10.5669790544448, -10.566663798260834, -10.566663798260834, -10.5669790544448, -10.566663798260834, -10.566663798260834, -10.566348542076867, -10.566348542076867, -10.566663798260834, -10.566663798260834, -10.5669790544448, -10.5669790544448, -10.566663798260834, -10.566348542076867, -10.5669790544448, -10.5669790544448, -10.566663798260834, -10.566663798260834, -10.5669790544448, -10.566663798260834, -10.566348542076867, -10.566348542076867, -10.5669790544448, -10.5669790544448, -10.5669790544448, -10.5669790544448, -10.5669790544448, -10.566663798260834, -10.566663798260834, -10.566663798260834, -10.566663798260834, -10.5669790544448, -10.566348542076867, -10.5669790544448, -10.5669790544448, -10.566663798260834, -10.566663798260834, -10.566663798260834, -10.5669790544448, -10.566663798260834, -10.566663798260834, -10.566348542076867, -10.566663798260834, -10.566663798260834, -10.5669790544448, -10.566663798260834, -10.566663798260834, -10.5669790544448, -10.5669790544448, -10.566663798260834, -10.566663798260834, -10.5669790544448, -10.566348542076867, -10.566663798260834, -10.5669790544448, -10.566348542076867, -10.566663798260834, -10.5669790544448, -10.5669790544448, -10.566348542076867, -10.567294310628768, -10.566348542076867, -10.566663798260834, -10.566663798260834, -10.566348542076867, -10.566663798260834, -10.5669790544448, -10.566348542076867, -10.5669790544448, -10.566663798260834, -10.566663798260834, -10.566663798260834, -10.566663798260834, -10.566663798260834, -10.566663798260834, -10.566348542076867, -10.566348542076867, -10.5669790544448, -10.5669790544448, -10.566663798260834, -10.566663798260834, -10.566663798260834, -10.566348542076867, -10.566663798260834, -10.566663798260834, -10.566348542076867, -10.566663798260834, -10.566663798260834, -10.566663798260834, -10.566663798260834, -10.5669790544448, -10.5669790544448, -10.566663798260834, -10.566663798260834, -10.566348542076867, -10.566663798260834, -10.566348542076867, -10.566663798260834, -10.566348542076867, -10.566663798260834, -10.566663798260834, -10.566663798260834, -10.566663798260834, -10.566663798260834, -10.566663798260834, -10.5669790544448, -10.5669790544448, -10.5669790544448, -10.566663798260834, -10.566348542076867, -10.5669790544448, -10.566663798260834, -10.566663798260834, -10.566663798260834, -10.5669790544448, -10.566663798260834, -10.566663798260834, -10.5669790544448, -10.566663798260834, -10.566663798260834, -10.566663798260834, -10.566663798260834, -10.5669790544448, -10.566663798260834, -10.566663798260834, -10.566663798260834]}, \"data_type\": \"<type 'collections.defaultdict'>\"}"}
{"message": "{\"timestamp\": 2.4897241592407227, \"object_type\": \"labjack_stream\", \"data\": {\"AIN0\": [-10.566663798260834, -10.566348542076867, -10.5669790544448, -10.5669790544448, -10.566663798260834, -10.566348542076867, -10.566663798260834, -10.566348542076867, -10.566348542076867, -10.566663798260834, -10.5669790544448, -10.566663798260834, -10.5669790544448, -10.566663798260834, -10.566348542076867, -10.566348542076867, -10.566663798260834, -10.5669790544448, -10.566663798260834, -10.566348542076867, -10.566663798260834, -10.566663798260834, -10.566348542076867, -10.566663798260834, -10.566663798260834, -10.5669790544448, -10.566663798260834, -10.566663798260834, -10.566663798260834, -10.566663798260834, -10.566663798260834, -10.566663798260834, -10.566663798260834, -10.566663798260834, -10.566663798260834, -10.5669790544448, -10.566663798260834, -10.5669790544448, -10.566663798260834, -10.566663798260834, -10.5669790544448, -10.566348542076867, -10.566348542076867, -10.566348542076867, -10.5669790544448, -10.5669790544448, -10.566663798260834, -10.566663798260834, -10.5669790544448, -10.566663798260834, -10.566348542076867, -10.566663798260834, -10.566348542076867, -10.566663798260834, -10.566348542076867, -10.5669790544448, -10.566663798260834, -10.566663798260834, -10.566663798260834, -10.566348542076867, -10.566348542076867, -10.566663798260834, -10.566348542076867, -10.566663798260834, -10.566663798260834, -10.566663798260834, -10.566663798260834, -10.566663798260834, -10.566663798260834, -10.566663798260834, -10.566663798260834, -10.566663798260834, -10.566348542076867, -10.566663798260834, -10.5669790544448, -10.566663798260834, -10.566663798260834, -10.566348542076867, -10.566348542076867, -10.566663798260834, -10.5669790544448, -10.566663798260834, -10.5669790544448, -10.566348542076867, -10.566663798260834, -10.566663798260834, -10.566348542076867, -10.566663798260834, -10.5669790544448, -10.566663798260834, -10.566663798260834, -10.5669790544448, -10.566348542076867, -10.566663798260834, -10.566663798260834, -10.566348542076867, -10.566663798260834, -10.5669790544448, -10.566663798260834, -10.566663798260834, -10.566348542076867, -10.566663798260834, -10.566348542076867, -10.566663798260834, -10.566348542076867, -10.566663798260834, -10.566348542076867, -10.566348542076867, -10.566663798260834, -10.566663798260834, -10.5669790544448, -10.5669790544448, -10.566663798260834, -10.566663798260834, -10.566663798260834, -10.566663798260834, -10.566663798260834, -10.5669790544448, -10.566348542076867, -10.566663798260834, -10.5669790544448, -10.5669790544448, -10.566348542076867, -10.566663798260834, -10.566348542076867, -10.566663798260834, -10.5669790544448, -10.566663798260834, -10.566663798260834, -10.5669790544448, -10.566663798260834, -10.566348542076867, -10.566663798260834, -10.566348542076867, -10.566663798260834, -10.566348542076867, -10.566663798260834, -10.566348542076867, -10.566663798260834, -10.566663798260834, -10.566348542076867, -10.566663798260834, -10.566348542076867, -10.566348542076867, -10.566663798260834, -10.566663798260834, -10.566348542076867, -10.566663798260834, -10.566663798260834, -10.5669790544448, -10.566663798260834, -10.566663798260834, -10.566663798260834, -10.566663798260834, -10.5669790544448, -10.5669790544448, -10.5669790544448, -10.566663798260834, -10.566663798260834, -10.566348542076867, -10.566348542076867, -10.566663798260834, -10.566663798260834, -10.566663798260834, -10.566348542076867, -10.5669790544448, -10.566663798260834, -10.566663798260834, -10.5660332858929, -10.566663798260834, -10.5669790544448, -10.566348542076867, -10.566348542076867, -10.566663798260834, -10.566663798260834, -10.566663798260834, -10.566663798260834, -10.566348542076867, -10.566663798260834, -10.566663798260834, -10.5669790544448, -10.566663798260834, -10.566348542076867, -10.566663798260834, -10.566348542076867, -10.5669790544448, -10.566663798260834, -10.566663798260834, -10.566348542076867, -10.566348542076867, -10.566348542076867, -10.5669790544448, -10.566663798260834, -10.5669790544448, -10.5669790544448, -10.566663798260834, -10.5669790544448, -10.566663798260834, -10.566663798260834, -10.5669790544448, -10.566663798260834, -10.566348542076867, -10.566348542076867, -10.566663798260834, -10.566663798260834, -10.566663798260834, -10.566663798260834, -10.566663798260834, -10.566663798260834, -10.566663798260834, -10.566663798260834, -10.566348542076867, -10.566663798260834, -10.566663798260834, -10.566663798260834, -10.5669790544448, -10.566663798260834, -10.5669790544448, -10.566348542076867, -10.5669790544448, -10.566663798260834, -10.566663798260834, -10.5669790544448, -10.566663798260834, -10.5669790544448, -10.5669790544448, -10.566663798260834, -10.566663798260834, -10.566663798260834, -10.566663798260834, -10.566663798260834, -10.566663798260834, -10.5669790544448, -10.566663798260834, -10.566663798260834, -10.566663798260834, -10.566663798260834, -10.566663798260834, -10.566663798260834, -10.566348542076867, -10.566663798260834, -10.566348542076867, -10.566348542076867, -10.566348542076867, -10.566663798260834, -10.566663798260834, -10.5669790544448, -10.566663798260834, -10.566663798260834, -10.566348542076867], \"AIN1\": [-10.566663798260834, -10.566348542076867, -10.566663798260834, -10.566663798260834, -10.566663798260834, -10.5669790544448, -10.566348542076867, -10.566663798260834, -10.566663798260834, -10.5669790544448, -10.566663798260834, -10.566663798260834, -10.5669790544448, -10.566348542076867, -10.566663798260834, -10.566663798260834, -10.5669790544448, -10.566348542076867, -10.566663798260834, -10.566348542076867, -10.566663798260834, -10.566663798260834, -10.5669790544448, -10.566663798260834, -10.566663798260834, -10.566663798260834, -10.566663798260834, -10.566663798260834, -10.566663798260834, -10.566663798260834, -10.566663798260834, -10.5669790544448, -10.566663798260834, -10.566348542076867, -10.566348542076867, -10.5669790544448, -10.566348542076867, -10.5669790544448, -10.566348542076867, -10.566348542076867, -10.566348542076867, -10.566663798260834, -10.5669790544448, -10.566663798260834, -10.5669790544448, -10.5669790544448, -10.566348542076867, -10.566663798260834, -10.566663798260834, -10.5669790544448, -10.566663798260834, -10.566663798260834, -10.5669790544448, -10.5669790544448, -10.566663798260834, -10.566663798260834, -10.566663798260834, -10.566663798260834, -10.566663798260834, -10.566663798260834, -10.566348542076867, -10.5669790544448, -10.566663798260834, -10.566663798260834, -10.5669790544448, -10.566663798260834, -10.566348542076867, -10.566663798260834, -10.566663798260834, -10.566663798260834, -10.5669790544448, -10.566663798260834, -10.566663798260834, -10.566663798260834, -10.566348542076867, -10.566663798260834, -10.5669790544448, -10.566663798260834, -10.566663798260834, -10.566663798260834, -10.566663798260834, -10.5669790544448, -10.566663798260834, -10.566348542076867, -10.566663798260834, -10.566663798260834, -10.566663798260834, -10.566348542076867, -10.566663798260834, -10.566663798260834, -10.5669790544448, -10.5669790544448, -10.5669790544448, -10.566663798260834, -10.566348542076867, -10.566663798260834, -10.5669790544448, -10.566663798260834, -10.5669790544448, -10.566663798260834, -10.566663798260834, -10.5669790544448, -10.566663798260834, -10.566663798260834, -10.566348542076867, -10.5669790544448, -10.566663798260834, -10.566348542076867, -10.5669790544448, -10.566663798260834, -10.566663798260834, -10.566663798260834, -10.566348542076867, -10.5669790544448, -10.5669790544448, -10.566663798260834, -10.566663798260834, -10.566348542076867, -10.566348542076867, -10.566663798260834, -10.5669790544448, -10.566663798260834, -10.566348542076867, -10.566663798260834, -10.566348542076867, -10.566663798260834, -10.566663798260834, -10.5669790544448, -10.566663798260834, -10.566663798260834, -10.5669790544448, -10.566663798260834, -10.566663798260834, -10.566663798260834, -10.566663798260834, -10.566663798260834, -10.566663798260834, -10.5669790544448, -10.566663798260834, -10.566663798260834, -10.5669790544448, -10.566663798260834, -10.566663798260834, -10.5669790544448, -10.566663798260834, -10.566663798260834, -10.566663798260834, -10.566663798260834, -10.566663798260834, -10.566663798260834, -10.566663798260834, -10.566663798260834, -10.566663798260834, -10.5669790544448, -10.566348542076867, -10.566663798260834, -10.566663798260834, -10.566663798260834, -10.5669790544448, -10.566348542076867, -10.566348542076867, -10.566663798260834, -10.566348542076867, -10.5669790544448, -10.566663798260834, -10.5669790544448, -10.5669790544448, -10.566663798260834, -10.566663798260834, -10.5660332858929, -10.566348542076867, -10.566348542076867, -10.566348542076867, -10.5669790544448, -10.5669790544448, -10.566663798260834, -10.566663798260834, -10.566663798260834, -10.566663798260834, -10.566663798260834, -10.566348542076867, -10.566348542076867, -10.566663798260834, -10.566663798260834, -10.5669790544448, -10.566663798260834, -10.566348542076867, -10.566663798260834, -10.5669790544448, -10.566663798260834, -10.5669790544448, -10.5669790544448, -10.566663798260834, -10.566663798260834, -10.566663798260834, -10.566348542076867, -10.5669790544448, -10.566663798260834, -10.566663798260834, -10.566663798260834, -10.566663798260834, -10.5669790544448, -10.5669790544448, -10.566348542076867, -10.5669790544448, -10.5669790544448, -10.566663798260834, -10.5669790544448, -10.5669790544448, -10.5669790544448, -10.566348542076867, -10.5669790544448, -10.566663798260834, -10.566663798260834, -10.566663798260834, -10.566663798260834, -10.566663798260834, -10.5669790544448, -10.566663798260834, -10.5669790544448, -10.566663798260834, -10.566663798260834, -10.5669790544448, -10.566663798260834, -10.566348542076867, -10.566663798260834, -10.566663798260834, -10.566348542076867, -10.5669790544448, -10.566663798260834, -10.566663798260834, -10.566663798260834, -10.566663798260834, -10.566663798260834, -10.5669790544448, -10.566348542076867, -10.566663798260834, -10.5669790544448, -10.566663798260834, -10.566663798260834, -10.5669790544448, -10.5669790544448, -10.5669790544448, -10.566663798260834, -10.5669790544448, -10.5669790544448, -10.566663798260834, -10.566663798260834, -10.5669790544448, -10.566348542076867], \"AIN2\": [-10.5669790544448, -10.566663798260834, -10.566663798260834, -10.566348542076867, -10.566663798260834, -10.566348542076867, -10.566663798260834, -10.5669790544448, -10.566663798260834, -10.5669790544448, -10.566663798260834, -10.566663798260834, -10.566663798260834, -10.5669790544448, -10.566663798260834, -10.5669790544448, -10.5669790544448, -10.566663798260834, -10.566663798260834, -10.566663798260834, -10.566663798260834, -10.566663798260834, -10.566348542076867, -10.5669790544448, -10.566663798260834, -10.566663798260834, -10.566663798260834, -10.566663798260834, -10.5669790544448, -10.566663798260834, -10.566663798260834, -10.566663798260834, -10.566663798260834, -10.5669790544448, -10.566663798260834, -10.566348542076867, -10.566663798260834, -10.566663798260834, -10.5669790544448, -10.566348542076867, -10.566663798260834, -10.566663798260834, -10.5669790544448, -10.566348542076867, -10.5669790544448, -10.566663798260834, -10.5669790544448, -10.566663798260834, -10.5669790544448, -10.5669790544448, -10.5669790544448, -10.566663798260834, -10.5669790544448, -10.566663798260834, -10.566663798260834, -10.566663798260834, -10.566348542076867, -10.566348542076867, -10.566663798260834, -10.566348542076867, -10.566663798260834, -10.5669790544448, -10.5669790544448, -10.5669790544448, -10.566663798260834, -10.566348542076867, -10.5669790544448, -10.566663798260834, -10.566663798260834, -10.566663798260834, -10.5669790544448, -10.566663798260834, -10.5669790544448, -10.566663798260834, -10.566663798260834, -10.566663798260834, -10.566663798260834, -10.566663798260834, -10.5669790544448, -10.5669790544448, -10.566348542076867, -10.566348542076867, -10.566663798260834, -10.566663798260834, -10.566348542076867, -10.566663798260834, -10.566663798260834, -10.566663798260834, -10.566663798260834, -10.5669790544448, -10.566663798260834, -10.5669790544448, -10.566663798260834, -10.5669790544448, -10.566663798260834, -10.566663798260834, -10.566663798260834, -10.566663798260834, -10.5669790544448, -10.5669790544448, -10.5669790544448, -10.566663798260834, -10.566663798260834, -10.566663798260834, -10.5669790544448, -10.566348542076867, -10.566348542076867, -10.5669790544448, -10.566348542076867, -10.5669790544448, -10.566663798260834, -10.566663798260834, -10.566348542076867, -10.566663798260834, -10.5669790544448, -10.5669790544448, -10.5669790544448, -10.566663798260834, -10.566348542076867, -10.566663798260834, -10.566663798260834, -10.566348542076867, -10.5669790544448, -10.566663798260834, -10.566663798260834, -10.566663798260834, -10.5669790544448, -10.566348542076867, -10.566663798260834, -10.566663798260834, -10.5669790544448, -10.566663798260834, -10.566663798260834, -10.5669790544448, -10.566663798260834, -10.5669790544448, -10.566663798260834, -10.566348542076867, -10.566663798260834, -10.5669790544448, -10.5669790544448, -10.566348542076867, -10.566663798260834, -10.566663798260834, -10.566663798260834, -10.566348542076867, -10.5669790544448, -10.566663798260834, -10.566663798260834, -10.5669790544448, -10.5669790544448, -10.566663798260834, -10.566348542076867, -10.5669790544448, -10.566348542076867, -10.566663798260834, -10.5669790544448, -10.566663798260834, -10.566663798260834, -10.5669790544448, -10.566663798260834, -10.566663798260834, -10.566663798260834, -10.566663798260834, -10.566348542076867, -10.5669790544448, -10.566663798260834, -10.566348542076867, -10.566663798260834, -10.5669790544448, -10.566663798260834, -10.566663798260834, -10.566663798260834, -10.566663798260834, -10.5669790544448, -10.566348542076867, -10.566663798260834, -10.566663798260834, -10.566663798260834, -10.5669790544448, -10.5669790544448, -10.5669790544448, -10.566663798260834, -10.5669790544448, -10.566663798260834, -10.566663798260834, -10.566663798260834, -10.5660332858929, -10.566663798260834, -10.566348542076867, -10.566663798260834, -10.566663798260834, -10.5669790544448, -10.566663798260834, -10.566663798260834, -10.566663798260834, -10.566663798260834, -10.5669790544448, -10.566663798260834, -10.566663798260834, -10.566663798260834, -10.566663798260834, -10.566663798260834, -10.566348542076867, -10.566348542076867, -10.566348542076867, -10.566663798260834, -10.566663798260834, -10.566663798260834, -10.566348542076867, -10.566348542076867, -10.5669790544448, -10.566663798260834, -10.5669790544448, -10.566663798260834, -10.5669790544448, -10.566663798260834, -10.566663798260834, -10.566663798260834, -10.566663798260834, -10.5669790544448, -10.5669790544448, -10.566663798260834, -10.5669790544448, -10.5669790544448, -10.566663798260834, -10.566663798260834, -10.5669790544448, -10.566663798260834, -10.566663798260834, -10.566663798260834, -10.566663798260834, -10.5669790544448, -10.5669790544448, -10.566663798260834, -10.5669790544448, -10.566663798260834, -10.566663798260834, -10.566663798260834, -10.5669790544448, -10.566663798260834, -10.566663798260834, -10.5669790544448, -10.566663798260834, -10.5669790544448, -10.566663798260834, -10.566348542076867, -10.566663798260834, -10.566348542076867, -10.5669790544448], \"AIN3\": [-10.5669790544448, -10.5669790544448, -10.566663798260834, -10.566663798260834, -10.566663798260834, -10.566348542076867, -10.566663798260834, -10.5669790544448, -10.566663798260834, -10.566348542076867, -10.5669790544448, -10.566663798260834, -10.566663798260834, -10.566663798260834, -10.5669790544448, -10.566663798260834, -10.566663798260834, -10.566348542076867, -10.566663798260834, -10.5669790544448, -10.566348542076867, -10.566663798260834, -10.5669790544448, -10.566663798260834, -10.566663798260834, -10.566348542076867, -10.5669790544448, -10.5669790544448, -10.5669790544448, -10.566663798260834, -10.566663798260834, -10.566663798260834, -10.566348542076867, -10.5669790544448, -10.5669790544448, -10.566663798260834, -10.566348542076867, -10.5669790544448, -10.566663798260834, -10.566663798260834, -10.566663798260834, -10.5669790544448, -10.566663798260834, -10.566348542076867, -10.566663798260834, -10.5669790544448, -10.5669790544448, -10.566663798260834, -10.566348542076867, -10.566348542076867, -10.5669790544448, -10.566348542076867, -10.566663798260834, -10.566663798260834, -10.566663798260834, -10.5669790544448, -10.566348542076867, -10.566663798260834, -10.566663798260834, -10.566663798260834, -10.566663798260834, -10.5669790544448, -10.5669790544448, -10.566348542076867, -10.566663798260834, -10.566663798260834, -10.566663798260834, -10.566663798260834, -10.5669790544448, -10.566663798260834, -10.566348542076867, -10.566663798260834, -10.566663798260834, -10.566663798260834, -10.566663798260834, -10.566663798260834, -10.566663798260834, -10.566348542076867, -10.566663798260834, -10.5669790544448, -10.5669790544448, -10.566663798260834, -10.5669790544448, -10.566348542076867, -10.566348542076867, -10.5669790544448, -10.5669790544448, -10.566348542076867, -10.566663798260834, -10.566663798260834, -10.566663798260834, -10.566663798260834, -10.566348542076867, -10.5669790544448, -10.566663798260834, -10.5669790544448, -10.566663798260834, -10.566663798260834, -10.5669790544448, -10.566663798260834, -10.5669790544448, -10.566663798260834, -10.566663798260834, -10.566663798260834, -10.5669790544448, -10.566663798260834, -10.5669790544448, -10.566663798260834, -10.5669790544448, -10.566348542076867, -10.566348542076867, -10.566663798260834, -10.5669790544448, -10.5669790544448, -10.566663798260834, -10.566663798260834, -10.566663798260834, -10.5669790544448, -10.566348542076867, -10.566663798260834, -10.566663798260834, -10.566663798260834, -10.566348542076867, -10.566663798260834, -10.566663798260834, -10.566663798260834, -10.5669790544448, -10.566663798260834, -10.5669790544448, -10.5669790544448, -10.566663798260834, -10.566663798260834, -10.566663798260834, -10.5669790544448, -10.566663798260834, -10.5669790544448, -10.566663798260834, -10.5669790544448, -10.566663798260834, -10.5669790544448, -10.5669790544448, -10.566663798260834, -10.566663798260834, -10.5669790544448, -10.566348542076867, -10.566348542076867, -10.566663798260834, -10.566348542076867, -10.566663798260834, -10.566348542076867, -10.566663798260834, -10.566348542076867, -10.566663798260834, -10.5669790544448, -10.566663798260834, -10.566663798260834, -10.566663798260834, -10.566663798260834, -10.566663798260834, -10.566348542076867, -10.566663798260834, -10.566663798260834, -10.566663798260834, -10.566348542076867, -10.566348542076867, -10.5669790544448, -10.566348542076867, -10.566663798260834, -10.566663798260834, -10.566663798260834, -10.5669790544448, -10.566663798260834, -10.566663798260834, -10.5669790544448, -10.566348542076867, -10.5669790544448, -10.5669790544448, -10.566663798260834, -10.566348542076867, -10.566663798260834, -10.566663798260834, -10.566663798260834, -10.5669790544448, -10.566663798260834, -10.5669790544448, -10.566348542076867, -10.566663798260834, -10.5669790544448, -10.566663798260834, -10.566663798260834, -10.5669790544448, -10.566663798260834, -10.5669790544448, -10.566348542076867, -10.566663798260834, -10.5669790544448, -10.566663798260834, -10.566663798260834, -10.566663798260834, -10.5669790544448, -10.566663798260834, -10.566348542076867, -10.566663798260834, -10.566663798260834, -10.566663798260834, -10.566348542076867, -10.566663798260834, -10.5669790544448, -10.5669790544448, -10.566663798260834, -10.5669790544448, -10.566663798260834, -10.566663798260834, -10.5669790544448, -10.5669790544448, -10.566663798260834, -10.566663798260834, -10.566663798260834, -10.566663798260834, -10.5669790544448, -10.566663798260834, -10.5669790544448, -10.566663798260834, -10.5669790544448, -10.5669790544448, -10.566663798260834, -10.5669790544448, -10.566663798260834, -10.566663798260834, -10.566663798260834, -10.5669790544448, -10.566663798260834, -10.566663798260834, -10.566663798260834, -10.566663798260834, -10.566663798260834, -10.566348542076867, -10.5669790544448, -10.566663798260834, -10.566348542076867, -10.5669790544448, -10.566348542076867, -10.566348542076867, -10.566348542076867, -10.566663798260834, -10.566663798260834, -10.5669790544448, -10.566663798260834, -10.566348542076867, -10.5669790544448]}, \"data_type\": \"<type 'collections.defaultdict'>\"}"}
{"message": "{\"timestamp\": 2.764209032058716, \"object_type\": \"labjack_stream\", \"data\": {\"AIN0\": [-10.566663798260834, -10.566348542076867, -10.566663798260834, -10.566663798260834, -10.566663798260834, -10.566663798260834, -10.566663798260834, -10.566348542076867, -10.566663798260834, -10.566663798260834, -10.566663798260834, -10.566348542076867, -10.5669790544448, -10.566663798260834, -10.566663798260834, -10.566348542076867, -10.566663798260834, -10.566663798260834, -10.566663798260834, -10.566663798260834, -10.566663798260834, -10.5669790544448, -10.566663798260834, -10.566663798260834, -10.566348542076867, -10.566348542076867, -10.566663798260834, -10.566663798260834, -10.566348542076867, -10.566663798260834, -10.566348542076867, -10.5669790544448, -10.566663798260834, -10.566663798260834, -10.566663798260834, -10.5669790544448, -10.566663798260834, -10.5669790544448, -10.5669790544448, -10.566663798260834, -10.566348542076867, -10.566663798260834, -10.566348542076867, -10.566663798260834, -10.566663798260834, -10.566663798260834, -10.566663798260834, -10.566663798260834, -10.566348542076867, -10.5669790544448, -10.566663798260834, -10.5669790544448, -10.5669790544448, -10.566663798260834, -10.566663798260834, -10.5669790544448, -10.566663798260834, -10.566663798260834, -10.566348542076867, -10.5669790544448, -10.5669790544448, -10.566348542076867, -10.566348542076867, -10.566663798260834, -10.566663798260834, -10.566663798260834, -10.566663798260834, -10.566663798260834, -10.566348542076867, -10.566348542076867, -10.566663798260834, -10.5669790544448, -10.5669790544448, -10.566663798260834, -10.566663798260834, -10.566663798260834, -10.566663798260834, -10.566663798260834, -10.566348542076867, -10.566663798260834, -10.566663798260834, -10.566663798260834, -10.5669790544448, -10.566663798260834, -10.566663798260834, -10.566348542076867, -10.5669790544448, -10.566663798260834, -10.566663798260834, -10.5669790544448, -10.5669790544448, -10.566663798260834, -10.566663798260834, -10.566663798260834, -10.566348542076867, -10.566663798260834, -10.5669790544448, -10.566348542076867, -10.566663798260834, -10.5669790544448, -10.566663798260834, -10.566663798260834, -10.566663798260834, -10.5669790544448, -10.566663798260834, -10.566348542076867, -10.5669790544448, -10.566663798260834, -10.566348542076867, -10.566348542076867, -10.566663798260834, -10.566663798260834, -10.566663798260834, -10.566348542076867, -10.566663798260834, -10.5669790544448, -10.566348542076867, -10.566663798260834, -10.566348542076867, -10.5669790544448, -10.566663798260834, -10.566663798260834, -10.566663798260834, -10.566663798260834, -10.5669790544448, -10.566663798260834, -10.5669790544448, -10.566663798260834, -10.566663798260834, -10.566663798260834, -10.566348542076867, -10.566348542076867, -10.566348542076867, -10.566663798260834, -10.566663798260834, -10.566348542076867, -10.5669790544448, -10.566663798260834, -10.5669790544448, -10.566663798260834, -10.5669790544448, -10.566663798260834, -10.566663798260834, -10.5669790544448, -10.566663798260834, -10.566348542076867, -10.566663798260834, -10.566663798260834, -10.566663798260834, -10.566663798260834, -10.566348542076867, -10.5669790544448, -10.5669790544448, -10.566663798260834, -10.5669790544448, -10.566663798260834, -10.566663798260834, -10.566348542076867, -10.566663798260834, -10.566663798260834, -10.566663798260834, -10.566663798260834, -10.5669790544448, -10.566663798260834, -10.566663798260834, -10.566348542076867, -10.566663798260834, -10.566663798260834, -10.566663798260834, -10.566663798260834, -10.566348542076867, -10.566663798260834, -10.566663798260834, -10.566663798260834, -10.5669790544448, -10.566663798260834, -10.5669790544448, -10.566348542076867, -10.566663798260834, -10.5669790544448, -10.566663798260834, -10.566663798260834, -10.566663798260834, -10.566663798260834, -10.566663798260834, -10.566348542076867, -10.566348542076867, -10.566663798260834, -10.566663798260834, -10.5669790544448, -10.566663798260834, -10.566348542076867, -10.566663798260834, -10.5669790544448, -10.566663798260834, -10.566663798260834, -10.566348542076867, -10.566348542076867, -10.566663798260834, -10.566663798260834, -10.566663798260834, -10.566663798260834, -10.566663798260834, -10.566348542076867, -10.566348542076867, -10.5669790544448, -10.566663798260834, -10.566663798260834, -10.566663798260834, -10.5669790544448, -10.566348542076867, -10.566348542076867, -10.566348542076867, -10.566663798260834, -10.566663798260834, -10.566348542076867, -10.5669790544448, -10.566663798260834, -10.566663798260834, -10.566663798260834, -10.566348542076867, -10.566663798260834, -10.566663798260834, -10.5669790544448, -10.5669790544448, -10.566663798260834, -10.566663798260834, -10.566348542076867, -10.566663798260834, -10.566663798260834, -10.566663798260834, -10.566348542076867, -10.566348542076867, -10.566663798260834, -10.566663798260834, -10.566663798260834, -10.566663798260834, -10.566663798260834, -10.566348542076867, -10.566663798260834, -10.5669790544448, -10.566663798260834, -10.5669790544448, -10.566348542076867, -10.566663798260834, -10.566348542076867, -10.566348542076867, -10.566663798260834, -10.566663798260834, -10.566663798260834], \"AIN1\": [-10.5669790544448, -10.566348542076867, -10.566663798260834, -10.5669790544448, -10.5669790544448, -10.566348542076867, -10.5669790544448, -10.566663798260834, -10.566663798260834, -10.566663798260834, -10.566663798260834, -10.566348542076867, -10.566348542076867, -10.566663798260834, -10.5669790544448, -10.5669790544448, -10.566663798260834, -10.566663798260834, -10.566663798260834, -10.5669790544448, -10.566663798260834, -10.566663798260834, -10.566348542076867, -10.566663798260834, -10.566663798260834, -10.566348542076867, -10.566348542076867, -10.5669790544448, -10.566663798260834, -10.566663798260834, -10.566663798260834, -10.566663798260834, -10.5669790544448, -10.566663798260834, -10.566663798260834, -10.5669790544448, -10.566663798260834, -10.5669790544448, -10.566663798260834, -10.5669790544448, -10.566348542076867, -10.566348542076867, -10.566348542076867, -10.566663798260834, -10.566348542076867, -10.5669790544448, -10.5669790544448, -10.566663798260834, -10.566348542076867, -10.566663798260834, -10.566663798260834, -10.566663798260834, -10.566663798260834, -10.566663798260834, -10.566663798260834, -10.566348542076867, -10.5669790544448, -10.566663798260834, -10.566348542076867, -10.5669790544448, -10.566663798260834, -10.566663798260834, -10.5669790544448, -10.566663798260834, -10.566348542076867, -10.566663798260834, -10.566663798260834, -10.566663798260834, -10.566663798260834, -10.566663798260834, -10.5669790544448, -10.566663798260834, -10.566663798260834, -10.566663798260834, -10.566663798260834, -10.566663798260834, -10.566663798260834, -10.566663798260834, -10.566663798260834, -10.566663798260834, -10.566663798260834, -10.5669790544448, -10.566663798260834, -10.566663798260834, -10.566663798260834, -10.566663798260834, -10.5669790544448, -10.566663798260834, -10.566663798260834, -10.5669790544448, -10.5669790544448, -10.5669790544448, -10.566663798260834, -10.5669790544448, -10.566663798260834, -10.566663798260834, -10.5669790544448, -10.566663798260834, -10.566663798260834, -10.566663798260834, -10.5669790544448, -10.566663798260834, -10.566663798260834, -10.566348542076867, -10.566663798260834, -10.566348542076867, -10.566663798260834, -10.566348542076867, -10.5669790544448, -10.566663798260834, -10.566663798260834, -10.5669790544448, -10.566663798260834, -10.566663798260834, -10.566663798260834, -10.5669790544448, -10.566663798260834, -10.566348542076867, -10.5669790544448, -10.566348542076867, -10.566663798260834, -10.566663798260834, -10.5669790544448, -10.5669790544448, -10.566663798260834, -10.566663798260834, -10.566348542076867, -10.566663798260834, -10.5669790544448, -10.566663798260834, -10.5669790544448, -10.566348542076867, -10.566348542076867, -10.566663798260834, -10.5669790544448, -10.566348542076867, -10.566663798260834, -10.566348542076867, -10.566348542076867, -10.566663798260834, -10.566663798260834, -10.566663798260834, -10.566663798260834, -10.5669790544448, -10.566663798260834, -10.5669790544448, -10.566663798260834, -10.566663798260834, -10.5669790544448, -10.566663798260834, -10.5669790544448, -10.566348542076867, -10.5669790544448, -10.566348542076867, -10.566663798260834, -10.566663798260834, -10.566663798260834, -10.567294310628768, -10.566348542076867, -10.566663798260834, -10.566348542076867, -10.566663798260834, -10.5669790544448, -10.566663798260834, -10.5669790544448, -10.566663798260834, -10.5669790544448, -10.566348542076867, -10.5669790544448, -10.566663798260834, -10.566663798260834, -10.566663798260834, -10.5669790544448, -10.566663798260834, -10.566663798260834, -10.566663798260834, -10.5669790544448, -10.566663798260834, -10.566348542076867, -10.566663798260834, -10.5669790544448, -10.566663798260834, -10.566663798260834, -10.566663798260834, -10.566663798260834, -10.566348542076867, -10.566663798260834, -10.566663798260834, -10.566663798260834, -10.566663798260834, -10.566663798260834, -10.566663798260834, -10.566663798260834, -10.5669790544448, -10.566663798260834, -10.5669790544448, -10.566663798260834, -10.566348542076867, -10.5669790544448, -10.566663798260834, -10.566348542076867, -10.5669790544448, -10.566348542076867, -10.566663798260834, -10.566663798260834, -10.566663798260834, -10.566663798260834, -10.566348542076867, -10.566663798260834, -10.566663798260834, -10.566663798260834, -10.566663798260834, -10.566663798260834, -10.566663798260834, -10.5669790544448, -10.566663798260834, -10.566663798260834, -10.566663798260834, -10.5669790544448, -10.566663798260834, -10.566663798260834, -10.5669790544448, -10.5669790544448, -10.566663798260834, -10.566663798260834, -10.566663798260834, -10.566663798260834, -10.5669790544448, -10.566663798260834, -10.566663798260834, -10.5669790544448, -10.566663798260834, -10.566663798260834, -10.566663798260834, -10.566663798260834, -10.5669790544448, -10.566663798260834, -10.566663798260834, -10.5669790544448, -10.566663798260834, -10.566663798260834, -10.566348542076867, -10.566663798260834, -10.566663798260834, -10.5669790544448, -10.566348542076867, -10.566348542076867, -10.5669790544448, -10.566348542076867, -10.566663798260834], \"AIN2\": [-10.566663798260834, -10.566663798260834, -10.566663798260834, -10.566663798260834, -10.566348542076867, -10.566663798260834, -10.566663798260834, -10.566663798260834, -10.566663798260834, -10.566663798260834, -10.566663798260834, -10.566663798260834, -10.566348542076867, -10.566663798260834, -10.566663798260834, -10.566663798260834, -10.5669790544448, -10.566663798260834, -10.566663798260834, -10.566663798260834, -10.566348542076867, -10.5669790544448, -10.566348542076867, -10.566663798260834, -10.5669790544448, -10.5669790544448, -10.566348542076867, -10.566663798260834, -10.566348542076867, -10.566663798260834, -10.566663798260834, -10.566663798260834, -10.566663798260834, -10.5669790544448, -10.566663798260834, -10.5669790544448, -10.5669790544448, -10.566663798260834, -10.566663798260834, -10.5669790544448, -10.5669790544448, -10.5669790544448, -10.566663798260834, -10.566663798260834, -10.566663798260834, -10.566663798260834, -10.5669790544448, -10.5669790544448, -10.5669790544448, -10.5669790544448, -10.566663798260834, -10.566663798260834, -10.566663798260834, -10.5669790544448, -10.566348542076867, -10.5669790544448, -10.566663798260834, -10.5669790544448, -10.5669790544448, -10.566663798260834, -10.566348542076867, -10.566348542076867, -10.566663798260834, -10.566663798260834, -10.5669790544448, -10.566663798260834, -10.566663798260834, -10.566663798260834, -10.566663798260834, -10.5669790544448, -10.5669790544448, -10.566663798260834, -10.566663798260834, -10.5669790544448, -10.5669790544448, -10.5669790544448, -10.566663798260834, -10.566663798260834, -10.566663798260834, -10.566663798260834, -10.566663798260834, -10.566663798260834, -10.5669790544448, -10.566663798260834, -10.5669790544448, -10.5669790544448, -10.566663798260834, -10.566663798260834, -10.566663798260834, -10.566663798260834, -10.566663798260834, -10.566348542076867, -10.5669790544448, -10.566348542076867, -10.566663798260834, -10.566663798260834, -10.5669790544448, -10.566663798260834, -10.566663798260834, -10.566663798260834, -10.5669790544448, -10.566663798260834, -10.566348542076867, -10.566348542076867, -10.566663798260834, -10.566663798260834, -10.5669790544448, -10.566663798260834, -10.566663798260834, -10.566663798260834, -10.566348542076867, -10.566348542076867, -10.5669790544448, -10.566663798260834, -10.566663798260834, -10.566663798260834, -10.566348542076867, -10.5669790544448, -10.566663798260834, -10.566663798260834, -10.566663798260834, -10.566663798260834, -10.5669790544448, -10.566348542076867, -10.566663798260834, -10.5669790544448, -10.5669790544448, -10.566663798260834, -10.566663798260834, -10.566663798260834, -10.566663798260834, -10.566663798260834, -10.566663798260834, -10.5669790544448, -10.5669790544448, -10.566663798260834, -10.566348542076867, -10.5669790544448, -10.566348542076867, -10.566663798260834, -10.566663798260834, -10.566663798260834, -10.5669790544448, -10.566663798260834, -10.566663798260834, -10.566663798260834, -10.5669790544448, -10.566663798260834, -10.566663798260834, -10.5669790544448, -10.566348542076867, -10.566663798260834, -10.566663798260834, -10.566663798260834, -10.566663798260834, -10.5669790544448, -10.566663798260834, -10.566663798260834, -10.566663798260834, -10.5669790544448, -10.566663798260834, -10.566663798260834, -10.5669790544448, -10.566348542076867, -10.5669790544448, -10.566663798260834, -10.5669790544448, -10.566348542076867, -10.566663798260834, -10.566348542076867, -10.566663798260834, -10.566663798260834, -10.566663798260834, -10.5669790544448, -10.566663798260834, -10.566663798260834, -10.5669790544448, -10.566663798260834, -10.566663798260834, -10.5669790544448, -10.5669790544448, -10.566663798260834, -10.5669790544448, -10.566663798260834, -10.566663798260834, -10.566663798260834, -10.566663798260834, -10.566663798260834, -10.5669790544448, -10.566663798260834, -10.566348542076867, -10.566663798260834, -10.566663798260834, -10.5669790544448, -10.566663798260834, -10.566663798260834, -10.566663798260834, -10.566663798260834, -10.566663798260834, -10.566348542076867, -10.566663798260834, -10.566348542076867, -10.566663798260834, -10.566663798260834, -10.566663798260834, -10.566663798260834, -10.566663798260834, -10.566663798260834, -10.566348542076867, -10.5669790544448, -10.566663798260834, -10.566348542076867, -10.566663798260834, -10.5669790544448, -10.5669790544448, -10.566663798260834, -10.566663798260834, -10.566348542076867, -10.5669790544448, -10.566663798260834, -10.566663798260834, -10.566663798260834, -10.5669790544448, -10.5669790544448, -10.566663798260834, -10.566663798260834, -10.566663798260834, -10.566663798260834, -10.5669790544448, -10.566663798260834, -10.566348542076867, -10.566663798260834, -10.566663798260834, -10.566663798260834, -10.566663798260834, -10.566663798260834, -10.566663798260834, -10.566663798260834, -10.566663798260834, -10.566348542076867, -10.566348542076867, -10.566663798260834, -10.5669790544448, -10.566348542076867, -10.566663798260834, -10.5669790544448, -10.566663798260834, -10.5669790544448, -10.566663798260834, -10.566348542076867], \"AIN3\": [-10.566663798260834, -10.566663798260834, -10.566348542076867, -10.5669790544448, -10.5669790544448, -10.566663798260834, -10.566663798260834, -10.566663798260834, -10.566663798260834, -10.566663798260834, -10.566663798260834, -10.566663798260834, -10.5669790544448, -10.566663798260834, -10.566663798260834, -10.5669790544448, -10.566348542076867, -10.5669790544448, -10.566663798260834, -10.566663798260834, -10.566663798260834, -10.567294310628768, -10.566663798260834, -10.566663798260834, -10.566348542076867, -10.5669790544448, -10.566663798260834, -10.566663798260834, -10.566663798260834, -10.566663798260834, -10.566663798260834, -10.566663798260834, -10.5669790544448, -10.5669790544448, -10.566663798260834, -10.566663798260834, -10.566663798260834, -10.566663798260834, -10.566663798260834, -10.566663798260834, -10.5669790544448, -10.566663798260834, -10.5669790544448, -10.566663798260834, -10.566663798260834, -10.566663798260834, -10.566663798260834, -10.566663798260834, -10.566348542076867, -10.566663798260834, -10.566663798260834, -10.566663798260834, -10.5669790544448, -10.566348542076867, -10.5669790544448, -10.566663798260834, -10.566348542076867, -10.5669790544448, -10.5669790544448, -10.5669790544448, -10.566663798260834, -10.5669790544448, -10.566663798260834, -10.566663798260834, -10.5669790544448, -10.566663798260834, -10.566663798260834, -10.5669790544448, -10.566663798260834, -10.566348542076867, -10.5669790544448, -10.566663798260834, -10.566348542076867, -10.5669790544448, -10.5669790544448, -10.566663798260834, -10.566348542076867, -10.566663798260834, -10.566663798260834, -10.566663798260834, -10.566663798260834, -10.566663798260834, -10.566348542076867, -10.566348542076867, -10.566663798260834, -10.566663798260834, -10.566663798260834, -10.566663798260834, -10.566663798260834, -10.566663798260834, -10.5669790544448, -10.566663798260834, -10.5669790544448, -10.566348542076867, -10.566663798260834, -10.566348542076867, -10.566348542076867, -10.566663798260834, -10.5669790544448, -10.5669790544448, -10.566663798260834, -10.566663798260834, -10.5669790544448, -10.566663798260834, -10.566663798260834, -10.566663798260834, -10.5669790544448, -10.566663798260834, -10.566663798260834, -10.5669790544448, -10.566348542076867, -10.5669790544448, -10.566663798260834, -10.566663798260834, -10.566663798260834, -10.566663798260834, -10.5669790544448, -10.566663798260834, -10.566348542076867, -10.566663798260834, -10.566348542076867, -10.566663798260834, -10.566663798260834, -10.566663798260834, -10.566348542076867, -10.566663798260834, -10.566663798260834, -10.566663798260834, -10.566663798260834, -10.566663798260834, -10.566348542076867, -10.5669790544448, -10.5669790544448, -10.566663798260834, -10.5669790544448, -10.5669790544448, -10.566663798260834, -10.566663798260834, -10.566348542076867, -10.5669790544448, -10.5669790544448, -10.566663798260834, -10.566348542076867, -10.566663798260834, -10.566663798260834, -10.566663798260834, -10.5669790544448, -10.566663798260834, -10.566348542076867, -10.566663798260834, -10.5669790544448, -10.5669790544448, -10.566348542076867, -10.566663798260834, -10.566663798260834, -10.566348542076867, -10.566663798260834, -10.566663798260834, -10.566663798260834, -10.566663798260834, -10.566348542076867, -10.566663798260834, -10.566348542076867, -10.5669790544448, -10.566663798260834, -10.566663798260834, -10.566348542076867, -10.566663798260834, -10.566348542076867, -10.5669790544448, -10.566663798260834, -10.566663798260834, -10.566663798260834, -10.566663798260834, -10.566663798260834, -10.5669790544448, -10.566663798260834, -10.566663798260834, -10.566348542076867, -10.566663798260834, -10.566663798260834, -10.566663798260834, -10.566663798260834, -10.5669790544448, -10.566663798260834, -10.566663798260834, -10.566663798260834, -10.566663798260834, -10.5669790544448, -10.566663798260834, -10.5669790544448, -10.566348542076867, -10.566663798260834, -10.566663798260834, -10.566663798260834, -10.566663798260834, -10.566663798260834, -10.5669790544448, -10.566663798260834, -10.566663798260834, -10.5669790544448, -10.566663798260834, -10.5669790544448, -10.5669790544448, -10.567294310628768, -10.566663798260834, -10.566663798260834, -10.566663798260834, -10.566663798260834, -10.5669790544448, -10.5669790544448, -10.566663798260834, -10.566663798260834, -10.5669790544448, -10.566348542076867, -10.566663798260834, -10.566663798260834, -10.566663798260834, -10.566663798260834, -10.566348542076867, -10.566663798260834, -10.566348542076867, -10.566663798260834, -10.566348542076867, -10.566663798260834, -10.5669790544448, -10.566663798260834, -10.566663798260834, -10.566663798260834, -10.5669790544448, -10.566663798260834, -10.566663798260834, -10.5669790544448, -10.566663798260834, -10.566663798260834, -10.566663798260834, -10.5669790544448, -10.566663798260834, -10.5669790544448, -10.566663798260834, -10.566663798260834, -10.566663798260834, -10.5669790544448, -10.5669790544448, -10.566663798260834, -10.5669790544448, -10.566348542076867, -10.5669790544448, -10.5669790544448, -10.566663798260834]}, \"data_type\": \"<type 'collections.defaultdict'>\"}"}
{"message": "{\"timestamp\": 2.9883761405944824, \"object_type\": \"labjack_stream\", \"data\": {\"AIN0\": [-10.566348542076867, -10.5660332858929, -10.5669790544448, -10.566348542076867, -10.566663798260834, -10.566348542076867, -10.566663798260834, -10.566663798260834, -10.5669790544448, -10.566663798260834, -10.5669790544448, -10.566663798260834, -10.566348542076867, -10.5669790544448, -10.566663798260834, -10.5669790544448, -10.566663798260834, -10.5669790544448, -10.566663798260834, -10.566663798260834, -10.566663798260834, -10.566663798260834, -10.566663798260834, -10.566663798260834, -10.566663798260834, -10.566663798260834, -10.5669790544448, -10.566663798260834, -10.5669790544448, -10.566348542076867, -10.566663798260834, -10.566663798260834, -10.566663798260834, -10.566663798260834, -10.566663798260834, -10.5669790544448, -10.566663798260834, -10.566348542076867, -10.566663798260834, -10.5669790544448, -10.566663798260834, -10.566663798260834, -10.566663798260834, -10.5669790544448, -10.5669790544448, -10.566663798260834, -10.566663798260834, -10.566348542076867, -10.566663798260834, -10.566348542076867, -10.566663798260834, -10.566663798260834, -10.566663798260834, -10.5669790544448, -10.566663798260834, -10.5669790544448, -10.5669790544448, -10.5669790544448, -10.566663798260834, -10.5669790544448, -10.566663798260834, -10.566663798260834, -10.566663798260834, -10.566348542076867, -10.566663798260834, -10.566348542076867, -10.566663798260834, -10.566348542076867, -10.566663798260834, -10.5669790544448, -10.566663798260834, -10.566663798260834, -10.566663798260834, -10.5669790544448, -10.566663798260834, -10.566663798260834, -10.566348542076867, -10.566663798260834, -10.5669790544448, -10.566348542076867, -10.566663798260834, -10.566663798260834, -10.566663798260834, -10.566663798260834, -10.5669790544448, -10.566663798260834, -10.566663798260834, -10.566348542076867, -10.566348542076867, -10.566663798260834, -10.5669790544448, -10.5669790544448, -10.566663798260834, -10.566663798260834, -10.566348542076867, -10.566348542076867, -10.5669790544448, -10.5669790544448, -10.566348542076867, -10.566663798260834, -10.566663798260834, -10.566348542076867, -10.5669790544448, -10.566663798260834, -10.566663798260834, -10.566663798260834, -10.5669790544448, -10.5669790544448, -10.566348542076867, -10.566663798260834, -10.566663798260834, -10.566348542076867, -10.566663798260834, -10.566663798260834, -10.566663798260834, -10.566348542076867, -10.566663798260834, -10.566663798260834, -10.5669790544448, -10.566663798260834, -10.566663798260834, -10.566663798260834, -10.566663798260834, -10.5669790544448, -10.566663798260834, -10.5669790544448, -10.5669790544448, -10.566348542076867, -10.566663798260834, -10.566663798260834, -10.566663798260834, -10.566348542076867, -10.566663798260834, -10.566663798260834, -10.5669790544448, -10.5669790544448, -10.566663798260834, -10.566663798260834, -10.566663798260834, -10.566663798260834, -10.566663798260834, -10.5669790544448, -10.566663798260834, -10.566663798260834, -10.566663798260834, -10.566663798260834, -10.566663798260834, -10.5669790544448, -10.566663798260834, -10.566348542076867, -10.566663798260834, -10.566663798260834, -10.566348542076867, -10.566348542076867, -10.566663798260834, -10.566348542076867, -10.566663798260834, -10.566663798260834, -10.566663798260834, -10.566663798260834, -10.566663798260834, -10.566663798260834, -10.566348542076867, -10.566348542076867, -10.566663798260834, -10.566663798260834, -10.566663798260834, -10.566663798260834, -10.566348542076867, -10.566663798260834, -10.566663798260834, -10.566348542076867, -10.566663798260834, -10.566663798260834, -10.566348542076867, -10.566663798260834, -10.566663798260834, -10.566663798260834, -10.566663798260834, -10.5669790544448, -10.5669790544448, -10.5669790544448, -10.566663798260834, -10.566663798260834, -10.566663798260834, -10.566348542076867, -10.566663798260834, -10.5669790544448, -10.566663798260834, -10.566348542076867, -10.5669790544448, -10.566348542076867, -10.566348542076867, -10.566663798260834, -10.566663798260834, -10.566663798260834, -10.566348542076867, -10.5669790544448, -10.5669790544448, -10.5669790544448, -10.5669790544448, -10.5669790544448, -10.566663798260834, -10.566663798260834, -10.566663798260834, -10.566663798260834, -10.566663798260834, -10.566663798260834, -10.566663798260834, -10.566348542076867, -10.566348542076867, -10.566663798260834, -10.566663798260834, -10.566663798260834, -10.5669790544448, -10.566663798260834, -10.566663798260834, -10.566663798260834, -10.566663798260834, -10.566663798260834, -10.566348542076867, -10.5669790544448, -10.5669790544448, -10.566663798260834, -10.566348542076867, -10.566663798260834, -10.566663798260834, -10.566663798260834, -10.566348542076867, -10.566663798260834, -10.566663798260834, -10.566348542076867, -10.566348542076867, -10.566663798260834, -10.566663798260834, -10.5669790544448, -10.5669790544448, -10.566663798260834, -10.566663798260834, -10.566348542076867, -10.566663798260834, -10.566663798260834, -10.566663798260834, -10.566663798260834, -10.5669790544448, -10.566663798260834, -10.5669790544448, -10.566663798260834, -10.566663798260834, -10.5669790544448], \"AIN1\": [-10.5669790544448, -10.566348542076867, -10.566663798260834, -10.5669790544448, -10.566663798260834, -10.5669790544448, -10.566348542076867, -10.566663798260834, -10.566663798260834, -10.566663798260834, -10.5669790544448, -10.566348542076867, -10.5669790544448, -10.5669790544448, -10.566663798260834, -10.5669790544448, -10.5669790544448, -10.566663798260834, -10.5669790544448, -10.566663798260834, -10.566663798260834, -10.566663798260834, -10.5669790544448, -10.566663798260834, -10.566663798260834, -10.566663798260834, -10.566663798260834, -10.566348542076867, -10.566663798260834, -10.566663798260834, -10.566348542076867, -10.566348542076867, -10.566663798260834, -10.566663798260834, -10.566348542076867, -10.5669790544448, -10.566663798260834, -10.566348542076867, -10.566663798260834, -10.5669790544448, -10.566663798260834, -10.5669790544448, -10.566663798260834, -10.566663798260834, -10.5669790544448, -10.566663798260834, -10.566348542076867, -10.5669790544448, -10.566663798260834, -10.566663798260834, -10.566663798260834, -10.566663798260834, -10.5669790544448, -10.5669790544448, -10.566663798260834, -10.5669790544448, -10.5669790544448, -10.566663798260834, -10.566663798260834, -10.566663798260834, -10.566663798260834, -10.566663798260834, -10.5669790544448, -10.566348542076867, -10.566348542076867, -10.566348542076867, -10.566663798260834, -10.566663798260834, -10.566663798260834, -10.566663798260834, -10.566663798260834, -10.566663798260834, -10.566663798260834, -10.566663798260834, -10.566348542076867, -10.566348542076867, -10.566663798260834, -10.5669790544448, -10.566663798260834, -10.566663798260834, -10.566663798260834, -10.566663798260834, -10.566663798260834, -10.5669790544448, -10.566348542076867, -10.566663798260834, -10.5669790544448, -10.566663798260834, -10.566348542076867, -10.5669790544448, -10.566663798260834, -10.5669790544448, -10.5669790544448, -10.5669790544448, -10.5669790544448, -10.566663798260834, -10.566663798260834, -10.566663798260834, -10.566663798260834, -10.5669790544448, -10.566663798260834, -10.566348542076867, -10.566663798260834, -10.5669790544448, -10.566663798260834, -10.566663798260834, -10.566663798260834, -10.5669790544448, -10.5669790544448, -10.566348542076867, -10.566348542076867, -10.566663798260834, -10.5669790544448, -10.566663798260834, -10.566663798260834, -10.566348542076867, -10.566348542076867, -10.566348542076867, -10.5669790544448, -10.566663798260834, -10.566663798260834, -10.566663798260834, -10.566663798260834, -10.566663798260834, -10.566663798260834, -10.566663798260834, -10.5669790544448, -10.5669790544448, -10.566663798260834, -10.566663798260834, -10.566663798260834, -10.5669790544448, -10.566663798260834, -10.5669790544448, -10.566663798260834, -10.566663798260834, -10.566663798260834, -10.566663798260834, -10.5669790544448, -10.5669790544448, -10.566348542076867, -10.566663798260834, -10.566663798260834, -10.566348542076867, -10.566663798260834, -10.566663798260834, -10.5669790544448, -10.566663798260834, -10.5669790544448, -10.566663798260834, -10.566348542076867, -10.566663798260834, -10.566663798260834, -10.566663798260834, -10.566663798260834, -10.566663798260834, -10.5669790544448, -10.566663798260834, -10.566663798260834, -10.566663798260834, -10.5669790544448, -10.5669790544448, -10.5669790544448, -10.5669790544448, -10.566663798260834, -10.566663798260834, -10.566663798260834, -10.566663798260834, -10.566663798260834, -10.5669790544448, -10.566348542076867, -10.566348542076867, -10.566663798260834, -10.5669790544448, -10.566348542076867, -10.566663798260834, -10.5669790544448, -10.566663798260834, -10.5669790544448, -10.566348542076867, -10.566348542076867, -10.566663798260834, -10.566663798260834, -10.566663798260834, -10.5669790544448, -10.566663798260834, -10.566663798260834, -10.566663798260834, -10.5669790544448, -10.5669790544448, -10.566663798260834, -10.566663798260834, -10.566663798260834, -10.566663798260834, -10.566663798260834, -10.5669790544448, -10.5669790544448, -10.5669790544448, -10.566663798260834, -10.5669790544448, -10.566348542076867, -10.5669790544448, -10.5669790544448, -10.566348542076867, -10.566663798260834, -10.566663798260834, -10.566663798260834, -10.566663798260834, -10.566663798260834, -10.566348542076867, -10.5669790544448, -10.566663798260834, -10.5669790544448, -10.566663798260834, -10.566663798260834, -10.5669790544448, -10.566348542076867, -10.5669790544448, -10.566663798260834, -10.5669790544448, -10.566663798260834, -10.566663798260834, -10.5669790544448, -10.5669790544448, -10.566663798260834, -10.566663798260834, -10.566663798260834, -10.566348542076867, -10.5669790544448, -10.566663798260834, -10.5669790544448, -10.566663798260834, -10.566663798260834, -10.566663798260834, -10.566663798260834, -10.566348542076867, -10.566663798260834, -10.566663798260834, -10.566663798260834, -10.566663798260834, -10.566663798260834, -10.566663798260834, -10.566663798260834, -10.5669790544448, -10.566348542076867, -10.566663798260834, -10.566348542076867, -10.566663798260834, -10.566663798260834, -10.566663798260834], \"AIN2\": [-10.566663798260834, -10.566663798260834, -10.566663798260834, -10.566663798260834, -10.566348542076867, -10.566663798260834, -10.566663798260834, -10.5669790544448, -10.5669790544448, -10.566348542076867, -10.566663798260834, -10.566348542076867, -10.566348542076867, -10.566663798260834, -10.5669790544448, -10.566348542076867, -10.5669790544448, -10.566663798260834, -10.566663798260834, -10.566663798260834, -10.566663798260834, -10.566663798260834, -10.566663798260834, -10.566663798260834, -10.5669790544448, -10.566663798260834, -10.566663798260834, -10.566663798260834, -10.566663798260834, -10.566663798260834, -10.566663798260834, -10.566663798260834, -10.566663798260834, -10.566663798260834, -10.566663798260834, -10.566348542076867, -10.5669790544448, -10.566663798260834, -10.566663798260834, -10.566663798260834, -10.5669790544448, -10.566348542076867, -10.566663798260834, -10.566663798260834, -10.566663798260834, -10.5669790544448, -10.566663798260834, -10.566348542076867, -10.5669790544448, -10.566663798260834, -10.566663798260834, -10.566663798260834, -10.5669790544448, -10.566348542076867, -10.566348542076867, -10.566663798260834, -10.566663798260834, -10.566663798260834, -10.5669790544448, -10.566663798260834, -10.566348542076867, -10.5669790544448, -10.566663798260834, -10.566663798260834, -10.566663798260834, -10.566663798260834, -10.566663798260834, -10.566663798260834, -10.566348542076867, -10.566348542076867, -10.566348542076867, -10.566663798260834, -10.566348542076867, -10.5669790544448, -10.566663798260834, -10.566663798260834, -10.5669790544448, -10.566663798260834, -10.566663798260834, -10.566348542076867, -10.5669790544448, -10.5669790544448, -10.5669790544448, -10.566663798260834, -10.566663798260834, -10.566663798260834, -10.5669790544448, -10.5669790544448, -10.5669790544448, -10.566663798260834, -10.566348542076867, -10.566348542076867, -10.566348542076867, -10.566663798260834, -10.5669790544448, -10.566663798260834, -10.566663798260834, -10.566348542076867, -10.5669790544448, -10.5669790544448, -10.566663798260834, -10.5669790544448, -10.566663798260834, -10.566348542076867, -10.566663798260834, -10.5669790544448, -10.566663798260834, -10.566348542076867, -10.5669790544448, -10.566348542076867, -10.5669790544448, -10.566663798260834, -10.5669790544448, -10.5669790544448, -10.5669790544448, -10.566663798260834, -10.566663798260834, -10.566663798260834, -10.5669790544448, -10.566348542076867, -10.566663798260834, -10.5669790544448, -10.566663798260834, -10.5669790544448, -10.566663798260834, -10.5669790544448, -10.566663798260834, -10.566348542076867, -10.566663798260834, -10.566663798260834, -10.5669790544448, -10.5669790544448, -10.5669790544448, -10.5669790544448, -10.566663798260834, -10.566663798260834, -10.5669790544448, -10.566663798260834, -10.566663798260834, -10.5669790544448, -10.566663798260834, -10.5669790544448, -10.5669790544448, -10.566348542076867, -10.5669790544448, -10.5669790544448, -10.566663798260834, -10.566663798260834, -10.566663798260834, -10.566348542076867, -10.5669790544448, -10.566663798260834, -10.5669790544448, -10.566663798260834, -10.566663798260834, -10.566348542076867, -10.566663798260834, -10.566663798260834, -10.566663798260834, -10.5669790544448, -10.566348542076867, -10.566663798260834, -10.5669790544448, -10.566663798260834, -10.566663798260834, -10.566663798260834, -10.566663798260834, -10.566663798260834, -10.566663798260834, -10.566663798260834, -10.566663798260834, -10.566348542076867, -10.5669790544448, -10.566663798260834, -10.5669790544448, -10.566663798260834, -10.566663798260834, -10.566663798260834, -10.566348542076867, -10.566663798260834, -10.5669790544448, -10.566348542076867, -10.566348542076867, -10.566663798260834, -10.566663798260834, -10.5669790544448, -10.5669790544448, -10.566663798260834, -10.566348542076867, -10.566663798260834, -10.566663798260834, -10.566348542076867, -10.566663798260834, -10.566663798260834, -10.566663798260834, -10.5669790544448, -10.5669790544448, -10.566663798260834, -10.5669790544448, -10.566663798260834, -10.566348542076867, -10.566348542076867, -10.5669790544448, -10.5669790544448, -10.566663798260834, -10.566348542076867, -10.566663798260834, -10.566663798260834, -10.566663798260834, -10.5669790544448, -10.566663798260834, -10.566663798260834, -10.5669790544448, -10.566663798260834, -10.566663798260834, -10.5669790544448, -10.5669790544448, -10.566663798260834, -10.566663798260834, -10.566663798260834, -10.566348542076867, -10.566663798260834, -10.5669790544448, -10.566663798260834, -10.5669790544448, -10.5669790544448, -10.566348542076867, -10.566663798260834, -10.566663798260834, -10.566348542076867, -10.566663798260834, -10.5669790544448, -10.5669790544448, -10.566663798260834, -10.566663798260834, -10.566348542076867, -10.566663798260834, -10.566663798260834, -10.5669790544448, -10.566663798260834, -10.5669790544448, -10.5669790544448, -10.566663798260834, -10.566663798260834, -10.566663798260834, -10.566348542076867, -10.566663798260834, -10.566663798260834, -10.5669790544448, -10.5669790544448], \"AIN3\": [-10.566663798260834, -10.566663798260834, -10.566663798260834, -10.5669790544448, -10.566663798260834, -10.566663798260834, -10.566348542076867, -10.566348542076867, -10.566348542076867, -10.566663798260834, -10.566348542076867, -10.566348542076867, -10.566663798260834, -10.5669790544448, -10.566663798260834, -10.5669790544448, -10.566348542076867, -10.566663798260834, -10.566348542076867, -10.566663798260834, -10.566663798260834, -10.5669790544448, -10.5669790544448, -10.566663798260834, -10.566663798260834, -10.566663798260834, -10.566663798260834, -10.566663798260834, -10.566663798260834, -10.566663798260834, -10.5669790544448, -10.5669790544448, -10.5669790544448, -10.566663798260834, -10.566663798260834, -10.566663798260834, -10.566663798260834, -10.566663798260834, -10.566663798260834, -10.566348542076867, -10.5669790544448, -10.566663798260834, -10.566663798260834, -10.566663798260834, -10.5669790544448, -10.566663798260834, -10.566663798260834, -10.566663798260834, -10.566663798260834, -10.5669790544448, -10.566663798260834, -10.566663798260834, -10.566663798260834, -10.566663798260834, -10.5669790544448, -10.566663798260834, -10.566348542076867, -10.5669790544448, -10.566663798260834, -10.5669790544448, -10.5669790544448, -10.566663798260834, -10.566663798260834, -10.5669790544448, -10.566663798260834, -10.566663798260834, -10.5669790544448, -10.5669790544448, -10.566348542076867, -10.566348542076867, -10.5669790544448, -10.566663798260834, -10.566663798260834, -10.567294310628768, -10.566663798260834, -10.566663798260834, -10.566663798260834, -10.566663798260834, -10.5669790544448, -10.566663798260834, -10.566663798260834, -10.5669790544448, -10.566348542076867, -10.566348542076867, -10.566348542076867, -10.566663798260834, -10.566663798260834, -10.566663798260834, -10.566663798260834, -10.566663798260834, -10.566663798260834, -10.566663798260834, -10.5669790544448, -10.566663798260834, -10.566348542076867, -10.566663798260834, -10.566663798260834, -10.5669790544448, -10.5669790544448, -10.566663798260834, -10.5669790544448, -10.566663798260834, -10.566348542076867, -10.566663798260834, -10.566663798260834, -10.566663798260834, -10.566663798260834, -10.566663798260834, -10.566663798260834, -10.566663798260834, -10.566663798260834, -10.5669790544448, -10.566663798260834, -10.566663798260834, -10.566663798260834, -10.5669790544448, -10.5669790544448, -10.566663798260834, -10.566663798260834, -10.566663798260834, -10.5669790544448, -10.566663798260834, -10.566663798260834, -10.566663798260834, -10.566663798260834, -10.5669790544448, -10.5669790544448, -10.5669790544448, -10.566663798260834, -10.566663798260834, -10.566663798260834, -10.5669790544448, -10.566663798260834, -10.566663798260834, -10.566663798260834, -10.566663798260834, -10.566348542076867, -10.566348542076867, -10.566663798260834, -10.5669790544448, -10.566348542076867, -10.566663798260834, -10.566663798260834, -10.566663798260834, -10.566663798260834, -10.566663798260834, -10.5669790544448, -10.5669790544448, -10.566663798260834, -10.566348542076867, -10.566663798260834, -10.566348542076867, -10.5669790544448, -10.5669790544448, -10.566663798260834, -10.5669790544448, -10.5669790544448, -10.5669790544448, -10.566348542076867, -10.5669790544448, -10.5669790544448, -10.5669790544448, -10.5660332858929, -10.566663798260834, -10.5669790544448, -10.566663798260834, -10.5669790544448, -10.566663798260834, -10.566348542076867, -10.566663798260834, -10.566663798260834, -10.566663798260834, -10.5669790544448, -10.566663798260834, -10.5669790544448, -10.566663798260834, -10.566663798260834, -10.566348542076867, -10.566663798260834, -10.5669790544448, -10.566663798260834, -10.5669790544448, -10.566663798260834, -10.566663798260834, -10.566663798260834, -10.566348542076867, -10.5669790544448, -10.566663798260834, -10.566663798260834, -10.566348542076867, -10.566663798260834, -10.566348542076867, -10.5669790544448, -10.5669790544448, -10.566663798260834, -10.5669790544448, -10.566348542076867, -10.566663798260834, -10.566663798260834, -10.566663798260834, -10.566663798260834, -10.566663798260834, -10.566663798260834, -10.5669790544448, -10.5669790544448, -10.566663798260834, -10.566663798260834, -10.566663798260834, -10.566663798260834, -10.566663798260834, -10.566348542076867, -10.5669790544448, -10.566348542076867, -10.566663798260834, -10.5669790544448, -10.566663798260834, -10.5669790544448, -10.5669790544448, -10.5669790544448, -10.566348542076867, -10.5669790544448, -10.566663798260834, -10.566663798260834, -10.566663798260834, -10.566663798260834, -10.566663798260834, -10.566663798260834, -10.5669790544448, -10.566348542076867, -10.566663798260834, -10.566663798260834, -10.5669790544448, -10.566663798260834, -10.566663798260834, -10.566348542076867, -10.566663798260834, -10.5669790544448, -10.566663798260834, -10.566663798260834, -10.5669790544448, -10.566663798260834, -10.566663798260834, -10.566663798260834, -10.566663798260834, -10.566663798260834, -10.566348542076867, -10.566663798260834, -10.5669790544448, -10.5669790544448, -10.566663798260834]}, \"data_type\": \"<type 'collections.defaultdict'>\"}"}
{"message": "{\"timestamp\": 3.2593841552734375, \"object_type\": \"labjack_stream\", \"data\": {\"AIN0\": [-10.566663798260834, -10.5669790544448, -10.566663798260834, -10.5669790544448, -10.5669790544448, -10.566663798260834, -10.566663798260834, -10.566663798260834, -10.5669790544448, -10.5669790544448, -10.566663798260834, -10.5669790544448, -10.566663798260834, -10.5669790544448, -10.566663798260834, -10.566663798260834, -10.566663798260834, -10.566663798260834, -10.566663798260834, -10.566663798260834, -10.566663798260834, -10.566663798260834, -10.566663798260834, -10.5669790544448, -10.566663798260834, -10.566348542076867, -10.566663798260834, -10.5669790544448, -10.566348542076867, -10.566348542076867, -10.566663798260834, -10.5669790544448, -10.566663798260834, -10.566348542076867, -10.566663798260834, -10.566663798260834, -10.566663798260834, -10.566663798260834, -10.566663798260834, -10.566348542076867, -10.5669790544448, -10.5669790544448, -10.566663798260834, -10.566663798260834, -10.566663798260834, -10.566663798260834, -10.567294310628768, -10.566663798260834, -10.566663798260834, -10.566663798260834, -10.566348542076867, -10.566663798260834, -10.566348542076867, -10.566663798260834, -10.5669790544448, -10.566348542076867, -10.5669790544448, -10.566663798260834, -10.566348542076867, -10.566348542076867, -10.566348542076867, -10.566348542076867, -10.566663798260834, -10.566663798260834, -10.566663798260834, -10.566663798260834, -10.5669790544448, -10.566348542076867, -10.566663798260834, -10.5669790544448, -10.566663798260834, -10.566348542076867, -10.566663798260834, -10.566348542076867, -10.566663798260834, -10.566663798260834, -10.566348542076867, -10.566663798260834, -10.5669790544448, -10.5669790544448, -10.566663798260834, -10.566348542076867, -10.566663798260834, -10.566663798260834, -10.566663798260834, -10.566663798260834, -10.566663798260834, -10.5669790544448, -10.566663798260834, -10.566348542076867, -10.566663798260834, -10.566663798260834, -10.566663798260834, -10.566663798260834, -10.566663798260834, -10.5669790544448, -10.566348542076867, -10.566663798260834, -10.566348542076867, -10.5669790544448, -10.566663798260834, -10.566663798260834, -10.566348542076867, -10.566663798260834, -10.566348542076867, -10.566663798260834, -10.5669790544448, -10.5669790544448, -10.566663798260834, -10.566663798260834, -10.5669790544448, -10.566663798260834, -10.566663798260834, -10.566663798260834, -10.566348542076867, -10.5669790544448, -10.566663798260834, -10.5669790544448, -10.566663798260834, -10.566663798260834, -10.566663798260834, -10.566663798260834, -10.566348542076867, -10.566348542076867, -10.566663798260834, -10.566348542076867, -10.566663798260834, -10.566348542076867, -10.5669790544448, -10.566663798260834, -10.566663798260834, -10.566663798260834, -10.566348542076867, -10.566348542076867, -10.566663798260834, -10.5669790544448, -10.566663798260834, -10.566663798260834, -10.566663798260834, -10.5669790544448, -10.5669790544448, -10.5669790544448, -10.566663798260834, -10.566663798260834, -10.566663798260834, -10.566348542076867, -10.566663798260834, -10.566348542076867, -10.566663798260834, -10.566663798260834, -10.5669790544448, -10.566663798260834, -10.566663798260834, -10.566663798260834, -10.566663798260834, -10.566663798260834, -10.5669790544448, -10.5669790544448, -10.566348542076867, -10.566348542076867, -10.566663798260834, -10.566663798260834, -10.566663798260834, -10.566348542076867, -10.566663798260834, -10.566663798260834, -10.566663798260834, -10.5669790544448, -10.566663798260834, -10.5669790544448, -10.5669790544448, -10.566663798260834, -10.566663798260834, -10.566663798260834, -10.566663798260834, -10.566663798260834, -10.5669790544448, -10.566348542076867, -10.566348542076867, -10.566348542076867, -10.566663798260834, -10.5669790544448, -10.566348542076867, -10.566663798260834, -10.5669790544448, -10.566663798260834, -10.566663798260834, -10.566663798260834, -10.5669790544448, -10.566663798260834, -10.5669790544448, -10.5669790544448, -10.566663798260834, -10.566348542076867, -10.566348542076867, -10.566663798260834, -10.5669790544448, -10.566663798260834, -10.566348542076867, -10.566663798260834, -10.566663798260834, -10.5669790544448, -10.566663798260834, -10.5669790544448, -10.566663798260834, -10.5669790544448, -10.566663798260834, -10.5669790544448, -10.566663798260834, -10.566663798260834, -10.566663798260834, -10.5669790544448, -10.566663798260834, -10.566663798260834, -10.5669790544448, -10.566348542076867, -10.566663798260834, -10.566663798260834, -10.566663798260834, -10.5669790544448, -10.5669790544448, -10.566663798260834, -10.566663798260834, -10.566348542076867, -10.566348542076867, -10.5669790544448, -10.566663798260834, -10.566663798260834, -10.566663798260834, -10.566348542076867, -10.5669790544448, -10.566663798260834, -10.5669790544448, -10.566348542076867, -10.566663798260834, -10.566663798260834, -10.566663798260834, -10.5669790544448, -10.5669790544448, -10.5669790544448, -10.5669790544448, -10.5669790544448, -10.5669790544448, -10.566663798260834, -10.566663798260834, -10.566663798260834, -10.5669790544448, -10.566663798260834, -10.5669790544448, -10.5669790544448], \"AIN1\": [-10.566663798260834, -10.566663798260834, -10.566663798260834, -10.5669790544448, -10.5669790544448, -10.566663798260834, -10.566663798260834, -10.566348542076867, -10.566663798260834, -10.566663798260834, -10.566663798260834, -10.566663798260834, -10.566663798260834, -10.566663798260834, -10.566663798260834, -10.566663798260834, -10.566663798260834, -10.5669790544448, -10.566663798260834, -10.566663798260834, -10.566663798260834, -10.566663798260834, -10.5669790544448, -10.5669790544448, -10.5669790544448, -10.566663798260834, -10.5669790544448, -10.5669790544448, -10.566663798260834, -10.5669790544448, -10.566663798260834, -10.5669790544448, -10.5669790544448, -10.5669790544448, -10.566663798260834, -10.5669790544448, -10.566663798260834, -10.566663798260834, -10.5669790544448, -10.5669790544448, -10.566663798260834, -10.5669790544448, -10.566348542076867, -10.566663798260834, -10.566663798260834, -10.5669790544448, -10.5669790544448, -10.566663798260834, -10.566348542076867, -10.566663798260834, -10.566663798260834, -10.566348542076867, -10.566663798260834, -10.566663798260834, -10.5669790544448, -10.5669790544448, -10.566663798260834, -10.566348542076867, -10.566348542076867, -10.5669790544448, -10.566663798260834, -10.566663798260834, -10.5669790544448, -10.5669790544448, -10.5669790544448, -10.566348542076867, -10.5669790544448, -10.5669790544448, -10.566663798260834, -10.5669790544448, -10.5669790544448, -10.566663798260834, -10.566348542076867, -10.566348542076867, -10.566348542076867, -10.566663798260834, -10.566348542076867, -10.566663798260834, -10.566663798260834, -10.566663798260834, -10.566663798260834, -10.566663798260834, -10.5669790544448, -10.566348542076867, -10.5669790544448, -10.566663798260834, -10.5669790544448, -10.5669790544448, -10.566663798260834, -10.566348542076867, -10.566663798260834, -10.5669790544448, -10.566663798260834, -10.566663798260834, -10.566663798260834, -10.566348542076867, -10.5669790544448, -10.5669790544448, -10.5669790544448, -10.566663798260834, -10.5669790544448, -10.566348542076867, -10.5669790544448, -10.566663798260834, -10.566663798260834, -10.566663798260834, -10.566663798260834, -10.5669790544448, -10.566663798260834, -10.5669790544448, -10.566348542076867, -10.5669790544448, -10.566663798260834, -10.566663798260834, -10.566663798260834, -10.566663798260834, -10.566663798260834, -10.566663798260834, -10.566663798260834, -10.566663798260834, -10.566663798260834, -10.566348542076867, -10.566663798260834, -10.566348542076867, -10.566348542076867, -10.5669790544448, -10.566663798260834, -10.5669790544448, -10.5669790544448, -10.566348542076867, -10.566348542076867, -10.5669790544448, -10.566663798260834, -10.566663798260834, -10.5669790544448, -10.566663798260834, -10.566663798260834, -10.566663798260834, -10.566663798260834, -10.566663798260834, -10.566348542076867, -10.566663798260834, -10.566348542076867, -10.5669790544448, -10.566663798260834, -10.566663798260834, -10.5669790544448, -10.566663798260834, -10.566348542076867, -10.5669790544448, -10.566348542076867, -10.566663798260834, -10.5669790544448, -10.566663798260834, -10.566663798260834, -10.5669790544448, -10.5669790544448, -10.566663798260834, -10.566348542076867, -10.566663798260834, -10.566663798260834, -10.5669790544448, -10.566663798260834, -10.566663798260834, -10.566663798260834, -10.566663798260834, -10.566663798260834, -10.566663798260834, -10.566348542076867, -10.566663798260834, -10.566348542076867, -10.566348542076867, -10.566348542076867, -10.566663798260834, -10.5669790544448, -10.566663798260834, -10.566663798260834, -10.566348542076867, -10.566663798260834, -10.566663798260834, -10.566348542076867, -10.566663798260834, -10.566663798260834, -10.566663798260834, -10.566348542076867, -10.566348542076867, -10.566663798260834, -10.566663798260834, -10.566663798260834, -10.566663798260834, -10.5669790544448, -10.5669790544448, -10.566663798260834, -10.566348542076867, -10.566663798260834, -10.5669790544448, -10.566663798260834, -10.566663798260834, -10.566663798260834, -10.566663798260834, -10.566663798260834, -10.566663798260834, -10.566663798260834, -10.566663798260834, -10.5669790544448, -10.5669790544448, -10.566663798260834, -10.566663798260834, -10.566663798260834, -10.5669790544448, -10.566663798260834, -10.566348542076867, -10.566663798260834, -10.566663798260834, -10.566663798260834, -10.566663798260834, -10.566663798260834, -10.566663798260834, -10.566663798260834, -10.566663798260834, -10.566348542076867, -10.566348542076867, -10.566663798260834, -10.5669790544448, -10.5669790544448, -10.566663798260834, -10.566348542076867, -10.566663798260834, -10.5669790544448, -10.566663798260834, -10.566663798260834, -10.566663798260834, -10.5669790544448, -10.566663798260834, -10.5669790544448, -10.566663798260834, -10.5669790544448, -10.566663798260834, -10.566663798260834, -10.566663798260834, -10.566663798260834, -10.566663798260834, -10.5669790544448, -10.566663798260834, -10.5669790544448, -10.566348542076867, -10.566663798260834, -10.566663798260834, -10.566663798260834, -10.566663798260834], \"AIN2\": [-10.566663798260834, -10.566663798260834, -10.566663798260834, -10.566663798260834, -10.566663798260834, -10.566348542076867, -10.566663798260834, -10.5669790544448, -10.566663798260834, -10.566663798260834, -10.5669790544448, -10.5669790544448, -10.566663798260834, -10.5669790544448, -10.5669790544448, -10.566348542076867, -10.566663798260834, -10.566663798260834, -10.566663798260834, -10.566348542076867, -10.566348542076867, -10.566663798260834, -10.566663798260834, -10.566348542076867, -10.566663798260834, -10.566663798260834, -10.566663798260834, -10.566663798260834, -10.5669790544448, -10.566663798260834, -10.5669790544448, -10.566663798260834, -10.566663798260834, -10.566663798260834, -10.566663798260834, -10.5669790544448, -10.566663798260834, -10.566663798260834, -10.566663798260834, -10.566663798260834, -10.5669790544448, -10.566663798260834, -10.566663798260834, -10.566663798260834, -10.566663798260834, -10.566663798260834, -10.566663798260834, -10.5669790544448, -10.566348542076867, -10.566663798260834, -10.566348542076867, -10.5669790544448, -10.566348542076867, -10.566348542076867, -10.566663798260834, -10.566663798260834, -10.5669790544448, -10.5669790544448, -10.566663798260834, -10.566663798260834, -10.5669790544448, -10.566348542076867, -10.566663798260834, -10.566348542076867, -10.5669790544448, -10.5669790544448, -10.566663798260834, -10.566663798260834, -10.5669790544448, -10.566663798260834, -10.566348542076867, -10.566663798260834, -10.566663798260834, -10.566348542076867, -10.566663798260834, -10.566663798260834, -10.5669790544448, -10.566663798260834, -10.566663798260834, -10.566663798260834, -10.566663798260834, -10.566663798260834, -10.5669790544448, -10.566663798260834, -10.566663798260834, -10.5669790544448, -10.5669790544448, -10.5669790544448, -10.566663798260834, -10.5669790544448, -10.566663798260834, -10.566663798260834, -10.566663798260834, -10.5669790544448, -10.566663798260834, -10.566663798260834, -10.5669790544448, -10.566663798260834, -10.566663798260834, -10.5669790544448, -10.5669790544448, -10.566663798260834, -10.566663798260834, -10.5669790544448, -10.5669790544448, -10.5669790544448, -10.5669790544448, -10.566663798260834, -10.5669790544448, -10.566663798260834, -10.566663798260834, -10.566663798260834, -10.566663798260834, -10.566663798260834, -10.566663798260834, -10.5669790544448, -10.566348542076867, -10.566348542076867, -10.566663798260834, -10.566348542076867, -10.566348542076867, -10.566663798260834, -10.566663798260834, -10.566663798260834, -10.5669790544448, -10.567294310628768, -10.566663798260834, -10.566663798260834, -10.566663798260834, -10.566663798260834, -10.566663798260834, -10.566348542076867, -10.566663798260834, -10.5669790544448, -10.566663798260834, -10.566663798260834, -10.566663798260834, -10.566663798260834, -10.566663798260834, -10.5669790544448, -10.566348542076867, -10.566348542076867, -10.5669790544448, -10.5669790544448, -10.566663798260834, -10.566663798260834, -10.566348542076867, -10.5669790544448, -10.5669790544448, -10.5669790544448, -10.5669790544448, -10.566663798260834, -10.5669790544448, -10.566348542076867, -10.566663798260834, -10.566663798260834, -10.5669790544448, -10.566663798260834, -10.566663798260834, -10.566663798260834, -10.5669790544448, -10.5669790544448, -10.5669790544448, -10.5669790544448, -10.566663798260834, -10.566663798260834, -10.5669790544448, -10.5669790544448, -10.5669790544448, -10.566663798260834, -10.566663798260834, -10.566663798260834, -10.5669790544448, -10.566663798260834, -10.566663798260834, -10.5660332858929, -10.566348542076867, -10.566348542076867, -10.566348542076867, -10.566663798260834, -10.566663798260834, -10.566663798260834, -10.566663798260834, -10.566663798260834, -10.566663798260834, -10.566663798260834, -10.5669790544448, -10.566348542076867, -10.566663798260834, -10.566663798260834, -10.566663798260834, -10.5669790544448, -10.5669790544448, -10.566663798260834, -10.566663798260834, -10.566663798260834, -10.5669790544448, -10.566663798260834, -10.5669790544448, -10.566663798260834, -10.5669790544448, -10.566663798260834, -10.566348542076867, -10.566663798260834, -10.5669790544448, -10.566663798260834, -10.566348542076867, -10.566663798260834, -10.566663798260834, -10.5669790544448, -10.566663798260834, -10.566663798260834, -10.566663798260834, -10.566663798260834, -10.566663798260834, -10.566663798260834, -10.5669790544448, -10.566348542076867, -10.566663798260834, -10.566663798260834, -10.566663798260834, -10.5669790544448, -10.5669790544448, -10.566348542076867, -10.566348542076867, -10.566663798260834, -10.566663798260834, -10.566663798260834, -10.566663798260834, -10.566663798260834, -10.566663798260834, -10.566663798260834, -10.5669790544448, -10.566663798260834, -10.566663798260834, -10.566348542076867, -10.5669790544448, -10.5669790544448, -10.566663798260834, -10.5669790544448, -10.566663798260834, -10.566663798260834, -10.566663798260834, -10.5669790544448, -10.566663798260834, -10.566663798260834, -10.566348542076867, -10.566663798260834, -10.566348542076867, -10.5669790544448], \"AIN3\": [-10.5669790544448, -10.566663798260834, -10.566663798260834, -10.5669790544448, -10.5669790544448, -10.5669790544448, -10.5669790544448, -10.566663798260834, -10.566663798260834, -10.566663798260834, -10.5669790544448, -10.566348542076867, -10.566663798260834, -10.566663798260834, -10.566663798260834, -10.566663798260834, -10.5669790544448, -10.566348542076867, -10.5669790544448, -10.566663798260834, -10.5669790544448, -10.5669790544448, -10.566348542076867, -10.566663798260834, -10.566663798260834, -10.566663798260834, -10.5669790544448, -10.566348542076867, -10.566663798260834, -10.566663798260834, -10.566663798260834, -10.5669790544448, -10.5669790544448, -10.566663798260834, -10.5669790544448, -10.566663798260834, -10.566663798260834, -10.566348542076867, -10.5669790544448, -10.566663798260834, -10.5669790544448, -10.5669790544448, -10.566663798260834, -10.566663798260834, -10.566663798260834, -10.566663798260834, -10.566348542076867, -10.566663798260834, -10.5669790544448, -10.566663798260834, -10.566663798260834, -10.566663798260834, -10.566663798260834, -10.566663798260834, -10.566663798260834, -10.566663798260834, -10.566663798260834, -10.566663798260834, -10.566663798260834, -10.5669790544448, -10.566663798260834, -10.566663798260834, -10.566663798260834, -10.566663798260834, -10.566663798260834, -10.566348542076867, -10.566663798260834, -10.566663798260834, -10.566663798260834, -10.566663798260834, -10.566663798260834, -10.566348542076867, -10.5669790544448, -10.5669790544448, -10.566663798260834, -10.566663798260834, -10.566663798260834, -10.5669790544448, -10.566348542076867, -10.566663798260834, -10.566348542076867, -10.566663798260834, -10.566663798260834, -10.5669790544448, -10.566348542076867, -10.5669790544448, -10.566348542076867, -10.566663798260834, -10.566348542076867, -10.5669790544448, -10.566348542076867, -10.566663798260834, -10.5669790544448, -10.566663798260834, -10.5669790544448, -10.5669790544448, -10.566348542076867, -10.5669790544448, -10.566663798260834, -10.566663798260834, -10.5669790544448, -10.566663798260834, -10.566663798260834, -10.566348542076867, -10.566348542076867, -10.566663798260834, -10.5669790544448, -10.566663798260834, -10.5669790544448, -10.566663798260834, -10.5669790544448, -10.566663798260834, -10.5669790544448, -10.5669790544448, -10.566663798260834, -10.5669790544448, -10.5669790544448, -10.566663798260834, -10.5669790544448, -10.5669790544448, -10.566663798260834, -10.5669790544448, -10.566663798260834, -10.566663798260834, -10.566663798260834, -10.566348542076867, -10.5669790544448, -10.566663798260834, -10.566663798260834, -10.566663798260834, -10.566663798260834, -10.566348542076867, -10.566663798260834, -10.566663798260834, -10.5669790544448, -10.566663798260834, -10.566663798260834, -10.566663798260834, -10.566663798260834, -10.566663798260834, -10.5669790544448, -10.566348542076867, -10.566663798260834, -10.566663798260834, -10.566663798260834, -10.5669790544448, -10.566663798260834, -10.566663798260834, -10.566663798260834, -10.566663798260834, -10.566348542076867, -10.566663798260834, -10.566663798260834, -10.5669790544448, -10.566663798260834, -10.566663798260834, -10.5669790544448, -10.5669790544448, -10.566663798260834, -10.566663798260834, -10.566663798260834, -10.566663798260834, -10.5669790544448, -10.5669790544448, -10.5669790544448, -10.566663798260834, -10.566663798260834, -10.566663798260834, -10.566663798260834, -10.5669790544448, -10.566663798260834, -10.566663798260834, -10.566348542076867, -10.5669790544448, -10.566663798260834, -10.566663798260834, -10.5669790544448, -10.566663798260834, -10.566663798260834, -10.566663798260834, -10.566663798260834, -10.567294310628768, -10.566663798260834, -10.5669790544448, -10.566348542076867, -10.566663798260834, -10.566663798260834, -10.566663798260834, -10.566663798260834, -10.566663798260834, -10.5669790544448, -10.566663798260834, -10.566663798260834, -10.566663798260834, -10.566663798260834, -10.566663798260834, -10.566663798260834, -10.566663798260834, -10.566348542076867, -10.5669790544448, -10.566348542076867, -10.566663798260834, -10.566663798260834, -10.566348542076867, -10.5669790544448, -10.566663798260834, -10.566663798260834, -10.566663798260834, -10.566663798260834, -10.566348542076867, -10.566663798260834, -10.566663798260834, -10.566663798260834, -10.566663798260834, -10.5669790544448, -10.566663798260834, -10.566348542076867, -10.566663798260834, -10.566663798260834, -10.566663798260834, -10.5669790544448, -10.566348542076867, -10.566348542076867, -10.5669790544448, -10.566663798260834, -10.566348542076867, -10.566663798260834, -10.566663798260834, -10.566663798260834, -10.566663798260834, -10.566663798260834, -10.5669790544448, -10.566663798260834, -10.566663798260834, -10.566663798260834, -10.566663798260834, -10.566663798260834, -10.566348542076867, -10.566663798260834, -10.566348542076867, -10.566348542076867, -10.566663798260834, -10.566663798260834, -10.566663798260834, -10.566663798260834, -10.566663798260834, -10.566663798260834, -10.566348542076867, -10.566663798260834, -10.566663798260834]}, \"data_type\": \"<type 'collections.defaultdict'>\"}"}
{"message": "{\"timestamp\": 3.5334689617156982, \"object_type\": \"labjack_stream\", \"data\": {\"AIN0\": [-10.566663798260834, -10.5669790544448, -10.566663798260834, -10.566663798260834, -10.566663798260834, -10.566663798260834, -10.566348542076867, -10.566663798260834, -10.566348542076867, -10.566663798260834, -10.566663798260834, -10.5669790544448, -10.566663798260834, -10.566663798260834, -10.5669790544448, -10.566348542076867, -10.566663798260834, -10.566663798260834, -10.566348542076867, -10.5669790544448, -10.566348542076867, -10.566663798260834, -10.5669790544448, -10.566663798260834, -10.566663798260834, -10.566663798260834, -10.5669790544448, -10.566348542076867, -10.566663798260834, -10.5669790544448, -10.5669790544448, -10.566663798260834, -10.566663798260834, -10.566663798260834, -10.5669790544448, -10.566663798260834, -10.566663798260834, -10.566348542076867, -10.566663798260834, -10.566663798260834, -10.566348542076867, -10.566348542076867, -10.566663798260834, -10.5669790544448, -10.5669790544448, -10.566348542076867, -10.566663798260834, -10.566663798260834, -10.566348542076867, -10.566348542076867, -10.566348542076867, -10.566663798260834, -10.566663798260834, -10.5669790544448, -10.5669790544448, -10.566663798260834, -10.566663798260834, -10.566663798260834, -10.566348542076867, -10.566663798260834, -10.5669790544448, -10.566348542076867, -10.566348542076867, -10.566663798260834, -10.566663798260834, -10.566663798260834, -10.566663798260834, -10.566663798260834, -10.566663798260834, -10.566663798260834, -10.566663798260834, -10.566348542076867, -10.5669790544448, -10.566663798260834, -10.566663798260834, -10.566348542076867, -10.5669790544448, -10.5669790544448, -10.566663798260834, -10.566663798260834, -10.566663798260834, -10.566663798260834, -10.566663798260834, -10.5669790544448, -10.5669790544448, -10.566348542076867, -10.5669790544448, -10.566663798260834, -10.566348542076867, -10.566663798260834, -10.566663798260834, -10.566348542076867, -10.566663798260834, -10.566348542076867, -10.566663798260834, -10.566663798260834, -10.566348542076867, -10.566348542076867, -10.566663798260834, -10.566348542076867, -10.566348542076867, -10.566348542076867, -10.566348542076867, -10.5669790544448, -10.566348542076867, -10.5669790544448, -10.566663798260834, -10.566348542076867, -10.566663798260834, -10.5669790544448, -10.566663798260834, -10.566663798260834, -10.566663798260834, -10.566348542076867, -10.5669790544448, -10.566663798260834, -10.566663798260834, -10.566348542076867, -10.566348542076867, -10.566348542076867, -10.566663798260834, -10.566663798260834, -10.5669790544448, -10.566663798260834, -10.566663798260834, -10.566663798260834, -10.5669790544448, -10.566663798260834, -10.566663798260834, -10.566348542076867, -10.566663798260834, -10.566348542076867, -10.566348542076867, -10.566663798260834, -10.566348542076867, -10.566663798260834, -10.566348542076867, -10.566663798260834, -10.566663798260834, -10.566348542076867, -10.566663798260834, -10.566663798260834, -10.566663798260834, -10.566663798260834, -10.5669790544448, -10.566348542076867, -10.566348542076867, -10.566663798260834, -10.566663798260834, -10.566663798260834, -10.566348542076867, -10.566663798260834, -10.5669790544448, -10.5669790544448, -10.566663798260834, -10.566663798260834, -10.566663798260834, -10.566663798260834, -10.566663798260834, -10.566663798260834, -10.566348542076867, -10.566663798260834, -10.566663798260834, -10.566663798260834, -10.566348542076867, -10.566663798260834, -10.566663798260834, -10.5669790544448, -10.566663798260834, -10.566348542076867, -10.566348542076867, -10.566663798260834, -10.5669790544448, -10.566663798260834, -10.566663798260834, -10.566663798260834, -10.566348542076867, -10.566663798260834, -10.5669790544448, -10.5669790544448, -10.566663798260834, -10.566663798260834, -10.5669790544448, -10.5669790544448, -10.566663798260834, -10.5669790544448, -10.566663798260834, -10.566663798260834, -10.566663798260834, -10.566663798260834, -10.566348542076867, -10.566663798260834, -10.566348542076867, -10.566663798260834, -10.5669790544448, -10.566663798260834, -10.5669790544448, -10.566663798260834, -10.566663798260834, -10.5669790544448, -10.5669790544448, -10.566348542076867, -10.566663798260834, -10.566348542076867, -10.5669790544448, -10.5669790544448, -10.566663798260834, -10.566663798260834, -10.566663798260834, -10.5669790544448, -10.5669790544448, -10.566348542076867, -10.566663798260834, -10.5669790544448, -10.566348542076867, -10.566663798260834, -10.566663798260834, -10.566663798260834, -10.5669790544448, -10.566663798260834, -10.566663798260834, -10.5660332858929, -10.5669790544448, -10.566663798260834, -10.566348542076867, -10.566663798260834, -10.5669790544448, -10.566348542076867, -10.566348542076867, -10.566663798260834, -10.5669790544448, -10.566663798260834, -10.566348542076867, -10.5669790544448, -10.566663798260834, -10.566663798260834, -10.566663798260834, -10.566663798260834, -10.566663798260834, -10.566663798260834, -10.566348542076867, -10.566663798260834, -10.566348542076867, -10.566663798260834, -10.566663798260834, -10.566663798260834, -10.566663798260834, -10.566663798260834, -10.566663798260834, -10.566663798260834], \"AIN1\": [-10.5669790544448, -10.566663798260834, -10.5669790544448, -10.566663798260834, -10.566663798260834, -10.566663798260834, -10.5669790544448, -10.5669790544448, -10.5669790544448, -10.566663798260834, -10.566663798260834, -10.566663798260834, -10.566663798260834, -10.566663798260834, -10.566348542076867, -10.566663798260834, -10.566663798260834, -10.566348542076867, -10.566663798260834, -10.566663798260834, -10.566663798260834, -10.5669790544448, -10.566663798260834, -10.566348542076867, -10.566663798260834, -10.5669790544448, -10.566663798260834, -10.566663798260834, -10.566348542076867, -10.5669790544448, -10.566663798260834, -10.566663798260834, -10.5669790544448, -10.566663798260834, -10.566663798260834, -10.566663798260834, -10.566663798260834, -10.5669790544448, -10.566348542076867, -10.566663798260834, -10.566663798260834, -10.566663798260834, -10.566663798260834, -10.566663798260834, -10.566663798260834, -10.566348542076867, -10.566663798260834, -10.5669790544448, -10.566663798260834, -10.566663798260834, -10.566663798260834, -10.566348542076867, -10.566348542076867, -10.5669790544448, -10.566663798260834, -10.566663798260834, -10.566663798260834, -10.566348542076867, -10.566663798260834, -10.566663798260834, -10.5669790544448, -10.566663798260834, -10.5669790544448, -10.5669790544448, -10.5669790544448, -10.566348542076867, -10.5669790544448, -10.566348542076867, -10.566663798260834, -10.566663798260834, -10.566663798260834, -10.566663798260834, -10.566663798260834, -10.5669790544448, -10.5669790544448, -10.566663798260834, -10.566663798260834, -10.566663798260834, -10.566663798260834, -10.566663798260834, -10.566663798260834, -10.566663798260834, -10.5660332858929, -10.5669790544448, -10.566663798260834, -10.5669790544448, -10.566348542076867, -10.566663798260834, -10.566348542076867, -10.566348542076867, -10.5669790544448, -10.5669790544448, -10.566663798260834, -10.5669790544448, -10.566348542076867, -10.566663798260834, -10.566663798260834, -10.566663798260834, -10.566663798260834, -10.566663798260834, -10.566348542076867, -10.566663798260834, -10.566663798260834, -10.566348542076867, -10.5669790544448, -10.566348542076867, -10.566348542076867, -10.5669790544448, -10.566663798260834, -10.566663798260834, -10.566663798260834, -10.5669790544448, -10.566663798260834, -10.566348542076867, -10.566663798260834, -10.566663798260834, -10.5669790544448, -10.566663798260834, -10.5669790544448, -10.566663798260834, -10.566663798260834, -10.5669790544448, -10.566663798260834, -10.566663798260834, -10.566663798260834, -10.5669790544448, -10.566348542076867, -10.566348542076867, -10.566663798260834, -10.566663798260834, -10.5669790544448, -10.566663798260834, -10.566663798260834, -10.566348542076867, -10.5669790544448, -10.566663798260834, -10.566663798260834, -10.566348542076867, -10.566348542076867, -10.566663798260834, -10.5669790544448, -10.566663798260834, -10.566663798260834, -10.566663798260834, -10.566663798260834, -10.566663798260834, -10.566663798260834, -10.566663798260834, -10.5669790544448, -10.566663798260834, -10.5669790544448, -10.566663798260834, -10.566663798260834, -10.566663798260834, -10.5669790544448, -10.566663798260834, -10.5669790544448, -10.566663798260834, -10.566663798260834, -10.5669790544448, -10.566663798260834, -10.566663798260834, -10.5669790544448, -10.5669790544448, -10.566663798260834, -10.5669790544448, -10.5669790544448, -10.566663798260834, -10.566663798260834, -10.566663798260834, -10.566663798260834, -10.566663798260834, -10.566663798260834, -10.566348542076867, -10.566663798260834, -10.566663798260834, -10.566663798260834, -10.5669790544448, -10.5669790544448, -10.566348542076867, -10.566663798260834, -10.566663798260834, -10.566663798260834, -10.5669790544448, -10.5669790544448, -10.5669790544448, -10.566663798260834, -10.566663798260834, -10.566663798260834, -10.566663798260834, -10.566663798260834, -10.5669790544448, -10.566663798260834, -10.566663798260834, -10.566663798260834, -10.5669790544448, -10.566663798260834, -10.566663798260834, -10.566663798260834, -10.5669790544448, -10.566663798260834, -10.566663798260834, -10.566663798260834, -10.5669790544448, -10.566348542076867, -10.566663798260834, -10.566663798260834, -10.5669790544448, -10.566348542076867, -10.566663798260834, -10.566663798260834, -10.5669790544448, -10.566348542076867, -10.566348542076867, -10.566663798260834, -10.5669790544448, -10.566663798260834, -10.566348542076867, -10.566663798260834, -10.5669790544448, -10.566663798260834, -10.5669790544448, -10.5669790544448, -10.566663798260834, -10.566663798260834, -10.566348542076867, -10.566663798260834, -10.566663798260834, -10.566663798260834, -10.566663798260834, -10.566348542076867, -10.566348542076867, -10.566348542076867, -10.566663798260834, -10.566663798260834, -10.566663798260834, -10.566663798260834, -10.566663798260834, -10.566663798260834, -10.566663798260834, -10.566663798260834, -10.566348542076867, -10.566663798260834, -10.566663798260834, -10.566348542076867, -10.566663798260834, -10.5669790544448, -10.5669790544448, -10.566663798260834, -10.566663798260834], \"AIN2\": [-10.566663798260834, -10.5669790544448, -10.566348542076867, -10.566663798260834, -10.566663798260834, -10.5669790544448, -10.566663798260834, -10.5669790544448, -10.566663798260834, -10.566663798260834, -10.566663798260834, -10.5669790544448, -10.5669790544448, -10.5669790544448, -10.5669790544448, -10.566663798260834, -10.566348542076867, -10.566663798260834, -10.5669790544448, -10.566348542076867, -10.566663798260834, -10.5669790544448, -10.566663798260834, -10.566663798260834, -10.5669790544448, -10.566663798260834, -10.566663798260834, -10.566348542076867, -10.566663798260834, -10.566663798260834, -10.5669790544448, -10.566663798260834, -10.5669790544448, -10.566348542076867, -10.5669790544448, -10.566663798260834, -10.5669790544448, -10.566663798260834, -10.566663798260834, -10.5669790544448, -10.5669790544448, -10.5669790544448, -10.566663798260834, -10.566348542076867, -10.566663798260834, -10.5669790544448, -10.566663798260834, -10.5669790544448, -10.566663798260834, -10.5669790544448, -10.566348542076867, -10.566663798260834, -10.566348542076867, -10.566663798260834, -10.566663798260834, -10.566348542076867, -10.5669790544448, -10.5669790544448, -10.566663798260834, -10.5669790544448, -10.566663798260834, -10.566348542076867, -10.566663798260834, -10.566663798260834, -10.566663798260834, -10.566663798260834, -10.566663798260834, -10.566663798260834, -10.5669790544448, -10.566348542076867, -10.566663798260834, -10.5669790544448, -10.566663798260834, -10.5669790544448, -10.566348542076867, -10.5669790544448, -10.566348542076867, -10.566663798260834, -10.566663798260834, -10.566663798260834, -10.566663798260834, -10.5669790544448, -10.566663798260834, -10.566348542076867, -10.566348542076867, -10.566663798260834, -10.566663798260834, -10.5669790544448, -10.5669790544448, -10.566663798260834, -10.566663798260834, -10.566663798260834, -10.566663798260834, -10.566663798260834, -10.5669790544448, -10.566663798260834, -10.566348542076867, -10.566663798260834, -10.5669790544448, -10.5669790544448, -10.5669790544448, -10.566663798260834, -10.5669790544448, -10.566663798260834, -10.5669790544448, -10.566348542076867, -10.566663798260834, -10.566663798260834, -10.5669790544448, -10.5669790544448, -10.5669790544448, -10.566663798260834, -10.566663798260834, -10.5669790544448, -10.5669790544448, -10.566663798260834, -10.5669790544448, -10.5669790544448, -10.566663798260834, -10.566663798260834, -10.5669790544448, -10.5669790544448, -10.5669790544448, -10.566663798260834, -10.566663798260834, -10.566663798260834, -10.566663798260834, -10.566663798260834, -10.5669790544448, -10.566663798260834, -10.566663798260834, -10.5669790544448, -10.566348542076867, -10.566663798260834, -10.566348542076867, -10.566348542076867, -10.566663798260834, -10.566663798260834, -10.5669790544448, -10.566663798260834, -10.5669790544448, -10.5669790544448, -10.566663798260834, -10.566663798260834, -10.566663798260834, -10.566348542076867, -10.566663798260834, -10.566348542076867, -10.566663798260834, -10.5669790544448, -10.566663798260834, -10.566348542076867, -10.566663798260834, -10.566663798260834, -10.5669790544448, -10.5669790544448, -10.5669790544448, -10.566663798260834, -10.566663798260834, -10.566663798260834, -10.5669790544448, -10.566348542076867, -10.5669790544448, -10.566663798260834, -10.566663798260834, -10.5669790544448, -10.5669790544448, -10.566663798260834, -10.566663798260834, -10.5669790544448, -10.5669790544448, -10.566663798260834, -10.5669790544448, -10.566663798260834, -10.566663798260834, -10.566348542076867, -10.5669790544448, -10.566663798260834, -10.566663798260834, -10.567294310628768, -10.566348542076867, -10.566663798260834, -10.5669790544448, -10.566663798260834, -10.566663798260834, -10.566663798260834, -10.566663798260834, -10.566663798260834, -10.566663798260834, -10.566663798260834, -10.566663798260834, -10.5669790544448, -10.566663798260834, -10.566663798260834, -10.566663798260834, -10.5669790544448, -10.566663798260834, -10.566348542076867, -10.566348542076867, -10.566663798260834, -10.566663798260834, -10.566348542076867, -10.5669790544448, -10.5669790544448, -10.5669790544448, -10.566663798260834, -10.5669790544448, -10.566663798260834, -10.566663798260834, -10.566663798260834, -10.5669790544448, -10.566663798260834, -10.566663798260834, -10.5669790544448, -10.566348542076867, -10.566663798260834, -10.566663798260834, -10.566663798260834, -10.5669790544448, -10.5669790544448, -10.566663798260834, -10.5669790544448, -10.5669790544448, -10.5669790544448, -10.5669790544448, -10.566663798260834, -10.566663798260834, -10.5669790544448, -10.566663798260834, -10.566663798260834, -10.566663798260834, -10.566348542076867, -10.566663798260834, -10.566663798260834, -10.566663798260834, -10.5669790544448, -10.566663798260834, -10.5669790544448, -10.5669790544448, -10.5669790544448, -10.5669790544448, -10.5669790544448, -10.5669790544448, -10.5669790544448, -10.566663798260834, -10.566663798260834, -10.566663798260834, -10.566663798260834, -10.5669790544448, -10.566663798260834], \"AIN3\": [-10.5669790544448, -10.566663798260834, -10.5669790544448, -10.566663798260834, -10.566663798260834, -10.566663798260834, -10.566663798260834, -10.5669790544448, -10.566348542076867, -10.566663798260834, -10.5669790544448, -10.566348542076867, -10.566663798260834, -10.566663798260834, -10.566663798260834, -10.566663798260834, -10.566663798260834, -10.566663798260834, -10.5669790544448, -10.566348542076867, -10.566663798260834, -10.566663798260834, -10.566663798260834, -10.5669790544448, -10.5669790544448, -10.566663798260834, -10.566663798260834, -10.566663798260834, -10.566663798260834, -10.566348542076867, -10.566663798260834, -10.566348542076867, -10.566663798260834, -10.566348542076867, -10.566348542076867, -10.566663798260834, -10.566663798260834, -10.5669790544448, -10.566663798260834, -10.566663798260834, -10.566663798260834, -10.566663798260834, -10.5669790544448, -10.566663798260834, -10.566663798260834, -10.566663798260834, -10.566663798260834, -10.5669790544448, -10.5669790544448, -10.566348542076867, -10.566348542076867, -10.5669790544448, -10.566348542076867, -10.5669790544448, -10.5669790544448, -10.566663798260834, -10.566348542076867, -10.566663798260834, -10.566663798260834, -10.566348542076867, -10.5669790544448, -10.566348542076867, -10.5669790544448, -10.566663798260834, -10.5660332858929, -10.566663798260834, -10.566663798260834, -10.566348542076867, -10.566348542076867, -10.566663798260834, -10.566663798260834, -10.566663798260834, -10.566663798260834, -10.566663798260834, -10.5669790544448, -10.5669790544448, -10.566663798260834, -10.566663798260834, -10.566348542076867, -10.5669790544448, -10.5669790544448, -10.566348542076867, -10.566663798260834, -10.566348542076867, -10.5669790544448, -10.566663798260834, -10.566663798260834, -10.5669790544448, -10.566663798260834, -10.566663798260834, -10.566663798260834, -10.566348542076867, -10.566348542076867, -10.566663798260834, -10.566663798260834, -10.566663798260834, -10.566348542076867, -10.566663798260834, -10.566348542076867, -10.566663798260834, -10.566663798260834, -10.566348542076867, -10.566663798260834, -10.566348542076867, -10.566348542076867, -10.5669790544448, -10.566348542076867, -10.566663798260834, -10.566663798260834, -10.566663798260834, -10.566663798260834, -10.566663798260834, -10.566663798260834, -10.5669790544448, -10.566663798260834, -10.566663798260834, -10.566663798260834, -10.566663798260834, -10.566663798260834, -10.566663798260834, -10.566663798260834, -10.566663798260834, -10.566663798260834, -10.566663798260834, -10.566663798260834, -10.566348542076867, -10.566663798260834, -10.566663798260834, -10.566348542076867, -10.5669790544448, -10.5669790544448, -10.5669790544448, -10.566663798260834, -10.566663798260834, -10.566663798260834, -10.566348542076867, -10.566663798260834, -10.5669790544448, -10.567294310628768, -10.566348542076867, -10.5669790544448, -10.566663798260834, -10.566663798260834, -10.566663798260834, -10.566663798260834, -10.566663798260834, -10.5669790544448, -10.566663798260834, -10.566663798260834, -10.566348542076867, -10.566663798260834, -10.5669790544448, -10.566663798260834, -10.5669790544448, -10.566348542076867, -10.566348542076867, -10.566663798260834, -10.566663798260834, -10.5669790544448, -10.5669790544448, -10.566663798260834, -10.566663798260834, -10.566348542076867, -10.566663798260834, -10.566663798260834, -10.566663798260834, -10.566663798260834, -10.566663798260834, -10.5669790544448, -10.566348542076867, -10.566663798260834, -10.566663798260834, -10.566663798260834, -10.566663798260834, -10.566663798260834, -10.566663798260834, -10.5669790544448, -10.566663798260834, -10.566663798260834, -10.566348542076867, -10.566663798260834, -10.566663798260834, -10.566348542076867, -10.5669790544448, -10.566663798260834, -10.566663798260834, -10.566663798260834, -10.566663798260834, -10.566663798260834, -10.5669790544448, -10.566663798260834, -10.5669790544448, -10.566348542076867, -10.5669790544448, -10.5669790544448, -10.566663798260834, -10.566663798260834, -10.566348542076867, -10.5669790544448, -10.566663798260834, -10.566663798260834, -10.566663798260834, -10.566663798260834, -10.566663798260834, -10.566663798260834, -10.566663798260834, -10.5669790544448, -10.566663798260834, -10.5669790544448, -10.566663798260834, -10.566663798260834, -10.566663798260834, -10.566663798260834, -10.566663798260834, -10.566663798260834, -10.566663798260834, -10.566663798260834, -10.566663798260834, -10.5669790544448, -10.5669790544448, -10.566663798260834, -10.566348542076867, -10.566348542076867, -10.5669790544448, -10.566663798260834, -10.566663798260834, -10.566348542076867, -10.566663798260834, -10.5669790544448, -10.5669790544448, -10.5669790544448, -10.566348542076867, -10.566663798260834, -10.566663798260834, -10.5669790544448, -10.5669790544448, -10.566663798260834, -10.566348542076867, -10.566663798260834, -10.566663798260834, -10.566348542076867, -10.5669790544448, -10.5669790544448, -10.566663798260834, -10.5669790544448, -10.566663798260834, -10.566663798260834, -10.566348542076867, -10.5669790544448, -10.566663798260834]}, \"data_type\": \"<type 'collections.defaultdict'>\"}"}
{"message": "{\"timestamp\": 3.7576260566711426, \"object_type\": \"labjack_stream\", \"data\": {\"AIN0\": [-10.566348542076867, -10.566663798260834, -10.566663798260834, -10.566348542076867, -10.5669790544448, -10.566663798260834, -10.566663798260834, -10.566663798260834, -10.5669790544448, -10.566663798260834, -10.566663798260834, -10.566348542076867, -10.566663798260834, -10.566348542076867, -10.566663798260834, -10.5669790544448, -10.5669790544448, -10.566663798260834, -10.5669790544448, -10.566348542076867, -10.566663798260834, -10.5669790544448, -10.566663798260834, -10.566348542076867, -10.566663798260834, -10.566663798260834, -10.5669790544448, -10.5669790544448, -10.566663798260834, -10.566663798260834, -10.566348542076867, -10.566348542076867, -10.566663798260834, -10.566348542076867, -10.566663798260834, -10.566663798260834, -10.566348542076867, -10.566663798260834, -10.566663798260834, -10.566348542076867, -10.566663798260834, -10.566348542076867, -10.566663798260834, -10.566663798260834, -10.566663798260834, -10.566348542076867, -10.5669790544448, -10.566663798260834, -10.566663798260834, -10.566663798260834, -10.566348542076867, -10.566663798260834, -10.566348542076867, -10.566663798260834, -10.566663798260834, -10.566663798260834, -10.566348542076867, -10.566348542076867, -10.566663798260834, -10.566663798260834, -10.566348542076867, -10.566663798260834, -10.566663798260834, -10.566663798260834, -10.5669790544448, -10.5669790544448, -10.566663798260834, -10.566663798260834, -10.566663798260834, -10.566663798260834, -10.566348542076867, -10.566663798260834, -10.566663798260834, -10.566663798260834, -10.566663798260834, -10.566663798260834, -10.566663798260834, -10.566663798260834, -10.566348542076867, -10.566348542076867, -10.5669790544448, -10.566663798260834, -10.566663798260834, -10.566663798260834, -10.5669790544448, -10.566663798260834, -10.566663798260834, -10.5669790544448, -10.5669790544448, -10.566348542076867, -10.5669790544448, -10.566663798260834, -10.566348542076867, -10.566663798260834, -10.566348542076867, -10.566663798260834, -10.566663798260834, -10.566348542076867, -10.566663798260834, -10.566663798260834, -10.5669790544448, -10.566663798260834, -10.566663798260834, -10.566663798260834, -10.5669790544448, -10.566663798260834, -10.566348542076867, -10.566663798260834, -10.566663798260834, -10.5669790544448, -10.566663798260834, -10.566663798260834, -10.566663798260834, -10.566348542076867, -10.566348542076867, -10.566663798260834, -10.566663798260834, -10.566348542076867, -10.566348542076867, -10.566663798260834, -10.566663798260834, -10.566663798260834, -10.566663798260834, -10.5669790544448, -10.566663798260834, -10.566663798260834, -10.566663798260834, -10.566348542076867, -10.566348542076867, -10.5669790544448, -10.566663798260834, -10.566348542076867, -10.566348542076867, -10.566663798260834, -10.566663798260834, -10.566348542076867, -10.566663798260834, -10.566348542076867, -10.566663798260834, -10.566663798260834, -10.566663798260834, -10.5669790544448, -10.566348542076867, -10.5669790544448, -10.566348542076867, -10.566663798260834, -10.5669790544448, -10.566663798260834, -10.566348542076867, -10.566663798260834, -10.566348542076867, -10.566348542076867, -10.566663798260834, -10.5669790544448, -10.566348542076867, -10.566663798260834, -10.566663798260834, -10.566663798260834, -10.566663798260834, -10.5669790544448, -10.5669790544448, -10.566663798260834, -10.566663798260834, -10.566663798260834, -10.566663798260834, -10.5669790544448, -10.566348542076867, -10.566663798260834, -10.566663798260834, -10.566663798260834, -10.566663798260834, -10.566663798260834, -10.566348542076867, -10.566663798260834, -10.566663798260834, -10.566663798260834, -10.566663798260834, -10.566663798260834, -10.566663798260834, -10.566663798260834, -10.566663798260834, -10.566663798260834, -10.566348542076867, -10.566348542076867, -10.566663798260834, -10.566663798260834, -10.566663798260834, -10.566663798260834, -10.566663798260834, -10.566663798260834, -10.566348542076867, -10.5669790544448, -10.566663798260834, -10.566348542076867, -10.566663798260834, -10.566348542076867, -10.5669790544448, -10.566663798260834, -10.566663798260834, -10.566663798260834, -10.566348542076867, -10.5669790544448, -10.566663798260834, -10.566663798260834, -10.566663798260834, -10.566663798260834, -10.566663798260834, -10.566663798260834, -10.566663798260834, -10.5669790544448, -10.566663798260834, -10.566348542076867, -10.5669790544448, -10.566348542076867, -10.566663798260834, -10.566663798260834, -10.5669790544448, -10.566663798260834, -10.5669790544448, -10.5669790544448, -10.566663798260834, -10.566663798260834, -10.5669790544448, -10.566663798260834, -10.566663798260834, -10.566663798260834, -10.566663798260834, -10.566348542076867, -10.566348542076867, -10.566663798260834, -10.566663798260834, -10.566348542076867, -10.566663798260834, -10.566348542076867, -10.566663798260834, -10.566348542076867, -10.566348542076867, -10.5669790544448, -10.5669790544448, -10.566348542076867, -10.5669790544448, -10.566348542076867, -10.566348542076867, -10.5669790544448, -10.566348542076867, -10.5669790544448, -10.566663798260834, -10.566348542076867, -10.566663798260834, -10.566663798260834], \"AIN1\": [-10.566663798260834, -10.5669790544448, -10.5669790544448, -10.566348542076867, -10.5669790544448, -10.566663798260834, -10.566663798260834, -10.5669790544448, -10.566663798260834, -10.566348542076867, -10.566663798260834, -10.566663798260834, -10.5669790544448, -10.566663798260834, -10.566663798260834, -10.566663798260834, -10.5669790544448, -10.5669790544448, -10.566348542076867, -10.566663798260834, -10.566348542076867, -10.566348542076867, -10.566663798260834, -10.566663798260834, -10.566348542076867, -10.566663798260834, -10.566663798260834, -10.566663798260834, -10.5669790544448, -10.566663798260834, -10.566348542076867, -10.566348542076867, -10.566348542076867, -10.566663798260834, -10.566663798260834, -10.566348542076867, -10.566348542076867, -10.5669790544448, -10.566663798260834, -10.566663798260834, -10.567294310628768, -10.566663798260834, -10.566663798260834, -10.566348542076867, -10.566663798260834, -10.566663798260834, -10.566348542076867, -10.5669790544448, -10.566348542076867, -10.566663798260834, -10.566348542076867, -10.566663798260834, -10.5669790544448, -10.566663798260834, -10.566348542076867, -10.566663798260834, -10.566663798260834, -10.566348542076867, -10.5669790544448, -10.566663798260834, -10.566663798260834, -10.566663798260834, -10.566663798260834, -10.566348542076867, -10.566663798260834, -10.566663798260834, -10.566663798260834, -10.566663798260834, -10.566663798260834, -10.566663798260834, -10.566663798260834, -10.566663798260834, -10.566663798260834, -10.566663798260834, -10.566348542076867, -10.5669790544448, -10.566663798260834, -10.5669790544448, -10.566348542076867, -10.566663798260834, -10.566663798260834, -10.566348542076867, -10.566663798260834, -10.566663798260834, -10.566663798260834, -10.566663798260834, -10.5669790544448, -10.566663798260834, -10.566663798260834, -10.566663798260834, -10.566663798260834, -10.566663798260834, -10.566663798260834, -10.566663798260834, -10.566348542076867, -10.566348542076867, -10.566663798260834, -10.566663798260834, -10.566663798260834, -10.566348542076867, -10.566663798260834, -10.5669790544448, -10.5669790544448, -10.5669790544448, -10.566663798260834, -10.5669790544448, -10.566663798260834, -10.566663798260834, -10.566663798260834, -10.566663798260834, -10.566663798260834, -10.5669790544448, -10.566663798260834, -10.566663798260834, -10.566348542076867, -10.566348542076867, -10.566663798260834, -10.566663798260834, -10.5669790544448, -10.5669790544448, -10.5669790544448, -10.5669790544448, -10.566663798260834, -10.566348542076867, -10.5669790544448, -10.566663798260834, -10.566348542076867, -10.566663798260834, -10.566663798260834, -10.5669790544448, -10.566348542076867, -10.566663798260834, -10.5669790544448, -10.566348542076867, -10.566663798260834, -10.566663798260834, -10.566663798260834, -10.5669790544448, -10.566348542076867, -10.566663798260834, -10.566663798260834, -10.566663798260834, -10.566663798260834, -10.5669790544448, -10.566663798260834, -10.5669790544448, -10.5669790544448, -10.566663798260834, -10.5669790544448, -10.5669790544448, -10.566663798260834, -10.566663798260834, -10.566663798260834, -10.566663798260834, -10.566348542076867, -10.566348542076867, -10.566663798260834, -10.5669790544448, -10.566663798260834, -10.566663798260834, -10.566663798260834, -10.566663798260834, -10.566663798260834, -10.566663798260834, -10.566663798260834, -10.5669790544448, -10.566663798260834, -10.566663798260834, -10.5669790544448, -10.5669790544448, -10.566663798260834, -10.566348542076867, -10.5669790544448, -10.5669790544448, -10.5669790544448, -10.566663798260834, -10.566663798260834, -10.566663798260834, -10.566663798260834, -10.566663798260834, -10.566663798260834, -10.5669790544448, -10.566348542076867, -10.566663798260834, -10.5669790544448, -10.566663798260834, -10.5669790544448, -10.566663798260834, -10.566663798260834, -10.566663798260834, -10.5669790544448, -10.566663798260834, -10.566663798260834, -10.566663798260834, -10.5669790544448, -10.566663798260834, -10.566663798260834, -10.5669790544448, -10.5669790544448, -10.5669790544448, -10.5669790544448, -10.566663798260834, -10.566663798260834, -10.566663798260834, -10.5669790544448, -10.5669790544448, -10.5669790544448, -10.566348542076867, -10.566663798260834, -10.5669790544448, -10.566663798260834, -10.5669790544448, -10.566663798260834, -10.5669790544448, -10.566663798260834, -10.5669790544448, -10.566663798260834, -10.566663798260834, -10.566663798260834, -10.5669790544448, -10.566663798260834, -10.5669790544448, -10.566663798260834, -10.5669790544448, -10.566348542076867, -10.566663798260834, -10.566663798260834, -10.5669790544448, -10.566663798260834, -10.566663798260834, -10.5669790544448, -10.5669790544448, -10.566663798260834, -10.566663798260834, -10.566663798260834, -10.5669790544448, -10.566663798260834, -10.566348542076867, -10.566663798260834, -10.566663798260834, -10.566663798260834, -10.5669790544448, -10.566663798260834, -10.5669790544448, -10.566663798260834, -10.566663798260834, -10.566663798260834, -10.566663798260834, -10.5669790544448, -10.566348542076867], \"AIN2\": [-10.566663798260834, -10.5669790544448, -10.566663798260834, -10.566663798260834, -10.566663798260834, -10.566663798260834, -10.5669790544448, -10.566663798260834, -10.566348542076867, -10.566663798260834, -10.566663798260834, -10.566663798260834, -10.566663798260834, -10.566663798260834, -10.566663798260834, -10.566663798260834, -10.566663798260834, -10.566663798260834, -10.566663798260834, -10.566663798260834, -10.566663798260834, -10.566663798260834, -10.5669790544448, -10.566663798260834, -10.566348542076867, -10.566663798260834, -10.5669790544448, -10.566348542076867, -10.566663798260834, -10.566348542076867, -10.566348542076867, -10.566663798260834, -10.566663798260834, -10.566348542076867, -10.5669790544448, -10.566663798260834, -10.566663798260834, -10.566663798260834, -10.5669790544448, -10.5669790544448, -10.566348542076867, -10.5669790544448, -10.566663798260834, -10.566663798260834, -10.566663798260834, -10.566348542076867, -10.566663798260834, -10.566663798260834, -10.566663798260834, -10.566348542076867, -10.566663798260834, -10.5669790544448, -10.566348542076867, -10.566348542076867, -10.566663798260834, -10.566663798260834, -10.566663798260834, -10.566663798260834, -10.566348542076867, -10.566663798260834, -10.5669790544448, -10.566663798260834, -10.566663798260834, -10.566348542076867, -10.566348542076867, -10.566663798260834, -10.566663798260834, -10.566348542076867, -10.5669790544448, -10.566348542076867, -10.5669790544448, -10.566348542076867, -10.5669790544448, -10.566348542076867, -10.566663798260834, -10.5669790544448, -10.566663798260834, -10.566663798260834, -10.5669790544448, -10.566663798260834, -10.5669790544448, -10.566663798260834, -10.5669790544448, -10.566348542076867, -10.566663798260834, -10.566663798260834, -10.566348542076867, -10.5669790544448, -10.566663798260834, -10.5669790544448, -10.566663798260834, -10.566663798260834, -10.566663798260834, -10.566348542076867, -10.5669790544448, -10.566663798260834, -10.5669790544448, -10.566348542076867, -10.5669790544448, -10.566663798260834, -10.566663798260834, -10.5669790544448, -10.566663798260834, -10.566663798260834, -10.566663798260834, -10.566663798260834, -10.566663798260834, -10.566348542076867, -10.566663798260834, -10.566663798260834, -10.566348542076867, -10.566663798260834, -10.566348542076867, -10.566663798260834, -10.5669790544448, -10.566663798260834, -10.566348542076867, -10.566348542076867, -10.566663798260834, -10.566348542076867, -10.566663798260834, -10.566663798260834, -10.566663798260834, -10.5669790544448, -10.566663798260834, -10.566663798260834, -10.5669790544448, -10.566663798260834, -10.566663798260834, -10.566663798260834, -10.566663798260834, -10.5669790544448, -10.566663798260834, -10.566348542076867, -10.566663798260834, -10.566663798260834, -10.566663798260834, -10.5669790544448, -10.5669790544448, -10.5669790544448, -10.566663798260834, -10.566663798260834, -10.566663798260834, -10.566663798260834, -10.566663798260834, -10.5669790544448, -10.566663798260834, -10.566663798260834, -10.566663798260834, -10.566663798260834, -10.5669790544448, -10.566663798260834, -10.5669790544448, -10.5669790544448, -10.5669790544448, -10.566663798260834, -10.566663798260834, -10.5669790544448, -10.566663798260834, -10.5669790544448, -10.566663798260834, -10.566663798260834, -10.5669790544448, -10.566348542076867, -10.566663798260834, -10.566663798260834, -10.566663798260834, -10.566663798260834, -10.566663798260834, -10.566348542076867, -10.566663798260834, -10.566663798260834, -10.566348542076867, -10.566663798260834, -10.566663798260834, -10.566663798260834, -10.566663798260834, -10.566663798260834, -10.5669790544448, -10.5669790544448, -10.5669790544448, -10.5669790544448, -10.566663798260834, -10.5669790544448, -10.566663798260834, -10.5669790544448, -10.5669790544448, -10.566348542076867, -10.566663798260834, -10.566348542076867, -10.566663798260834, -10.566663798260834, -10.566348542076867, -10.5669790544448, -10.5669790544448, -10.566663798260834, -10.566348542076867, -10.566663798260834, -10.5669790544448, -10.566663798260834, -10.5669790544448, -10.566663798260834, -10.566348542076867, -10.566663798260834, -10.566663798260834, -10.566348542076867, -10.566663798260834, -10.566663798260834, -10.5669790544448, -10.566663798260834, -10.566663798260834, -10.566663798260834, -10.566663798260834, -10.566663798260834, -10.566663798260834, -10.5669790544448, -10.566663798260834, -10.566663798260834, -10.566663798260834, -10.566348542076867, -10.566348542076867, -10.566348542076867, -10.566663798260834, -10.566663798260834, -10.566348542076867, -10.5669790544448, -10.566663798260834, -10.566663798260834, -10.566663798260834, -10.566348542076867, -10.566663798260834, -10.5669790544448, -10.5669790544448, -10.566663798260834, -10.566663798260834, -10.566663798260834, -10.566663798260834, -10.5669790544448, -10.566663798260834, -10.566348542076867, -10.566663798260834, -10.566663798260834, -10.5669790544448, -10.566348542076867, -10.566663798260834, -10.5669790544448, -10.5669790544448, -10.566663798260834, -10.5669790544448, -10.5669790544448], \"AIN3\": [-10.566663798260834, -10.566663798260834, -10.5669790544448, -10.566663798260834, -10.566348542076867, -10.566663798260834, -10.5669790544448, -10.566348542076867, -10.566663798260834, -10.566663798260834, -10.566348542076867, -10.566663798260834, -10.5669790544448, -10.566663798260834, -10.566663798260834, -10.5669790544448, -10.566663798260834, -10.566663798260834, -10.566663798260834, -10.566663798260834, -10.566663798260834, -10.5669790544448, -10.566663798260834, -10.566663798260834, -10.566663798260834, -10.566663798260834, -10.566663798260834, -10.566663798260834, -10.5669790544448, -10.566663798260834, -10.5669790544448, -10.566663798260834, -10.5669790544448, -10.566348542076867, -10.566663798260834, -10.566663798260834, -10.5669790544448, -10.5669790544448, -10.566663798260834, -10.566663798260834, -10.566348542076867, -10.5669790544448, -10.5669790544448, -10.5669790544448, -10.566663798260834, -10.566663798260834, -10.566663798260834, -10.5669790544448, -10.566348542076867, -10.566663798260834, -10.566663798260834, -10.566663798260834, -10.5669790544448, -10.5669790544448, -10.566663798260834, -10.566663798260834, -10.5669790544448, -10.566348542076867, -10.5669790544448, -10.566663798260834, -10.5669790544448, -10.566663798260834, -10.566663798260834, -10.5669790544448, -10.566663798260834, -10.566663798260834, -10.566663798260834, -10.566348542076867, -10.566348542076867, -10.566663798260834, -10.566663798260834, -10.5669790544448, -10.5669790544448, -10.5669790544448, -10.566663798260834, -10.566348542076867, -10.566663798260834, -10.566663798260834, -10.566663798260834, -10.566663798260834, -10.566663798260834, -10.5669790544448, -10.5669790544448, -10.566663798260834, -10.566663798260834, -10.566663798260834, -10.566663798260834, -10.566663798260834, -10.5669790544448, -10.5669790544448, -10.566663798260834, -10.566663798260834, -10.566663798260834, -10.5669790544448, -10.566663798260834, -10.566663798260834, -10.566663798260834, -10.5669790544448, -10.566663798260834, -10.566663798260834, -10.5669790544448, -10.5669790544448, -10.566348542076867, -10.566663798260834, -10.5669790544448, -10.566663798260834, -10.5669790544448, -10.5669790544448, -10.566663798260834, -10.566663798260834, -10.5669790544448, -10.567294310628768, -10.566663798260834, -10.566348542076867, -10.566663798260834, -10.566663798260834, -10.566348542076867, -10.566663798260834, -10.5669790544448, -10.566663798260834, -10.566663798260834, -10.566663798260834, -10.566663798260834, -10.5669790544448, -10.5669790544448, -10.566663798260834, -10.566663798260834, -10.5669790544448, -10.566663798260834, -10.566663798260834, -10.566663798260834, -10.566663798260834, -10.566663798260834, -10.566663798260834, -10.566348542076867, -10.566348542076867, -10.566663798260834, -10.566663798260834, -10.566663798260834, -10.566663798260834, -10.566663798260834, -10.566663798260834, -10.566663798260834, -10.566663798260834, -10.566663798260834, -10.566663798260834, -10.5669790544448, -10.566663798260834, -10.5669790544448, -10.566348542076867, -10.5669790544448, -10.5669790544448, -10.566663798260834, -10.566663798260834, -10.566348542076867, -10.566663798260834, -10.566663798260834, -10.566663798260834, -10.5669790544448, -10.566663798260834, -10.566663798260834, -10.566663798260834, -10.566663798260834, -10.5669790544448, -10.5669790544448, -10.566663798260834, -10.566663798260834, -10.566348542076867, -10.5669790544448, -10.5669790544448, -10.566663798260834, -10.566348542076867, -10.566348542076867, -10.566663798260834, -10.5669790544448, -10.566663798260834, -10.566663798260834, -10.566663798260834, -10.5669790544448, -10.566663798260834, -10.5669790544448, -10.566663798260834, -10.5669790544448, -10.566348542076867, -10.566348542076867, -10.566663798260834, -10.566348542076867, -10.566348542076867, -10.5669790544448, -10.566663798260834, -10.566663798260834, -10.566663798260834, -10.566348542076867, -10.566663798260834, -10.566663798260834, -10.5669790544448, -10.566348542076867, -10.5669790544448, -10.566663798260834, -10.566663798260834, -10.566663798260834, -10.566663798260834, -10.566348542076867, -10.5669790544448, -10.5669790544448, -10.566663798260834, -10.566663798260834, -10.566663798260834, -10.566348542076867, -10.5669790544448, -10.566348542076867, -10.5669790544448, -10.566663798260834, -10.5669790544448, -10.5669790544448, -10.566663798260834, -10.566663798260834, -10.566663798260834, -10.566663798260834, -10.5669790544448, -10.566663798260834, -10.5669790544448, -10.566348542076867, -10.566663798260834, -10.566663798260834, -10.5669790544448, -10.566663798260834, -10.566663798260834, -10.5669790544448, -10.5669790544448, -10.5669790544448, -10.566663798260834, -10.566663798260834, -10.566663798260834, -10.566348542076867, -10.566348542076867, -10.566348542076867, -10.566663798260834, -10.566663798260834, -10.566348542076867, -10.5669790544448, -10.566663798260834, -10.566348542076867, -10.566663798260834, -10.566663798260834, -10.5669790544448, -10.566663798260834, -10.566663798260834, -10.5669790544448, -10.566663798260834]}, \"data_type\": \"<type 'collections.defaultdict'>\"}"}
{"message": "{\"timestamp\": 3.769658088684082, \"object_type\": \"standard\", \"data\": \"{'level':'LinearTrack_100cm', 'level_start_time':'Mar Sat 15 08:50 2014', 'running_time':0, 'x':0.5, 'z':0, 'view_angle':90.00001, 'x_mouse':-14.375, 'y_mouse':-10.475, 'context':'restart', 'outcome':'None'}\", \"data_type\": \"<type 'str'>\"}"}
{"message": "{\"timestamp\": 3.770470142364502, \"object_type\": \"labjack_task\", \"data\": {\"write_value\": 1, \"register\": 6002, \"mode\": \"write\"}, \"data_type\": \"<type 'dict'>\"}"}
{"message": "{\"timestamp\": 3.7710211277008057, \"object_type\": \"labjack_task\", \"data\": {\"write_value\": 0, \"register\": 6000, \"mode\": \"write\"}, \"data_type\": \"<type 'dict'>\"}"}
{"message": "{\"timestamp\": 3.7713921070098877, \"object_type\": \"labjack_task\", \"data\": {\"write_value\": 0, \"register\": 6001, \"mode\": \"write\"}, \"data_type\": \"<type 'dict'>\"}"}
{"message": "{\"timestamp\": 3.7888591289520264, \"object_type\": \"standard\", \"data\": \"{ 'running_time':0, 'x':0.5, 'z':0, 'view_angle':90.00001, 'x_mouse':-14.375, 'y_mouse':-10.475, 'context':'restart', 'outcome':'None'}\", \"data_type\": \"<type 'str'>\"}"}
{"message": "{\"timestamp\": 3.7895331382751465, \"object_type\": \"labjack_task\", \"data\": {\"write_value\": 1, \"register\": 6002, \"mode\": \"write\"}, \"data_type\": \"<type 'dict'>\"}"}
{"message": "{\"timestamp\": 3.789896011352539, \"object_type\": \"labjack_task\", \"data\": {\"write_value\": 0, \"register\": 6000, \"mode\": \"write\"}, \"data_type\": \"<type 'dict'>\"}"}
{"message": "{\"timestamp\": 3.7904601097106934, \"object_type\": \"labjack_task\", \"data\": {\"write_value\": 0, \"register\": 6001, \"mode\": \"write\"}, \"data_type\": \"<type 'dict'>\"}"}
{"message": "{\"timestamp\": 3.792811155319214, \"object_type\": \"standard\", \"data\": \"{ 'running_time':0.02, 'x':0.4920001, 'z':9.536639E-10, 'view_angle':90.00001, 'x_mouse':0, 'y_mouse':0, 'context':'None', 'outcome':'None'}\", \"data_type\": \"<type 'str'>\"}"}
{"message": "{\"timestamp\": 3.793471097946167, \"object_type\": \"labjack_task\", \"data\": {\"write_value\": 0, \"register\": 6002, \"mode\": \"write\"}, \"data_type\": \"<type 'dict'>\"}"}
{"message": "{\"timestamp\": 3.7940621376037598, \"object_type\": \"labjack_task\", \"data\": {\"write_value\": 0, \"register\": 6000, \"mode\": \"write\"}, \"data_type\": \"<type 'dict'>\"}"}
{"message": "{\"timestamp\": 3.794398069381714, \"object_type\": \"labjack_task\", \"data\": {\"write_value\": 0, \"register\": 6001, \"mode\": \"write\"}, \"data_type\": \"<type 'dict'>\"}"}
{"message": "{\"timestamp\": 4.03132700920105, \"object_type\": \"labjack_stream\", \"data\": {\"AIN0\": [-10.566663798260834, -10.5669790544448, -10.566663798260834, -10.566348542076867, -10.566663798260834, -10.566663798260834, -10.5669790544448, -10.566348542076867, -10.566663798260834, -10.566348542076867, -10.566663798260834, -10.566348542076867, -10.566663798260834, -10.566348542076867, -10.566348542076867, -10.5669790544448, -10.566348542076867, -10.566663798260834, -10.566348542076867, -10.5669790544448, -10.566348542076867, -10.566348542076867, -10.5669790544448, -10.566663798260834, -10.566663798260834, -10.566663798260834, -10.566348542076867, -10.566663798260834, -10.5669790544448, -10.566663798260834, -10.566348542076867, -10.566348542076867, -10.566663798260834, -10.566663798260834, -10.5669790544448, -10.566663798260834, -10.5669790544448, -10.566663798260834, -10.566663798260834, -10.5669790544448, -10.566663798260834, -10.566663798260834, -10.566348542076867, -10.5669790544448, -10.566348542076867, -10.566663798260834, -10.566663798260834, -10.566663798260834, -10.566663798260834, -10.566663798260834, -10.566348542076867, -10.566348542076867, -10.5669790544448, -10.566663798260834, -10.5669790544448, -10.566348542076867, -10.566663798260834, -10.5669790544448, -10.566663798260834, -10.566663798260834, -10.566663798260834, -10.5669790544448, -10.566348542076867, -10.566663798260834, -10.566663798260834, -10.566663798260834, -10.566348542076867, -10.566663798260834, -10.5669790544448, -10.566663798260834, -10.5669790544448, -10.5669790544448, -10.566663798260834, -10.566663798260834, -10.566348542076867, -10.566663798260834, -10.566663798260834, -10.566663798260834, -10.5669790544448, -10.5669790544448, -10.5669790544448, -10.566663798260834, -10.566663798260834, -10.566348542076867, -10.5669790544448, -10.566348542076867, -10.566348542076867, -10.566663798260834, -10.566348542076867, -10.5660332858929, -10.566663798260834, -10.566348542076867, -10.566348542076867, -10.566663798260834, -10.566663798260834, -10.566663798260834, -10.566663798260834, -10.566663798260834, -10.566663798260834, -10.5669790544448, -10.566663798260834, -10.566348542076867, -10.566663798260834, -10.566663798260834, -10.5669790544448, -10.5669790544448, -10.566663798260834, -10.5669790544448, -10.5669790544448, -10.566348542076867, -10.566663798260834, -10.566663798260834, -10.5669790544448, -10.566663798260834, -10.566663798260834, -10.566348542076867, -10.566348542076867, -10.566663798260834, -10.566348542076867, -10.566663798260834, -10.566348542076867, -10.5669790544448, -10.566663798260834, -10.566663798260834, -10.566663798260834, -10.566663798260834, -10.566663798260834, -10.566663798260834, -10.566663798260834, -10.5669790544448, -10.566663798260834, -10.5669790544448, -10.5669790544448, -10.566348542076867, -10.566663798260834, -10.566663798260834, -10.566348542076867, -10.566663798260834, -10.566663798260834, -10.566663798260834, -10.566663798260834, -10.566663798260834, -10.566348542076867, -10.566663798260834, -10.566348542076867, -10.566663798260834, -10.566348542076867, -10.566663798260834, -10.566348542076867, -10.566348542076867, -10.5669790544448, -10.566348542076867, -10.5669790544448, -10.566663798260834, -10.5669790544448, -10.566663798260834, -10.566663798260834, -10.566348542076867, -10.566348542076867, -10.5669790544448, -10.566663798260834, -10.566663798260834, -10.566348542076867, -10.566663798260834, -10.566663798260834, -10.566348542076867, -10.566348542076867, -10.5669790544448, -10.566663798260834, -10.5669790544448, -10.5669790544448, -10.566663798260834, -10.566663798260834, -10.566663798260834, -10.566663798260834, -10.566663798260834, -10.566663798260834, -10.566663798260834, -10.566663798260834, -10.566663798260834, -10.5669790544448, -10.566663798260834, -10.5669790544448, -10.566663798260834, -10.566663798260834, -10.566663798260834, -10.566663798260834, -10.566348542076867, -10.5669790544448, -10.566663798260834, -10.566663798260834, -10.566663798260834, -10.566663798260834, -10.566663798260834, -10.566663798260834, -10.5669790544448, -10.566663798260834, -10.566663798260834, -10.566663798260834, -10.566663798260834, -10.566663798260834, -10.566663798260834, -10.566663798260834, -10.566663798260834, -10.566348542076867, -10.5669790544448, -10.566663798260834, -10.566663798260834, -10.566663798260834, -10.566348542076867, -10.566663798260834, -10.566663798260834, -10.566663798260834, -10.5669790544448, -10.566663798260834, -10.566663798260834, -10.566663798260834, -10.566663798260834, -10.566663798260834, -10.566663798260834, -10.566663798260834, -10.5669790544448, -10.566663798260834, -10.5669790544448, -10.566348542076867, -10.566663798260834, -10.566348542076867, -10.566663798260834, -10.566663798260834, -10.566663798260834, -10.566348542076867, -10.566663798260834, -10.566663798260834, -10.566663798260834, -10.566663798260834, -10.5669790544448, -10.566663798260834, -10.566663798260834, -10.5669790544448, -10.5669790544448, -10.566663798260834, -10.566348542076867, -10.566663798260834, -10.566663798260834, -10.566663798260834, -10.566663798260834, -10.5660332858929, -10.566663798260834, -10.5669790544448, -10.566663798260834], \"AIN1\": [-10.566663798260834, -10.566663798260834, -10.566663798260834, -10.566663798260834, -10.566663798260834, -10.566663798260834, -10.5669790544448, -10.566663798260834, -10.5669790544448, -10.5669790544448, -10.566663798260834, -10.566663798260834, -10.566663798260834, -10.566663798260834, -10.566663798260834, -10.5669790544448, -10.566663798260834, -10.5669790544448, -10.566348542076867, -10.566663798260834, -10.566663798260834, -10.5669790544448, -10.566663798260834, -10.566663798260834, -10.5669790544448, -10.5669790544448, -10.566663798260834, -10.566663798260834, -10.5669790544448, -10.5669790544448, -10.566348542076867, -10.566348542076867, -10.566663798260834, -10.566348542076867, -10.566663798260834, -10.5669790544448, -10.5669790544448, -10.566663798260834, -10.566663798260834, -10.566663798260834, -10.566663798260834, -10.566663798260834, -10.566663798260834, -10.566663798260834, -10.566663798260834, -10.5669790544448, -10.566348542076867, -10.5669790544448, -10.566663798260834, -10.566663798260834, -10.5669790544448, -10.5669790544448, -10.566663798260834, -10.566663798260834, -10.566663798260834, -10.566348542076867, -10.5669790544448, -10.5669790544448, -10.566663798260834, -10.5669790544448, -10.566663798260834, -10.566663798260834, -10.566348542076867, -10.566663798260834, -10.5669790544448, -10.566663798260834, -10.566348542076867, -10.5669790544448, -10.5669790544448, -10.566663798260834, -10.5669790544448, -10.5669790544448, -10.5669790544448, -10.566663798260834, -10.566663798260834, -10.566348542076867, -10.566663798260834, -10.566348542076867, -10.566348542076867, -10.566663798260834, -10.566663798260834, -10.566663798260834, -10.5669790544448, -10.566663798260834, -10.566663798260834, -10.5669790544448, -10.566663798260834, -10.566663798260834, -10.566348542076867, -10.5669790544448, -10.566348542076867, -10.566348542076867, -10.5669790544448, -10.566663798260834, -10.5669790544448, -10.566663798260834, -10.566663798260834, -10.566663798260834, -10.566348542076867, -10.566663798260834, -10.566663798260834, -10.566663798260834, -10.566663798260834, -10.5669790544448, -10.566663798260834, -10.566663798260834, -10.566663798260834, -10.566663798260834, -10.566663798260834, -10.566663798260834, -10.566663798260834, -10.5669790544448, -10.566663798260834, -10.566663798260834, -10.5669790544448, -10.566663798260834, -10.566663798260834, -10.5669790544448, -10.566663798260834, -10.5669790544448, -10.5669790544448, -10.566663798260834, -10.566663798260834, -10.566348542076867, -10.566663798260834, -10.566663798260834, -10.5669790544448, -10.566663798260834, -10.566663798260834, -10.566348542076867, -10.566663798260834, -10.566663798260834, -10.566663798260834, -10.566663798260834, -10.566663798260834, -10.566348542076867, -10.5669790544448, -10.566663798260834, -10.566663798260834, -10.566348542076867, -10.5669790544448, -10.566663798260834, -10.566663798260834, -10.566348542076867, -10.566663798260834, -10.5669790544448, -10.566663798260834, -10.566663798260834, -10.566663798260834, -10.566348542076867, -10.566663798260834, -10.566663798260834, -10.566348542076867, -10.5669790544448, -10.566663798260834, -10.5669790544448, -10.566663798260834, -10.566348542076867, -10.566663798260834, -10.566663798260834, -10.5669790544448, -10.5669790544448, -10.566663798260834, -10.566663798260834, -10.566663798260834, -10.5669790544448, -10.566348542076867, -10.5669790544448, -10.566348542076867, -10.566663798260834, -10.5669790544448, -10.5669790544448, -10.566348542076867, -10.566663798260834, -10.566663798260834, -10.566663798260834, -10.566663798260834, -10.566663798260834, -10.5669790544448, -10.566663798260834, -10.566663798260834, -10.566663798260834, -10.566663798260834, -10.566348542076867, -10.5669790544448, -10.5669790544448, -10.566663798260834, -10.566348542076867, -10.566663798260834, -10.566663798260834, -10.566663798260834, -10.566663798260834, -10.566663798260834, -10.566663798260834, -10.566663798260834, -10.566663798260834, -10.5669790544448, -10.566663798260834, -10.566663798260834, -10.566663798260834, -10.5669790544448, -10.566663798260834, -10.566663798260834, -10.5669790544448, -10.566663798260834, -10.5669790544448, -10.5669790544448, -10.5669790544448, -10.5669790544448, -10.566663798260834, -10.5669790544448, -10.5669790544448, -10.566663798260834, -10.5669790544448, -10.566663798260834, -10.5669790544448, -10.5669790544448, -10.566663798260834, -10.566348542076867, -10.5669790544448, -10.566348542076867, -10.566663798260834, -10.5669790544448, -10.566663798260834, -10.566663798260834, -10.5669790544448, -10.566348542076867, -10.5669790544448, -10.566663798260834, -10.5669790544448, -10.566663798260834, -10.5669790544448, -10.5669790544448, -10.566348542076867, -10.566663798260834, -10.566348542076867, -10.5669790544448, -10.566663798260834, -10.566663798260834, -10.566663798260834, -10.5669790544448, -10.566663798260834, -10.566663798260834, -10.566663798260834, -10.566663798260834, -10.566663798260834, -10.566663798260834, -10.5669790544448, -10.5669790544448, -10.566663798260834], \"AIN2\": [-10.566663798260834, -10.566663798260834, -10.566663798260834, -10.5669790544448, -10.566663798260834, -10.566663798260834, -10.566663798260834, -10.566348542076867, -10.566663798260834, -10.566663798260834, -10.5669790544448, -10.566663798260834, -10.566663798260834, -10.5669790544448, -10.5669790544448, -10.566663798260834, -10.5669790544448, -10.566663798260834, -10.566348542076867, -10.566663798260834, -10.5669790544448, -10.566663798260834, -10.566663798260834, -10.566663798260834, -10.5669790544448, -10.566663798260834, -10.5669790544448, -10.566663798260834, -10.5669790544448, -10.5669790544448, -10.566663798260834, -10.5669790544448, -10.566663798260834, -10.566663798260834, -10.5669790544448, -10.566663798260834, -10.566663798260834, -10.566663798260834, -10.566663798260834, -10.5669790544448, -10.566348542076867, -10.566663798260834, -10.5669790544448, -10.566663798260834, -10.566663798260834, -10.566663798260834, -10.5669790544448, -10.566663798260834, -10.566663798260834, -10.566663798260834, -10.566663798260834, -10.566663798260834, -10.566663798260834, -10.5669790544448, -10.566663798260834, -10.566663798260834, -10.5669790544448, -10.566663798260834, -10.566663798260834, -10.566348542076867, -10.566663798260834, -10.5669790544448, -10.566663798260834, -10.566663798260834, -10.566348542076867, -10.566348542076867, -10.566663798260834, -10.566663798260834, -10.566663798260834, -10.566348542076867, -10.566663798260834, -10.566348542076867, -10.566348542076867, -10.566663798260834, -10.5669790544448, -10.566348542076867, -10.566348542076867, -10.566348542076867, -10.566663798260834, -10.566348542076867, -10.566663798260834, -10.566663798260834, -10.566348542076867, -10.566663798260834, -10.566663798260834, -10.566663798260834, -10.566663798260834, -10.5669790544448, -10.5669790544448, -10.566663798260834, -10.566663798260834, -10.566348542076867, -10.566663798260834, -10.5669790544448, -10.566348542076867, -10.566663798260834, -10.566348542076867, -10.566663798260834, -10.566663798260834, -10.566663798260834, -10.566663798260834, -10.566348542076867, -10.566663798260834, -10.5669790544448, -10.566663798260834, -10.566663798260834, -10.566663798260834, -10.5669790544448, -10.566663798260834, -10.566663798260834, -10.566663798260834, -10.5669790544448, -10.566348542076867, -10.5669790544448, -10.5669790544448, -10.566663798260834, -10.5669790544448, -10.566663798260834, -10.566663798260834, -10.566663798260834, -10.566663798260834, -10.566663798260834, -10.5669790544448, -10.566663798260834, -10.5669790544448, -10.566663798260834, -10.566663798260834, -10.566663798260834, -10.566663798260834, -10.5669790544448, -10.566663798260834, -10.566663798260834, -10.566663798260834, -10.566663798260834, -10.5669790544448, -10.566663798260834, -10.566663798260834, -10.566663798260834, -10.566663798260834, -10.5669790544448, -10.566663798260834, -10.566663798260834, -10.566663798260834, -10.566663798260834, -10.566348542076867, -10.5669790544448, -10.566663798260834, -10.5669790544448, -10.566663798260834, -10.566348542076867, -10.566663798260834, -10.566663798260834, -10.5669790544448, -10.566663798260834, -10.566348542076867, -10.566663798260834, -10.566663798260834, -10.566348542076867, -10.566348542076867, -10.566663798260834, -10.566663798260834, -10.566663798260834, -10.566663798260834, -10.566348542076867, -10.566663798260834, -10.566663798260834, -10.5669790544448, -10.566348542076867, -10.566663798260834, -10.566348542076867, -10.566663798260834, -10.5669790544448, -10.566663798260834, -10.566663798260834, -10.566663798260834, -10.566663798260834, -10.5669790544448, -10.566663798260834, -10.566663798260834, -10.566663798260834, -10.566663798260834, -10.566663798260834, -10.5669790544448, -10.566663798260834, -10.566663798260834, -10.566663798260834, -10.566348542076867, -10.566663798260834, -10.5669790544448, -10.566663798260834, -10.5669790544448, -10.566663798260834, -10.566663798260834, -10.566663798260834, -10.5669790544448, -10.566663798260834, -10.5669790544448, -10.566663798260834, -10.566663798260834, -10.566663798260834, -10.5669790544448, -10.5669790544448, -10.566663798260834, -10.566663798260834, -10.5669790544448, -10.566663798260834, -10.566663798260834, -10.566663798260834, -10.566663798260834, -10.566663798260834, -10.566663798260834, -10.566348542076867, -10.566663798260834, -10.566663798260834, -10.566663798260834, -10.566663798260834, -10.566663798260834, -10.5669790544448, -10.566348542076867, -10.566348542076867, -10.566663798260834, -10.5669790544448, -10.5669790544448, -10.5669790544448, -10.566663798260834, -10.5669790544448, -10.5669790544448, -10.5669790544448, -10.566348542076867, -10.566348542076867, -10.566348542076867, -10.566663798260834, -10.566348542076867, -10.566663798260834, -10.5669790544448, -10.566348542076867, -10.566663798260834, -10.566348542076867, -10.566663798260834, -10.566663798260834, -10.566663798260834, -10.566663798260834, -10.566663798260834, -10.566663798260834, -10.566663798260834, -10.566348542076867, -10.5669790544448, -10.566663798260834, -10.566348542076867, -10.566663798260834], \"AIN3\": [-10.5669790544448, -10.566663798260834, -10.5669790544448, -10.566348542076867, -10.5669790544448, -10.566663798260834, -10.566348542076867, -10.566663798260834, -10.566663798260834, -10.566663798260834, -10.5669790544448, -10.566663798260834, -10.566663798260834, -10.5669790544448, -10.5669790544448, -10.5669790544448, -10.566663798260834, -10.5669790544448, -10.5669790544448, -10.566348542076867, -10.566663798260834, -10.5669790544448, -10.566663798260834, -10.5669790544448, -10.5669790544448, -10.566663798260834, -10.5669790544448, -10.566663798260834, -10.5669790544448, -10.566348542076867, -10.566663798260834, -10.566348542076867, -10.566663798260834, -10.566663798260834, -10.566663798260834, -10.566663798260834, -10.566348542076867, -10.566663798260834, -10.5669790544448, -10.5669790544448, -10.566663798260834, -10.566663798260834, -10.5669790544448, -10.566348542076867, -10.5669790544448, -10.566348542076867, -10.566348542076867, -10.5669790544448, -10.5669790544448, -10.5669790544448, -10.566663798260834, -10.5669790544448, -10.5669790544448, -10.566348542076867, -10.566663798260834, -10.566348542076867, -10.566663798260834, -10.5669790544448, -10.566663798260834, -10.5669790544448, -10.5669790544448, -10.566348542076867, -10.566663798260834, -10.566348542076867, -10.566663798260834, -10.5669790544448, -10.566663798260834, -10.566348542076867, -10.566663798260834, -10.566663798260834, -10.5669790544448, -10.566663798260834, -10.566663798260834, -10.566663798260834, -10.566663798260834, -10.5669790544448, -10.566663798260834, -10.5669790544448, -10.566663798260834, -10.566663798260834, -10.566663798260834, -10.5669790544448, -10.5669790544448, -10.566663798260834, -10.566663798260834, -10.566663798260834, -10.566663798260834, -10.566663798260834, -10.566663798260834, -10.5669790544448, -10.5669790544448, -10.566663798260834, -10.566663798260834, -10.566663798260834, -10.566348542076867, -10.5669790544448, -10.566663798260834, -10.5669790544448, -10.566663798260834, -10.566663798260834, -10.566663798260834, -10.5669790544448, -10.566663798260834, -10.566663798260834, -10.5669790544448, -10.5669790544448, -10.566663798260834, -10.566663798260834, -10.566663798260834, -10.566348542076867, -10.5669790544448, -10.566663798260834, -10.566663798260834, -10.566663798260834, -10.566663798260834, -10.566663798260834, -10.5669790544448, -10.566348542076867, -10.5669790544448, -10.566663798260834, -10.566348542076867, -10.566663798260834, -10.566663798260834, -10.566348542076867, -10.5669790544448, -10.566348542076867, -10.566663798260834, -10.566663798260834, -10.566663798260834, -10.5669790544448, -10.566663798260834, -10.5669790544448, -10.566348542076867, -10.5669790544448, -10.566663798260834, -10.566663798260834, -10.566663798260834, -10.566663798260834, -10.5669790544448, -10.5669790544448, -10.566663798260834, -10.566348542076867, -10.5669790544448, -10.5669790544448, -10.5669790544448, -10.566663798260834, -10.566663798260834, -10.566663798260834, -10.566663798260834, -10.5669790544448, -10.566663798260834, -10.566663798260834, -10.5669790544448, -10.566663798260834, -10.566663798260834, -10.5669790544448, -10.566663798260834, -10.566348542076867, -10.566348542076867, -10.5669790544448, -10.5669790544448, -10.5669790544448, -10.5669790544448, -10.5669790544448, -10.566663798260834, -10.5669790544448, -10.566348542076867, -10.566663798260834, -10.566663798260834, -10.5669790544448, -10.5669790544448, -10.5669790544448, -10.566663798260834, -10.566663798260834, -10.566663798260834, -10.566663798260834, -10.566663798260834, -10.5669790544448, -10.566348542076867, -10.5669790544448, -10.566663798260834, -10.5669790544448, -10.566348542076867, -10.566348542076867, -10.5669790544448, -10.5669790544448, -10.566663798260834, -10.5669790544448, -10.566663798260834, -10.566663798260834, -10.566663798260834, -10.566663798260834, -10.5669790544448, -10.566348542076867, -10.566663798260834, -10.566663798260834, -10.566348542076867, -10.566348542076867, -10.5669790544448, -10.566663798260834, -10.566348542076867, -10.5669790544448, -10.566348542076867, -10.566663798260834, -10.566663798260834, -10.566663798260834, -10.566663798260834, -10.566663798260834, -10.566663798260834, -10.566663798260834, -10.566663798260834, -10.566663798260834, -10.566663798260834, -10.566663798260834, -10.566663798260834, -10.566663798260834, -10.566663798260834, -10.566663798260834, -10.566348542076867, -10.566663798260834, -10.566663798260834, -10.566663798260834, -10.566348542076867, -10.566663798260834, -10.566663798260834, -10.566663798260834, -10.566663798260834, -10.566663798260834, -10.566663798260834, -10.566663798260834, -10.566663798260834, -10.566663798260834, -10.566663798260834, -10.566663798260834, -10.566663798260834, -10.566663798260834, -10.566663798260834, -10.566663798260834, -10.5669790544448, -10.566663798260834, -10.5669790544448, -10.566663798260834, -10.566663798260834, -10.5669790544448, -10.566663798260834, -10.566348542076867, -10.5669790544448, -10.566663798260834, -10.566348542076867, -10.566663798260834]}, \"data_type\": \"<type 'collections.defaultdict'>\"}"}
{"message": "{\"timestamp\": 4.159955024719238, \"object_type\": \"standard\", \"data\": \"{ 'running_time':0.3533334, 'x':0.4920001, 'z':9.536639E-10, 'view_angle':90.00001, 'x_mouse':-1.275, 'y_mouse':-1.3, 'context':'None', 'outcome':'None'}\", \"data_type\": \"<type 'str'>\"}"}
{"message": "{\"timestamp\": 4.160968065261841, \"object_type\": \"labjack_task\", \"data\": {\"write_value\": 0, \"register\": 6002, \"mode\": \"write\"}, \"data_type\": \"<type 'dict'>\"}"}
{"message": "{\"timestamp\": 4.161386966705322, \"object_type\": \"labjack_task\", \"data\": {\"write_value\": 0, \"register\": 6000, \"mode\": \"write\"}, \"data_type\": \"<type 'dict'>\"}"}
{"message": "{\"timestamp\": 4.1617751121521, \"object_type\": \"labjack_task\", \"data\": {\"write_value\": 0, \"register\": 6001, \"mode\": \"write\"}, \"data_type\": \"<type 'dict'>\"}"}
{"message": "{\"timestamp\": 4.232512950897217, \"object_type\": \"standard\", \"data\": \"{ 'running_time':0.4261563, 'x':0.4120001, 'z':1.04904E-08, 'view_angle':90.00001, 'x_mouse':0, 'y_mouse':0, 'context':'None', 'outcome':'None'}\", \"data_type\": \"<type 'str'>\"}"}
{"message": "{\"timestamp\": 4.233142137527466, \"object_type\": \"labjack_task\", \"data\": {\"write_value\": 0, \"register\": 6002, \"mode\": \"write\"}, \"data_type\": \"<type 'dict'>\"}"}
{"message": "{\"timestamp\": 4.233502149581909, \"object_type\": \"labjack_task\", \"data\": {\"write_value\": 0, \"register\": 6000, \"mode\": \"write\"}, \"data_type\": \"<type 'dict'>\"}"}
{"message": "{\"timestamp\": 4.233876943588257, \"object_type\": \"labjack_task\", \"data\": {\"write_value\": 0, \"register\": 6001, \"mode\": \"write\"}, \"data_type\": \"<type 'dict'>\"}"}
{"message": "{\"timestamp\": 4.2449729442596436, \"object_type\": \"standard\", \"data\": \"{ 'running_time':0.4395363, 'x':0.4120001, 'z':1.04904E-08, 'view_angle':90.00001, 'x_mouse':0, 'y_mouse':0, 'context':'None', 'outcome':'None'}\", \"data_type\": \"<type 'str'>\"}"}
{"message": "{\"timestamp\": 4.24570894241333, \"object_type\": \"labjack_task\", \"data\": {\"write_value\": 0, \"register\": 6002, \"mode\": \"write\"}, \"data_type\": \"<type 'dict'>\"}"}
{"message": "{\"timestamp\": 4.246258020401001, \"object_type\": \"labjack_task\", \"data\": {\"write_value\": 0, \"register\": 6000, \"mode\": \"write\"}, \"data_type\": \"<type 'dict'>\"}"}
{"message": "{\"timestamp\": 4.246668100357056, \"object_type\": \"labjack_task\", \"data\": {\"write_value\": 0, \"register\": 6001, \"mode\": \"write\"}, \"data_type\": \"<type 'dict'>\"}"}
{"message": "{\"timestamp\": 4.254817008972168, \"object_type\": \"labjack_stream\", \"data\": {\"AIN0\": [-10.566663798260834, -10.566348542076867, -10.566663798260834, -10.566348542076867, -10.566663798260834, -10.566663798260834, -10.566348542076867, -10.5669790544448, -10.5669790544448, -10.566663798260834, -10.566348542076867, -10.566663798260834, -10.566348542076867, -10.5669790544448, -10.566663798260834, -10.566348542076867, -10.566663798260834, -10.566348542076867, -10.566663798260834, -10.5669790544448, -10.566663798260834, -10.5669790544448, -10.566663798260834, -10.566663798260834, -10.5669790544448, -10.566663798260834, -10.566663798260834, -10.566663798260834, -10.566663798260834, -10.566663798260834, -10.566663798260834, -10.566663798260834, -10.566663798260834, -10.566663798260834, -10.566663798260834, -10.566348542076867, -10.566348542076867, -10.5669790544448, -10.566348542076867, -10.566663798260834, -10.566663798260834, -10.566348542076867, -10.566348542076867, -10.5669790544448, -10.5669790544448, -10.566348542076867, -10.566663798260834, -10.566663798260834, -10.566663798260834, -10.5669790544448, -10.566663798260834, -10.566663798260834, -10.566348542076867, -10.566348542076867, -10.566663798260834, -10.566663798260834, -10.566348542076867, -10.566663798260834, -10.5669790544448, -10.5669790544448, -10.5669790544448, -10.566663798260834, -10.566348542076867, -10.5669790544448, -10.566663798260834, -10.566348542076867, -10.5669790544448, -10.566663798260834, -10.5669790544448, -10.566663798260834, -10.5669790544448, -10.566663798260834, -10.566663798260834, -10.566663798260834, -10.5669790544448, -10.566663798260834, -10.566663798260834, -10.566663798260834, -10.566348542076867, -10.566663798260834, -10.566663798260834, -10.566348542076867, -10.566663798260834, -10.566663798260834, -10.566663798260834, -10.566348542076867, -10.5669790544448, -10.566348542076867, -10.566663798260834, -10.566348542076867, -10.566663798260834, -10.566348542076867, -10.566663798260834, -10.566663798260834, -10.566348542076867, -10.566663798260834, -10.566663798260834, -10.566663798260834, -10.566663798260834, -10.566663798260834, -10.566663798260834, -10.566348542076867, -10.566663798260834, -10.566663798260834, -10.566348542076867, -10.566663798260834, -10.5669790544448, -10.5669790544448, -10.566663798260834, -10.566663798260834, -10.5669790544448, -10.566663798260834, -10.566663798260834, -10.566663798260834, -10.566348542076867, -10.566663798260834, -10.566348542076867, -10.566663798260834, -10.566663798260834, -10.566348542076867, -10.566663798260834, -10.5669790544448, -10.5669790544448, -10.566663798260834, -10.5669790544448, -10.566663798260834, -10.5669790544448, -10.5669790544448, -10.566663798260834, -10.566348542076867, -10.566663798260834, -10.566348542076867, -10.566348542076867, -10.566348542076867, -10.5669790544448, -10.566663798260834, -10.566348542076867, -10.566348542076867, -10.566663798260834, -10.566663798260834, -10.566663798260834, -10.566663798260834, -10.566348542076867, -10.566663798260834, -10.5669790544448, -10.566663798260834, -10.566663798260834, -10.5669790544448, -10.566348542076867, -10.566348542076867, -10.566663798260834, -10.566663798260834, -10.5669790544448, -10.566663798260834, -10.566348542076867, -10.5669790544448, -10.566663798260834, -10.566663798260834, -10.566663798260834, -10.5669790544448, -10.566348542076867, -10.566348542076867, -10.566663798260834, -10.566663798260834, -10.566348542076867, -10.566663798260834, -10.566663798260834, -10.566663798260834, -10.566663798260834, -10.566663798260834, -10.566663798260834, -10.5669790544448, -10.566663798260834, -10.566663798260834, -10.566663798260834, -10.566663798260834, -10.566663798260834, -10.566663798260834, -10.566348542076867, -10.566663798260834, -10.566348542076867, -10.566663798260834, -10.566348542076867, -10.566348542076867, -10.566663798260834, -10.5669790544448, -10.566663798260834, -10.5669790544448, -10.566663798260834, -10.5669790544448, -10.566348542076867, -10.566663798260834, -10.566663798260834, -10.5669790544448, -10.566663798260834, -10.566348542076867, -10.5669790544448, -10.566663798260834, -10.566663798260834, -10.566663798260834, -10.566663798260834, -10.566663798260834, -10.566348542076867, -10.5669790544448, -10.566348542076867, -10.566348542076867, -10.5669790544448, -10.566663798260834, -10.566663798260834, -10.566663798260834, -10.5669790544448, -10.5669790544448, -10.566663798260834, -10.566348542076867, -10.566348542076867, -10.566663798260834, -10.566663798260834, -10.566348542076867, -10.566348542076867, -10.566663798260834, -10.566663798260834, -10.566348542076867, -10.566663798260834, -10.566663798260834, -10.5669790544448, -10.5669790544448, -10.566348542076867, -10.566663798260834, -10.566663798260834, -10.566348542076867, -10.566663798260834, -10.566663798260834, -10.566663798260834, -10.5669790544448, -10.5669790544448, -10.5669790544448, -10.566663798260834, -10.566663798260834, -10.566663798260834, -10.566663798260834, -10.566348542076867, -10.566663798260834, -10.566348542076867, -10.566348542076867, -10.566348542076867, -10.566663798260834, -10.566348542076867, -10.566663798260834, -10.5669790544448, -10.5669790544448], \"AIN1\": [-10.566663798260834, -10.566663798260834, -10.566663798260834, -10.566663798260834, -10.566663798260834, -10.566663798260834, -10.566663798260834, -10.566348542076867, -10.5669790544448, -10.5669790544448, -10.566663798260834, -10.5669790544448, -10.5669790544448, -10.5669790544448, -10.5669790544448, -10.566663798260834, -10.566663798260834, -10.566663798260834, -10.566663798260834, -10.5669790544448, -10.5669790544448, -10.5669790544448, -10.566663798260834, -10.5669790544448, -10.566663798260834, -10.5669790544448, -10.566663798260834, -10.566663798260834, -10.5669790544448, -10.566663798260834, -10.566348542076867, -10.566663798260834, -10.566663798260834, -10.5669790544448, -10.5669790544448, -10.566663798260834, -10.5669790544448, -10.5669790544448, -10.566663798260834, -10.566348542076867, -10.5669790544448, -10.566348542076867, -10.566663798260834, -10.566663798260834, -10.5669790544448, -10.5669790544448, -10.566663798260834, -10.5669790544448, -10.566663798260834, -10.566663798260834, -10.566663798260834, -10.566663798260834, -10.566663798260834, -10.5669790544448, -10.566663798260834, -10.566663798260834, -10.566663798260834, -10.566663798260834, -10.566663798260834, -10.5669790544448, -10.566663798260834, -10.566663798260834, -10.5669790544448, -10.566663798260834, -10.566663798260834, -10.5669790544448, -10.5669790544448, -10.566663798260834, -10.566663798260834, -10.566348542076867, -10.566663798260834, -10.566663798260834, -10.566663798260834, -10.566663798260834, -10.566663798260834, -10.5669790544448, -10.566663798260834, -10.5669790544448, -10.5669790544448, -10.566663798260834, -10.566663798260834, -10.5669790544448, -10.5669790544448, -10.566663798260834, -10.5669790544448, -10.5669790544448, -10.566663798260834, -10.5669790544448, -10.566663798260834, -10.566663798260834, -10.566663798260834, -10.566663798260834, -10.5669790544448, -10.566663798260834, -10.566348542076867, -10.566663798260834, -10.566663798260834, -10.5669790544448, -10.566663798260834, -10.5669790544448, -10.5669790544448, -10.566663798260834, -10.566348542076867, -10.5669790544448, -10.566663798260834, -10.566348542076867, -10.566663798260834, -10.566663798260834, -10.566663798260834, -10.566663798260834, -10.5669790544448, -10.5669790544448, -10.566663798260834, -10.566663798260834, -10.566663798260834, -10.566663798260834, -10.566663798260834, -10.566663798260834, -10.566663798260834, -10.566663798260834, -10.566663798260834, -10.566663798260834, -10.566663798260834, -10.566663798260834, -10.566663798260834, -10.566663798260834, -10.566663798260834, -10.566663798260834, -10.566663798260834, -10.566663798260834, -10.566663798260834, -10.5669790544448, -10.566663798260834, -10.5669790544448, -10.566663798260834, -10.566663798260834, -10.5669790544448, -10.566663798260834, -10.5669790544448, -10.566663798260834, -10.566663798260834, -10.566348542076867, -10.5669790544448, -10.566663798260834, -10.566663798260834, -10.566663798260834, -10.566348542076867, -10.566663798260834, -10.566663798260834, -10.5669790544448, -10.566663798260834, -10.566663798260834, -10.5669790544448, -10.566663798260834, -10.5669790544448, -10.566348542076867, -10.566348542076867, -10.566348542076867, -10.5669790544448, -10.5669790544448, -10.566348542076867, -10.566663798260834, -10.5669790544448, -10.5669790544448, -10.566663798260834, -10.566663798260834, -10.566663798260834, -10.566663798260834, -10.566663798260834, -10.566663798260834, -10.5669790544448, -10.566663798260834, -10.5669790544448, -10.566663798260834, -10.566663798260834, -10.5669790544448, -10.566663798260834, -10.566663798260834, -10.566663798260834, -10.566663798260834, -10.566663798260834, -10.566663798260834, -10.566663798260834, -10.566348542076867, -10.566663798260834, -10.5669790544448, -10.566663798260834, -10.566663798260834, -10.566663798260834, -10.5669790544448, -10.566663798260834, -10.566348542076867, -10.566348542076867, -10.566663798260834, -10.566663798260834, -10.566348542076867, -10.566348542076867, -10.566663798260834, -10.566663798260834, -10.566348542076867, -10.566663798260834, -10.566348542076867, -10.566663798260834, -10.566348542076867, -10.5669790544448, -10.566663798260834, -10.5669790544448, -10.5669790544448, -10.566663798260834, -10.566663798260834, -10.566663798260834, -10.566663798260834, -10.5669790544448, -10.566663798260834, -10.5669790544448, -10.566663798260834, -10.566663798260834, -10.566348542076867, -10.5669790544448, -10.566663798260834, -10.566663798260834, -10.566663798260834, -10.566663798260834, -10.566663798260834, -10.5669790544448, -10.566663798260834, -10.566663798260834, -10.566348542076867, -10.566663798260834, -10.566663798260834, -10.566663798260834, -10.566663798260834, -10.566663798260834, -10.566348542076867, -10.566663798260834, -10.566663798260834, -10.566663798260834, -10.5669790544448, -10.5669790544448, -10.5669790544448, -10.566663798260834, -10.5669790544448, -10.5669790544448, -10.566348542076867, -10.566663798260834, -10.5669790544448, -10.566663798260834, -10.566663798260834, -10.5669790544448, -10.566663798260834], \"AIN2\": [-10.566663798260834, -10.5669790544448, -10.566663798260834, -10.5669790544448, -10.566348542076867, -10.5669790544448, -10.5669790544448, -10.566663798260834, -10.566663798260834, -10.5669790544448, -10.566663798260834, -10.566663798260834, -10.566663798260834, -10.566663798260834, -10.5669790544448, -10.5669790544448, -10.566663798260834, -10.566663798260834, -10.566348542076867, -10.566348542076867, -10.566663798260834, -10.566663798260834, -10.5669790544448, -10.566663798260834, -10.566663798260834, -10.566663798260834, -10.566663798260834, -10.566663798260834, -10.566663798260834, -10.566663798260834, -10.566663798260834, -10.566663798260834, -10.566663798260834, -10.566663798260834, -10.566663798260834, -10.566663798260834, -10.566663798260834, -10.566663798260834, -10.566663798260834, -10.5669790544448, -10.566348542076867, -10.566663798260834, -10.566663798260834, -10.5669790544448, -10.5669790544448, -10.566663798260834, -10.566663798260834, -10.566348542076867, -10.566348542076867, -10.5669790544448, -10.5669790544448, -10.566663798260834, -10.566663798260834, -10.566663798260834, -10.566663798260834, -10.566348542076867, -10.566348542076867, -10.566348542076867, -10.5669790544448, -10.566663798260834, -10.566663798260834, -10.5669790544448, -10.566663798260834, -10.566663798260834, -10.566663798260834, -10.566663798260834, -10.566663798260834, -10.566663798260834, -10.566663798260834, -10.566348542076867, -10.566663798260834, -10.566663798260834, -10.566663798260834, -10.566663798260834, -10.566348542076867, -10.566663798260834, -10.566663798260834, -10.566663798260834, -10.566348542076867, -10.566348542076867, -10.566663798260834, -10.566663798260834, -10.566663798260834, -10.566663798260834, -10.5669790544448, -10.566663798260834, -10.566663798260834, -10.5669790544448, -10.566663798260834, -10.5669790544448, -10.566663798260834, -10.5669790544448, -10.566663798260834, -10.566663798260834, -10.566663798260834, -10.566663798260834, -10.5669790544448, -10.566663798260834, -10.566663798260834, -10.566663798260834, -10.5669790544448, -10.5669790544448, -10.566663798260834, -10.566663798260834, -10.566663798260834, -10.566663798260834, -10.5669790544448, -10.566663798260834, -10.566663798260834, -10.5669790544448, -10.566663798260834, -10.566663798260834, -10.566663798260834, -10.5669790544448, -10.566663798260834, -10.566663798260834, -10.566663798260834, -10.5669790544448, -10.566663798260834, -10.566663798260834, -10.566663798260834, -10.5669790544448, -10.5669790544448, -10.566663798260834, -10.5669790544448, -10.5669790544448, -10.566663798260834, -10.5669790544448, -10.566348542076867, -10.566348542076867, -10.5669790544448, -10.566348542076867, -10.566663798260834, -10.5669790544448, -10.566348542076867, -10.566663798260834, -10.566663798260834, -10.5669790544448, -10.5669790544448, -10.566663798260834, -10.5669790544448, -10.566663798260834, -10.5669790544448, -10.566663798260834, -10.566663798260834, -10.566663798260834, -10.566663798260834, -10.566348542076867, -10.566663798260834, -10.566663798260834, -10.566663798260834, -10.566663798260834, -10.566348542076867, -10.566348542076867, -10.566348542076867, -10.566348542076867, -10.566663798260834, -10.566663798260834, -10.566663798260834, -10.566663798260834, -10.5669790544448, -10.566663798260834, -10.5669790544448, -10.5669790544448, -10.566663798260834, -10.566663798260834, -10.566663798260834, -10.566663798260834, -10.5669790544448, -10.5669790544448, -10.5669790544448, -10.566348542076867, -10.566663798260834, -10.566663798260834, -10.566663798260834, -10.566663798260834, -10.5669790544448, -10.566663798260834, -10.5669790544448, -10.566663798260834, -10.566663798260834, -10.5669790544448, -10.566663798260834, -10.566663798260834, -10.566663798260834, -10.566663798260834, -10.5669790544448, -10.5669790544448, -10.5669790544448, -10.566348542076867, -10.566663798260834, -10.566348542076867, -10.566663798260834, -10.566348542076867, -10.5669790544448, -10.566348542076867, -10.566663798260834, -10.5669790544448, -10.566663798260834, -10.5669790544448, -10.5669790544448, -10.566348542076867, -10.566348542076867, -10.566663798260834, -10.566663798260834, -10.5669790544448, -10.5669790544448, -10.5669790544448, -10.566663798260834, -10.5669790544448, -10.566663798260834, -10.5669790544448, -10.566663798260834, -10.566663798260834, -10.5669790544448, -10.5669790544448, -10.566348542076867, -10.566663798260834, -10.5669790544448, -10.566348542076867, -10.566663798260834, -10.566663798260834, -10.566663798260834, -10.566663798260834, -10.5669790544448, -10.5669790544448, -10.566663798260834, -10.566663798260834, -10.566663798260834, -10.566663798260834, -10.566348542076867, -10.5669790544448, -10.566663798260834, -10.5669790544448, -10.566663798260834, -10.5669790544448, -10.566348542076867, -10.566663798260834, -10.566663798260834, -10.5669790544448, -10.5669790544448, -10.566663798260834, -10.566663798260834, -10.5669790544448, -10.566348542076867, -10.566663798260834, -10.5669790544448, -10.5669790544448, -10.566663798260834, -10.566348542076867], \"AIN3\": [-10.5669790544448, -10.566663798260834, -10.5669790544448, -10.566663798260834, -10.5669790544448, -10.566663798260834, -10.566663798260834, -10.566348542076867, -10.566663798260834, -10.5669790544448, -10.5669790544448, -10.566663798260834, -10.566663798260834, -10.5669790544448, -10.566663798260834, -10.566348542076867, -10.5669790544448, -10.5669790544448, -10.566663798260834, -10.566663798260834, -10.566348542076867, -10.566663798260834, -10.5669790544448, -10.566663798260834, -10.566348542076867, -10.566663798260834, -10.566663798260834, -10.566663798260834, -10.5669790544448, -10.566663798260834, -10.566663798260834, -10.566663798260834, -10.566663798260834, -10.5669790544448, -10.5669790544448, -10.566663798260834, -10.566663798260834, -10.5669790544448, -10.566663798260834, -10.566663798260834, -10.566348542076867, -10.566663798260834, -10.5669790544448, -10.566348542076867, -10.5669790544448, -10.5669790544448, -10.5669790544448, -10.566348542076867, -10.5669790544448, -10.5669790544448, -10.566663798260834, -10.566348542076867, -10.566348542076867, -10.566348542076867, -10.5669790544448, -10.566348542076867, -10.566348542076867, -10.566663798260834, -10.5669790544448, -10.566663798260834, -10.566663798260834, -10.5669790544448, -10.566663798260834, -10.5669790544448, -10.566663798260834, -10.566348542076867, -10.5669790544448, -10.5669790544448, -10.566663798260834, -10.5669790544448, -10.566663798260834, -10.5669790544448, -10.566348542076867, -10.566663798260834, -10.5669790544448, -10.566663798260834, -10.566663798260834, -10.5669790544448, -10.566663798260834, -10.566663798260834, -10.566663798260834, -10.566663798260834, -10.566663798260834, -10.566348542076867, -10.566663798260834, -10.5669790544448, -10.566348542076867, -10.566663798260834, -10.5669790544448, -10.566663798260834, -10.566663798260834, -10.566348542076867, -10.5669790544448, -10.566663798260834, -10.5669790544448, -10.566663798260834, -10.5669790544448, -10.566663798260834, -10.566663798260834, -10.567294310628768, -10.566348542076867, -10.566663798260834, -10.566663798260834, -10.566663798260834, -10.566663798260834, -10.5669790544448, -10.566348542076867, -10.566663798260834, -10.566663798260834, -10.5669790544448, -10.566663798260834, -10.566663798260834, -10.566663798260834, -10.566348542076867, -10.566663798260834, -10.566663798260834, -10.5669790544448, -10.566663798260834, -10.5669790544448, -10.5669790544448, -10.566663798260834, -10.566348542076867, -10.5669790544448, -10.566663798260834, -10.566663798260834, -10.566348542076867, -10.566663798260834, -10.566663798260834, -10.566663798260834, -10.566663798260834, -10.566348542076867, -10.566348542076867, -10.566663798260834, -10.566663798260834, -10.566663798260834, -10.566663798260834, -10.5669790544448, -10.566663798260834, -10.566663798260834, -10.566348542076867, -10.5669790544448, -10.566663798260834, -10.566348542076867, -10.566663798260834, -10.5669790544448, -10.5669790544448, -10.566663798260834, -10.5669790544448, -10.5669790544448, -10.566663798260834, -10.566663798260834, -10.566663798260834, -10.566663798260834, -10.566663798260834, -10.5669790544448, -10.566663798260834, -10.5669790544448, -10.5669790544448, -10.5669790544448, -10.566663798260834, -10.566663798260834, -10.5669790544448, -10.566663798260834, -10.566348542076867, -10.566663798260834, -10.566348542076867, -10.566663798260834, -10.566348542076867, -10.566663798260834, -10.566663798260834, -10.5669790544448, -10.5669790544448, -10.5669790544448, -10.566663798260834, -10.566663798260834, -10.5669790544448, -10.566663798260834, -10.566663798260834, -10.566348542076867, -10.566663798260834, -10.566663798260834, -10.566663798260834, -10.566663798260834, -10.566663798260834, -10.566348542076867, -10.566663798260834, -10.566663798260834, -10.5669790544448, -10.566663798260834, -10.566663798260834, -10.566663798260834, -10.566663798260834, -10.566663798260834, -10.5669790544448, -10.5669790544448, -10.566348542076867, -10.566663798260834, -10.5669790544448, -10.5669790544448, -10.5669790544448, -10.5669790544448, -10.566663798260834, -10.566348542076867, -10.566663798260834, -10.5669790544448, -10.5669790544448, -10.566663798260834, -10.566663798260834, -10.5669790544448, -10.566663798260834, -10.5669790544448, -10.566663798260834, -10.566663798260834, -10.566663798260834, -10.5669790544448, -10.566663798260834, -10.5669790544448, -10.566663798260834, -10.566663798260834, -10.566348542076867, -10.566663798260834, -10.566663798260834, -10.5669790544448, -10.566663798260834, -10.566663798260834, -10.5669790544448, -10.566348542076867, -10.5669790544448, -10.5669790544448, -10.566663798260834, -10.5669790544448, -10.566663798260834, -10.566663798260834, -10.566663798260834, -10.5669790544448, -10.566663798260834, -10.5669790544448, -10.566663798260834, -10.5669790544448, -10.566663798260834, -10.566348542076867, -10.566663798260834, -10.5669790544448, -10.5669790544448, -10.566663798260834, -10.5669790544448, -10.566663798260834, -10.5669790544448, -10.5669790544448, -10.566663798260834]}, \"data_type\": \"<type 'collections.defaultdict'>\"}"}
{"message": "{\"timestamp\": 4.258936166763306, \"object_type\": \"standard\", \"data\": \"{ 'running_time':0.4532474, 'x':0.3880002, 'z':1.335142E-08, 'view_angle':90.00001, 'x_mouse':0, 'y_mouse':0, 'context':'None', 'outcome':'None'}\", \"data_type\": \"<type 'str'>\"}"}
{"message": "{\"timestamp\": 4.259844064712524, \"object_type\": \"labjack_task\", \"data\": {\"write_value\": 0, \"register\": 6002, \"mode\": \"write\"}, \"data_type\": \"<type 'dict'>\"}"}
{"message": "{\"timestamp\": 4.260260105133057, \"object_type\": \"labjack_task\", \"data\": {\"write_value\": 0, \"register\": 6000, \"mode\": \"write\"}, \"data_type\": \"<type 'dict'>\"}"}
{"message": "{\"timestamp\": 4.260629177093506, \"object_type\": \"labjack_task\", \"data\": {\"write_value\": 0, \"register\": 6001, \"mode\": \"write\"}, \"data_type\": \"<type 'dict'>\"}"}
{"message": "{\"timestamp\": 4.271960020065308, \"object_type\": \"standard\", \"data\": \"{ 'running_time':0.4663123, 'x':0.3850001, 'z':1.370906E-08, 'view_angle':90.00001, 'x_mouse':0, 'y_mouse':0, 'context':'None', 'outcome':'None'}\", \"data_type\": \"<type 'str'>\"}"}
{"message": "{\"timestamp\": 4.272650957107544, \"object_type\": \"labjack_task\", \"data\": {\"write_value\": 0, \"register\": 6002, \"mode\": \"write\"}, \"data_type\": \"<type 'dict'>\"}"}
{"message": "{\"timestamp\": 4.273193120956421, \"object_type\": \"labjack_task\", \"data\": {\"write_value\": 0, \"register\": 6000, \"mode\": \"write\"}, \"data_type\": \"<type 'dict'>\"}"}
{"message": "{\"timestamp\": 4.273710012435913, \"object_type\": \"labjack_task\", \"data\": {\"write_value\": 0, \"register\": 6001, \"mode\": \"write\"}, \"data_type\": \"<type 'dict'>\"}"}
{"message": "{\"timestamp\": 4.313769102096558, \"object_type\": \"standard\", \"data\": \"{ 'running_time':0.5080354, 'x':0.3850001, 'z':1.370906E-08, 'view_angle':90.00001, 'x_mouse':0, 'y_mouse':0, 'context':'None', 'outcome':'None'}\", \"data_type\": \"<type 'str'>\"}"}
{"message": "{\"timestamp\": 4.314586162567139, \"object_type\": \"labjack_task\", \"data\": {\"write_value\": 0, \"register\": 6002, \"mode\": \"write\"}, \"data_type\": \"<type 'dict'>\"}"}
{"message": "{\"timestamp\": 4.3151350021362305, \"object_type\": \"labjack_task\", \"data\": {\"write_value\": 0, \"register\": 6000, \"mode\": \"write\"}, \"data_type\": \"<type 'dict'>\"}"}
{"message": "{\"timestamp\": 4.315576076507568, \"object_type\": \"labjack_task\", \"data\": {\"write_value\": 0, \"register\": 6001, \"mode\": \"write\"}, \"data_type\": \"<type 'dict'>\"}"}
{"message": "{\"timestamp\": 4.327391147613525, \"object_type\": \"standard\", \"data\": \"{ 'running_time':0.5217283, 'x':0.3850001, 'z':1.370906E-08, 'view_angle':90.00001, 'x_mouse':0, 'y_mouse':0, 'context':'None', 'outcome':'None'}\", \"data_type\": \"<type 'str'>\"}"}
{"message": "{\"timestamp\": 4.328299045562744, \"object_type\": \"labjack_task\", \"data\": {\"write_value\": 0, \"register\": 6002, \"mode\": \"write\"}, \"data_type\": \"<type 'dict'>\"}"}
{"message": "{\"timestamp\": 4.328804969787598, \"object_type\": \"labjack_task\", \"data\": {\"write_value\": 0, \"register\": 6000, \"mode\": \"write\"}, \"data_type\": \"<type 'dict'>\"}"}
{"message": "{\"timestamp\": 4.329426050186157, \"object_type\": \"labjack_task\", \"data\": {\"write_value\": 0, \"register\": 6001, \"mode\": \"write\"}, \"data_type\": \"<type 'dict'>\"}"}
{"message": "{\"timestamp\": 4.351799964904785, \"object_type\": \"standard\", \"data\": \"{ 'running_time':0.5462564, 'x':0.3850001, 'z':1.370906E-08, 'view_angle':90.00001, 'x_mouse':0, 'y_mouse':0, 'context':'None', 'outcome':'None'}\", \"data_type\": \"<type 'str'>\"}"}
{"message": "{\"timestamp\": 4.35260009765625, \"object_type\": \"labjack_task\", \"data\": {\"write_value\": 0, \"register\": 6002, \"mode\": \"write\"}, \"data_type\": \"<type 'dict'>\"}"}
{"message": "{\"timestamp\": 4.353182077407837, \"object_type\": \"labjack_task\", \"data\": {\"write_value\": 0, \"register\": 6000, \"mode\": \"write\"}, \"data_type\": \"<type 'dict'>\"}"}
{"message": "{\"timestamp\": 4.353679180145264, \"object_type\": \"labjack_task\", \"data\": {\"write_value\": 0, \"register\": 6001, \"mode\": \"write\"}, \"data_type\": \"<type 'dict'>\"}"}
{"message": "{\"timestamp\": 4.375596046447754, \"object_type\": \"standard\", \"data\": \"{ 'running_time':0.5700533, 'x':0.3850001, 'z':1.370906E-08, 'view_angle':90.00001, 'x_mouse':0, 'y_mouse':0, 'context':'None', 'outcome':'None'}\", \"data_type\": \"<type 'str'>\"}"}
{"message": "{\"timestamp\": 4.37644100189209, \"object_type\": \"labjack_task\", \"data\": {\"write_value\": 0, \"register\": 6002, \"mode\": \"write\"}, \"data_type\": \"<type 'dict'>\"}"}
{"message": "{\"timestamp\": 4.377074956893921, \"object_type\": \"labjack_task\", \"data\": {\"write_value\": 0, \"register\": 6000, \"mode\": \"write\"}, \"data_type\": \"<type 'dict'>\"}"}
{"message": "{\"timestamp\": 4.377696990966797, \"object_type\": \"labjack_task\", \"data\": {\"write_value\": 0, \"register\": 6001, \"mode\": \"write\"}, \"data_type\": \"<type 'dict'>\"}"}
{"message": "{\"timestamp\": 4.40422797203064, \"object_type\": \"standard\", \"data\": \"{ 'running_time':0.5985144, 'x':0.3850001, 'z':1.370906E-08, 'view_angle':90.00001, 'x_mouse':0, 'y_mouse':0, 'context':'None', 'outcome':'None'}\", \"data_type\": \"<type 'str'>\"}"}
{"message": "{\"timestamp\": 4.4052910804748535, \"object_type\": \"labjack_task\", \"data\": {\"write_value\": 0, \"register\": 6002, \"mode\": \"write\"}, \"data_type\": \"<type 'dict'>\"}"}
{"message": "{\"timestamp\": 4.406142950057983, \"object_type\": \"labjack_task\", \"data\": {\"write_value\": 0, \"register\": 6000, \"mode\": \"write\"}, \"data_type\": \"<type 'dict'>\"}"}
{"message": "{\"timestamp\": 4.407021999359131, \"object_type\": \"labjack_task\", \"data\": {\"write_value\": 0, \"register\": 6001, \"mode\": \"write\"}, \"data_type\": \"<type 'dict'>\"}"}
{"message": "{\"timestamp\": 4.431964159011841, \"object_type\": \"standard\", \"data\": \"{ 'running_time':0.6262854, 'x':0.3850001, 'z':1.370906E-08, 'view_angle':90.00001, 'x_mouse':0, 'y_mouse':0, 'context':'None', 'outcome':'None'}\", \"data_type\": \"<type 'str'>\"}"}
{"message": "{\"timestamp\": 4.43288516998291, \"object_type\": \"labjack_task\", \"data\": {\"write_value\": 0, \"register\": 6002, \"mode\": \"write\"}, \"data_type\": \"<type 'dict'>\"}"}
{"message": "{\"timestamp\": 4.4334330558776855, \"object_type\": \"labjack_task\", \"data\": {\"write_value\": 0, \"register\": 6000, \"mode\": \"write\"}, \"data_type\": \"<type 'dict'>\"}"}
{"message": "{\"timestamp\": 4.433923959732056, \"object_type\": \"labjack_task\", \"data\": {\"write_value\": 0, \"register\": 6001, \"mode\": \"write\"}, \"data_type\": \"<type 'dict'>\"}"}
{"message": "{\"timestamp\": 4.455548048019409, \"object_type\": \"standard\", \"data\": \"{ 'running_time':0.6499473, 'x':0.3850001, 'z':1.370906E-08, 'view_angle':90.00001, 'x_mouse':0, 'y_mouse':0, 'context':'None', 'outcome':'None'}\", \"data_type\": \"<type 'str'>\"}"}
{"message": "{\"timestamp\": 4.456489086151123, \"object_type\": \"labjack_task\", \"data\": {\"write_value\": 0, \"register\": 6002, \"mode\": \"write\"}, \"data_type\": \"<type 'dict'>\"}"}
{"message": "{\"timestamp\": 4.457057952880859, \"object_type\": \"labjack_task\", \"data\": {\"write_value\": 0, \"register\": 6000, \"mode\": \"write\"}, \"data_type\": \"<type 'dict'>\"}"}
{"message": "{\"timestamp\": 4.45755410194397, \"object_type\": \"labjack_task\", \"data\": {\"write_value\": 0, \"register\": 6001, \"mode\": \"write\"}, \"data_type\": \"<type 'dict'>\"}"}
{"message": "{\"timestamp\": 4.4839301109313965, \"object_type\": \"standard\", \"data\": \"{ 'running_time':0.6783873, 'x':0.3850001, 'z':1.370906E-08, 'view_angle':90.00001, 'x_mouse':0, 'y_mouse':0, 'context':'None', 'outcome':'None'}\", \"data_type\": \"<type 'str'>\"}"}
{"message": "{\"timestamp\": 4.484698057174683, \"object_type\": \"labjack_task\", \"data\": {\"write_value\": 0, \"register\": 6002, \"mode\": \"write\"}, \"data_type\": \"<type 'dict'>\"}"}
{"message": "{\"timestamp\": 4.485306024551392, \"object_type\": \"labjack_task\", \"data\": {\"write_value\": 0, \"register\": 6000, \"mode\": \"write\"}, \"data_type\": \"<type 'dict'>\"}"}
{"message": "{\"timestamp\": 4.485799074172974, \"object_type\": \"labjack_task\", \"data\": {\"write_value\": 0, \"register\": 6001, \"mode\": \"write\"}, \"data_type\": \"<type 'dict'>\"}"}
{"message": "{\"timestamp\": 4.512066125869751, \"object_type\": \"standard\", \"data\": \"{ 'running_time':0.7063783, 'x':0.3850001, 'z':1.370906E-08, 'view_angle':90.00001, 'x_mouse':0, 'y_mouse':0, 'context':'None', 'outcome':'None'}\", \"data_type\": \"<type 'str'>\"}"}
{"message": "{\"timestamp\": 4.512762069702148, \"object_type\": \"labjack_task\", \"data\": {\"write_value\": 0, \"register\": 6002, \"mode\": \"write\"}, \"data_type\": \"<type 'dict'>\"}"}
{"message": "{\"timestamp\": 4.513306140899658, \"object_type\": \"labjack_task\", \"data\": {\"write_value\": 0, \"register\": 6000, \"mode\": \"write\"}, \"data_type\": \"<type 'dict'>\"}"}
{"message": "{\"timestamp\": 4.513808012008667, \"object_type\": \"labjack_task\", \"data\": {\"write_value\": 0, \"register\": 6001, \"mode\": \"write\"}, \"data_type\": \"<type 'dict'>\"}"}
{"message": "{\"timestamp\": 4.528165102005005, \"object_type\": \"labjack_stream\", \"data\": {\"AIN0\": [-10.5669790544448, -10.566663798260834, -10.566663798260834, -10.566663798260834, -10.566663798260834, -10.566663798260834, -10.566348542076867, -10.566663798260834, -10.566663798260834, -10.566663798260834, -10.566663798260834, -10.566663798260834, -10.5669790544448, -10.566663798260834, -10.566663798260834, -10.5669790544448, -10.566348542076867, -10.566663798260834, -10.566663798260834, -10.566348542076867, -10.566663798260834, -10.566663798260834, -10.5669790544448, -10.5669790544448, -10.566348542076867, -10.566663798260834, -10.566663798260834, -10.566663798260834, -10.566663798260834, -10.5669790544448, -10.566663798260834, -10.5669790544448, -10.5669790544448, -10.566348542076867, -10.5669790544448, -10.566348542076867, -10.566663798260834, -10.566348542076867, -10.566663798260834, -10.566663798260834, -10.566663798260834, -10.5669790544448, -10.566663798260834, -10.566348542076867, -10.566348542076867, -10.566348542076867, -10.5669790544448, -10.566663798260834, -10.566348542076867, -10.566663798260834, -10.566663798260834, -10.566348542076867, -10.566348542076867, -10.566663798260834, -10.566663798260834, -10.5669790544448, -10.566348542076867, -10.566663798260834, -10.566348542076867, -10.566348542076867, -10.566663798260834, -10.5669790544448, -10.566663798260834, -10.5669790544448, -10.5669790544448, -10.566663798260834, -10.566663798260834, -10.566348542076867, -10.566663798260834, -10.566348542076867, -10.566348542076867, -10.566663798260834, -10.566663798260834, -10.566663798260834, -10.566663798260834, -10.566663798260834, -10.5669790544448, -10.566663798260834, -10.566663798260834, -10.566663798260834, -10.566348542076867, -10.566348542076867, -10.566663798260834, -10.5669790544448, -10.5669790544448, -10.5669790544448, -10.566663798260834, -10.5669790544448, -10.566663798260834, -10.566663798260834, -10.566663798260834, -10.566663798260834, -10.566348542076867, -10.566663798260834, -10.5669790544448, -10.566663798260834, -10.566348542076867, -10.5669790544448, -10.566663798260834, -10.5669790544448, -10.566348542076867, -10.566663798260834, -10.566663798260834, -10.566663798260834, -10.566663798260834, -10.5669790544448, -10.566663798260834, -10.566663798260834, -10.566348542076867, -10.566663798260834, -10.566348542076867, -10.566663798260834, -10.566663798260834, -10.5669790544448, -10.566663798260834, -10.566663798260834, -10.566348542076867, -10.566663798260834, -10.566663798260834, -10.566663798260834, -10.566663798260834, -10.566348542076867, -10.5669790544448, -10.566348542076867, -10.566663798260834, -10.566348542076867, -10.566663798260834, -10.5669790544448, -10.566663798260834, -10.566663798260834, -10.5669790544448, -10.566348542076867, -10.5669790544448, -10.566663798260834, -10.5669790544448, -10.566663798260834, -10.566663798260834, -10.566663798260834, -10.566663798260834, -10.566663798260834, -10.566348542076867, -10.566348542076867, -10.566348542076867, -10.566663798260834, -10.566663798260834, -10.566663798260834, -10.5669790544448, -10.5669790544448, -10.566663798260834, -10.5669790544448, -10.566663798260834, -10.566348542076867, -10.566663798260834, -10.5669790544448, -10.5669790544448, -10.566663798260834, -10.566348542076867, -10.5669790544448, -10.566663798260834, -10.566663798260834, -10.566663798260834, -10.5669790544448, -10.566663798260834, -10.566663798260834, -10.566348542076867, -10.566663798260834, -10.566663798260834, -10.566348542076867, -10.566663798260834, -10.566663798260834, -10.566348542076867, -10.566348542076867, -10.566663798260834, -10.566348542076867, -10.566663798260834, -10.566663798260834, -10.5669790544448, -10.566663798260834, -10.566663798260834, -10.5669790544448, -10.566663798260834, -10.566348542076867, -10.566663798260834, -10.566663798260834, -10.566663798260834, -10.566348542076867, -10.566663798260834, -10.566348542076867, -10.566663798260834, -10.566348542076867, -10.566663798260834, -10.566348542076867, -10.5669790544448, -10.5669790544448, -10.566663798260834, -10.566348542076867, -10.566348542076867, -10.566663798260834, -10.566663798260834, -10.566663798260834, -10.566663798260834, -10.566663798260834, -10.566663798260834, -10.5669790544448, -10.5669790544448, -10.566663798260834, -10.566663798260834, -10.5669790544448, -10.566663798260834, -10.566663798260834, -10.566348542076867, -10.566663798260834, -10.566663798260834, -10.5669790544448, -10.5669790544448, -10.5669790544448, -10.566348542076867, -10.566663798260834, -10.566663798260834, -10.566663798260834, -10.566348542076867, -10.5669790544448, -10.566348542076867, -10.566348542076867, -10.566663798260834, -10.566663798260834, -10.566663798260834, -10.566663798260834, -10.566348542076867, -10.566348542076867, -10.566663798260834, -10.566663798260834, -10.566663798260834, -10.566663798260834, -10.566348542076867, -10.566663798260834, -10.5669790544448, -10.5669790544448, -10.566663798260834, -10.566663798260834, -10.566663798260834, -10.566663798260834, -10.5669790544448, -10.566663798260834, -10.566663798260834, -10.566663798260834, -10.5669790544448, -10.566663798260834, -10.5669790544448, -10.566663798260834], \"AIN1\": [-10.566663798260834, -10.566663798260834, -10.566663798260834, -10.566663798260834, -10.566663798260834, -10.566348542076867, -10.5669790544448, -10.566663798260834, -10.566663798260834, -10.5669790544448, -10.5669790544448, -10.566663798260834, -10.5669790544448, -10.5669790544448, -10.566663798260834, -10.566663798260834, -10.566348542076867, -10.5669790544448, -10.5669790544448, -10.5669790544448, -10.566348542076867, -10.5669790544448, -10.566348542076867, -10.566663798260834, -10.566663798260834, -10.566348542076867, -10.566663798260834, -10.566663798260834, -10.566663798260834, -10.5669790544448, -10.566348542076867, -10.566663798260834, -10.566663798260834, -10.5669790544448, -10.566663798260834, -10.566663798260834, -10.566663798260834, -10.566348542076867, -10.566663798260834, -10.566663798260834, -10.566663798260834, -10.566663798260834, -10.567294310628768, -10.566663798260834, -10.566663798260834, -10.566348542076867, -10.566663798260834, -10.566663798260834, -10.566663798260834, -10.566663798260834, -10.566663798260834, -10.5669790544448, -10.5669790544448, -10.566348542076867, -10.5669790544448, -10.566663798260834, -10.566663798260834, -10.566348542076867, -10.5669790544448, -10.566348542076867, -10.566663798260834, -10.566663798260834, -10.5669790544448, -10.566348542076867, -10.566663798260834, -10.5669790544448, -10.566663798260834, -10.566663798260834, -10.566348542076867, -10.566663798260834, -10.5669790544448, -10.566348542076867, -10.566663798260834, -10.566663798260834, -10.566663798260834, -10.566663798260834, -10.566663798260834, -10.566663798260834, -10.5669790544448, -10.5669790544448, -10.566663798260834, -10.566663798260834, -10.566663798260834, -10.566663798260834, -10.566663798260834, -10.566663798260834, -10.566663798260834, -10.566663798260834, -10.566348542076867, -10.566663798260834, -10.566348542076867, -10.566663798260834, -10.566663798260834, -10.566663798260834, -10.5669790544448, -10.566348542076867, -10.566348542076867, -10.5669790544448, -10.566663798260834, -10.566348542076867, -10.5669790544448, -10.566663798260834, -10.5669790544448, -10.5669790544448, -10.566663798260834, -10.566348542076867, -10.566663798260834, -10.566348542076867, -10.566663798260834, -10.566663798260834, -10.566663798260834, -10.566663798260834, -10.5669790544448, -10.566348542076867, -10.566348542076867, -10.5669790544448, -10.566663798260834, -10.566663798260834, -10.566348542076867, -10.566663798260834, -10.5669790544448, -10.5669790544448, -10.566663798260834, -10.5669790544448, -10.566663798260834, -10.566348542076867, -10.566663798260834, -10.566348542076867, -10.566663798260834, -10.5669790544448, -10.5669790544448, -10.5669790544448, -10.566663798260834, -10.566663798260834, -10.566663798260834, -10.566663798260834, -10.566663798260834, -10.566663798260834, -10.566348542076867, -10.566663798260834, -10.566663798260834, -10.566663798260834, -10.566663798260834, -10.566663798260834, -10.566663798260834, -10.566663798260834, -10.566663798260834, -10.566348542076867, -10.5669790544448, -10.5669790544448, -10.566663798260834, -10.5669790544448, -10.566663798260834, -10.566663798260834, -10.566663798260834, -10.566663798260834, -10.5669790544448, -10.5669790544448, -10.5669790544448, -10.566663798260834, -10.566348542076867, -10.5669790544448, -10.566348542076867, -10.5669790544448, -10.566348542076867, -10.5669790544448, -10.566348542076867, -10.5669790544448, -10.566348542076867, -10.566348542076867, -10.566663798260834, -10.566663798260834, -10.5669790544448, -10.5669790544448, -10.566348542076867, -10.566663798260834, -10.566663798260834, -10.566663798260834, -10.566663798260834, -10.566663798260834, -10.566663798260834, -10.566663798260834, -10.566348542076867, -10.5669790544448, -10.5669790544448, -10.566663798260834, -10.566663798260834, -10.566663798260834, -10.566663798260834, -10.566663798260834, -10.566348542076867, -10.566663798260834, -10.566663798260834, -10.566663798260834, -10.566663798260834, -10.566663798260834, -10.5669790544448, -10.566663798260834, -10.566348542076867, -10.5669790544448, -10.566663798260834, -10.5669790544448, -10.566348542076867, -10.566663798260834, -10.566348542076867, -10.5669790544448, -10.5669790544448, -10.566663798260834, -10.566348542076867, -10.566663798260834, -10.566663798260834, -10.5669790544448, -10.5669790544448, -10.566663798260834, -10.5669790544448, -10.566663798260834, -10.566663798260834, -10.566663798260834, -10.566663798260834, -10.566663798260834, -10.566663798260834, -10.566663798260834, -10.566663798260834, -10.566663798260834, -10.566663798260834, -10.5669790544448, -10.566348542076867, -10.5669790544448, -10.566663798260834, -10.566348542076867, -10.566663798260834, -10.5669790544448, -10.566348542076867, -10.566663798260834, -10.5669790544448, -10.566663798260834, -10.566663798260834, -10.566663798260834, -10.5669790544448, -10.566663798260834, -10.5669790544448, -10.566663798260834, -10.5669790544448, -10.5669790544448, -10.566348542076867, -10.5669790544448, -10.566663798260834, -10.566663798260834, -10.566663798260834, -10.5669790544448], \"AIN2\": [-10.566348542076867, -10.566348542076867, -10.566663798260834, -10.566663798260834, -10.566663798260834, -10.566663798260834, -10.5669790544448, -10.5669790544448, -10.566663798260834, -10.5669790544448, -10.566348542076867, -10.566663798260834, -10.566348542076867, -10.566348542076867, -10.566663798260834, -10.566663798260834, -10.566663798260834, -10.566663798260834, -10.5669790544448, -10.566663798260834, -10.566663798260834, -10.566663798260834, -10.566663798260834, -10.566348542076867, -10.566348542076867, -10.566663798260834, -10.566348542076867, -10.5669790544448, -10.566663798260834, -10.5669790544448, -10.5669790544448, -10.5669790544448, -10.566348542076867, -10.566663798260834, -10.5669790544448, -10.566348542076867, -10.566663798260834, -10.566663798260834, -10.5669790544448, -10.566663798260834, -10.5669790544448, -10.566663798260834, -10.566663798260834, -10.5669790544448, -10.566663798260834, -10.5669790544448, -10.5669790544448, -10.5669790544448, -10.566663798260834, -10.566663798260834, -10.566663798260834, -10.566663798260834, -10.566663798260834, -10.566348542076867, -10.566663798260834, -10.5669790544448, -10.566663798260834, -10.566663798260834, -10.566663798260834, -10.5669790544448, -10.566348542076867, -10.566663798260834, -10.566663798260834, -10.566663798260834, -10.566348542076867, -10.566348542076867, -10.566663798260834, -10.566348542076867, -10.566348542076867, -10.566348542076867, -10.5669790544448, -10.566348542076867, -10.566348542076867, -10.566663798260834, -10.566663798260834, -10.566663798260834, -10.5669790544448, -10.566663798260834, -10.566348542076867, -10.566663798260834, -10.566663798260834, -10.5669790544448, -10.5669790544448, -10.566663798260834, -10.566663798260834, -10.566663798260834, -10.566348542076867, -10.5669790544448, -10.566663798260834, -10.566663798260834, -10.566663798260834, -10.566348542076867, -10.566663798260834, -10.5669790544448, -10.566663798260834, -10.566663798260834, -10.566663798260834, -10.566348542076867, -10.566663798260834, -10.566663798260834, -10.566663798260834, -10.566663798260834, -10.566663798260834, -10.5669790544448, -10.566663798260834, -10.566663798260834, -10.5669790544448, -10.5669790544448, -10.5669790544448, -10.566348542076867, -10.566663798260834, -10.566663798260834, -10.5669790544448, -10.566663798260834, -10.566663798260834, -10.566663798260834, -10.566663798260834, -10.566348542076867, -10.566663798260834, -10.566663798260834, -10.5669790544448, -10.566663798260834, -10.566663798260834, -10.566663798260834, -10.566663798260834, -10.566663798260834, -10.566663798260834, -10.566663798260834, -10.566663798260834, -10.566663798260834, -10.566663798260834, -10.5669790544448, -10.566663798260834, -10.5669790544448, -10.566663798260834, -10.5669790544448, -10.5669790544448, -10.566663798260834, -10.5669790544448, -10.566663798260834, -10.5669790544448, -10.5669790544448, -10.566663798260834, -10.566663798260834, -10.566663798260834, -10.567294310628768, -10.566348542076867, -10.566663798260834, -10.5669790544448, -10.5669790544448, -10.566663798260834, -10.566663798260834, -10.566663798260834, -10.566663798260834, -10.566663798260834, -10.566348542076867, -10.566663798260834, -10.5669790544448, -10.566663798260834, -10.566663798260834, -10.566663798260834, -10.5669790544448, -10.566348542076867, -10.566663798260834, -10.566663798260834, -10.566663798260834, -10.566663798260834, -10.5669790544448, -10.5669790544448, -10.566663798260834, -10.566663798260834, -10.5669790544448, -10.566663798260834, -10.566663798260834, -10.566663798260834, -10.5669790544448, -10.566663798260834, -10.566663798260834, -10.566663798260834, -10.566348542076867, -10.566663798260834, -10.566663798260834, -10.5669790544448, -10.5669790544448, -10.566663798260834, -10.5669790544448, -10.566663798260834, -10.566348542076867, -10.566348542076867, -10.566663798260834, -10.5669790544448, -10.5669790544448, -10.5669790544448, -10.5669790544448, -10.566663798260834, -10.566663798260834, -10.566663798260834, -10.5669790544448, -10.566663798260834, -10.566348542076867, -10.566663798260834, -10.566663798260834, -10.5669790544448, -10.566663798260834, -10.566348542076867, -10.566663798260834, -10.5669790544448, -10.566348542076867, -10.566663798260834, -10.5669790544448, -10.566663798260834, -10.566663798260834, -10.566663798260834, -10.566663798260834, -10.566663798260834, -10.5669790544448, -10.5669790544448, -10.566663798260834, -10.566663798260834, -10.566663798260834, -10.566348542076867, -10.5669790544448, -10.566663798260834, -10.5669790544448, -10.566663798260834, -10.566663798260834, -10.566663798260834, -10.566663798260834, -10.566663798260834, -10.5669790544448, -10.566663798260834, -10.566663798260834, -10.566663798260834, -10.5669790544448, -10.5669790544448, -10.566663798260834, -10.566348542076867, -10.566663798260834, -10.566663798260834, -10.566348542076867, -10.566663798260834, -10.566663798260834, -10.566663798260834, -10.5669790544448, -10.5669790544448, -10.566663798260834, -10.5669790544448, -10.5669790544448, -10.566663798260834, -10.566663798260834], \"AIN3\": [-10.566663798260834, -10.566663798260834, -10.566663798260834, -10.566663798260834, -10.566663798260834, -10.5669790544448, -10.566663798260834, -10.5669790544448, -10.5669790544448, -10.566348542076867, -10.566663798260834, -10.5669790544448, -10.5669790544448, -10.566663798260834, -10.566348542076867, -10.5669790544448, -10.5669790544448, -10.566663798260834, -10.566663798260834, -10.566663798260834, -10.5669790544448, -10.566663798260834, -10.5669790544448, -10.566663798260834, -10.566663798260834, -10.566663798260834, -10.566663798260834, -10.566663798260834, -10.566663798260834, -10.5669790544448, -10.5669790544448, -10.566663798260834, -10.566663798260834, -10.5669790544448, -10.5669790544448, -10.566348542076867, -10.566663798260834, -10.566663798260834, -10.5669790544448, -10.566663798260834, -10.5669790544448, -10.5669790544448, -10.566663798260834, -10.5669790544448, -10.566663798260834, -10.566348542076867, -10.566663798260834, -10.566348542076867, -10.566663798260834, -10.5669790544448, -10.5669790544448, -10.566348542076867, -10.5669790544448, -10.566663798260834, -10.566663798260834, -10.566348542076867, -10.566663798260834, -10.566663798260834, -10.566663798260834, -10.566663798260834, -10.5669790544448, -10.5669790544448, -10.566663798260834, -10.566663798260834, -10.5669790544448, -10.566663798260834, -10.566663798260834, -10.566663798260834, -10.5669790544448, -10.566663798260834, -10.5669790544448, -10.5669790544448, -10.566663798260834, -10.566663798260834, -10.5669790544448, -10.5669790544448, -10.566663798260834, -10.5669790544448, -10.566663798260834, -10.5669790544448, -10.5669790544448, -10.5669790544448, -10.5669790544448, -10.566663798260834, -10.566663798260834, -10.566663798260834, -10.566663798260834, -10.5669790544448, -10.5669790544448, -10.566663798260834, -10.566348542076867, -10.5669790544448, -10.566663798260834, -10.566663798260834, -10.566348542076867, -10.5669790544448, -10.5669790544448, -10.566663798260834, -10.5669790544448, -10.566348542076867, -10.566663798260834, -10.566663798260834, -10.566663798260834, -10.566663798260834, -10.566663798260834, -10.566348542076867, -10.566663798260834, -10.566663798260834, -10.566663798260834, -10.566663798260834, -10.566663798260834, -10.5669790544448, -10.566348542076867, -10.566663798260834, -10.566663798260834, -10.566348542076867, -10.5669790544448, -10.566663798260834, -10.566663798260834, -10.566663798260834, -10.5669790544448, -10.5669790544448, -10.566663798260834, -10.566663798260834, -10.5669790544448, -10.566663798260834, -10.566663798260834, -10.566663798260834, -10.566348542076867, -10.566663798260834, -10.566663798260834, -10.566348542076867, -10.566663798260834, -10.566663798260834, -10.5669790544448, -10.5669790544448, -10.566663798260834, -10.5669790544448, -10.566348542076867, -10.566663798260834, -10.566663798260834, -10.566663798260834, -10.5669790544448, -10.5669790544448, -10.566348542076867, -10.566663798260834, -10.566663798260834, -10.566663798260834, -10.566663798260834, -10.5669790544448, -10.5669790544448, -10.566663798260834, -10.566663798260834, -10.566348542076867, -10.566663798260834, -10.566663798260834, -10.566663798260834, -10.566663798260834, -10.566348542076867, -10.566663798260834, -10.566663798260834, -10.5669790544448, -10.566663798260834, -10.566663798260834, -10.566663798260834, -10.566348542076867, -10.5669790544448, -10.566663798260834, -10.566348542076867, -10.566663798260834, -10.566663798260834, -10.5669790544448, -10.566663798260834, -10.5669790544448, -10.566663798260834, -10.566348542076867, -10.566663798260834, -10.566348542076867, -10.566663798260834, -10.566663798260834, -10.566663798260834, -10.5669790544448, -10.5669790544448, -10.5669790544448, -10.5669790544448, -10.5669790544448, -10.566663798260834, -10.566663798260834, -10.5669790544448, -10.566663798260834, -10.566663798260834, -10.566663798260834, -10.566348542076867, -10.5669790544448, -10.566663798260834, -10.566663798260834, -10.566663798260834, -10.566663798260834, -10.566663798260834, -10.5669790544448, -10.5669790544448, -10.566663798260834, -10.566663798260834, -10.566663798260834, -10.566348542076867, -10.5669790544448, -10.566348542076867, -10.566348542076867, -10.566663798260834, -10.566663798260834, -10.566663798260834, -10.566663798260834, -10.5669790544448, -10.566348542076867, -10.566663798260834, -10.5669790544448, -10.566348542076867, -10.566663798260834, -10.566348542076867, -10.566663798260834, -10.566663798260834, -10.566663798260834, -10.566663798260834, -10.566663798260834, -10.566663798260834, -10.566348542076867, -10.566663798260834, -10.566663798260834, -10.5669790544448, -10.566663798260834, -10.566348542076867, -10.566663798260834, -10.566348542076867, -10.566663798260834, -10.566663798260834, -10.566348542076867, -10.566663798260834, -10.566348542076867, -10.566348542076867, -10.566663798260834, -10.566663798260834, -10.566663798260834, -10.566663798260834, -10.566663798260834, -10.566663798260834, -10.566663798260834, -10.5669790544448, -10.5669790544448, -10.566663798260834, -10.5669790544448]}, \"data_type\": \"<type 'collections.defaultdict'>\"}"}
{"message": "{\"timestamp\": 4.535526990890503, \"object_type\": \"standard\", \"data\": \"{ 'running_time':0.7300084, 'x':0.3850001, 'z':1.370906E-08, 'view_angle':90.00001, 'x_mouse':0, 'y_mouse':0, 'context':'None', 'outcome':'None'}\", \"data_type\": \"<type 'str'>\"}"}
{"message": "{\"timestamp\": 4.536301136016846, \"object_type\": \"labjack_task\", \"data\": {\"write_value\": 0, \"register\": 6002, \"mode\": \"write\"}, \"data_type\": \"<type 'dict'>\"}"}
{"message": "{\"timestamp\": 4.536952972412109, \"object_type\": \"labjack_task\", \"data\": {\"write_value\": 0, \"register\": 6000, \"mode\": \"write\"}, \"data_type\": \"<type 'dict'>\"}"}
{"message": "{\"timestamp\": 4.5375611782073975, \"object_type\": \"labjack_task\", \"data\": {\"write_value\": 0, \"register\": 6001, \"mode\": \"write\"}, \"data_type\": \"<type 'dict'>\"}"}
{"message": "{\"timestamp\": 4.563806056976318, \"object_type\": \"standard\", \"data\": \"{ 'running_time':0.7582144, 'x':0.3850001, 'z':1.370906E-08, 'view_angle':90.00001, 'x_mouse':0, 'y_mouse':0, 'context':'None', 'outcome':'None'}\", \"data_type\": \"<type 'str'>\"}"}
{"message": "{\"timestamp\": 4.564563989639282, \"object_type\": \"labjack_task\", \"data\": {\"write_value\": 0, \"register\": 6002, \"mode\": \"write\"}, \"data_type\": \"<type 'dict'>\"}"}
{"message": "{\"timestamp\": 4.565140008926392, \"object_type\": \"labjack_task\", \"data\": {\"write_value\": 0, \"register\": 6000, \"mode\": \"write\"}, \"data_type\": \"<type 'dict'>\"}"}
{"message": "{\"timestamp\": 4.565680027008057, \"object_type\": \"labjack_task\", \"data\": {\"write_value\": 0, \"register\": 6001, \"mode\": \"write\"}, \"data_type\": \"<type 'dict'>\"}"}
{"message": "{\"timestamp\": 4.59194803237915, \"object_type\": \"standard\", \"data\": \"{ 'running_time':0.7863923, 'x':0.3850001, 'z':1.370906E-08, 'view_angle':90.00001, 'x_mouse':0, 'y_mouse':0, 'context':'None', 'outcome':'None'}\", \"data_type\": \"<type 'str'>\"}"}
{"message": "{\"timestamp\": 4.592672109603882, \"object_type\": \"labjack_task\", \"data\": {\"write_value\": 0, \"register\": 6002, \"mode\": \"write\"}, \"data_type\": \"<type 'dict'>\"}"}
{"message": "{\"timestamp\": 4.593212127685547, \"object_type\": \"labjack_task\", \"data\": {\"write_value\": 0, \"register\": 6000, \"mode\": \"write\"}, \"data_type\": \"<type 'dict'>\"}"}
{"message": "{\"timestamp\": 4.593817949295044, \"object_type\": \"labjack_task\", \"data\": {\"write_value\": 0, \"register\": 6001, \"mode\": \"write\"}, \"data_type\": \"<type 'dict'>\"}"}
{"message": "{\"timestamp\": 4.615398168563843, \"object_type\": \"standard\", \"data\": \"{ 'running_time':0.8098534, 'x':0.3850001, 'z':1.370906E-08, 'view_angle':90.00001, 'x_mouse':0, 'y_mouse':0, 'context':'None', 'outcome':'None'}\", \"data_type\": \"<type 'str'>\"}"}
{"message": "{\"timestamp\": 4.6161370277404785, \"object_type\": \"labjack_task\", \"data\": {\"write_value\": 0, \"register\": 6002, \"mode\": \"write\"}, \"data_type\": \"<type 'dict'>\"}"}
{"message": "{\"timestamp\": 4.616692066192627, \"object_type\": \"labjack_task\", \"data\": {\"write_value\": 0, \"register\": 6000, \"mode\": \"write\"}, \"data_type\": \"<type 'dict'>\"}"}
{"message": "{\"timestamp\": 4.61719012260437, \"object_type\": \"labjack_task\", \"data\": {\"write_value\": 0, \"register\": 6001, \"mode\": \"write\"}, \"data_type\": \"<type 'dict'>\"}"}
{"message": "{\"timestamp\": 4.643794059753418, \"object_type\": \"standard\", \"data\": \"{ 'running_time':0.8382363, 'x':0.3850001, 'z':1.370906E-08, 'view_angle':90.00001, 'x_mouse':0, 'y_mouse':0, 'context':'None', 'outcome':'None'}\", \"data_type\": \"<type 'str'>\"}"}
{"message": "{\"timestamp\": 4.644556045532227, \"object_type\": \"labjack_task\", \"data\": {\"write_value\": 0, \"register\": 6002, \"mode\": \"write\"}, \"data_type\": \"<type 'dict'>\"}"}
{"message": "{\"timestamp\": 4.645137071609497, \"object_type\": \"labjack_task\", \"data\": {\"write_value\": 0, \"register\": 6000, \"mode\": \"write\"}, \"data_type\": \"<type 'dict'>\"}"}
{"message": "{\"timestamp\": 4.645681142807007, \"object_type\": \"labjack_task\", \"data\": {\"write_value\": 0, \"register\": 6001, \"mode\": \"write\"}, \"data_type\": \"<type 'dict'>\"}"}
{"message": "{\"timestamp\": 4.671972036361694, \"object_type\": \"standard\", \"data\": \"{ 'running_time':0.8663583, 'x':0.3850001, 'z':1.370906E-08, 'view_angle':90.00001, 'x_mouse':0, 'y_mouse':0, 'context':'None', 'outcome':'None'}\", \"data_type\": \"<type 'str'>\"}"}
{"message": "{\"timestamp\": 4.672698974609375, \"object_type\": \"labjack_task\", \"data\": {\"write_value\": 0, \"register\": 6002, \"mode\": \"write\"}, \"data_type\": \"<type 'dict'>\"}"}
{"message": "{\"timestamp\": 4.673307180404663, \"object_type\": \"labjack_task\", \"data\": {\"write_value\": 0, \"register\": 6000, \"mode\": \"write\"}, \"data_type\": \"<type 'dict'>\"}"}
{"message": "{\"timestamp\": 4.673802137374878, \"object_type\": \"labjack_task\", \"data\": {\"write_value\": 0, \"register\": 6001, \"mode\": \"write\"}, \"data_type\": \"<type 'dict'>\"}"}
{"message": "{\"timestamp\": 4.696138143539429, \"object_type\": \"standard\", \"data\": \"{ 'running_time':0.8905703, 'x':0.3850001, 'z':1.370906E-08, 'view_angle':90.00001, 'x_mouse':0, 'y_mouse':0, 'context':'None', 'outcome':'None'}\", \"data_type\": \"<type 'str'>\"}"}
{"message": "{\"timestamp\": 4.697014093399048, \"object_type\": \"labjack_task\", \"data\": {\"write_value\": 0, \"register\": 6002, \"mode\": \"write\"}, \"data_type\": \"<type 'dict'>\"}"}
{"message": "{\"timestamp\": 4.6975719928741455, \"object_type\": \"labjack_task\", \"data\": {\"write_value\": 0, \"register\": 6000, \"mode\": \"write\"}, \"data_type\": \"<type 'dict'>\"}"}
{"message": "{\"timestamp\": 4.698188066482544, \"object_type\": \"labjack_task\", \"data\": {\"write_value\": 0, \"register\": 6001, \"mode\": \"write\"}, \"data_type\": \"<type 'dict'>\"}"}
{"message": "{\"timestamp\": 4.723886966705322, \"object_type\": \"standard\", \"data\": \"{ 'running_time':0.9182974, 'x':0.3850001, 'z':1.370906E-08, 'view_angle':90.00001, 'x_mouse':0, 'y_mouse':0, 'context':'None', 'outcome':'None'}\", \"data_type\": \"<type 'str'>\"}"}
{"message": "{\"timestamp\": 4.724676132202148, \"object_type\": \"labjack_task\", \"data\": {\"write_value\": 0, \"register\": 6002, \"mode\": \"write\"}, \"data_type\": \"<type 'dict'>\"}"}
{"message": "{\"timestamp\": 4.7252631187438965, \"object_type\": \"labjack_task\", \"data\": {\"write_value\": 0, \"register\": 6000, \"mode\": \"write\"}, \"data_type\": \"<type 'dict'>\"}"}
{"message": "{\"timestamp\": 4.725836992263794, \"object_type\": \"labjack_task\", \"data\": {\"write_value\": 0, \"register\": 6001, \"mode\": \"write\"}, \"data_type\": \"<type 'dict'>\"}"}
{"message": "{\"timestamp\": 4.7518720626831055, \"object_type\": \"standard\", \"data\": \"{ 'running_time':0.9462624, 'x':0.3850001, 'z':1.370906E-08, 'view_angle':90.00001, 'x_mouse':0, 'y_mouse':0, 'context':'None', 'outcome':'None'}\", \"data_type\": \"<type 'str'>\"}"}
{"message": "{\"timestamp\": 4.7528581619262695, \"object_type\": \"labjack_stream\", \"data\": {\"AIN0\": [-10.566663798260834, -10.566348542076867, -10.566348542076867, -10.566663798260834, -10.566663798260834, -10.566348542076867, -10.566663798260834, -10.5669790544448, -10.566663798260834, -10.566348542076867, -10.566663798260834, -10.566663798260834, -10.566663798260834, -10.566663798260834, -10.566663798260834, -10.566663798260834, -10.566663798260834, -10.566663798260834, -10.566663798260834, -10.566663798260834, -10.566663798260834, -10.566663798260834, -10.5669790544448, -10.566663798260834, -10.566663798260834, -10.566663798260834, -10.5669790544448, -10.566663798260834, -10.5669790544448, -10.5669790544448, -10.566348542076867, -10.566348542076867, -10.566663798260834, -10.5669790544448, -10.566663798260834, -10.566663798260834, -10.566663798260834, -10.566663798260834, -10.566663798260834, -10.566663798260834, -10.566663798260834, -10.5669790544448, -10.566348542076867, -10.566348542076867, -10.566663798260834, -10.566663798260834, -10.5669790544448, -10.5669790544448, -10.566663798260834, -10.566663798260834, -10.566663798260834, -10.566348542076867, -10.566348542076867, -10.566663798260834, -10.566663798260834, -10.566663798260834, -10.5669790544448, -10.566348542076867, -10.566663798260834, -10.5669790544448, -10.566663798260834, -10.566663798260834, -10.5669790544448, -10.566663798260834, -10.5669790544448, -10.566663798260834, -10.566663798260834, -10.566663798260834, -10.566348542076867, -10.5669790544448, -10.566348542076867, -10.566663798260834, -10.566663798260834, -10.5660332858929, -10.5669790544448, -10.566348542076867, -10.5669790544448, -10.566663798260834, -10.5669790544448, -10.566663798260834, -10.566348542076867, -10.566348542076867, -10.566348542076867, -10.566348542076867, -10.566348542076867, -10.5669790544448, -10.5669790544448, -10.566348542076867, -10.566348542076867, -10.566663798260834, -10.566663798260834, -10.5669790544448, -10.566663798260834, -10.566348542076867, -10.566663798260834, -10.566663798260834, -10.5669790544448, -10.566663798260834, -10.566663798260834, -10.566348542076867, -10.566663798260834, -10.566663798260834, -10.5669790544448, -10.566663798260834, -10.566348542076867, -10.566663798260834, -10.5669790544448, -10.5669790544448, -10.566348542076867, -10.566663798260834, -10.566663798260834, -10.566663798260834, -10.566663798260834, -10.566348542076867, -10.566348542076867, -10.566663798260834, -10.566663798260834, -10.566663798260834, -10.566663798260834, -10.566663798260834, -10.566663798260834, -10.566663798260834, -10.566663798260834, -10.566663798260834, -10.566348542076867, -10.566663798260834, -10.566663798260834, -10.5669790544448, -10.566663798260834, -10.566663798260834, -10.566348542076867, -10.566663798260834, -10.566348542076867, -10.566663798260834, -10.566663798260834, -10.566663798260834, -10.566348542076867, -10.566663798260834, -10.5669790544448, -10.566663798260834, -10.566348542076867, -10.5669790544448, -10.566663798260834, -10.566348542076867, -10.566663798260834, -10.566663798260834, -10.566663798260834, -10.5669790544448, -10.566663798260834, -10.566348542076867, -10.566663798260834, -10.566663798260834, -10.566663798260834, -10.566348542076867, -10.566348542076867, -10.566663798260834, -10.566663798260834, -10.566663798260834, -10.566663798260834, -10.5669790544448, -10.566663798260834, -10.566663798260834, -10.566348542076867, -10.566348542076867, -10.566348542076867, -10.566348542076867, -10.566663798260834, -10.566348542076867, -10.566348542076867, -10.566663798260834, -10.566663798260834, -10.566663798260834, -10.566348542076867, -10.566663798260834, -10.566663798260834, -10.5669790544448, -10.5669790544448, -10.566663798260834, -10.566663798260834, -10.566663798260834, -10.566663798260834, -10.566663798260834, -10.566663798260834, -10.566663798260834, -10.566348542076867, -10.566663798260834, -10.566663798260834, -10.566663798260834, -10.566663798260834, -10.5669790544448, -10.5669790544448, -10.566663798260834, -10.566663798260834, -10.566663798260834, -10.566663798260834, -10.5669790544448, -10.566663798260834, -10.566663798260834, -10.566663798260834, -10.566663798260834, -10.566348542076867, -10.5669790544448, -10.566663798260834, -10.566663798260834, -10.566663798260834, -10.566663798260834, -10.5669790544448, -10.566663798260834, -10.566663798260834, -10.566663798260834, -10.566663798260834, -10.566663798260834, -10.566348542076867, -10.566663798260834, -10.5669790544448, -10.566663798260834, -10.566663798260834, -10.566663798260834, -10.566663798260834, -10.566663798260834, -10.5669790544448, -10.566663798260834, -10.5669790544448, -10.566663798260834, -10.566663798260834, -10.566663798260834, -10.566663798260834, -10.566663798260834, -10.566663798260834, -10.566663798260834, -10.566663798260834, -10.566663798260834, -10.566348542076867, -10.566663798260834, -10.5669790544448, -10.5669790544448, -10.566348542076867, -10.566663798260834, -10.566348542076867, -10.566348542076867, -10.566663798260834, -10.566663798260834, -10.566663798260834, -10.566663798260834, -10.5669790544448, -10.566663798260834, -10.566663798260834, -10.566348542076867, -10.5669790544448, -10.566663798260834], \"AIN1\": [-10.566663798260834, -10.5669790544448, -10.566663798260834, -10.566348542076867, -10.5669790544448, -10.566663798260834, -10.566348542076867, -10.5669790544448, -10.566663798260834, -10.566663798260834, -10.566348542076867, -10.566348542076867, -10.5669790544448, -10.5669790544448, -10.5669790544448, -10.566348542076867, -10.566663798260834, -10.5669790544448, -10.566663798260834, -10.566663798260834, -10.5669790544448, -10.566348542076867, -10.566663798260834, -10.566663798260834, -10.566663798260834, -10.5669790544448, -10.566663798260834, -10.566663798260834, -10.566663798260834, -10.566663798260834, -10.566663798260834, -10.566663798260834, -10.566663798260834, -10.5669790544448, -10.566348542076867, -10.566663798260834, -10.5669790544448, -10.566663798260834, -10.5669790544448, -10.5669790544448, -10.566663798260834, -10.566663798260834, -10.566348542076867, -10.566663798260834, -10.566663798260834, -10.566348542076867, -10.5669790544448, -10.5669790544448, -10.566348542076867, -10.566348542076867, -10.5669790544448, -10.566663798260834, -10.5669790544448, -10.566663798260834, -10.566663798260834, -10.566663798260834, -10.566663798260834, -10.566663798260834, -10.5669790544448, -10.566663798260834, -10.566663798260834, -10.566348542076867, -10.566663798260834, -10.566348542076867, -10.566663798260834, -10.566663798260834, -10.566348542076867, -10.5669790544448, -10.566663798260834, -10.566663798260834, -10.566663798260834, -10.566663798260834, -10.566348542076867, -10.566663798260834, -10.5669790544448, -10.566663798260834, -10.566663798260834, -10.5669790544448, -10.566663798260834, -10.566663798260834, -10.566348542076867, -10.566348542076867, -10.566663798260834, -10.566348542076867, -10.5669790544448, -10.566663798260834, -10.566663798260834, -10.566663798260834, -10.566663798260834, -10.566663798260834, -10.566663798260834, -10.566663798260834, -10.5669790544448, -10.5669790544448, -10.566663798260834, -10.566663798260834, -10.566663798260834, -10.5669790544448, -10.566348542076867, -10.566663798260834, -10.566663798260834, -10.5669790544448, -10.566348542076867, -10.566663798260834, -10.5669790544448, -10.566348542076867, -10.566348542076867, -10.5669790544448, -10.566663798260834, -10.566663798260834, -10.566663798260834, -10.566663798260834, -10.566348542076867, -10.566663798260834, -10.5669790544448, -10.566663798260834, -10.5669790544448, -10.566663798260834, -10.566348542076867, -10.566663798260834, -10.566663798260834, -10.566663798260834, -10.5669790544448, -10.566663798260834, -10.566348542076867, -10.566663798260834, -10.566663798260834, -10.566663798260834, -10.566348542076867, -10.566663798260834, -10.5669790544448, -10.566663798260834, -10.566663798260834, -10.566348542076867, -10.566663798260834, -10.566348542076867, -10.566348542076867, -10.5660332858929, -10.5669790544448, -10.5669790544448, -10.566663798260834, -10.566663798260834, -10.566348542076867, -10.5669790544448, -10.5669790544448, -10.566663798260834, -10.5669790544448, -10.566663798260834, -10.5669790544448, -10.566663798260834, -10.5669790544448, -10.566663798260834, -10.5669790544448, -10.566663798260834, -10.5669790544448, -10.566663798260834, -10.566663798260834, -10.566348542076867, -10.566663798260834, -10.566663798260834, -10.5669790544448, -10.5669790544448, -10.566663798260834, -10.566663798260834, -10.566663798260834, -10.566663798260834, -10.566348542076867, -10.5669790544448, -10.566663798260834, -10.5669790544448, -10.5669790544448, -10.5669790544448, -10.566348542076867, -10.566348542076867, -10.5669790544448, -10.5669790544448, -10.566663798260834, -10.566348542076867, -10.566348542076867, -10.566663798260834, -10.5669790544448, -10.566663798260834, -10.566663798260834, -10.566663798260834, -10.566663798260834, -10.5669790544448, -10.566348542076867, -10.566348542076867, -10.5669790544448, -10.5669790544448, -10.5669790544448, -10.566663798260834, -10.566663798260834, -10.566663798260834, -10.5669790544448, -10.566663798260834, -10.566348542076867, -10.566663798260834, -10.566348542076867, -10.5669790544448, -10.566348542076867, -10.566663798260834, -10.566663798260834, -10.566663798260834, -10.566663798260834, -10.5669790544448, -10.5669790544448, -10.566663798260834, -10.566663798260834, -10.566348542076867, -10.566663798260834, -10.566663798260834, -10.566663798260834, -10.5669790544448, -10.5669790544448, -10.566663798260834, -10.566663798260834, -10.566663798260834, -10.566663798260834, -10.566348542076867, -10.5669790544448, -10.566663798260834, -10.5669790544448, -10.566663798260834, -10.5669790544448, -10.566663798260834, -10.566348542076867, -10.566663798260834, -10.5669790544448, -10.566663798260834, -10.566663798260834, -10.566663798260834, -10.566663798260834, -10.566663798260834, -10.5669790544448, -10.5669790544448, -10.566663798260834, -10.5669790544448, -10.566663798260834, -10.566663798260834, -10.566663798260834, -10.5669790544448, -10.566348542076867, -10.5669790544448, -10.566663798260834, -10.5669790544448, -10.566663798260834, -10.566663798260834, -10.5669790544448, -10.566663798260834], \"AIN2\": [-10.566348542076867, -10.566663798260834, -10.5669790544448, -10.566348542076867, -10.5669790544448, -10.566663798260834, -10.566663798260834, -10.566663798260834, -10.566348542076867, -10.566663798260834, -10.566348542076867, -10.5669790544448, -10.5669790544448, -10.566663798260834, -10.566663798260834, -10.5669790544448, -10.566348542076867, -10.566663798260834, -10.566663798260834, -10.566348542076867, -10.566663798260834, -10.5669790544448, -10.566348542076867, -10.5669790544448, -10.5669790544448, -10.5669790544448, -10.566663798260834, -10.5669790544448, -10.566348542076867, -10.566663798260834, -10.5669790544448, -10.566663798260834, -10.566663798260834, -10.566663798260834, -10.566663798260834, -10.566348542076867, -10.566663798260834, -10.5669790544448, -10.566348542076867, -10.5669790544448, -10.566663798260834, -10.5669790544448, -10.566663798260834, -10.566348542076867, -10.5669790544448, -10.566663798260834, -10.566663798260834, -10.566663798260834, -10.5669790544448, -10.566663798260834, -10.566348542076867, -10.566663798260834, -10.566663798260834, -10.566663798260834, -10.566663798260834, -10.566663798260834, -10.566663798260834, -10.566663798260834, -10.566663798260834, -10.566663798260834, -10.566663798260834, -10.566663798260834, -10.5669790544448, -10.5669790544448, -10.566663798260834, -10.566663798260834, -10.5669790544448, -10.566663798260834, -10.566663798260834, -10.5669790544448, -10.566663798260834, -10.566663798260834, -10.5669790544448, -10.566663798260834, -10.5669790544448, -10.566663798260834, -10.566663798260834, -10.566348542076867, -10.5669790544448, -10.566663798260834, -10.566663798260834, -10.566348542076867, -10.5669790544448, -10.566348542076867, -10.566663798260834, -10.566348542076867, -10.5669790544448, -10.566348542076867, -10.566663798260834, -10.566663798260834, -10.566348542076867, -10.566663798260834, -10.5669790544448, -10.566663798260834, -10.5669790544448, -10.566663798260834, -10.566348542076867, -10.566663798260834, -10.566663798260834, -10.566348542076867, -10.566663798260834, -10.566348542076867, -10.566663798260834, -10.5669790544448, -10.5669790544448, -10.5669790544448, -10.566663798260834, -10.566348542076867, -10.566663798260834, -10.566663798260834, -10.566663798260834, -10.566663798260834, -10.566663798260834, -10.5669790544448, -10.566663798260834, -10.566663798260834, -10.566663798260834, -10.566663798260834, -10.566348542076867, -10.5669790544448, -10.566348542076867, -10.5669790544448, -10.5669790544448, -10.5669790544448, -10.566663798260834, -10.566663798260834, -10.566348542076867, -10.566663798260834, -10.5669790544448, -10.566663798260834, -10.566663798260834, -10.566663798260834, -10.566348542076867, -10.5669790544448, -10.566663798260834, -10.566663798260834, -10.566663798260834, -10.566663798260834, -10.566663798260834, -10.566663798260834, -10.5669790544448, -10.566663798260834, -10.566663798260834, -10.566663798260834, -10.566348542076867, -10.566348542076867, -10.5669790544448, -10.566348542076867, -10.566348542076867, -10.566348542076867, -10.5669790544448, -10.566663798260834, -10.567294310628768, -10.5669790544448, -10.566663798260834, -10.566348542076867, -10.566663798260834, -10.5669790544448, -10.566663798260834, -10.5669790544448, -10.566663798260834, -10.5669790544448, -10.566663798260834, -10.566663798260834, -10.5669790544448, -10.566663798260834, -10.566348542076867, -10.5669790544448, -10.566663798260834, -10.566663798260834, -10.566348542076867, -10.566663798260834, -10.5669790544448, -10.566663798260834, -10.5669790544448, -10.566348542076867, -10.5669790544448, -10.566663798260834, -10.566663798260834, -10.5669790544448, -10.566663798260834, -10.566663798260834, -10.5669790544448, -10.5669790544448, -10.566348542076867, -10.566663798260834, -10.566348542076867, -10.566348542076867, -10.566663798260834, -10.566348542076867, -10.5669790544448, -10.5669790544448, -10.5669790544448, -10.566663798260834, -10.5669790544448, -10.566663798260834, -10.566348542076867, -10.566663798260834, -10.566663798260834, -10.5669790544448, -10.566348542076867, -10.566348542076867, -10.566663798260834, -10.566663798260834, -10.566663798260834, -10.5669790544448, -10.566663798260834, -10.566663798260834, -10.5669790544448, -10.566663798260834, -10.566348542076867, -10.5669790544448, -10.566663798260834, -10.5669790544448, -10.5669790544448, -10.566663798260834, -10.5669790544448, -10.566663798260834, -10.566348542076867, -10.5669790544448, -10.5669790544448, -10.566663798260834, -10.566348542076867, -10.566663798260834, -10.5669790544448, -10.566663798260834, -10.566663798260834, -10.5669790544448, -10.566663798260834, -10.566348542076867, -10.566663798260834, -10.5669790544448, -10.566663798260834, -10.566348542076867, -10.5669790544448, -10.566663798260834, -10.566663798260834, -10.5669790544448, -10.566663798260834, -10.566348542076867, -10.5669790544448, -10.566663798260834, -10.5669790544448, -10.566348542076867, -10.566663798260834, -10.566663798260834, -10.566663798260834, -10.566663798260834, -10.5669790544448, -10.566663798260834], \"AIN3\": [-10.566348542076867, -10.5669790544448, -10.566663798260834, -10.566663798260834, -10.566663798260834, -10.566663798260834, -10.566348542076867, -10.5669790544448, -10.566663798260834, -10.566663798260834, -10.566663798260834, -10.566663798260834, -10.5669790544448, -10.566663798260834, -10.566663798260834, -10.566663798260834, -10.566663798260834, -10.566663798260834, -10.566663798260834, -10.566348542076867, -10.566348542076867, -10.5669790544448, -10.5669790544448, -10.566663798260834, -10.5669790544448, -10.566663798260834, -10.5669790544448, -10.566663798260834, -10.566348542076867, -10.566663798260834, -10.5669790544448, -10.566348542076867, -10.566663798260834, -10.566348542076867, -10.566663798260834, -10.5669790544448, -10.5669790544448, -10.5669790544448, -10.566663798260834, -10.5669790544448, -10.566663798260834, -10.5669790544448, -10.566663798260834, -10.5669790544448, -10.566663798260834, -10.566663798260834, -10.566663798260834, -10.5669790544448, -10.5669790544448, -10.5669790544448, -10.566348542076867, -10.566663798260834, -10.566663798260834, -10.566663798260834, -10.5669790544448, -10.566663798260834, -10.566663798260834, -10.566348542076867, -10.5669790544448, -10.566663798260834, -10.566663798260834, -10.566663798260834, -10.5669790544448, -10.566663798260834, -10.566348542076867, -10.566348542076867, -10.566663798260834, -10.5669790544448, -10.566663798260834, -10.5669790544448, -10.566663798260834, -10.566663798260834, -10.566663798260834, -10.566348542076867, -10.566663798260834, -10.5669790544448, -10.5669790544448, -10.566663798260834, -10.566663798260834, -10.566663798260834, -10.5669790544448, -10.566663798260834, -10.566663798260834, -10.566663798260834, -10.566663798260834, -10.566663798260834, -10.566663798260834, -10.566348542076867, -10.5669790544448, -10.566348542076867, -10.566663798260834, -10.566663798260834, -10.566663798260834, -10.5669790544448, -10.566663798260834, -10.5669790544448, -10.566663798260834, -10.566663798260834, -10.566663798260834, -10.5669790544448, -10.566663798260834, -10.566663798260834, -10.566663798260834, -10.5669790544448, -10.566348542076867, -10.566348542076867, -10.5669790544448, -10.566663798260834, -10.566348542076867, -10.566663798260834, -10.566663798260834, -10.566663798260834, -10.566663798260834, -10.566663798260834, -10.566663798260834, -10.566663798260834, -10.566663798260834, -10.5669790544448, -10.566348542076867, -10.566348542076867, -10.5669790544448, -10.5669790544448, -10.566348542076867, -10.5669790544448, -10.566663798260834, -10.566663798260834, -10.566663798260834, -10.566348542076867, -10.566663798260834, -10.5669790544448, -10.566663798260834, -10.5669790544448, -10.5669790544448, -10.566348542076867, -10.5669790544448, -10.566663798260834, -10.566663798260834, -10.566663798260834, -10.566348542076867, -10.566663798260834, -10.5669790544448, -10.5669790544448, -10.566348542076867, -10.566663798260834, -10.5669790544448, -10.566663798260834, -10.566348542076867, -10.5669790544448, -10.5669790544448, -10.566663798260834, -10.566663798260834, -10.566663798260834, -10.566348542076867, -10.5669790544448, -10.566663798260834, -10.566663798260834, -10.566663798260834, -10.566663798260834, -10.5669790544448, -10.5669790544448, -10.566663798260834, -10.566663798260834, -10.5669790544448, -10.566663798260834, -10.566663798260834, -10.5669790544448, -10.5669790544448, -10.566663798260834, -10.566663798260834, -10.566348542076867, -10.566663798260834, -10.566663798260834, -10.566663798260834, -10.566663798260834, -10.566663798260834, -10.566663798260834, -10.566348542076867, -10.5669790544448, -10.566663798260834, -10.5669790544448, -10.566663798260834, -10.566663798260834, -10.566348542076867, -10.566348542076867, -10.5669790544448, -10.566663798260834, -10.5669790544448, -10.566663798260834, -10.566663798260834, -10.566663798260834, -10.566663798260834, -10.5669790544448, -10.566663798260834, -10.566663798260834, -10.5669790544448, -10.5669790544448, -10.566663798260834, -10.566348542076867, -10.566663798260834, -10.566663798260834, -10.566663798260834, -10.566348542076867, -10.5669790544448, -10.566663798260834, -10.5669790544448, -10.5669790544448, -10.5669790544448, -10.566663798260834, -10.566663798260834, -10.5669790544448, -10.566663798260834, -10.566348542076867, -10.5669790544448, -10.566663798260834, -10.566663798260834, -10.566663798260834, -10.566663798260834, -10.566663798260834, -10.566663798260834, -10.566663798260834, -10.5669790544448, -10.5669790544448, -10.566348542076867, -10.566348542076867, -10.5669790544448, -10.566663798260834, -10.5669790544448, -10.566663798260834, -10.5669790544448, -10.566663798260834, -10.566663798260834, -10.566663798260834, -10.566663798260834, -10.566663798260834, -10.566663798260834, -10.566663798260834, -10.566663798260834, -10.566663798260834, -10.566663798260834, -10.566663798260834, -10.566663798260834, -10.566663798260834, -10.566663798260834, -10.566663798260834, -10.566663798260834, -10.5669790544448, -10.566663798260834, -10.566663798260834, -10.566348542076867, -10.5669790544448]}, \"data_type\": \"<type 'collections.defaultdict'>\"}"}
{"message": "{\"timestamp\": 4.753209114074707, \"object_type\": \"labjack_task\", \"data\": {\"write_value\": 0, \"register\": 6002, \"mode\": \"write\"}, \"data_type\": \"<type 'dict'>\"}"}
{"message": "{\"timestamp\": 4.753810167312622, \"object_type\": \"labjack_task\", \"data\": {\"write_value\": 0, \"register\": 6000, \"mode\": \"write\"}, \"data_type\": \"<type 'dict'>\"}"}
{"message": "{\"timestamp\": 4.754420042037964, \"object_type\": \"labjack_task\", \"data\": {\"write_value\": 0, \"register\": 6001, \"mode\": \"write\"}, \"data_type\": \"<type 'dict'>\"}"}
{"message": "{\"timestamp\": 4.775442123413086, \"object_type\": \"standard\", \"data\": \"{ 'running_time':0.9699134, 'x':0.3850001, 'z':1.370906E-08, 'view_angle':90.00001, 'x_mouse':0, 'y_mouse':0, 'context':'None', 'outcome':'None'}\", \"data_type\": \"<type 'str'>\"}"}
{"message": "{\"timestamp\": 4.776149034500122, \"object_type\": \"labjack_task\", \"data\": {\"write_value\": 0, \"register\": 6002, \"mode\": \"write\"}, \"data_type\": \"<type 'dict'>\"}"}
{"message": "{\"timestamp\": 4.776694059371948, \"object_type\": \"labjack_task\", \"data\": {\"write_value\": 0, \"register\": 6000, \"mode\": \"write\"}, \"data_type\": \"<type 'dict'>\"}"}
{"message": "{\"timestamp\": 4.777229070663452, \"object_type\": \"labjack_task\", \"data\": {\"write_value\": 0, \"register\": 6001, \"mode\": \"write\"}, \"data_type\": \"<type 'dict'>\"}"}
{"message": "{\"timestamp\": 4.8039231300354, \"object_type\": \"standard\", \"data\": \"{ 'running_time':0.9983754, 'x':0.3850001, 'z':1.370906E-08, 'view_angle':90.00001, 'x_mouse':0, 'y_mouse':0, 'context':'None', 'outcome':'None'}\", \"data_type\": \"<type 'str'>\"}"}
{"message": "{\"timestamp\": 4.80477499961853, \"object_type\": \"labjack_task\", \"data\": {\"write_value\": 0, \"register\": 6002, \"mode\": \"write\"}, \"data_type\": \"<type 'dict'>\"}"}
{"message": "{\"timestamp\": 4.80545711517334, \"object_type\": \"labjack_task\", \"data\": {\"write_value\": 0, \"register\": 6000, \"mode\": \"write\"}, \"data_type\": \"<type 'dict'>\"}"}
{"message": "{\"timestamp\": 4.806141138076782, \"object_type\": \"labjack_task\", \"data\": {\"write_value\": 0, \"register\": 6001, \"mode\": \"write\"}, \"data_type\": \"<type 'dict'>\"}"}
{"message": "{\"timestamp\": 4.832065105438232, \"object_type\": \"standard\", \"data\": \"{ 'running_time':1.02643, 'x':0.3850001, 'z':1.370906E-08, 'view_angle':90.00001, 'x_mouse':0, 'y_mouse':0, 'context':'None', 'outcome':'None'}\", \"data_type\": \"<type 'str'>\"}"}
{"message": "{\"timestamp\": 4.832812070846558, \"object_type\": \"labjack_task\", \"data\": {\"write_value\": 0, \"register\": 6002, \"mode\": \"write\"}, \"data_type\": \"<type 'dict'>\"}"}
{"message": "{\"timestamp\": 4.833431005477905, \"object_type\": \"labjack_task\", \"data\": {\"write_value\": 0, \"register\": 6000, \"mode\": \"write\"}, \"data_type\": \"<type 'dict'>\"}"}
{"message": "{\"timestamp\": 4.833929061889648, \"object_type\": \"labjack_task\", \"data\": {\"write_value\": 0, \"register\": 6001, \"mode\": \"write\"}, \"data_type\": \"<type 'dict'>\"}"}
{"message": "{\"timestamp\": 4.855633020401001, \"object_type\": \"standard\", \"data\": \"{ 'running_time':1.050097, 'x':0.3850001, 'z':1.370906E-08, 'view_angle':90.00001, 'x_mouse':0, 'y_mouse':0, 'context':'None', 'outcome':'None'}\", \"data_type\": \"<type 'str'>\"}"}
{"message": "{\"timestamp\": 4.856426954269409, \"object_type\": \"labjack_task\", \"data\": {\"write_value\": 0, \"register\": 6002, \"mode\": \"write\"}, \"data_type\": \"<type 'dict'>\"}"}
{"message": "{\"timestamp\": 4.857057094573975, \"object_type\": \"labjack_task\", \"data\": {\"write_value\": 0, \"register\": 6000, \"mode\": \"write\"}, \"data_type\": \"<type 'dict'>\"}"}
{"message": "{\"timestamp\": 4.8576531410217285, \"object_type\": \"labjack_task\", \"data\": {\"write_value\": 0, \"register\": 6001, \"mode\": \"write\"}, \"data_type\": \"<type 'dict'>\"}"}
{"message": "{\"timestamp\": 4.883779048919678, \"object_type\": \"standard\", \"data\": \"{ 'running_time':1.078233, 'x':0.3850001, 'z':1.370906E-08, 'view_angle':90.00001, 'x_mouse':0, 'y_mouse':0, 'context':'None', 'outcome':'None'}\", \"data_type\": \"<type 'str'>\"}"}
{"message": "{\"timestamp\": 4.884559154510498, \"object_type\": \"labjack_task\", \"data\": {\"write_value\": 0, \"register\": 6002, \"mode\": \"write\"}, \"data_type\": \"<type 'dict'>\"}"}
{"message": "{\"timestamp\": 4.8851940631866455, \"object_type\": \"labjack_task\", \"data\": {\"write_value\": 0, \"register\": 6000, \"mode\": \"write\"}, \"data_type\": \"<type 'dict'>\"}"}
{"message": "{\"timestamp\": 4.885761976242065, \"object_type\": \"labjack_task\", \"data\": {\"write_value\": 0, \"register\": 6001, \"mode\": \"write\"}, \"data_type\": \"<type 'dict'>\"}"}
{"message": "{\"timestamp\": 4.912060976028442, \"object_type\": \"standard\", \"data\": \"{ 'running_time':1.106449, 'x':0.3850001, 'z':1.370906E-08, 'view_angle':90.00001, 'x_mouse':0, 'y_mouse':0, 'context':'None', 'outcome':'None'}\", \"data_type\": \"<type 'str'>\"}"}
{"message": "{\"timestamp\": 4.912804126739502, \"object_type\": \"labjack_task\", \"data\": {\"write_value\": 0, \"register\": 6002, \"mode\": \"write\"}, \"data_type\": \"<type 'dict'>\"}"}
{"message": "{\"timestamp\": 4.9134321212768555, \"object_type\": \"labjack_task\", \"data\": {\"write_value\": 0, \"register\": 6000, \"mode\": \"write\"}, \"data_type\": \"<type 'dict'>\"}"}
{"message": "{\"timestamp\": 4.91392707824707, \"object_type\": \"labjack_task\", \"data\": {\"write_value\": 0, \"register\": 6001, \"mode\": \"write\"}, \"data_type\": \"<type 'dict'>\"}"}
{"message": "{\"timestamp\": 4.935847043991089, \"object_type\": \"standard\", \"data\": \"{ 'running_time':1.130314, 'x':0.3850001, 'z':1.370906E-08, 'view_angle':90.00001, 'x_mouse':0, 'y_mouse':0, 'context':'None', 'outcome':'None'}\", \"data_type\": \"<type 'str'>\"}"}
{"message": "{\"timestamp\": 4.936548948287964, \"object_type\": \"labjack_task\", \"data\": {\"write_value\": 0, \"register\": 6002, \"mode\": \"write\"}, \"data_type\": \"<type 'dict'>\"}"}
{"message": "{\"timestamp\": 4.937194108963013, \"object_type\": \"labjack_task\", \"data\": {\"write_value\": 0, \"register\": 6000, \"mode\": \"write\"}, \"data_type\": \"<type 'dict'>\"}"}
{"message": "{\"timestamp\": 4.937733173370361, \"object_type\": \"labjack_task\", \"data\": {\"write_value\": 0, \"register\": 6001, \"mode\": \"write\"}, \"data_type\": \"<type 'dict'>\"}"}
{"message": "{\"timestamp\": 4.963590145111084, \"object_type\": \"standard\", \"data\": \"{ 'running_time':1.158072, 'x':0.3850001, 'z':1.370906E-08, 'view_angle':90.00001, 'x_mouse':0, 'y_mouse':0, 'context':'None', 'outcome':'None'}\", \"data_type\": \"<type 'str'>\"}"}
{"message": "{\"timestamp\": 4.964399099349976, \"object_type\": \"labjack_task\", \"data\": {\"write_value\": 0, \"register\": 6002, \"mode\": \"write\"}, \"data_type\": \"<type 'dict'>\"}"}
{"message": "{\"timestamp\": 4.964939117431641, \"object_type\": \"labjack_task\", \"data\": {\"write_value\": 0, \"register\": 6000, \"mode\": \"write\"}, \"data_type\": \"<type 'dict'>\"}"}
{"message": "{\"timestamp\": 4.965559959411621, \"object_type\": \"labjack_task\", \"data\": {\"write_value\": 0, \"register\": 6001, \"mode\": \"write\"}, \"data_type\": \"<type 'dict'>\"}"}
{"message": "{\"timestamp\": 4.991809129714966, \"object_type\": \"standard\", \"data\": \"{ 'running_time':1.18621, 'x':0.3850001, 'z':1.370906E-08, 'view_angle':90.00001, 'x_mouse':0, 'y_mouse':0, 'context':'None', 'outcome':'None'}\", \"data_type\": \"<type 'str'>\"}"}
{"message": "{\"timestamp\": 4.992561101913452, \"object_type\": \"labjack_task\", \"data\": {\"write_value\": 0, \"register\": 6002, \"mode\": \"write\"}, \"data_type\": \"<type 'dict'>\"}"}
{"message": "{\"timestamp\": 4.993375062942505, \"object_type\": \"labjack_task\", \"data\": {\"write_value\": 0, \"register\": 6000, \"mode\": \"write\"}, \"data_type\": \"<type 'dict'>\"}"}
{"message": "{\"timestamp\": 4.99393105506897, \"object_type\": \"labjack_task\", \"data\": {\"write_value\": 0, \"register\": 6001, \"mode\": \"write\"}, \"data_type\": \"<type 'dict'>\"}"}
{"message": "{\"timestamp\": 5.016041994094849, \"object_type\": \"standard\", \"data\": \"{ 'running_time':1.210513, 'x':0.3850001, 'z':1.370906E-08, 'view_angle':90.00001, 'x_mouse':0, 'y_mouse':0, 'context':'None', 'outcome':'None'}\", \"data_type\": \"<type 'str'>\"}"}
{"message": "{\"timestamp\": 5.016777992248535, \"object_type\": \"labjack_task\", \"data\": {\"write_value\": 0, \"register\": 6002, \"mode\": \"write\"}, \"data_type\": \"<type 'dict'>\"}"}
{"message": "{\"timestamp\": 5.0174400806427, \"object_type\": \"labjack_task\", \"data\": {\"write_value\": 0, \"register\": 6000, \"mode\": \"write\"}, \"data_type\": \"<type 'dict'>\"}"}
{"message": "{\"timestamp\": 5.01806116104126, \"object_type\": \"labjack_task\", \"data\": {\"write_value\": 0, \"register\": 6001, \"mode\": \"write\"}, \"data_type\": \"<type 'dict'>\"}"}
{"message": "{\"timestamp\": 5.027568101882935, \"object_type\": \"labjack_stream\", \"data\": {\"AIN0\": [-10.566663798260834, -10.566663798260834, -10.566663798260834, -10.566663798260834, -10.566663798260834, -10.566663798260834, -10.566663798260834, -10.566663798260834, -10.566348542076867, -10.5669790544448, -10.566663798260834, -10.566348542076867, -10.566663798260834, -10.566348542076867, -10.566663798260834, -10.566663798260834, -10.566348542076867, -10.566663798260834, -10.566663798260834, -10.566663798260834, -10.566663798260834, -10.566663798260834, -10.5669790544448, -10.5669790544448, -10.566663798260834, -10.566663798260834, -10.566663798260834, -10.566348542076867, -10.566348542076867, -10.5669790544448, -10.566663798260834, -10.566663798260834, -10.566348542076867, -10.566348542076867, -10.566348542076867, -10.5669790544448, -10.566663798260834, -10.5669790544448, -10.566663798260834, -10.566663798260834, -10.566663798260834, -10.566663798260834, -10.566663798260834, -10.566663798260834, -10.566663798260834, -10.566663798260834, -10.5669790544448, -10.566348542076867, -10.566663798260834, -10.566348542076867, -10.566663798260834, -10.566663798260834, -10.566348542076867, -10.566348542076867, -10.566663798260834, -10.566663798260834, -10.566663798260834, -10.566348542076867, -10.566663798260834, -10.566663798260834, -10.566663798260834, -10.566348542076867, -10.5669790544448, -10.566663798260834, -10.5669790544448, -10.566348542076867, -10.566348542076867, -10.566663798260834, -10.566663798260834, -10.566663798260834, -10.566663798260834, -10.566663798260834, -10.5669790544448, -10.5669790544448, -10.5669790544448, -10.566348542076867, -10.566663798260834, -10.566663798260834, -10.566348542076867, -10.566348542076867, -10.566663798260834, -10.5669790544448, -10.566663798260834, -10.566663798260834, -10.566663798260834, -10.5669790544448, -10.566663798260834, -10.566663798260834, -10.566663798260834, -10.5669790544448, -10.566663798260834, -10.566663798260834, -10.566663798260834, -10.566663798260834, -10.566663798260834, -10.566663798260834, -10.566663798260834, -10.566663798260834, -10.5669790544448, -10.566663798260834, -10.566348542076867, -10.566663798260834, -10.566663798260834, -10.566663798260834, -10.566663798260834, -10.5669790544448, -10.566348542076867, -10.566663798260834, -10.566663798260834, -10.566348542076867, -10.566663798260834, -10.5669790544448, -10.566663798260834, -10.566663798260834, -10.566348542076867, -10.566663798260834, -10.566663798260834, -10.566663798260834, -10.566663798260834, -10.566663798260834, -10.566663798260834, -10.5669790544448, -10.566348542076867, -10.566348542076867, -10.566663798260834, -10.566663798260834, -10.566663798260834, -10.566663798260834, -10.566663798260834, -10.566663798260834, -10.566663798260834, -10.566348542076867, -10.5669790544448, -10.566663798260834, -10.566663798260834, -10.566348542076867, -10.566663798260834, -10.566663798260834, -10.566663798260834, -10.566663798260834, -10.566663798260834, -10.5669790544448, -10.5669790544448, -10.566663798260834, -10.566663798260834, -10.566663798260834, -10.566663798260834, -10.566663798260834, -10.566348542076867, -10.566663798260834, -10.566663798260834, -10.5669790544448, -10.566663798260834, -10.566663798260834, -10.5669790544448, -10.566663798260834, -10.5669790544448, -10.566348542076867, -10.5669790544448, -10.566663798260834, -10.566663798260834, -10.566663798260834, -10.5669790544448, -10.566663798260834, -10.566348542076867, -10.566663798260834, -10.566663798260834, -10.566663798260834, -10.5669790544448, -10.566663798260834, -10.5669790544448, -10.566663798260834, -10.566663798260834, -10.566663798260834, -10.5669790544448, -10.566663798260834, -10.566663798260834, -10.566663798260834, -10.566663798260834, -10.566663798260834, -10.566348542076867, -10.566663798260834, -10.566663798260834, -10.566663798260834, -10.566663798260834, -10.566663798260834, -10.566663798260834, -10.566348542076867, -10.5669790544448, -10.566348542076867, -10.566348542076867, -10.566348542076867, -10.5669790544448, -10.566663798260834, -10.5669790544448, -10.566663798260834, -10.566663798260834, -10.566663798260834, -10.566663798260834, -10.566348542076867, -10.566663798260834, -10.566663798260834, -10.5669790544448, -10.566348542076867, -10.5669790544448, -10.566663798260834, -10.566663798260834, -10.566348542076867, -10.566663798260834, -10.566663798260834, -10.566663798260834, -10.566663798260834, -10.566348542076867, -10.566663798260834, -10.5669790544448, -10.5669790544448, -10.566663798260834, -10.566348542076867, -10.566663798260834, -10.566663798260834, -10.566348542076867, -10.566348542076867, -10.566663798260834, -10.566663798260834, -10.566663798260834, -10.5669790544448, -10.5669790544448, -10.566663798260834, -10.566663798260834, -10.566663798260834, -10.566348542076867, -10.566663798260834, -10.566663798260834, -10.566663798260834, -10.566663798260834, -10.566348542076867, -10.566663798260834, -10.566663798260834, -10.566663798260834, -10.566348542076867, -10.566663798260834, -10.5669790544448, -10.566663798260834, -10.566348542076867, -10.5669790544448, -10.566348542076867, -10.566663798260834, -10.566663798260834, -10.566663798260834, -10.566663798260834], \"AIN1\": [-10.5669790544448, -10.5669790544448, -10.5669790544448, -10.566663798260834, -10.566663798260834, -10.566348542076867, -10.5669790544448, -10.566663798260834, -10.566663798260834, -10.566663798260834, -10.566663798260834, -10.566663798260834, -10.566348542076867, -10.566663798260834, -10.5669790544448, -10.566663798260834, -10.566663798260834, -10.566663798260834, -10.5669790544448, -10.5669790544448, -10.5669790544448, -10.566663798260834, -10.5669790544448, -10.566663798260834, -10.566663798260834, -10.566663798260834, -10.5669790544448, -10.566663798260834, -10.566348542076867, -10.5669790544448, -10.566663798260834, -10.566348542076867, -10.566663798260834, -10.566663798260834, -10.5669790544448, -10.566663798260834, -10.5669790544448, -10.566663798260834, -10.566348542076867, -10.566663798260834, -10.5669790544448, -10.566663798260834, -10.566663798260834, -10.566663798260834, -10.566663798260834, -10.566663798260834, -10.5669790544448, -10.566348542076867, -10.5669790544448, -10.566348542076867, -10.566663798260834, -10.5669790544448, -10.5669790544448, -10.5669790544448, -10.5669790544448, -10.566663798260834, -10.5669790544448, -10.566348542076867, -10.566663798260834, -10.5669790544448, -10.566348542076867, -10.566348542076867, -10.566663798260834, -10.566663798260834, -10.566663798260834, -10.5669790544448, -10.566663798260834, -10.566663798260834, -10.566348542076867, -10.566348542076867, -10.566663798260834, -10.5669790544448, -10.566663798260834, -10.566663798260834, -10.5669790544448, -10.566663798260834, -10.566663798260834, -10.566663798260834, -10.566348542076867, -10.566663798260834, -10.566663798260834, -10.566663798260834, -10.566663798260834, -10.566663798260834, -10.566663798260834, -10.566663798260834, -10.5669790544448, -10.5669790544448, -10.566663798260834, -10.566348542076867, -10.566663798260834, -10.5669790544448, -10.566663798260834, -10.566348542076867, -10.566663798260834, -10.5669790544448, -10.566663798260834, -10.5669790544448, -10.566663798260834, -10.566348542076867, -10.5669790544448, -10.566663798260834, -10.566663798260834, -10.566663798260834, -10.566663798260834, -10.566663798260834, -10.566663798260834, -10.566663798260834, -10.5669790544448, -10.566348542076867, -10.5669790544448, -10.566663798260834, -10.5669790544448, -10.566663798260834, -10.566663798260834, -10.566663798260834, -10.566663798260834, -10.5669790544448, -10.5669790544448, -10.566663798260834, -10.566348542076867, -10.566663798260834, -10.566348542076867, -10.5669790544448, -10.566663798260834, -10.566663798260834, -10.566663798260834, -10.566663798260834, -10.566663798260834, -10.5669790544448, -10.5669790544448, -10.5669790544448, -10.566663798260834, -10.5669790544448, -10.566348542076867, -10.566663798260834, -10.5669790544448, -10.5669790544448, -10.566663798260834, -10.566663798260834, -10.566348542076867, -10.566663798260834, -10.566663798260834, -10.566663798260834, -10.566348542076867, -10.566663798260834, -10.566663798260834, -10.5669790544448, -10.566663798260834, -10.566663798260834, -10.566663798260834, -10.566348542076867, -10.5669790544448, -10.5669790544448, -10.5669790544448, -10.566348542076867, -10.566348542076867, -10.566663798260834, -10.5669790544448, -10.5669790544448, -10.566663798260834, -10.566663798260834, -10.566663798260834, -10.566348542076867, -10.566663798260834, -10.5669790544448, -10.566663798260834, -10.566663798260834, -10.566663798260834, -10.566663798260834, -10.566663798260834, -10.5669790544448, -10.566663798260834, -10.566348542076867, -10.566663798260834, -10.566663798260834, -10.566663798260834, -10.566663798260834, -10.566348542076867, -10.566663798260834, -10.5669790544448, -10.566663798260834, -10.5669790544448, -10.566348542076867, -10.5669790544448, -10.5669790544448, -10.566663798260834, -10.5669790544448, -10.5669790544448, -10.566348542076867, -10.566348542076867, -10.566663798260834, -10.5669790544448, -10.566663798260834, -10.5669790544448, -10.566663798260834, -10.566348542076867, -10.5669790544448, -10.566348542076867, -10.5669790544448, -10.566663798260834, -10.566663798260834, -10.566663798260834, -10.566663798260834, -10.566663798260834, -10.566663798260834, -10.5669790544448, -10.566348542076867, -10.566663798260834, -10.566663798260834, -10.566663798260834, -10.566663798260834, -10.5669790544448, -10.566663798260834, -10.566663798260834, -10.5669790544448, -10.566663798260834, -10.566663798260834, -10.5669790544448, -10.566348542076867, -10.566663798260834, -10.566663798260834, -10.566663798260834, -10.566663798260834, -10.5669790544448, -10.566348542076867, -10.566348542076867, -10.566663798260834, -10.566348542076867, -10.566348542076867, -10.566663798260834, -10.5669790544448, -10.5669790544448, -10.566663798260834, -10.566663798260834, -10.5669790544448, -10.566348542076867, -10.566663798260834, -10.566348542076867, -10.5669790544448, -10.566663798260834, -10.566348542076867, -10.566663798260834, -10.5669790544448, -10.566663798260834, -10.566348542076867, -10.566663798260834, -10.567294310628768, -10.566663798260834, -10.566663798260834], \"AIN2\": [-10.566663798260834, -10.566663798260834, -10.5669790544448, -10.5669790544448, -10.566348542076867, -10.5669790544448, -10.5669790544448, -10.5669790544448, -10.566663798260834, -10.566663798260834, -10.566663798260834, -10.566348542076867, -10.5669790544448, -10.5669790544448, -10.5669790544448, -10.566663798260834, -10.566348542076867, -10.566663798260834, -10.5669790544448, -10.566663798260834, -10.5669790544448, -10.566348542076867, -10.566663798260834, -10.566663798260834, -10.5669790544448, -10.566663798260834, -10.566663798260834, -10.566663798260834, -10.566663798260834, -10.566663798260834, -10.5669790544448, -10.5669790544448, -10.566663798260834, -10.566348542076867, -10.566663798260834, -10.566663798260834, -10.566663798260834, -10.566663798260834, -10.566348542076867, -10.566663798260834, -10.5669790544448, -10.5669790544448, -10.566663798260834, -10.566663798260834, -10.566663798260834, -10.566663798260834, -10.566663798260834, -10.566663798260834, -10.566348542076867, -10.566663798260834, -10.566663798260834, -10.566663798260834, -10.566663798260834, -10.566663798260834, -10.566663798260834, -10.566348542076867, -10.5669790544448, -10.566348542076867, -10.566663798260834, -10.566663798260834, -10.5669790544448, -10.566663798260834, -10.566663798260834, -10.566663798260834, -10.566348542076867, -10.566663798260834, -10.566663798260834, -10.566663798260834, -10.566663798260834, -10.566663798260834, -10.566348542076867, -10.5669790544448, -10.566348542076867, -10.5669790544448, -10.566663798260834, -10.566663798260834, -10.566663798260834, -10.5669790544448, -10.566348542076867, -10.566663798260834, -10.566663798260834, -10.5669790544448, -10.566663798260834, -10.566663798260834, -10.566663798260834, -10.566348542076867, -10.5669790544448, -10.566663798260834, -10.566663798260834, -10.566663798260834, -10.566348542076867, -10.566348542076867, -10.566663798260834, -10.566348542076867, -10.5669790544448, -10.566663798260834, -10.566348542076867, -10.566663798260834, -10.566663798260834, -10.566663798260834, -10.5669790544448, -10.566663798260834, -10.566663798260834, -10.5669790544448, -10.566663798260834, -10.566663798260834, -10.566348542076867, -10.566348542076867, -10.566663798260834, -10.566663798260834, -10.5669790544448, -10.5669790544448, -10.566348542076867, -10.5669790544448, -10.566663798260834, -10.566348542076867, -10.566348542076867, -10.5669790544448, -10.566663798260834, -10.566663798260834, -10.566663798260834, -10.566663798260834, -10.5669790544448, -10.5669790544448, -10.5669790544448, -10.566663798260834, -10.5669790544448, -10.5669790544448, -10.5669790544448, -10.566663798260834, -10.566663798260834, -10.5669790544448, -10.566348542076867, -10.566663798260834, -10.566663798260834, -10.566663798260834, -10.5669790544448, -10.5669790544448, -10.566663798260834, -10.566348542076867, -10.566663798260834, -10.566348542076867, -10.566663798260834, -10.566663798260834, -10.566663798260834, -10.5669790544448, -10.566348542076867, -10.566663798260834, -10.566663798260834, -10.5669790544448, -10.5669790544448, -10.566348542076867, -10.567294310628768, -10.5669790544448, -10.566663798260834, -10.566663798260834, -10.5669790544448, -10.566663798260834, -10.566663798260834, -10.566663798260834, -10.5669790544448, -10.566348542076867, -10.566663798260834, -10.566663798260834, -10.5669790544448, -10.5669790544448, -10.566663798260834, -10.566348542076867, -10.566348542076867, -10.566663798260834, -10.566663798260834, -10.5669790544448, -10.566663798260834, -10.566348542076867, -10.5669790544448, -10.5669790544448, -10.566663798260834, -10.566663798260834, -10.5669790544448, -10.5669790544448, -10.566663798260834, -10.566663798260834, -10.566663798260834, -10.5669790544448, -10.5669790544448, -10.5669790544448, -10.566348542076867, -10.566663798260834, -10.566663798260834, -10.5669790544448, -10.566348542076867, -10.566663798260834, -10.566663798260834, -10.566663798260834, -10.5669790544448, -10.566663798260834, -10.566663798260834, -10.566663798260834, -10.5669790544448, -10.566663798260834, -10.566663798260834, -10.566663798260834, -10.566663798260834, -10.566663798260834, -10.566663798260834, -10.566663798260834, -10.566348542076867, -10.566663798260834, -10.566348542076867, -10.566663798260834, -10.566663798260834, -10.566663798260834, -10.566663798260834, -10.566663798260834, -10.566663798260834, -10.566663798260834, -10.566663798260834, -10.5669790544448, -10.567294310628768, -10.566348542076867, -10.5669790544448, -10.566348542076867, -10.566663798260834, -10.566348542076867, -10.566663798260834, -10.566663798260834, -10.566348542076867, -10.566663798260834, -10.5669790544448, -10.566663798260834, -10.566348542076867, -10.566348542076867, -10.5669790544448, -10.566663798260834, -10.5669790544448, -10.566663798260834, -10.566663798260834, -10.566348542076867, -10.566663798260834, -10.566663798260834, -10.566348542076867, -10.566348542076867, -10.566663798260834, -10.5669790544448, -10.566348542076867, -10.5669790544448, -10.566663798260834, -10.5669790544448, -10.5669790544448, -10.566663798260834], \"AIN3\": [-10.5669790544448, -10.5669790544448, -10.566663798260834, -10.566663798260834, -10.5669790544448, -10.5669790544448, -10.566663798260834, -10.566663798260834, -10.566663798260834, -10.566663798260834, -10.566663798260834, -10.5669790544448, -10.5669790544448, -10.566663798260834, -10.5669790544448, -10.566663798260834, -10.5669790544448, -10.566663798260834, -10.566663798260834, -10.5669790544448, -10.566663798260834, -10.5669790544448, -10.566663798260834, -10.5669790544448, -10.566663798260834, -10.5669790544448, -10.566348542076867, -10.566663798260834, -10.566663798260834, -10.5669790544448, -10.5669790544448, -10.566348542076867, -10.566348542076867, -10.566663798260834, -10.5669790544448, -10.566663798260834, -10.5669790544448, -10.566663798260834, -10.5669790544448, -10.5669790544448, -10.566348542076867, -10.566663798260834, -10.566663798260834, -10.566663798260834, -10.566663798260834, -10.566663798260834, -10.566663798260834, -10.5669790544448, -10.5669790544448, -10.566663798260834, -10.5669790544448, -10.566663798260834, -10.5669790544448, -10.566663798260834, -10.5669790544448, -10.566348542076867, -10.566348542076867, -10.566663798260834, -10.566348542076867, -10.566663798260834, -10.566663798260834, -10.566348542076867, -10.566663798260834, -10.566663798260834, -10.5669790544448, -10.566663798260834, -10.5669790544448, -10.5669790544448, -10.566663798260834, -10.566663798260834, -10.5669790544448, -10.5669790544448, -10.5669790544448, -10.5669790544448, -10.5669790544448, -10.566663798260834, -10.5669790544448, -10.566663798260834, -10.566348542076867, -10.566663798260834, -10.566348542076867, -10.566663798260834, -10.566348542076867, -10.5669790544448, -10.566663798260834, -10.5669790544448, -10.566348542076867, -10.566663798260834, -10.566348542076867, -10.566663798260834, -10.5669790544448, -10.5669790544448, -10.5669790544448, -10.5669790544448, -10.566663798260834, -10.566663798260834, -10.5669790544448, -10.566663798260834, -10.5669790544448, -10.566348542076867, -10.566663798260834, -10.566663798260834, -10.5669790544448, -10.566663798260834, -10.566663798260834, -10.5669790544448, -10.5669790544448, -10.566663798260834, -10.5669790544448, -10.566663798260834, -10.566663798260834, -10.566348542076867, -10.566348542076867, -10.5669790544448, -10.566663798260834, -10.566663798260834, -10.5669790544448, -10.566663798260834, -10.566348542076867, -10.566663798260834, -10.5669790544448, -10.5669790544448, -10.566663798260834, -10.5669790544448, -10.566663798260834, -10.566663798260834, -10.566663798260834, -10.566663798260834, -10.566663798260834, -10.566663798260834, -10.566348542076867, -10.566663798260834, -10.566663798260834, -10.5669790544448, -10.566663798260834, -10.5669790544448, -10.566663798260834, -10.5669790544448, -10.5669790544448, -10.566663798260834, -10.566663798260834, -10.566663798260834, -10.566663798260834, -10.566663798260834, -10.566348542076867, -10.566348542076867, -10.566663798260834, -10.566663798260834, -10.5669790544448, -10.566663798260834, -10.566663798260834, -10.566663798260834, -10.566663798260834, -10.566663798260834, -10.566663798260834, -10.566663798260834, -10.566348542076867, -10.566663798260834, -10.566348542076867, -10.566663798260834, -10.5669790544448, -10.5669790544448, -10.566663798260834, -10.566663798260834, -10.5669790544448, -10.566663798260834, -10.5669790544448, -10.566348542076867, -10.566663798260834, -10.566663798260834, -10.5669790544448, -10.566663798260834, -10.566663798260834, -10.566663798260834, -10.5669790544448, -10.566663798260834, -10.5669790544448, -10.566663798260834, -10.566348542076867, -10.5669790544448, -10.5669790544448, -10.566663798260834, -10.566663798260834, -10.566348542076867, -10.566663798260834, -10.5669790544448, -10.5669790544448, -10.566663798260834, -10.5669790544448, -10.5669790544448, -10.5669790544448, -10.566663798260834, -10.5669790544448, -10.5669790544448, -10.5669790544448, -10.566663798260834, -10.5669790544448, -10.566663798260834, -10.566663798260834, -10.566663798260834, -10.566663798260834, -10.566663798260834, -10.566348542076867, -10.566348542076867, -10.5669790544448, -10.5669790544448, -10.566663798260834, -10.566663798260834, -10.566663798260834, -10.566663798260834, -10.566663798260834, -10.566663798260834, -10.566663798260834, -10.566663798260834, -10.566663798260834, -10.5669790544448, -10.5669790544448, -10.5669790544448, -10.566663798260834, -10.566663798260834, -10.566663798260834, -10.566663798260834, -10.566663798260834, -10.566663798260834, -10.566663798260834, -10.566663798260834, -10.566663798260834, -10.566663798260834, -10.5669790544448, -10.5669790544448, -10.566663798260834, -10.566663798260834, -10.5669790544448, -10.5669790544448, -10.566663798260834, -10.566663798260834, -10.566663798260834, -10.5669790544448, -10.566663798260834, -10.5669790544448, -10.566348542076867, -10.566663798260834, -10.566348542076867, -10.566663798260834, -10.566663798260834, -10.566663798260834, -10.566348542076867, -10.566663798260834, -10.566663798260834, -10.566663798260834]}, \"data_type\": \"<type 'collections.defaultdict'>\"}"}
{"message": "{\"timestamp\": 5.04367208480835, \"object_type\": \"standard\", \"data\": \"{ 'running_time':1.238112, 'x':0.3850001, 'z':1.370906E-08, 'view_angle':90.00001, 'x_mouse':0, 'y_mouse':0, 'context':'None', 'outcome':'None'}\", \"data_type\": \"<type 'str'>\"}"}
{"message": "{\"timestamp\": 5.044373035430908, \"object_type\": \"labjack_task\", \"data\": {\"write_value\": 0, \"register\": 6002, \"mode\": \"write\"}, \"data_type\": \"<type 'dict'>\"}"}
{"message": "{\"timestamp\": 5.044952154159546, \"object_type\": \"labjack_task\", \"data\": {\"write_value\": 0, \"register\": 6000, \"mode\": \"write\"}, \"data_type\": \"<type 'dict'>\"}"}
{"message": "{\"timestamp\": 5.045552968978882, \"object_type\": \"labjack_task\", \"data\": {\"write_value\": 0, \"register\": 6001, \"mode\": \"write\"}, \"data_type\": \"<type 'dict'>\"}"}
{"message": "{\"timestamp\": 5.071930170059204, \"object_type\": \"standard\", \"data\": \"{ 'running_time':1.266292, 'x':0.3850001, 'z':1.370906E-08, 'view_angle':90.00001, 'x_mouse':0, 'y_mouse':0, 'context':'None', 'outcome':'None'}\", \"data_type\": \"<type 'str'>\"}"}
{"message": "{\"timestamp\": 5.0727081298828125, \"object_type\": \"labjack_task\", \"data\": {\"write_value\": 0, \"register\": 6002, \"mode\": \"write\"}, \"data_type\": \"<type 'dict'>\"}"}
{"message": "{\"timestamp\": 5.073290109634399, \"object_type\": \"labjack_task\", \"data\": {\"write_value\": 0, \"register\": 6000, \"mode\": \"write\"}, \"data_type\": \"<type 'dict'>\"}"}
{"message": "{\"timestamp\": 5.073884963989258, \"object_type\": \"labjack_task\", \"data\": {\"write_value\": 0, \"register\": 6001, \"mode\": \"write\"}, \"data_type\": \"<type 'dict'>\"}"}
{"message": "{\"timestamp\": 5.096071004867554, \"object_type\": \"standard\", \"data\": \"{ 'running_time':1.290552, 'x':0.3850001, 'z':1.370906E-08, 'view_angle':90.00001, 'x_mouse':0, 'y_mouse':0, 'context':'None', 'outcome':'None'}\", \"data_type\": \"<type 'str'>\"}"}
{"message": "{\"timestamp\": 5.096760988235474, \"object_type\": \"labjack_task\", \"data\": {\"write_value\": 0, \"register\": 6002, \"mode\": \"write\"}, \"data_type\": \"<type 'dict'>\"}"}
{"message": "{\"timestamp\": 5.097434043884277, \"object_type\": \"labjack_task\", \"data\": {\"write_value\": 0, \"register\": 6000, \"mode\": \"write\"}, \"data_type\": \"<type 'dict'>\"}"}
{"message": "{\"timestamp\": 5.0981221199035645, \"object_type\": \"labjack_task\", \"data\": {\"write_value\": 0, \"register\": 6001, \"mode\": \"write\"}, \"data_type\": \"<type 'dict'>\"}"}
{"message": "{\"timestamp\": 5.123816967010498, \"object_type\": \"standard\", \"data\": \"{ 'running_time':1.318247, 'x':0.3850001, 'z':1.370906E-08, 'view_angle':90.00001, 'x_mouse':0, 'y_mouse':0, 'context':'None', 'outcome':'None'}\", \"data_type\": \"<type 'str'>\"}"}
{"message": "{\"timestamp\": 5.124552965164185, \"object_type\": \"labjack_task\", \"data\": {\"write_value\": 0, \"register\": 6002, \"mode\": \"write\"}, \"data_type\": \"<type 'dict'>\"}"}
{"message": "{\"timestamp\": 5.125175952911377, \"object_type\": \"labjack_task\", \"data\": {\"write_value\": 0, \"register\": 6000, \"mode\": \"write\"}, \"data_type\": \"<type 'dict'>\"}"}
{"message": "{\"timestamp\": 5.125691175460815, \"object_type\": \"labjack_task\", \"data\": {\"write_value\": 0, \"register\": 6001, \"mode\": \"write\"}, \"data_type\": \"<type 'dict'>\"}"}
{"message": "{\"timestamp\": 5.151821136474609, \"object_type\": \"standard\", \"data\": \"{ 'running_time':1.346223, 'x':0.3850001, 'z':1.370906E-08, 'view_angle':90.00001, 'x_mouse':0, 'y_mouse':0, 'context':'None', 'outcome':'None'}\", \"data_type\": \"<type 'str'>\"}"}
{"message": "{\"timestamp\": 5.152666091918945, \"object_type\": \"labjack_task\", \"data\": {\"write_value\": 0, \"register\": 6002, \"mode\": \"write\"}, \"data_type\": \"<type 'dict'>\"}"}
{"message": "{\"timestamp\": 5.153287172317505, \"object_type\": \"labjack_task\", \"data\": {\"write_value\": 0, \"register\": 6000, \"mode\": \"write\"}, \"data_type\": \"<type 'dict'>\"}"}
{"message": "{\"timestamp\": 5.153773069381714, \"object_type\": \"labjack_task\", \"data\": {\"write_value\": 0, \"register\": 6001, \"mode\": \"write\"}, \"data_type\": \"<type 'dict'>\"}"}
{"message": "{\"timestamp\": 5.1797990798950195, \"object_type\": \"standard\", \"data\": \"{ 'running_time':1.374294, 'x':0.3850001, 'z':1.370906E-08, 'view_angle':90.00001, 'x_mouse':0, 'y_mouse':0, 'context':'None', 'outcome':'None'}\", \"data_type\": \"<type 'str'>\"}"}
{"message": "{\"timestamp\": 5.180580139160156, \"object_type\": \"labjack_task\", \"data\": {\"write_value\": 0, \"register\": 6002, \"mode\": \"write\"}, \"data_type\": \"<type 'dict'>\"}"}
{"message": "{\"timestamp\": 5.1811699867248535, \"object_type\": \"labjack_task\", \"data\": {\"write_value\": 0, \"register\": 6000, \"mode\": \"write\"}, \"data_type\": \"<type 'dict'>\"}"}
{"message": "{\"timestamp\": 5.18176007270813, \"object_type\": \"labjack_task\", \"data\": {\"write_value\": 0, \"register\": 6001, \"mode\": \"write\"}, \"data_type\": \"<type 'dict'>\"}"}
{"message": "{\"timestamp\": 5.203487157821655, \"object_type\": \"standard\", \"data\": \"{ 'running_time':1.397946, 'x':0.3850001, 'z':1.370906E-08, 'view_angle':90.00001, 'x_mouse':0, 'y_mouse':0, 'context':'None', 'outcome':'None'}\", \"data_type\": \"<type 'str'>\"}"}
{"message": "{\"timestamp\": 5.204329967498779, \"object_type\": \"labjack_task\", \"data\": {\"write_value\": 0, \"register\": 6002, \"mode\": \"write\"}, \"data_type\": \"<type 'dict'>\"}"}
{"message": "{\"timestamp\": 5.204800128936768, \"object_type\": \"labjack_task\", \"data\": {\"write_value\": 0, \"register\": 6000, \"mode\": \"write\"}, \"data_type\": \"<type 'dict'>\"}"}
{"message": "{\"timestamp\": 5.205417156219482, \"object_type\": \"labjack_task\", \"data\": {\"write_value\": 0, \"register\": 6001, \"mode\": \"write\"}, \"data_type\": \"<type 'dict'>\"}"}
{"message": "{\"timestamp\": 5.231667995452881, \"object_type\": \"standard\", \"data\": \"{ 'running_time':1.425933, 'x':0.3850001, 'z':1.370906E-08, 'view_angle':90.00001, 'x_mouse':0, 'y_mouse':0, 'context':'None', 'outcome':'None'}\", \"data_type\": \"<type 'str'>\"}"}
{"message": "{\"timestamp\": 5.232417106628418, \"object_type\": \"labjack_task\", \"data\": {\"write_value\": 0, \"register\": 6002, \"mode\": \"write\"}, \"data_type\": \"<type 'dict'>\"}"}
{"message": "{\"timestamp\": 5.233052015304565, \"object_type\": \"labjack_task\", \"data\": {\"write_value\": 0, \"register\": 6000, \"mode\": \"write\"}, \"data_type\": \"<type 'dict'>\"}"}
{"message": "{\"timestamp\": 5.233535051345825, \"object_type\": \"labjack_task\", \"data\": {\"write_value\": 0, \"register\": 6001, \"mode\": \"write\"}, \"data_type\": \"<type 'dict'>\"}"}
{"message": "{\"timestamp\": 5.252021074295044, \"object_type\": \"labjack_stream\", \"data\": {\"AIN0\": [-10.566348542076867, -10.566663798260834, -10.566348542076867, -10.566663798260834, -10.566663798260834, -10.566348542076867, -10.566663798260834, -10.566663798260834, -10.5669790544448, -10.566348542076867, -10.566348542076867, -10.566348542076867, -10.566663798260834, -10.566348542076867, -10.566663798260834, -10.566348542076867, -10.566348542076867, -10.566663798260834, -10.566663798260834, -10.566663798260834, -10.5669790544448, -10.566348542076867, -10.566348542076867, -10.566663798260834, -10.566663798260834, -10.566663798260834, -10.566663798260834, -10.566663798260834, -10.5669790544448, -10.566663798260834, -10.566663798260834, -10.566663798260834, -10.5669790544448, -10.566348542076867, -10.5669790544448, -10.566663798260834, -10.5669790544448, -10.566663798260834, -10.566663798260834, -10.566663798260834, -10.566663798260834, -10.5669790544448, -10.566663798260834, -10.566663798260834, -10.566663798260834, -10.566663798260834, -10.566663798260834, -10.5669790544448, -10.5669790544448, -10.566348542076867, -10.566663798260834, -10.566663798260834, -10.566663798260834, -10.566348542076867, -10.566663798260834, -10.566663798260834, -10.566663798260834, -10.566663798260834, -10.566348542076867, -10.566663798260834, -10.566348542076867, -10.566348542076867, -10.566663798260834, -10.566663798260834, -10.566348542076867, -10.566663798260834, -10.566663798260834, -10.5669790544448, -10.5669790544448, -10.566348542076867, -10.566663798260834, -10.566663798260834, -10.566348542076867, -10.5669790544448, -10.566663798260834, -10.566663798260834, -10.566663798260834, -10.566663798260834, -10.566663798260834, -10.566663798260834, -10.566663798260834, -10.566663798260834, -10.566663798260834, -10.566663798260834, -10.566663798260834, -10.566663798260834, -10.566663798260834, -10.566663798260834, -10.566663798260834, -10.566663798260834, -10.566348542076867, -10.566348542076867, -10.566348542076867, -10.5669790544448, -10.566663798260834, -10.566663798260834, -10.566663798260834, -10.566663798260834, -10.566348542076867, -10.566348542076867, -10.566663798260834, -10.566663798260834, -10.566663798260834, -10.566348542076867, -10.566663798260834, -10.5669790544448, -10.566348542076867, -10.566348542076867, -10.566663798260834, -10.566663798260834, -10.566663798260834, -10.566348542076867, -10.566663798260834, -10.566663798260834, -10.566663798260834, -10.566663798260834, -10.5669790544448, -10.566348542076867, -10.566663798260834, -10.566348542076867, -10.566348542076867, -10.5669790544448, -10.566663798260834, -10.566663798260834, -10.566663798260834, -10.566348542076867, -10.5669790544448, -10.566663798260834, -10.566663798260834, -10.566348542076867, -10.566663798260834, -10.566348542076867, -10.5669790544448, -10.566663798260834, -10.5669790544448, -10.5669790544448, -10.566663798260834, -10.566663798260834, -10.566348542076867, -10.5669790544448, -10.566663798260834, -10.566663798260834, -10.566663798260834, -10.5669790544448, -10.566663798260834, -10.566663798260834, -10.566663798260834, -10.566663798260834, -10.5669790544448, -10.566663798260834, -10.5669790544448, -10.566663798260834, -10.5669790544448, -10.566663798260834, -10.5669790544448, -10.566663798260834, -10.5669790544448, -10.566663798260834, -10.566663798260834, -10.566663798260834, -10.566348542076867, -10.5669790544448, -10.5669790544448, -10.566663798260834, -10.566348542076867, -10.566663798260834, -10.566348542076867, -10.566663798260834, -10.566663798260834, -10.566663798260834, -10.566663798260834, -10.566663798260834, -10.566663798260834, -10.566663798260834, -10.5669790544448, -10.566663798260834, -10.5669790544448, -10.566663798260834, -10.566663798260834, -10.566348542076867, -10.5669790544448, -10.566663798260834, -10.566663798260834, -10.5669790544448, -10.566663798260834, -10.566663798260834, -10.566348542076867, -10.566663798260834, -10.5669790544448, -10.566348542076867, -10.5669790544448, -10.566663798260834, -10.566663798260834, -10.566348542076867, -10.566663798260834, -10.566663798260834, -10.566663798260834, -10.566663798260834, -10.566663798260834, -10.566663798260834, -10.566663798260834, -10.566663798260834, -10.566663798260834, -10.566663798260834, -10.566348542076867, -10.5669790544448, -10.566663798260834, -10.566663798260834, -10.5669790544448, -10.566663798260834, -10.566663798260834, -10.5669790544448, -10.566663798260834, -10.5669790544448, -10.566663798260834, -10.566663798260834, -10.566348542076867, -10.566348542076867, -10.566663798260834, -10.566663798260834, -10.566663798260834, -10.566663798260834, -10.567294310628768, -10.566663798260834, -10.566348542076867, -10.5669790544448, -10.566348542076867, -10.566663798260834, -10.566663798260834, -10.566348542076867, -10.566348542076867, -10.566663798260834, -10.566663798260834, -10.566663798260834, -10.566663798260834, -10.566663798260834, -10.566663798260834, -10.566348542076867, -10.5669790544448, -10.5669790544448, -10.5669790544448, -10.566348542076867, -10.566663798260834, -10.566663798260834, -10.566663798260834, -10.566348542076867, -10.566663798260834, -10.566663798260834, -10.566663798260834, -10.566663798260834], \"AIN1\": [-10.5669790544448, -10.5669790544448, -10.566663798260834, -10.566663798260834, -10.566663798260834, -10.566663798260834, -10.566663798260834, -10.566663798260834, -10.5669790544448, -10.566663798260834, -10.566663798260834, -10.5669790544448, -10.566663798260834, -10.566663798260834, -10.566663798260834, -10.566663798260834, -10.566663798260834, -10.566348542076867, -10.5669790544448, -10.566663798260834, -10.5669790544448, -10.566663798260834, -10.566663798260834, -10.566663798260834, -10.5669790544448, -10.566663798260834, -10.5669790544448, -10.566663798260834, -10.566663798260834, -10.566663798260834, -10.5669790544448, -10.566663798260834, -10.566348542076867, -10.566663798260834, -10.566663798260834, -10.566663798260834, -10.566663798260834, -10.566663798260834, -10.566663798260834, -10.566663798260834, -10.5669790544448, -10.5669790544448, -10.566663798260834, -10.5669790544448, -10.566663798260834, -10.566663798260834, -10.566663798260834, -10.566348542076867, -10.566348542076867, -10.566663798260834, -10.566663798260834, -10.566663798260834, -10.566663798260834, -10.5669790544448, -10.566663798260834, -10.5669790544448, -10.566663798260834, -10.5669790544448, -10.5669790544448, -10.5669790544448, -10.566663798260834, -10.566663798260834, -10.566663798260834, -10.566663798260834, -10.566663798260834, -10.5669790544448, -10.5669790544448, -10.566663798260834, -10.5669790544448, -10.566348542076867, -10.566663798260834, -10.566663798260834, -10.566663798260834, -10.566663798260834, -10.566348542076867, -10.5669790544448, -10.566348542076867, -10.5669790544448, -10.566348542076867, -10.566348542076867, -10.566663798260834, -10.5669790544448, -10.566663798260834, -10.5669790544448, -10.566348542076867, -10.566663798260834, -10.566663798260834, -10.566663798260834, -10.5669790544448, -10.566663798260834, -10.566348542076867, -10.566348542076867, -10.566348542076867, -10.566663798260834, -10.5669790544448, -10.5669790544448, -10.566663798260834, -10.566663798260834, -10.566663798260834, -10.566663798260834, -10.566663798260834, -10.5669790544448, -10.5669790544448, -10.5669790544448, -10.566663798260834, -10.566663798260834, -10.566663798260834, -10.5669790544448, -10.5669790544448, -10.566663798260834, -10.566348542076867, -10.566663798260834, -10.566663798260834, -10.5669790544448, -10.566663798260834, -10.5669790544448, -10.566663798260834, -10.5669790544448, -10.566348542076867, -10.566663798260834, -10.566663798260834, -10.566348542076867, -10.566348542076867, -10.566348542076867, -10.5669790544448, -10.566663798260834, -10.566348542076867, -10.5669790544448, -10.566663798260834, -10.5669790544448, -10.5669790544448, -10.566348542076867, -10.566663798260834, -10.566663798260834, -10.5669790544448, -10.5669790544448, -10.5669790544448, -10.566663798260834, -10.566663798260834, -10.566348542076867, -10.566663798260834, -10.5669790544448, -10.566348542076867, -10.566663798260834, -10.5669790544448, -10.5669790544448, -10.566663798260834, -10.566663798260834, -10.566663798260834, -10.566663798260834, -10.566663798260834, -10.5669790544448, -10.566663798260834, -10.5669790544448, -10.566663798260834, -10.566348542076867, -10.566663798260834, -10.5669790544448, -10.5669790544448, -10.566663798260834, -10.5669790544448, -10.566663798260834, -10.566663798260834, -10.566348542076867, -10.566663798260834, -10.566663798260834, -10.566663798260834, -10.566663798260834, -10.566663798260834, -10.566663798260834, -10.566663798260834, -10.566663798260834, -10.5669790544448, -10.5669790544448, -10.566663798260834, -10.566663798260834, -10.5669790544448, -10.566663798260834, -10.566348542076867, -10.566663798260834, -10.5669790544448, -10.566663798260834, -10.5669790544448, -10.566663798260834, -10.566663798260834, -10.5669790544448, -10.566348542076867, -10.566348542076867, -10.566663798260834, -10.566663798260834, -10.566663798260834, -10.566663798260834, -10.566663798260834, -10.566663798260834, -10.566663798260834, -10.566663798260834, -10.566663798260834, -10.566348542076867, -10.5669790544448, -10.566663798260834, -10.566663798260834, -10.566348542076867, -10.566663798260834, -10.566348542076867, -10.566663798260834, -10.5669790544448, -10.566663798260834, -10.5669790544448, -10.566663798260834, -10.566663798260834, -10.566663798260834, -10.566663798260834, -10.566663798260834, -10.566663798260834, -10.566663798260834, -10.566348542076867, -10.5669790544448, -10.566348542076867, -10.566348542076867, -10.566663798260834, -10.566348542076867, -10.566348542076867, -10.566663798260834, -10.566663798260834, -10.566663798260834, -10.566663798260834, -10.5669790544448, -10.566663798260834, -10.566663798260834, -10.566663798260834, -10.5669790544448, -10.566663798260834, -10.5669790544448, -10.5669790544448, -10.5669790544448, -10.566663798260834, -10.5669790544448, -10.566663798260834, -10.566663798260834, -10.566663798260834, -10.5669790544448, -10.566663798260834, -10.566663798260834, -10.566663798260834, -10.566663798260834, -10.566663798260834, -10.566663798260834, -10.566348542076867, -10.566663798260834, -10.566663798260834], \"AIN2\": [-10.566663798260834, -10.5669790544448, -10.566663798260834, -10.566348542076867, -10.566663798260834, -10.566663798260834, -10.566663798260834, -10.566663798260834, -10.566663798260834, -10.566663798260834, -10.5669790544448, -10.5669790544448, -10.566663798260834, -10.566663798260834, -10.566348542076867, -10.566663798260834, -10.5669790544448, -10.566348542076867, -10.566663798260834, -10.566348542076867, -10.5669790544448, -10.566663798260834, -10.566663798260834, -10.5669790544448, -10.566348542076867, -10.566663798260834, -10.5669790544448, -10.566663798260834, -10.5669790544448, -10.5669790544448, -10.566663798260834, -10.5669790544448, -10.5669790544448, -10.5669790544448, -10.566663798260834, -10.5669790544448, -10.566663798260834, -10.566663798260834, -10.566663798260834, -10.566348542076867, -10.566663798260834, -10.566663798260834, -10.566663798260834, -10.566663798260834, -10.566348542076867, -10.566663798260834, -10.566663798260834, -10.566663798260834, -10.566663798260834, -10.566663798260834, -10.566663798260834, -10.5669790544448, -10.5669790544448, -10.566663798260834, -10.566348542076867, -10.566663798260834, -10.566663798260834, -10.566663798260834, -10.5669790544448, -10.566663798260834, -10.566663798260834, -10.5669790544448, -10.566348542076867, -10.566663798260834, -10.566663798260834, -10.566663798260834, -10.566348542076867, -10.566663798260834, -10.566663798260834, -10.566348542076867, -10.566348542076867, -10.5669790544448, -10.566663798260834, -10.566663798260834, -10.5669790544448, -10.566663798260834, -10.5669790544448, -10.5669790544448, -10.566663798260834, -10.566663798260834, -10.566663798260834, -10.566663798260834, -10.566663798260834, -10.566663798260834, -10.566348542076867, -10.566663798260834, -10.566663798260834, -10.566663798260834, -10.5669790544448, -10.566348542076867, -10.566663798260834, -10.566663798260834, -10.566663798260834, -10.566663798260834, -10.566663798260834, -10.566348542076867, -10.566348542076867, -10.566663798260834, -10.5669790544448, -10.566663798260834, -10.566663798260834, -10.5669790544448, -10.566663798260834, -10.566348542076867, -10.5669790544448, -10.5669790544448, -10.566663798260834, -10.566663798260834, -10.5669790544448, -10.566663798260834, -10.566663798260834, -10.566663798260834, -10.566663798260834, -10.566663798260834, -10.566348542076867, -10.5669790544448, -10.5669790544448, -10.5669790544448, -10.5669790544448, -10.566663798260834, -10.566663798260834, -10.5669790544448, -10.566663798260834, -10.5669790544448, -10.566348542076867, -10.5669790544448, -10.566663798260834, -10.566663798260834, -10.5669790544448, -10.566348542076867, -10.566348542076867, -10.566663798260834, -10.5669790544448, -10.566348542076867, -10.566663798260834, -10.566348542076867, -10.566663798260834, -10.5669790544448, -10.566348542076867, -10.5669790544448, -10.566663798260834, -10.566663798260834, -10.566663798260834, -10.5669790544448, -10.566348542076867, -10.566663798260834, -10.566663798260834, -10.566348542076867, -10.5669790544448, -10.566663798260834, -10.5669790544448, -10.566663798260834, -10.566663798260834, -10.5669790544448, -10.566663798260834, -10.5669790544448, -10.5669790544448, -10.5669790544448, -10.566663798260834, -10.5669790544448, -10.566663798260834, -10.5669790544448, -10.566663798260834, -10.566348542076867, -10.566663798260834, -10.5669790544448, -10.566663798260834, -10.566348542076867, -10.566348542076867, -10.5669790544448, -10.5669790544448, -10.566663798260834, -10.566348542076867, -10.566663798260834, -10.566663798260834, -10.566663798260834, -10.5669790544448, -10.566663798260834, -10.566663798260834, -10.566663798260834, -10.566663798260834, -10.566348542076867, -10.566663798260834, -10.566348542076867, -10.566663798260834, -10.5669790544448, -10.566663798260834, -10.5669790544448, -10.566663798260834, -10.5669790544448, -10.566348542076867, -10.5669790544448, -10.5669790544448, -10.566663798260834, -10.566348542076867, -10.566348542076867, -10.566663798260834, -10.566663798260834, -10.5669790544448, -10.566663798260834, -10.566663798260834, -10.566348542076867, -10.5669790544448, -10.566663798260834, -10.566663798260834, -10.566663798260834, -10.566663798260834, -10.566663798260834, -10.566348542076867, -10.566663798260834, -10.566663798260834, -10.566663798260834, -10.5669790544448, -10.5669790544448, -10.566663798260834, -10.566348542076867, -10.5669790544448, -10.566663798260834, -10.566663798260834, -10.5669790544448, -10.566663798260834, -10.5669790544448, -10.566663798260834, -10.566663798260834, -10.566348542076867, -10.5669790544448, -10.5669790544448, -10.566663798260834, -10.566663798260834, -10.5669790544448, -10.566663798260834, -10.5669790544448, -10.566663798260834, -10.566663798260834, -10.566663798260834, -10.566663798260834, -10.566663798260834, -10.5669790544448, -10.5669790544448, -10.566663798260834, -10.566663798260834, -10.566663798260834, -10.566348542076867, -10.566663798260834, -10.566663798260834, -10.566663798260834, -10.566348542076867, -10.566663798260834, -10.566663798260834, -10.5669790544448], \"AIN3\": [-10.566348542076867, -10.566663798260834, -10.5669790544448, -10.566663798260834, -10.566663798260834, -10.566663798260834, -10.566663798260834, -10.5669790544448, -10.5669790544448, -10.566348542076867, -10.5669790544448, -10.566663798260834, -10.566663798260834, -10.5669790544448, -10.5669790544448, -10.566663798260834, -10.566663798260834, -10.566663798260834, -10.566663798260834, -10.566663798260834, -10.566663798260834, -10.5669790544448, -10.5669790544448, -10.566348542076867, -10.566663798260834, -10.566663798260834, -10.5669790544448, -10.566663798260834, -10.566348542076867, -10.5669790544448, -10.566663798260834, -10.566663798260834, -10.5669790544448, -10.566663798260834, -10.5669790544448, -10.566663798260834, -10.566663798260834, -10.566663798260834, -10.566348542076867, -10.566348542076867, -10.5669790544448, -10.566663798260834, -10.566348542076867, -10.566663798260834, -10.5669790544448, -10.566663798260834, -10.566663798260834, -10.566663798260834, -10.5669790544448, -10.566663798260834, -10.566663798260834, -10.566663798260834, -10.566663798260834, -10.566663798260834, -10.5669790544448, -10.5669790544448, -10.566663798260834, -10.566348542076867, -10.566348542076867, -10.5669790544448, -10.566348542076867, -10.5669790544448, -10.5669790544448, -10.5669790544448, -10.566348542076867, -10.5669790544448, -10.5669790544448, -10.566348542076867, -10.566663798260834, -10.566663798260834, -10.566348542076867, -10.566663798260834, -10.566663798260834, -10.566663798260834, -10.566663798260834, -10.566663798260834, -10.566663798260834, -10.566663798260834, -10.566663798260834, -10.5669790544448, -10.566348542076867, -10.566663798260834, -10.566348542076867, -10.566663798260834, -10.566663798260834, -10.566348542076867, -10.5669790544448, -10.566663798260834, -10.5669790544448, -10.566663798260834, -10.566663798260834, -10.5669790544448, -10.566663798260834, -10.566348542076867, -10.566348542076867, -10.566663798260834, -10.566663798260834, -10.5669790544448, -10.566663798260834, -10.5669790544448, -10.566663798260834, -10.566663798260834, -10.566663798260834, -10.5669790544448, -10.5669790544448, -10.566663798260834, -10.566663798260834, -10.566663798260834, -10.566348542076867, -10.5669790544448, -10.5669790544448, -10.566348542076867, -10.566663798260834, -10.566663798260834, -10.566663798260834, -10.566663798260834, -10.566663798260834, -10.5669790544448, -10.566663798260834, -10.566663798260834, -10.5669790544448, -10.566348542076867, -10.5669790544448, -10.566348542076867, -10.566663798260834, -10.5669790544448, -10.5669790544448, -10.566663798260834, -10.566663798260834, -10.566348542076867, -10.566663798260834, -10.566663798260834, -10.566663798260834, -10.5669790544448, -10.5669790544448, -10.566663798260834, -10.566663798260834, -10.566348542076867, -10.5669790544448, -10.566348542076867, -10.566348542076867, -10.566663798260834, -10.566663798260834, -10.566663798260834, -10.566663798260834, -10.566348542076867, -10.566348542076867, -10.566663798260834, -10.5669790544448, -10.566663798260834, -10.566663798260834, -10.566663798260834, -10.5669790544448, -10.5669790544448, -10.566663798260834, -10.566663798260834, -10.566663798260834, -10.566663798260834, -10.566663798260834, -10.566348542076867, -10.566348542076867, -10.566663798260834, -10.566663798260834, -10.566663798260834, -10.566663798260834, -10.566663798260834, -10.5669790544448, -10.566663798260834, -10.566663798260834, -10.5669790544448, -10.566663798260834, -10.566348542076867, -10.566663798260834, -10.5669790544448, -10.566348542076867, -10.566663798260834, -10.5669790544448, -10.566663798260834, -10.5669790544448, -10.566663798260834, -10.566663798260834, -10.566663798260834, -10.566663798260834, -10.5669790544448, -10.566663798260834, -10.566348542076867, -10.566663798260834, -10.5669790544448, -10.566663798260834, -10.566663798260834, -10.5669790544448, -10.566663798260834, -10.5669790544448, -10.5669790544448, -10.5669790544448, -10.566663798260834, -10.566348542076867, -10.566663798260834, -10.566663798260834, -10.5669790544448, -10.5669790544448, -10.566663798260834, -10.5669790544448, -10.566348542076867, -10.566663798260834, -10.566663798260834, -10.5669790544448, -10.566663798260834, -10.5669790544448, -10.5669790544448, -10.566663798260834, -10.5669790544448, -10.566663798260834, -10.5669790544448, -10.566663798260834, -10.566348542076867, -10.5669790544448, -10.566663798260834, -10.566663798260834, -10.5669790544448, -10.566663798260834, -10.566663798260834, -10.5669790544448, -10.566663798260834, -10.5669790544448, -10.566663798260834, -10.566663798260834, -10.566663798260834, -10.566663798260834, -10.5669790544448, -10.566663798260834, -10.5669790544448, -10.566663798260834, -10.5669790544448, -10.566348542076867, -10.566663798260834, -10.5669790544448, -10.566663798260834, -10.566663798260834, -10.566663798260834, -10.566663798260834, -10.566663798260834, -10.566663798260834, -10.5669790544448, -10.566348542076867, -10.5669790544448, -10.5669790544448, -10.566663798260834, -10.566348542076867, -10.566663798260834]}, \"data_type\": \"<type 'collections.defaultdict'>\"}"}
{"message": "{\"timestamp\": 5.259958028793335, \"object_type\": \"standard\", \"data\": \"{ 'running_time':1.4544, 'x':0.3850001, 'z':1.370906E-08, 'view_angle':90.00001, 'x_mouse':0, 'y_mouse':0, 'context':'None', 'outcome':'None'}\", \"data_type\": \"<type 'str'>\"}"}
{"message": "{\"timestamp\": 5.260823965072632, \"object_type\": \"labjack_task\", \"data\": {\"write_value\": 0, \"register\": 6002, \"mode\": \"write\"}, \"data_type\": \"<type 'dict'>\"}"}
{"message": "{\"timestamp\": 5.261420011520386, \"object_type\": \"labjack_task\", \"data\": {\"write_value\": 0, \"register\": 6000, \"mode\": \"write\"}, \"data_type\": \"<type 'dict'>\"}"}
{"message": "{\"timestamp\": 5.262071132659912, \"object_type\": \"labjack_task\", \"data\": {\"write_value\": 0, \"register\": 6001, \"mode\": \"write\"}, \"data_type\": \"<type 'dict'>\"}"}
{"message": "{\"timestamp\": 5.283611059188843, \"object_type\": \"standard\", \"data\": \"{ 'running_time':1.478052, 'x':0.3850001, 'z':1.370906E-08, 'view_angle':90.00001, 'x_mouse':0, 'y_mouse':0, 'context':'None', 'outcome':'None'}\", \"data_type\": \"<type 'str'>\"}"}
{"message": "{\"timestamp\": 5.284379005432129, \"object_type\": \"labjack_task\", \"data\": {\"write_value\": 0, \"register\": 6002, \"mode\": \"write\"}, \"data_type\": \"<type 'dict'>\"}"}
{"message": "{\"timestamp\": 5.2847371101379395, \"object_type\": \"labjack_task\", \"data\": {\"write_value\": 0, \"register\": 6000, \"mode\": \"write\"}, \"data_type\": \"<type 'dict'>\"}"}
{"message": "{\"timestamp\": 5.285292148590088, \"object_type\": \"labjack_task\", \"data\": {\"write_value\": 0, \"register\": 6001, \"mode\": \"write\"}, \"data_type\": \"<type 'dict'>\"}"}
{"message": "{\"timestamp\": 5.311767101287842, \"object_type\": \"standard\", \"data\": \"{ 'running_time':1.506092, 'x':0.3850001, 'z':1.370906E-08, 'view_angle':90.00001, 'x_mouse':0, 'y_mouse':0, 'context':'None', 'outcome':'None'}\", \"data_type\": \"<type 'str'>\"}"}
{"message": "{\"timestamp\": 5.312499046325684, \"object_type\": \"labjack_task\", \"data\": {\"write_value\": 0, \"register\": 6002, \"mode\": \"write\"}, \"data_type\": \"<type 'dict'>\"}"}
{"message": "{\"timestamp\": 5.313059091567993, \"object_type\": \"labjack_task\", \"data\": {\"write_value\": 0, \"register\": 6000, \"mode\": \"write\"}, \"data_type\": \"<type 'dict'>\"}"}
{"message": "{\"timestamp\": 5.313688039779663, \"object_type\": \"labjack_task\", \"data\": {\"write_value\": 0, \"register\": 6001, \"mode\": \"write\"}, \"data_type\": \"<type 'dict'>\"}"}
{"message": "{\"timestamp\": 5.339951992034912, \"object_type\": \"standard\", \"data\": \"{ 'running_time':1.534417, 'x':0.3850001, 'z':1.370906E-08, 'view_angle':90.00001, 'x_mouse':0, 'y_mouse':0, 'context':'None', 'outcome':'None'}\", \"data_type\": \"<type 'str'>\"}"}
{"message": "{\"timestamp\": 5.340636968612671, \"object_type\": \"labjack_task\", \"data\": {\"write_value\": 0, \"register\": 6002, \"mode\": \"write\"}, \"data_type\": \"<type 'dict'>\"}"}
{"message": "{\"timestamp\": 5.341169118881226, \"object_type\": \"labjack_task\", \"data\": {\"write_value\": 0, \"register\": 6000, \"mode\": \"write\"}, \"data_type\": \"<type 'dict'>\"}"}
{"message": "{\"timestamp\": 5.341719150543213, \"object_type\": \"labjack_task\", \"data\": {\"write_value\": 0, \"register\": 6001, \"mode\": \"write\"}, \"data_type\": \"<type 'dict'>\"}"}
{"message": "{\"timestamp\": 5.363778114318848, \"object_type\": \"standard\", \"data\": \"{ 'running_time':1.558269, 'x':0.3850001, 'z':1.370906E-08, 'view_angle':90.00001, 'x_mouse':0, 'y_mouse':0, 'context':'None', 'outcome':'None'}\", \"data_type\": \"<type 'str'>\"}"}
{"message": "{\"timestamp\": 5.3645429611206055, \"object_type\": \"labjack_task\", \"data\": {\"write_value\": 0, \"register\": 6002, \"mode\": \"write\"}, \"data_type\": \"<type 'dict'>\"}"}
{"message": "{\"timestamp\": 5.365174055099487, \"object_type\": \"labjack_task\", \"data\": {\"write_value\": 0, \"register\": 6000, \"mode\": \"write\"}, \"data_type\": \"<type 'dict'>\"}"}
{"message": "{\"timestamp\": 5.365793943405151, \"object_type\": \"labjack_task\", \"data\": {\"write_value\": 0, \"register\": 6001, \"mode\": \"write\"}, \"data_type\": \"<type 'dict'>\"}"}
{"message": "{\"timestamp\": 5.391841173171997, \"object_type\": \"standard\", \"data\": \"{ 'running_time':1.586197, 'x':0.3850001, 'z':1.370906E-08, 'view_angle':90.00001, 'x_mouse':0, 'y_mouse':0, 'context':'None', 'outcome':'None'}\", \"data_type\": \"<type 'str'>\"}"}
{"message": "{\"timestamp\": 5.392697095870972, \"object_type\": \"labjack_task\", \"data\": {\"write_value\": 0, \"register\": 6002, \"mode\": \"write\"}, \"data_type\": \"<type 'dict'>\"}"}
{"message": "{\"timestamp\": 5.393340110778809, \"object_type\": \"labjack_task\", \"data\": {\"write_value\": 0, \"register\": 6000, \"mode\": \"write\"}, \"data_type\": \"<type 'dict'>\"}"}
{"message": "{\"timestamp\": 5.393962144851685, \"object_type\": \"labjack_task\", \"data\": {\"write_value\": 0, \"register\": 6001, \"mode\": \"write\"}, \"data_type\": \"<type 'dict'>\"}"}
{"message": "{\"timestamp\": 5.4197609424591064, \"object_type\": \"standard\", \"data\": \"{ 'running_time':1.614168, 'x':0.3850001, 'z':1.370906E-08, 'view_angle':90.00001, 'x_mouse':0, 'y_mouse':0, 'context':'None', 'outcome':'None'}\", \"data_type\": \"<type 'str'>\"}"}
{"message": "{\"timestamp\": 5.420546054840088, \"object_type\": \"labjack_task\", \"data\": {\"write_value\": 0, \"register\": 6002, \"mode\": \"write\"}, \"data_type\": \"<type 'dict'>\"}"}
{"message": "{\"timestamp\": 5.421189069747925, \"object_type\": \"labjack_task\", \"data\": {\"write_value\": 0, \"register\": 6000, \"mode\": \"write\"}, \"data_type\": \"<type 'dict'>\"}"}
{"message": "{\"timestamp\": 5.421617031097412, \"object_type\": \"labjack_task\", \"data\": {\"write_value\": 0, \"register\": 6001, \"mode\": \"write\"}, \"data_type\": \"<type 'dict'>\"}"}
{"message": "{\"timestamp\": 5.444071054458618, \"object_type\": \"standard\", \"data\": \"{ 'running_time':1.638527, 'x':0.3850001, 'z':1.370906E-08, 'view_angle':90.00001, 'x_mouse':0, 'y_mouse':0, 'context':'None', 'outcome':'None'}\", \"data_type\": \"<type 'str'>\"}"}
{"message": "{\"timestamp\": 5.444870948791504, \"object_type\": \"labjack_task\", \"data\": {\"write_value\": 0, \"register\": 6002, \"mode\": \"write\"}, \"data_type\": \"<type 'dict'>\"}"}
{"message": "{\"timestamp\": 5.445433139801025, \"object_type\": \"labjack_task\", \"data\": {\"write_value\": 0, \"register\": 6000, \"mode\": \"write\"}, \"data_type\": \"<type 'dict'>\"}"}
{"message": "{\"timestamp\": 5.446151971817017, \"object_type\": \"labjack_task\", \"data\": {\"write_value\": 0, \"register\": 6001, \"mode\": \"write\"}, \"data_type\": \"<type 'dict'>\"}"}
{"message": "{\"timestamp\": 5.471850156784058, \"object_type\": \"standard\", \"data\": \"{ 'running_time':1.666247, 'x':0.3850001, 'z':1.370906E-08, 'view_angle':90.00001, 'x_mouse':0, 'y_mouse':0, 'context':'None', 'outcome':'None'}\", \"data_type\": \"<type 'str'>\"}"}
{"message": "{\"timestamp\": 5.472787141799927, \"object_type\": \"labjack_task\", \"data\": {\"write_value\": 0, \"register\": 6002, \"mode\": \"write\"}, \"data_type\": \"<type 'dict'>\"}"}
{"message": "{\"timestamp\": 5.473428010940552, \"object_type\": \"labjack_task\", \"data\": {\"write_value\": 0, \"register\": 6000, \"mode\": \"write\"}, \"data_type\": \"<type 'dict'>\"}"}
{"message": "{\"timestamp\": 5.474032163619995, \"object_type\": \"labjack_task\", \"data\": {\"write_value\": 0, \"register\": 6001, \"mode\": \"write\"}, \"data_type\": \"<type 'dict'>\"}"}
{"message": "{\"timestamp\": 5.499742031097412, \"object_type\": \"standard\", \"data\": \"{ 'running_time':1.694163, 'x':0.3850001, 'z':1.370906E-08, 'view_angle':90.00001, 'x_mouse':0, 'y_mouse':0, 'context':'None', 'outcome':'None'}\", \"data_type\": \"<type 'str'>\"}"}
{"message": "{\"timestamp\": 5.5005669593811035, \"object_type\": \"labjack_task\", \"data\": {\"write_value\": 0, \"register\": 6002, \"mode\": \"write\"}, \"data_type\": \"<type 'dict'>\"}"}
{"message": "{\"timestamp\": 5.501165151596069, \"object_type\": \"labjack_task\", \"data\": {\"write_value\": 0, \"register\": 6000, \"mode\": \"write\"}, \"data_type\": \"<type 'dict'>\"}"}
{"message": "{\"timestamp\": 5.501695156097412, \"object_type\": \"labjack_task\", \"data\": {\"write_value\": 0, \"register\": 6001, \"mode\": \"write\"}, \"data_type\": \"<type 'dict'>\"}"}
{"message": "{\"timestamp\": 5.5271079540252686, \"object_type\": \"labjack_stream\", \"data\": {\"AIN0\": [-10.566663798260834, -10.566348542076867, -10.5669790544448, -10.566663798260834, -10.5669790544448, -10.566663798260834, -10.566663798260834, -10.566348542076867, -10.566348542076867, -10.566348542076867, -10.566348542076867, -10.566348542076867, -10.566663798260834, -10.5669790544448, -10.5669790544448, -10.566663798260834, -10.566348542076867, -10.566663798260834, -10.5669790544448, -10.566663798260834, -10.566663798260834, -10.566663798260834, -10.566663798260834, -10.566663798260834, -10.5669790544448, -10.5669790544448, -10.5669790544448, -10.5669790544448, -10.566663798260834, -10.566663798260834, -10.566663798260834, -10.566663798260834, -10.566663798260834, -10.566663798260834, -10.566663798260834, -10.566663798260834, -10.566663798260834, -10.5669790544448, -10.566348542076867, -10.566348542076867, -10.566663798260834, -10.566348542076867, -10.566663798260834, -10.5669790544448, -10.566348542076867, -10.566663798260834, -10.566348542076867, -10.566663798260834, -10.566663798260834, -10.566663798260834, -10.566663798260834, -10.566663798260834, -10.5669790544448, -10.5669790544448, -10.566348542076867, -10.566663798260834, -10.566663798260834, -10.566663798260834, -10.5669790544448, -10.566663798260834, -10.5669790544448, -10.566663798260834, -10.566348542076867, -10.566348542076867, -10.566663798260834, -10.566663798260834, -10.566348542076867, -10.566348542076867, -10.566663798260834, -10.566663798260834, -10.5669790544448, -10.566663798260834, -10.566348542076867, -10.566663798260834, -10.566348542076867, -10.5669790544448, -10.566348542076867, -10.566663798260834, -10.5669790544448, -10.5669790544448, -10.566348542076867, -10.566348542076867, -10.566348542076867, -10.566663798260834, -10.566663798260834, -10.566663798260834, -10.566663798260834, -10.566348542076867, -10.566663798260834, -10.566663798260834, -10.566663798260834, -10.566663798260834, -10.5669790544448, -10.566348542076867, -10.5669790544448, -10.566663798260834, -10.566663798260834, -10.5669790544448, -10.566663798260834, -10.566348542076867, -10.566663798260834, -10.566663798260834, -10.566348542076867, -10.566663798260834, -10.566663798260834, -10.566663798260834, -10.566348542076867, -10.566663798260834, -10.566348542076867, -10.566348542076867, -10.566663798260834, -10.566663798260834, -10.5669790544448, -10.566663798260834, -10.566663798260834, -10.566663798260834, -10.566663798260834, -10.5669790544448, -10.566663798260834, -10.5669790544448, -10.566663798260834, -10.566663798260834, -10.5669790544448, -10.566663798260834, -10.566663798260834, -10.566663798260834, -10.566663798260834, -10.566348542076867, -10.566663798260834, -10.5669790544448, -10.566663798260834, -10.5669790544448, -10.566348542076867, -10.5669790544448, -10.5669790544448, -10.566663798260834, -10.566663798260834, -10.566348542076867, -10.566663798260834, -10.566663798260834, -10.566663798260834, -10.566663798260834, -10.566663798260834, -10.5669790544448, -10.5669790544448, -10.566663798260834, -10.566348542076867, -10.5669790544448, -10.566348542076867, -10.566663798260834, -10.566663798260834, -10.566348542076867, -10.566348542076867, -10.566663798260834, -10.566663798260834, -10.5669790544448, -10.566663798260834, -10.5669790544448, -10.566348542076867, -10.566663798260834, -10.566663798260834, -10.566663798260834, -10.566348542076867, -10.566663798260834, -10.566663798260834, -10.566663798260834, -10.566348542076867, -10.5669790544448, -10.566348542076867, -10.5669790544448, -10.5669790544448, -10.566663798260834, -10.566348542076867, -10.566348542076867, -10.5669790544448, -10.566348542076867, -10.5669790544448, -10.566663798260834, -10.566663798260834, -10.566663798260834, -10.5669790544448, -10.566663798260834, -10.566348542076867, -10.566348542076867, -10.5669790544448, -10.566663798260834, -10.566663798260834, -10.566348542076867, -10.5669790544448, -10.566663798260834, -10.566663798260834, -10.566663798260834, -10.566663798260834, -10.566663798260834, -10.566663798260834, -10.5669790544448, -10.5669790544448, -10.566663798260834, -10.566663798260834, -10.566663798260834, -10.566663798260834, -10.566663798260834, -10.566663798260834, -10.566663798260834, -10.566348542076867, -10.566348542076867, -10.566348542076867, -10.5669790544448, -10.5669790544448, -10.566348542076867, -10.566348542076867, -10.566663798260834, -10.5669790544448, -10.566663798260834, -10.566663798260834, -10.566663798260834, -10.566663798260834, -10.566663798260834, -10.566663798260834, -10.566663798260834, -10.5669790544448, -10.566663798260834, -10.566663798260834, -10.5669790544448, -10.566663798260834, -10.566663798260834, -10.566663798260834, -10.566663798260834, -10.566663798260834, -10.566663798260834, -10.566663798260834, -10.566663798260834, -10.5669790544448, -10.566663798260834, -10.566348542076867, -10.566663798260834, -10.566663798260834, -10.566663798260834, -10.5669790544448, -10.566663798260834, -10.5669790544448, -10.566663798260834, -10.566663798260834, -10.5669790544448, -10.566663798260834, -10.5669790544448, -10.5669790544448, -10.5669790544448, -10.5669790544448, -10.566663798260834], \"AIN1\": [-10.5669790544448, -10.566348542076867, -10.5669790544448, -10.5669790544448, -10.566663798260834, -10.566663798260834, -10.566663798260834, -10.566348542076867, -10.5669790544448, -10.566663798260834, -10.5669790544448, -10.566663798260834, -10.566663798260834, -10.566663798260834, -10.5669790544448, -10.566663798260834, -10.5669790544448, -10.566663798260834, -10.5669790544448, -10.566663798260834, -10.566663798260834, -10.5669790544448, -10.5669790544448, -10.566348542076867, -10.566663798260834, -10.566663798260834, -10.566663798260834, -10.5669790544448, -10.566663798260834, -10.566348542076867, -10.566348542076867, -10.566663798260834, -10.5669790544448, -10.566663798260834, -10.5669790544448, -10.566663798260834, -10.566663798260834, -10.5669790544448, -10.5669790544448, -10.566663798260834, -10.566348542076867, -10.566663798260834, -10.566348542076867, -10.5669790544448, -10.5669790544448, -10.566663798260834, -10.566663798260834, -10.566663798260834, -10.5669790544448, -10.566663798260834, -10.566663798260834, -10.5669790544448, -10.566663798260834, -10.566348542076867, -10.5669790544448, -10.566663798260834, -10.566663798260834, -10.566663798260834, -10.5669790544448, -10.566663798260834, -10.566663798260834, -10.5669790544448, -10.5669790544448, -10.5669790544448, -10.566663798260834, -10.566348542076867, -10.5669790544448, -10.566663798260834, -10.5669790544448, -10.5669790544448, -10.566663798260834, -10.5669790544448, -10.566663798260834, -10.566663798260834, -10.5669790544448, -10.5669790544448, -10.5669790544448, -10.5669790544448, -10.566663798260834, -10.566348542076867, -10.566663798260834, -10.5669790544448, -10.566348542076867, -10.5669790544448, -10.566348542076867, -10.566663798260834, -10.566663798260834, -10.566663798260834, -10.5669790544448, -10.566663798260834, -10.5669790544448, -10.566663798260834, -10.566663798260834, -10.566663798260834, -10.566663798260834, -10.566348542076867, -10.566663798260834, -10.5669790544448, -10.5669790544448, -10.5669790544448, -10.5669790544448, -10.566348542076867, -10.566663798260834, -10.566663798260834, -10.566663798260834, -10.566663798260834, -10.566663798260834, -10.566663798260834, -10.566663798260834, -10.566663798260834, -10.566663798260834, -10.5669790544448, -10.566348542076867, -10.5669790544448, -10.5669790544448, -10.566348542076867, -10.566663798260834, -10.566663798260834, -10.566663798260834, -10.566663798260834, -10.5669790544448, -10.566663798260834, -10.566663798260834, -10.5669790544448, -10.566663798260834, -10.566663798260834, -10.5669790544448, -10.566663798260834, -10.5669790544448, -10.5669790544448, -10.566348542076867, -10.566663798260834, -10.5669790544448, -10.566663798260834, -10.566663798260834, -10.566348542076867, -10.5669790544448, -10.5669790544448, -10.5669790544448, -10.5669790544448, -10.5669790544448, -10.5669790544448, -10.5669790544448, -10.5669790544448, -10.566663798260834, -10.566663798260834, -10.5669790544448, -10.566663798260834, -10.5669790544448, -10.566348542076867, -10.566663798260834, -10.566663798260834, -10.5669790544448, -10.566663798260834, -10.566663798260834, -10.566348542076867, -10.566663798260834, -10.566663798260834, -10.566663798260834, -10.566663798260834, -10.5669790544448, -10.5669790544448, -10.5669790544448, -10.566663798260834, -10.566663798260834, -10.5669790544448, -10.567294310628768, -10.566348542076867, -10.566663798260834, -10.5669790544448, -10.566663798260834, -10.5669790544448, -10.5669790544448, -10.566663798260834, -10.566663798260834, -10.566663798260834, -10.5669790544448, -10.566663798260834, -10.566348542076867, -10.566663798260834, -10.5669790544448, -10.566663798260834, -10.566663798260834, -10.5669790544448, -10.566348542076867, -10.566663798260834, -10.566663798260834, -10.566663798260834, -10.566663798260834, -10.5669790544448, -10.566663798260834, -10.5669790544448, -10.5669790544448, -10.566663798260834, -10.566348542076867, -10.566348542076867, -10.566663798260834, -10.5669790544448, -10.5669790544448, -10.5669790544448, -10.566663798260834, -10.566348542076867, -10.566348542076867, -10.566663798260834, -10.5669790544448, -10.566348542076867, -10.5669790544448, -10.5669790544448, -10.566663798260834, -10.566663798260834, -10.566663798260834, -10.5669790544448, -10.566663798260834, -10.566348542076867, -10.5669790544448, -10.5669790544448, -10.566663798260834, -10.566663798260834, -10.566663798260834, -10.566663798260834, -10.566663798260834, -10.566663798260834, -10.566348542076867, -10.566663798260834, -10.566663798260834, -10.566663798260834, -10.5669790544448, -10.5669790544448, -10.566663798260834, -10.566663798260834, -10.566663798260834, -10.566348542076867, -10.566348542076867, -10.566663798260834, -10.566663798260834, -10.5669790544448, -10.566663798260834, -10.566663798260834, -10.566663798260834, -10.566663798260834, -10.5669790544448, -10.566348542076867, -10.5669790544448, -10.5669790544448, -10.566663798260834, -10.566663798260834, -10.566663798260834, -10.566663798260834, -10.5669790544448, -10.566348542076867], \"AIN2\": [-10.566663798260834, -10.566663798260834, -10.5669790544448, -10.566663798260834, -10.566663798260834, -10.566663798260834, -10.566663798260834, -10.566663798260834, -10.566663798260834, -10.566663798260834, -10.566663798260834, -10.566663798260834, -10.5669790544448, -10.566663798260834, -10.5669790544448, -10.566663798260834, -10.566663798260834, -10.566348542076867, -10.566663798260834, -10.566663798260834, -10.566348542076867, -10.566348542076867, -10.566663798260834, -10.566663798260834, -10.5669790544448, -10.566663798260834, -10.566348542076867, -10.566663798260834, -10.566348542076867, -10.566348542076867, -10.566663798260834, -10.5669790544448, -10.5669790544448, -10.5669790544448, -10.566663798260834, -10.566663798260834, -10.5669790544448, -10.5669790544448, -10.566663798260834, -10.5669790544448, -10.566663798260834, -10.566663798260834, -10.566663798260834, -10.566663798260834, -10.566348542076867, -10.5669790544448, -10.5669790544448, -10.5669790544448, -10.566663798260834, -10.5669790544448, -10.566663798260834, -10.566663798260834, -10.566348542076867, -10.5660332858929, -10.566663798260834, -10.566663798260834, -10.566663798260834, -10.566348542076867, -10.5669790544448, -10.566348542076867, -10.5669790544448, -10.566663798260834, -10.567294310628768, -10.5669790544448, -10.566663798260834, -10.5669790544448, -10.5669790544448, -10.566663798260834, -10.566348542076867, -10.566663798260834, -10.5669790544448, -10.5669790544448, -10.5669790544448, -10.566348542076867, -10.5669790544448, -10.566663798260834, -10.5669790544448, -10.5669790544448, -10.566663798260834, -10.566663798260834, -10.566663798260834, -10.566663798260834, -10.566663798260834, -10.566663798260834, -10.5669790544448, -10.566663798260834, -10.566663798260834, -10.566663798260834, -10.5669790544448, -10.5669790544448, -10.566348542076867, -10.566663798260834, -10.566663798260834, -10.566348542076867, -10.566663798260834, -10.566348542076867, -10.566663798260834, -10.566663798260834, -10.566663798260834, -10.566663798260834, -10.566663798260834, -10.566663798260834, -10.5669790544448, -10.566663798260834, -10.566348542076867, -10.566663798260834, -10.566663798260834, -10.566663798260834, -10.566663798260834, -10.566663798260834, -10.566663798260834, -10.566663798260834, -10.566663798260834, -10.566663798260834, -10.5669790544448, -10.566663798260834, -10.566663798260834, -10.5669790544448, -10.566663798260834, -10.566663798260834, -10.566663798260834, -10.5669790544448, -10.566663798260834, -10.566663798260834, -10.566663798260834, -10.566348542076867, -10.566348542076867, -10.566663798260834, -10.566663798260834, -10.566663798260834, -10.566663798260834, -10.5669790544448, -10.5669790544448, -10.566663798260834, -10.566663798260834, -10.566663798260834, -10.566663798260834, -10.566663798260834, -10.566663798260834, -10.566663798260834, -10.5669790544448, -10.566348542076867, -10.566348542076867, -10.566663798260834, -10.566663798260834, -10.566348542076867, -10.566663798260834, -10.566663798260834, -10.5669790544448, -10.566663798260834, -10.5669790544448, -10.566348542076867, -10.566663798260834, -10.5669790544448, -10.566663798260834, -10.5669790544448, -10.566663798260834, -10.566663798260834, -10.5669790544448, -10.5669790544448, -10.566663798260834, -10.566663798260834, -10.566663798260834, -10.566663798260834, -10.5669790544448, -10.5669790544448, -10.566663798260834, -10.566663798260834, -10.566663798260834, -10.566663798260834, -10.5669790544448, -10.566663798260834, -10.566663798260834, -10.566663798260834, -10.566663798260834, -10.566663798260834, -10.566663798260834, -10.566663798260834, -10.5669790544448, -10.5669790544448, -10.566663798260834, -10.566663798260834, -10.5669790544448, -10.566663798260834, -10.566663798260834, -10.5669790544448, -10.5669790544448, -10.5669790544448, -10.566663798260834, -10.566663798260834, -10.5669790544448, -10.566663798260834, -10.5669790544448, -10.5669790544448, -10.566663798260834, -10.566663798260834, -10.566663798260834, -10.5669790544448, -10.566663798260834, -10.566663798260834, -10.5669790544448, -10.566663798260834, -10.566348542076867, -10.5669790544448, -10.566663798260834, -10.566663798260834, -10.566663798260834, -10.5669790544448, -10.5669790544448, -10.566663798260834, -10.5669790544448, -10.566663798260834, -10.566663798260834, -10.566663798260834, -10.5669790544448, -10.566663798260834, -10.5669790544448, -10.566663798260834, -10.566348542076867, -10.5669790544448, -10.566663798260834, -10.5669790544448, -10.566348542076867, -10.566663798260834, -10.566663798260834, -10.566348542076867, -10.5669790544448, -10.566663798260834, -10.5669790544448, -10.5669790544448, -10.566663798260834, -10.566663798260834, -10.5669790544448, -10.566663798260834, -10.566663798260834, -10.5669790544448, -10.566663798260834, -10.566663798260834, -10.566663798260834, -10.5669790544448, -10.566663798260834, -10.5669790544448, -10.566663798260834, -10.566663798260834, -10.566348542076867, -10.5669790544448, -10.566663798260834, -10.566663798260834, -10.5669790544448, -10.5669790544448], \"AIN3\": [-10.566348542076867, -10.5669790544448, -10.566663798260834, -10.566663798260834, -10.566663798260834, -10.566663798260834, -10.566663798260834, -10.566663798260834, -10.566663798260834, -10.5669790544448, -10.566663798260834, -10.5669790544448, -10.566663798260834, -10.5669790544448, -10.566663798260834, -10.566663798260834, -10.566663798260834, -10.566348542076867, -10.566663798260834, -10.566348542076867, -10.5669790544448, -10.566663798260834, -10.566663798260834, -10.566663798260834, -10.566663798260834, -10.566663798260834, -10.566663798260834, -10.566663798260834, -10.566663798260834, -10.566348542076867, -10.5669790544448, -10.5669790544448, -10.566663798260834, -10.566663798260834, -10.566663798260834, -10.566663798260834, -10.566663798260834, -10.566663798260834, -10.5669790544448, -10.566663798260834, -10.566348542076867, -10.566663798260834, -10.5669790544448, -10.5669790544448, -10.5669790544448, -10.566663798260834, -10.566348542076867, -10.566663798260834, -10.5669790544448, -10.566663798260834, -10.566663798260834, -10.5669790544448, -10.566348542076867, -10.566663798260834, -10.5669790544448, -10.566348542076867, -10.566348542076867, -10.5669790544448, -10.5669790544448, -10.566663798260834, -10.5669790544448, -10.566663798260834, -10.566348542076867, -10.566348542076867, -10.566663798260834, -10.566663798260834, -10.566663798260834, -10.566663798260834, -10.566663798260834, -10.566663798260834, -10.566663798260834, -10.566663798260834, -10.566663798260834, -10.566663798260834, -10.566348542076867, -10.566663798260834, -10.5669790544448, -10.566663798260834, -10.566663798260834, -10.566663798260834, -10.5669790544448, -10.567294310628768, -10.566663798260834, -10.5669790544448, -10.566663798260834, -10.566663798260834, -10.566663798260834, -10.566663798260834, -10.566348542076867, -10.5669790544448, -10.566663798260834, -10.5669790544448, -10.566663798260834, -10.566348542076867, -10.566663798260834, -10.566663798260834, -10.566663798260834, -10.566663798260834, -10.566663798260834, -10.566663798260834, -10.566663798260834, -10.566663798260834, -10.566663798260834, -10.5669790544448, -10.566663798260834, -10.5669790544448, -10.566348542076867, -10.566663798260834, -10.566663798260834, -10.566663798260834, -10.5669790544448, -10.566348542076867, -10.5669790544448, -10.566663798260834, -10.5669790544448, -10.566663798260834, -10.566663798260834, -10.566348542076867, -10.566663798260834, -10.566663798260834, -10.566663798260834, -10.5669790544448, -10.5669790544448, -10.5669790544448, -10.566663798260834, -10.5669790544448, -10.566348542076867, -10.566663798260834, -10.5669790544448, -10.5669790544448, -10.566663798260834, -10.566348542076867, -10.566663798260834, -10.566663798260834, -10.566663798260834, -10.566663798260834, -10.566663798260834, -10.566663798260834, -10.566663798260834, -10.5669790544448, -10.566663798260834, -10.566663798260834, -10.566663798260834, -10.566348542076867, -10.5669790544448, -10.566348542076867, -10.5669790544448, -10.5669790544448, -10.566663798260834, -10.566663798260834, -10.566348542076867, -10.566348542076867, -10.5669790544448, -10.566663798260834, -10.566663798260834, -10.566348542076867, -10.5669790544448, -10.566663798260834, -10.566663798260834, -10.5669790544448, -10.5669790544448, -10.566663798260834, -10.5669790544448, -10.566663798260834, -10.566663798260834, -10.566348542076867, -10.566663798260834, -10.566663798260834, -10.566663798260834, -10.566348542076867, -10.566348542076867, -10.566663798260834, -10.566348542076867, -10.5669790544448, -10.566663798260834, -10.5669790544448, -10.5669790544448, -10.5669790544448, -10.566348542076867, -10.5669790544448, -10.5669790544448, -10.566348542076867, -10.5669790544448, -10.5669790544448, -10.566348542076867, -10.566348542076867, -10.566663798260834, -10.566663798260834, -10.5669790544448, -10.5669790544448, -10.566663798260834, -10.566663798260834, -10.5669790544448, -10.566663798260834, -10.5669790544448, -10.566663798260834, -10.566663798260834, -10.566348542076867, -10.566663798260834, -10.566663798260834, -10.5669790544448, -10.566663798260834, -10.566348542076867, -10.566663798260834, -10.566663798260834, -10.566663798260834, -10.566663798260834, -10.566663798260834, -10.566663798260834, -10.5669790544448, -10.5669790544448, -10.566663798260834, -10.566663798260834, -10.5669790544448, -10.566663798260834, -10.566663798260834, -10.566663798260834, -10.5669790544448, -10.566348542076867, -10.566663798260834, -10.5669790544448, -10.566663798260834, -10.566663798260834, -10.5669790544448, -10.566348542076867, -10.5669790544448, -10.5669790544448, -10.5669790544448, -10.566663798260834, -10.566663798260834, -10.566663798260834, -10.566348542076867, -10.566663798260834, -10.566663798260834, -10.5669790544448, -10.566663798260834, -10.566348542076867, -10.566663798260834, -10.566663798260834, -10.5669790544448, -10.566663798260834, -10.566663798260834, -10.566663798260834, -10.566663798260834, -10.566663798260834, -10.566663798260834, -10.5669790544448, -10.5669790544448, -10.566663798260834, -10.566663798260834]}, \"data_type\": \"<type 'collections.defaultdict'>\"}"}
{"message": "{\"timestamp\": 5.527173042297363, \"object_type\": \"standard\", \"data\": \"{ 'running_time':1.717907, 'x':0.3850001, 'z':1.370906E-08, 'view_angle':90.00001, 'x_mouse':0, 'y_mouse':0, 'context':'None', 'outcome':'None'}\", \"data_type\": \"<type 'str'>\"}"}
{"message": "{\"timestamp\": 5.5279700756073, \"object_type\": \"labjack_task\", \"data\": {\"write_value\": 0, \"register\": 6002, \"mode\": \"write\"}, \"data_type\": \"<type 'dict'>\"}"}
{"message": "{\"timestamp\": 5.5285420417785645, \"object_type\": \"labjack_task\", \"data\": {\"write_value\": 0, \"register\": 6000, \"mode\": \"write\"}, \"data_type\": \"<type 'dict'>\"}"}
{"message": "{\"timestamp\": 5.528990030288696, \"object_type\": \"labjack_task\", \"data\": {\"write_value\": 0, \"register\": 6001, \"mode\": \"write\"}, \"data_type\": \"<type 'dict'>\"}"}
{"message": "{\"timestamp\": 5.5519490242004395, \"object_type\": \"standard\", \"data\": \"{ 'running_time':1.746312, 'x':0.3850001, 'z':1.370906E-08, 'view_angle':90.00001, 'x_mouse':0, 'y_mouse':0, 'context':'None', 'outcome':'None'}\", \"data_type\": \"<type 'str'>\"}"}
{"message": "{\"timestamp\": 5.552822113037109, \"object_type\": \"labjack_task\", \"data\": {\"write_value\": 0, \"register\": 6002, \"mode\": \"write\"}, \"data_type\": \"<type 'dict'>\"}"}
{"message": "{\"timestamp\": 5.553418159484863, \"object_type\": \"labjack_task\", \"data\": {\"write_value\": 0, \"register\": 6000, \"mode\": \"write\"}, \"data_type\": \"<type 'dict'>\"}"}
{"message": "{\"timestamp\": 5.553913116455078, \"object_type\": \"labjack_task\", \"data\": {\"write_value\": 0, \"register\": 6001, \"mode\": \"write\"}, \"data_type\": \"<type 'dict'>\"}"}
{"message": "{\"timestamp\": 5.580234050750732, \"object_type\": \"standard\", \"data\": \"{ 'running_time':1.774499, 'x':0.3850001, 'z':1.370906E-08, 'view_angle':90.00001, 'x_mouse':0, 'y_mouse':0, 'context':'None', 'outcome':'None'}\", \"data_type\": \"<type 'str'>\"}"}
{"message": "{\"timestamp\": 5.581031084060669, \"object_type\": \"labjack_task\", \"data\": {\"write_value\": 0, \"register\": 6002, \"mode\": \"write\"}, \"data_type\": \"<type 'dict'>\"}"}
{"message": "{\"timestamp\": 5.581539154052734, \"object_type\": \"labjack_task\", \"data\": {\"write_value\": 0, \"register\": 6000, \"mode\": \"write\"}, \"data_type\": \"<type 'dict'>\"}"}
{"message": "{\"timestamp\": 5.582034111022949, \"object_type\": \"labjack_task\", \"data\": {\"write_value\": 0, \"register\": 6001, \"mode\": \"write\"}, \"data_type\": \"<type 'dict'>\"}"}
{"message": "{\"timestamp\": 5.604017972946167, \"object_type\": \"standard\", \"data\": \"{ 'running_time':1.798506, 'x':0.3850001, 'z':1.370906E-08, 'view_angle':90.00001, 'x_mouse':0, 'y_mouse':0, 'context':'None', 'outcome':'None'}\", \"data_type\": \"<type 'str'>\"}"}
{"message": "{\"timestamp\": 5.604788064956665, \"object_type\": \"labjack_task\", \"data\": {\"write_value\": 0, \"register\": 6002, \"mode\": \"write\"}, \"data_type\": \"<type 'dict'>\"}"}
{"message": "{\"timestamp\": 5.605437994003296, \"object_type\": \"labjack_task\", \"data\": {\"write_value\": 0, \"register\": 6000, \"mode\": \"write\"}, \"data_type\": \"<type 'dict'>\"}"}
{"message": "{\"timestamp\": 5.606043100357056, \"object_type\": \"labjack_task\", \"data\": {\"write_value\": 0, \"register\": 6001, \"mode\": \"write\"}, \"data_type\": \"<type 'dict'>\"}"}
{"message": "{\"timestamp\": 5.6317150592803955, \"object_type\": \"standard\", \"data\": \"{ 'running_time':1.82613, 'x':0.3850001, 'z':1.370906E-08, 'view_angle':90.00001, 'x_mouse':0, 'y_mouse':0, 'context':'None', 'outcome':'None'}\", \"data_type\": \"<type 'str'>\"}"}
{"message": "{\"timestamp\": 5.632550954818726, \"object_type\": \"labjack_task\", \"data\": {\"write_value\": 0, \"register\": 6002, \"mode\": \"write\"}, \"data_type\": \"<type 'dict'>\"}"}
{"message": "{\"timestamp\": 5.633304119110107, \"object_type\": \"labjack_task\", \"data\": {\"write_value\": 0, \"register\": 6000, \"mode\": \"write\"}, \"data_type\": \"<type 'dict'>\"}"}
{"message": "{\"timestamp\": 5.6339170932769775, \"object_type\": \"labjack_task\", \"data\": {\"write_value\": 0, \"register\": 6001, \"mode\": \"write\"}, \"data_type\": \"<type 'dict'>\"}"}
{"message": "{\"timestamp\": 5.659976959228516, \"object_type\": \"standard\", \"data\": \"{ 'running_time':1.854384, 'x':0.3850001, 'z':1.370906E-08, 'view_angle':90.00001, 'x_mouse':0, 'y_mouse':0, 'context':'None', 'outcome':'None'}\", \"data_type\": \"<type 'str'>\"}"}
{"message": "{\"timestamp\": 5.660753011703491, \"object_type\": \"labjack_task\", \"data\": {\"write_value\": 0, \"register\": 6002, \"mode\": \"write\"}, \"data_type\": \"<type 'dict'>\"}"}
{"message": "{\"timestamp\": 5.661421060562134, \"object_type\": \"labjack_task\", \"data\": {\"write_value\": 0, \"register\": 6000, \"mode\": \"write\"}, \"data_type\": \"<type 'dict'>\"}"}
{"message": "{\"timestamp\": 5.6619110107421875, \"object_type\": \"labjack_task\", \"data\": {\"write_value\": 0, \"register\": 6001, \"mode\": \"write\"}, \"data_type\": \"<type 'dict'>\"}"}
{"message": "{\"timestamp\": 5.683722972869873, \"object_type\": \"standard\", \"data\": \"{ 'running_time':1.878212, 'x':0.3850001, 'z':1.370906E-08, 'view_angle':90.00001, 'x_mouse':0, 'y_mouse':0, 'context':'None', 'outcome':'None'}\", \"data_type\": \"<type 'str'>\"}"}
{"message": "{\"timestamp\": 5.684504985809326, \"object_type\": \"labjack_task\", \"data\": {\"write_value\": 0, \"register\": 6002, \"mode\": \"write\"}, \"data_type\": \"<type 'dict'>\"}"}
{"message": "{\"timestamp\": 5.685049057006836, \"object_type\": \"labjack_task\", \"data\": {\"write_value\": 0, \"register\": 6000, \"mode\": \"write\"}, \"data_type\": \"<type 'dict'>\"}"}
{"message": "{\"timestamp\": 5.685681104660034, \"object_type\": \"labjack_task\", \"data\": {\"write_value\": 0, \"register\": 6001, \"mode\": \"write\"}, \"data_type\": \"<type 'dict'>\"}"}
{"message": "{\"timestamp\": 5.711871147155762, \"object_type\": \"standard\", \"data\": \"{ 'running_time':1.906259, 'x':0.3850001, 'z':1.370906E-08, 'view_angle':90.00001, 'x_mouse':0, 'y_mouse':0, 'context':'None', 'outcome':'None'}\", \"data_type\": \"<type 'str'>\"}"}
{"message": "{\"timestamp\": 5.712718963623047, \"object_type\": \"labjack_task\", \"data\": {\"write_value\": 0, \"register\": 6002, \"mode\": \"write\"}, \"data_type\": \"<type 'dict'>\"}"}
{"message": "{\"timestamp\": 5.71330714225769, \"object_type\": \"labjack_task\", \"data\": {\"write_value\": 0, \"register\": 6000, \"mode\": \"write\"}, \"data_type\": \"<type 'dict'>\"}"}
{"message": "{\"timestamp\": 5.71387505531311, \"object_type\": \"labjack_task\", \"data\": {\"write_value\": 0, \"register\": 6001, \"mode\": \"write\"}, \"data_type\": \"<type 'dict'>\"}"}
{"message": "{\"timestamp\": 5.739690065383911, \"object_type\": \"standard\", \"data\": \"{ 'running_time':1.934126, 'x':0.3850001, 'z':1.370906E-08, 'view_angle':90.00001, 'x_mouse':0, 'y_mouse':0, 'context':'None', 'outcome':'None'}\", \"data_type\": \"<type 'str'>\"}"}
{"message": "{\"timestamp\": 5.740657091140747, \"object_type\": \"labjack_task\", \"data\": {\"write_value\": 0, \"register\": 6002, \"mode\": \"write\"}, \"data_type\": \"<type 'dict'>\"}"}
{"message": "{\"timestamp\": 5.741296052932739, \"object_type\": \"labjack_task\", \"data\": {\"write_value\": 0, \"register\": 6000, \"mode\": \"write\"}, \"data_type\": \"<type 'dict'>\"}"}
{"message": "{\"timestamp\": 5.741788148880005, \"object_type\": \"labjack_task\", \"data\": {\"write_value\": 0, \"register\": 6001, \"mode\": \"write\"}, \"data_type\": \"<type 'dict'>\"}"}
{"message": "{\"timestamp\": 5.750273942947388, \"object_type\": \"labjack_stream\", \"data\": {\"AIN0\": [-10.566663798260834, -10.566663798260834, -10.566663798260834, -10.566663798260834, -10.566663798260834, -10.5669790544448, -10.566348542076867, -10.5669790544448, -10.566663798260834, -10.566663798260834, -10.566348542076867, -10.566348542076867, -10.566348542076867, -10.566663798260834, -10.566663798260834, -10.566663798260834, -10.566348542076867, -10.5669790544448, -10.5669790544448, -10.566663798260834, -10.566663798260834, -10.566348542076867, -10.566663798260834, -10.566663798260834, -10.5669790544448, -10.5669790544448, -10.5669790544448, -10.566663798260834, -10.566663798260834, -10.566348542076867, -10.566348542076867, -10.566663798260834, -10.566348542076867, -10.566348542076867, -10.566663798260834, -10.566663798260834, -10.566663798260834, -10.5669790544448, -10.566663798260834, -10.5669790544448, -10.566663798260834, -10.566348542076867, -10.5669790544448, -10.566348542076867, -10.5669790544448, -10.5669790544448, -10.566663798260834, -10.5669790544448, -10.566663798260834, -10.566348542076867, -10.566348542076867, -10.566663798260834, -10.566663798260834, -10.566663798260834, -10.566348542076867, -10.5669790544448, -10.5669790544448, -10.566663798260834, -10.566348542076867, -10.566663798260834, -10.566348542076867, -10.566348542076867, -10.5669790544448, -10.566348542076867, -10.566663798260834, -10.566663798260834, -10.566348542076867, -10.566348542076867, -10.5669790544448, -10.566348542076867, -10.566348542076867, -10.566663798260834, -10.566348542076867, -10.566348542076867, -10.5669790544448, -10.5669790544448, -10.566663798260834, -10.566663798260834, -10.566663798260834, -10.5669790544448, -10.566663798260834, -10.5669790544448, -10.566348542076867, -10.566663798260834, -10.566663798260834, -10.5669790544448, -10.5669790544448, -10.566348542076867, -10.566348542076867, -10.5669790544448, -10.566663798260834, -10.566663798260834, -10.566663798260834, -10.566663798260834, -10.5669790544448, -10.566348542076867, -10.566663798260834, -10.5669790544448, -10.566663798260834, -10.5669790544448, -10.566663798260834, -10.5669790544448, -10.566663798260834, -10.566663798260834, -10.566663798260834, -10.566348542076867, -10.566663798260834, -10.566663798260834, -10.566663798260834, -10.566663798260834, -10.566663798260834, -10.566348542076867, -10.5669790544448, -10.566348542076867, -10.5669790544448, -10.5669790544448, -10.566663798260834, -10.5669790544448, -10.566663798260834, -10.566348542076867, -10.566663798260834, -10.566348542076867, -10.566663798260834, -10.5669790544448, -10.5669790544448, -10.566663798260834, -10.566348542076867, -10.566663798260834, -10.5669790544448, -10.566663798260834, -10.5669790544448, -10.566663798260834, -10.5669790544448, -10.566663798260834, -10.5669790544448, -10.566663798260834, -10.566663798260834, -10.566348542076867, -10.566663798260834, -10.566663798260834, -10.566663798260834, -10.566663798260834, -10.566663798260834, -10.566663798260834, -10.566663798260834, -10.5669790544448, -10.5669790544448, -10.566348542076867, -10.566663798260834, -10.566663798260834, -10.566663798260834, -10.566663798260834, -10.566663798260834, -10.566663798260834, -10.566663798260834, -10.566348542076867, -10.5669790544448, -10.5669790544448, -10.566663798260834, -10.5669790544448, -10.566348542076867, -10.566663798260834, -10.5669790544448, -10.566348542076867, -10.566663798260834, -10.566663798260834, -10.566663798260834, -10.566348542076867, -10.566663798260834, -10.566348542076867, -10.566663798260834, -10.566348542076867, -10.566663798260834, -10.566663798260834, -10.5669790544448, -10.566348542076867, -10.566663798260834, -10.566663798260834, -10.566348542076867, -10.566663798260834, -10.566348542076867, -10.5669790544448, -10.566663798260834, -10.566663798260834, -10.566663798260834, -10.566348542076867, -10.566348542076867, -10.566663798260834, -10.566348542076867, -10.5669790544448, -10.566663798260834, -10.5669790544448, -10.566663798260834, -10.566663798260834, -10.566663798260834, -10.5669790544448, -10.566663798260834, -10.566663798260834, -10.566663798260834, -10.5669790544448, -10.566348542076867, -10.566663798260834, -10.566348542076867, -10.5669790544448, -10.5669790544448, -10.566348542076867, -10.5669790544448, -10.566663798260834, -10.566663798260834, -10.566663798260834, -10.5669790544448, -10.566663798260834, -10.566663798260834, -10.566663798260834, -10.566663798260834, -10.566663798260834, -10.566348542076867, -10.566348542076867, -10.5669790544448, -10.5669790544448, -10.566663798260834, -10.566663798260834, -10.566663798260834, -10.566663798260834, -10.566663798260834, -10.566348542076867, -10.566663798260834, -10.5669790544448, -10.566348542076867, -10.566663798260834, -10.566663798260834, -10.566663798260834, -10.566348542076867, -10.566348542076867, -10.5669790544448, -10.566663798260834, -10.5669790544448, -10.566348542076867, -10.566663798260834, -10.566348542076867, -10.566348542076867, -10.566663798260834, -10.566663798260834, -10.566663798260834, -10.566663798260834, -10.5669790544448, -10.5669790544448, -10.5669790544448, -10.566663798260834, -10.566663798260834], \"AIN1\": [-10.566348542076867, -10.566663798260834, -10.5669790544448, -10.566348542076867, -10.566663798260834, -10.566663798260834, -10.566663798260834, -10.566663798260834, -10.566348542076867, -10.566663798260834, -10.566663798260834, -10.566348542076867, -10.566663798260834, -10.566663798260834, -10.566663798260834, -10.566663798260834, -10.566348542076867, -10.566663798260834, -10.5669790544448, -10.566663798260834, -10.566663798260834, -10.566663798260834, -10.566663798260834, -10.566663798260834, -10.566663798260834, -10.566663798260834, -10.566663798260834, -10.5669790544448, -10.566663798260834, -10.566348542076867, -10.566663798260834, -10.566663798260834, -10.566348542076867, -10.566663798260834, -10.566663798260834, -10.566663798260834, -10.5669790544448, -10.566663798260834, -10.5669790544448, -10.566663798260834, -10.566663798260834, -10.5669790544448, -10.566663798260834, -10.5669790544448, -10.5669790544448, -10.5669790544448, -10.566663798260834, -10.5669790544448, -10.566348542076867, -10.566663798260834, -10.5669790544448, -10.566663798260834, -10.566663798260834, -10.566663798260834, -10.566663798260834, -10.566348542076867, -10.5669790544448, -10.566663798260834, -10.5669790544448, -10.566348542076867, -10.566663798260834, -10.5669790544448, -10.5669790544448, -10.566663798260834, -10.566348542076867, -10.566348542076867, -10.566663798260834, -10.5669790544448, -10.5669790544448, -10.566348542076867, -10.566663798260834, -10.566348542076867, -10.5669790544448, -10.566663798260834, -10.566663798260834, -10.566663798260834, -10.566663798260834, -10.566663798260834, -10.5669790544448, -10.566348542076867, -10.566663798260834, -10.5669790544448, -10.566663798260834, -10.5669790544448, -10.566348542076867, -10.566663798260834, -10.566663798260834, -10.566663798260834, -10.566663798260834, -10.566663798260834, -10.566348542076867, -10.566663798260834, -10.566663798260834, -10.566663798260834, -10.566663798260834, -10.566663798260834, -10.566663798260834, -10.566663798260834, -10.5669790544448, -10.566663798260834, -10.566663798260834, -10.566663798260834, -10.566663798260834, -10.566348542076867, -10.566348542076867, -10.5669790544448, -10.566348542076867, -10.566348542076867, -10.566663798260834, -10.5669790544448, -10.5669790544448, -10.5669790544448, -10.566663798260834, -10.566663798260834, -10.566663798260834, -10.5669790544448, -10.5669790544448, -10.5669790544448, -10.566663798260834, -10.5669790544448, -10.5669790544448, -10.566663798260834, -10.5669790544448, -10.566348542076867, -10.566663798260834, -10.5669790544448, -10.566663798260834, -10.566663798260834, -10.5669790544448, -10.5669790544448, -10.566348542076867, -10.566663798260834, -10.5669790544448, -10.5669790544448, -10.5669790544448, -10.566663798260834, -10.566663798260834, -10.566663798260834, -10.566663798260834, -10.5669790544448, -10.566663798260834, -10.5669790544448, -10.5669790544448, -10.566663798260834, -10.566663798260834, -10.566663798260834, -10.566663798260834, -10.566663798260834, -10.566348542076867, -10.566663798260834, -10.5669790544448, -10.566663798260834, -10.566348542076867, -10.5669790544448, -10.566663798260834, -10.5669790544448, -10.566663798260834, -10.5669790544448, -10.566663798260834, -10.566663798260834, -10.566663798260834, -10.566348542076867, -10.566663798260834, -10.566663798260834, -10.566663798260834, -10.5669790544448, -10.566663798260834, -10.566663798260834, -10.566663798260834, -10.566663798260834, -10.566348542076867, -10.566663798260834, -10.566663798260834, -10.5669790544448, -10.566663798260834, -10.566663798260834, -10.566663798260834, -10.5669790544448, -10.566663798260834, -10.566663798260834, -10.566663798260834, -10.566663798260834, -10.5669790544448, -10.5669790544448, -10.566663798260834, -10.566663798260834, -10.566663798260834, -10.5669790544448, -10.566663798260834, -10.566663798260834, -10.5669790544448, -10.566348542076867, -10.5669790544448, -10.566663798260834, -10.566663798260834, -10.5669790544448, -10.566348542076867, -10.566663798260834, -10.566663798260834, -10.566663798260834, -10.5669790544448, -10.566348542076867, -10.566663798260834, -10.566663798260834, -10.566348542076867, -10.566348542076867, -10.566348542076867, -10.5669790544448, -10.566663798260834, -10.5669790544448, -10.5669790544448, -10.5669790544448, -10.5669790544448, -10.5669790544448, -10.566663798260834, -10.566663798260834, -10.5669790544448, -10.5669790544448, -10.566348542076867, -10.5669790544448, -10.566663798260834, -10.5669790544448, -10.566663798260834, -10.5669790544448, -10.5669790544448, -10.566348542076867, -10.5669790544448, -10.566663798260834, -10.5669790544448, -10.5669790544448, -10.566663798260834, -10.5669790544448, -10.566663798260834, -10.566663798260834, -10.566663798260834, -10.566348542076867, -10.566663798260834, -10.566663798260834, -10.566348542076867, -10.566663798260834, -10.566663798260834, -10.566663798260834, -10.566348542076867, -10.566663798260834, -10.566663798260834, -10.5669790544448, -10.566348542076867, -10.566663798260834, -10.566663798260834, -10.5669790544448], \"AIN2\": [-10.5669790544448, -10.566663798260834, -10.5669790544448, -10.566663798260834, -10.566663798260834, -10.566663798260834, -10.566663798260834, -10.566663798260834, -10.566663798260834, -10.566663798260834, -10.5669790544448, -10.566663798260834, -10.5669790544448, -10.566663798260834, -10.566663798260834, -10.566663798260834, -10.5669790544448, -10.566663798260834, -10.566663798260834, -10.566348542076867, -10.566663798260834, -10.5669790544448, -10.566348542076867, -10.566663798260834, -10.566663798260834, -10.566663798260834, -10.566348542076867, -10.566663798260834, -10.566663798260834, -10.566663798260834, -10.566348542076867, -10.566348542076867, -10.5669790544448, -10.5669790544448, -10.566663798260834, -10.566663798260834, -10.566663798260834, -10.566348542076867, -10.5669790544448, -10.566663798260834, -10.5669790544448, -10.5669790544448, -10.5669790544448, -10.5669790544448, -10.566348542076867, -10.566663798260834, -10.566663798260834, -10.5669790544448, -10.566348542076867, -10.566663798260834, -10.5669790544448, -10.566663798260834, -10.566663798260834, -10.5669790544448, -10.5669790544448, -10.566348542076867, -10.566663798260834, -10.5669790544448, -10.5669790544448, -10.566663798260834, -10.566663798260834, -10.566663798260834, -10.5669790544448, -10.566348542076867, -10.566663798260834, -10.566663798260834, -10.566663798260834, -10.566348542076867, -10.566348542076867, -10.566663798260834, -10.566348542076867, -10.566663798260834, -10.566348542076867, -10.5669790544448, -10.566348542076867, -10.5669790544448, -10.566663798260834, -10.566663798260834, -10.566663798260834, -10.566348542076867, -10.566663798260834, -10.566348542076867, -10.566663798260834, -10.566348542076867, -10.566663798260834, -10.566663798260834, -10.5669790544448, -10.566348542076867, -10.5669790544448, -10.5669790544448, -10.566663798260834, -10.566348542076867, -10.566663798260834, -10.566663798260834, -10.5669790544448, -10.5669790544448, -10.566663798260834, -10.566663798260834, -10.5669790544448, -10.566348542076867, -10.566663798260834, -10.5669790544448, -10.566663798260834, -10.566663798260834, -10.566663798260834, -10.566663798260834, -10.566663798260834, -10.566663798260834, -10.566663798260834, -10.5669790544448, -10.566663798260834, -10.5669790544448, -10.5669790544448, -10.5669790544448, -10.5669790544448, -10.566663798260834, -10.566663798260834, -10.566348542076867, -10.5669790544448, -10.566663798260834, -10.566348542076867, -10.5669790544448, -10.566663798260834, -10.5669790544448, -10.566663798260834, -10.5669790544448, -10.566663798260834, -10.566663798260834, -10.566663798260834, -10.5669790544448, -10.566663798260834, -10.566663798260834, -10.5669790544448, -10.5669790544448, -10.5669790544448, -10.566663798260834, -10.566663798260834, -10.566663798260834, -10.566663798260834, -10.566663798260834, -10.5669790544448, -10.5669790544448, -10.566663798260834, -10.566663798260834, -10.566663798260834, -10.566663798260834, -10.566348542076867, -10.566663798260834, -10.5669790544448, -10.566663798260834, -10.566348542076867, -10.566663798260834, -10.566348542076867, -10.566663798260834, -10.566663798260834, -10.5669790544448, -10.566663798260834, -10.566663798260834, -10.5669790544448, -10.566663798260834, -10.566663798260834, -10.566663798260834, -10.566663798260834, -10.566663798260834, -10.5669790544448, -10.566663798260834, -10.5669790544448, -10.566348542076867, -10.566663798260834, -10.566348542076867, -10.566348542076867, -10.5669790544448, -10.566663798260834, -10.566663798260834, -10.566663798260834, -10.566663798260834, -10.566663798260834, -10.566663798260834, -10.566663798260834, -10.566663798260834, -10.566663798260834, -10.566663798260834, -10.566348542076867, -10.566663798260834, -10.566663798260834, -10.5669790544448, -10.5669790544448, -10.566348542076867, -10.5669790544448, -10.566663798260834, -10.566663798260834, -10.566663798260834, -10.5669790544448, -10.566663798260834, -10.566663798260834, -10.5669790544448, -10.566663798260834, -10.5669790544448, -10.566663798260834, -10.566663798260834, -10.566663798260834, -10.566663798260834, -10.567294310628768, -10.566663798260834, -10.5669790544448, -10.566663798260834, -10.566348542076867, -10.567294310628768, -10.566663798260834, -10.5669790544448, -10.566348542076867, -10.5669790544448, -10.566663798260834, -10.566663798260834, -10.566663798260834, -10.566663798260834, -10.566348542076867, -10.566348542076867, -10.566663798260834, -10.566663798260834, -10.566663798260834, -10.566663798260834, -10.5669790544448, -10.5669790544448, -10.566663798260834, -10.566663798260834, -10.566663798260834, -10.566663798260834, -10.566348542076867, -10.566348542076867, -10.566663798260834, -10.5669790544448, -10.566663798260834, -10.5669790544448, -10.566348542076867, -10.5669790544448, -10.566663798260834, -10.5669790544448, -10.5669790544448, -10.566348542076867, -10.566663798260834, -10.5669790544448, -10.566663798260834, -10.5669790544448, -10.5669790544448, -10.5669790544448, -10.566663798260834, -10.566663798260834, -10.566663798260834, -10.566663798260834], \"AIN3\": [-10.566663798260834, -10.566663798260834, -10.566663798260834, -10.566663798260834, -10.566348542076867, -10.566663798260834, -10.566348542076867, -10.566663798260834, -10.5669790544448, -10.566348542076867, -10.5669790544448, -10.566663798260834, -10.566348542076867, -10.566663798260834, -10.5669790544448, -10.566663798260834, -10.567294310628768, -10.566663798260834, -10.566663798260834, -10.566663798260834, -10.566348542076867, -10.566663798260834, -10.566663798260834, -10.566663798260834, -10.566663798260834, -10.566663798260834, -10.566663798260834, -10.5669790544448, -10.566663798260834, -10.566348542076867, -10.5669790544448, -10.566663798260834, -10.566663798260834, -10.566663798260834, -10.566663798260834, -10.566663798260834, -10.566348542076867, -10.566348542076867, -10.5669790544448, -10.5669790544448, -10.5669790544448, -10.566663798260834, -10.566663798260834, -10.566348542076867, -10.566663798260834, -10.566663798260834, -10.566663798260834, -10.5669790544448, -10.566663798260834, -10.5669790544448, -10.566348542076867, -10.5669790544448, -10.5669790544448, -10.5669790544448, -10.566663798260834, -10.566663798260834, -10.566663798260834, -10.566348542076867, -10.566663798260834, -10.5669790544448, -10.566663798260834, -10.5669790544448, -10.566348542076867, -10.566663798260834, -10.566348542076867, -10.566663798260834, -10.5669790544448, -10.566663798260834, -10.566663798260834, -10.566348542076867, -10.566663798260834, -10.566663798260834, -10.566348542076867, -10.566663798260834, -10.566348542076867, -10.566348542076867, -10.566663798260834, -10.566348542076867, -10.566348542076867, -10.566663798260834, -10.566663798260834, -10.566663798260834, -10.566663798260834, -10.566348542076867, -10.566663798260834, -10.566663798260834, -10.5669790544448, -10.566663798260834, -10.5669790544448, -10.5669790544448, -10.5669790544448, -10.5669790544448, -10.566663798260834, -10.566663798260834, -10.566663798260834, -10.5669790544448, -10.5669790544448, -10.566348542076867, -10.566348542076867, -10.566348542076867, -10.566663798260834, -10.566663798260834, -10.566663798260834, -10.566663798260834, -10.566663798260834, -10.566348542076867, -10.566348542076867, -10.566348542076867, -10.5669790544448, -10.566663798260834, -10.566663798260834, -10.5669790544448, -10.566663798260834, -10.566663798260834, -10.566663798260834, -10.566663798260834, -10.5669790544448, -10.566663798260834, -10.566663798260834, -10.566348542076867, -10.5669790544448, -10.566663798260834, -10.566663798260834, -10.566348542076867, -10.566663798260834, -10.566663798260834, -10.566663798260834, -10.566663798260834, -10.566663798260834, -10.566348542076867, -10.566663798260834, -10.566663798260834, -10.566663798260834, -10.566348542076867, -10.5669790544448, -10.566663798260834, -10.566663798260834, -10.566348542076867, -10.566663798260834, -10.566348542076867, -10.566348542076867, -10.5669790544448, -10.566663798260834, -10.566663798260834, -10.5669790544448, -10.566663798260834, -10.566663798260834, -10.5669790544448, -10.566348542076867, -10.566663798260834, -10.5669790544448, -10.566663798260834, -10.566663798260834, -10.566348542076867, -10.566348542076867, -10.5669790544448, -10.566663798260834, -10.566663798260834, -10.566663798260834, -10.566663798260834, -10.5669790544448, -10.566663798260834, -10.5669790544448, -10.5669790544448, -10.566663798260834, -10.566663798260834, -10.566663798260834, -10.5669790544448, -10.566348542076867, -10.566348542076867, -10.566663798260834, -10.566663798260834, -10.566663798260834, -10.566348542076867, -10.566663798260834, -10.5669790544448, -10.567294310628768, -10.566663798260834, -10.5669790544448, -10.566663798260834, -10.5669790544448, -10.5669790544448, -10.566663798260834, -10.566663798260834, -10.566348542076867, -10.566663798260834, -10.5669790544448, -10.566663798260834, -10.566663798260834, -10.5669790544448, -10.566348542076867, -10.5669790544448, -10.5669790544448, -10.566663798260834, -10.566663798260834, -10.566348542076867, -10.5669790544448, -10.566663798260834, -10.566348542076867, -10.566663798260834, -10.566348542076867, -10.5669790544448, -10.566663798260834, -10.566348542076867, -10.566663798260834, -10.566663798260834, -10.566348542076867, -10.566348542076867, -10.5669790544448, -10.5669790544448, -10.5669790544448, -10.566348542076867, -10.566663798260834, -10.5669790544448, -10.566348542076867, -10.566663798260834, -10.566663798260834, -10.566663798260834, -10.566663798260834, -10.566663798260834, -10.566663798260834, -10.566348542076867, -10.566663798260834, -10.5669790544448, -10.5669790544448, -10.566663798260834, -10.566663798260834, -10.566663798260834, -10.566663798260834, -10.5669790544448, -10.566348542076867, -10.566348542076867, -10.566663798260834, -10.566663798260834, -10.566348542076867, -10.5669790544448, -10.566663798260834, -10.5669790544448, -10.566663798260834, -10.566348542076867, -10.5669790544448, -10.566663798260834, -10.5669790544448, -10.566663798260834, -10.566663798260834, -10.566663798260834, -10.566663798260834, -10.566663798260834, -10.566663798260834, -10.5669790544448]}, \"data_type\": \"<type 'collections.defaultdict'>\"}"}
{"message": "{\"timestamp\": 5.764767169952393, \"object_type\": \"standard\", \"data\": \"{ 'running_time':1.958994, 'x':0.3850001, 'z':1.370906E-08, 'view_angle':90.00001, 'x_mouse':0, 'y_mouse':0, 'context':'None', 'outcome':'None'}\", \"data_type\": \"<type 'str'>\"}"}
{"message": "{\"timestamp\": 5.765570163726807, \"object_type\": \"labjack_task\", \"data\": {\"write_value\": 0, \"register\": 6002, \"mode\": \"write\"}, \"data_type\": \"<type 'dict'>\"}"}
{"message": "{\"timestamp\": 5.766170978546143, \"object_type\": \"labjack_task\", \"data\": {\"write_value\": 0, \"register\": 6000, \"mode\": \"write\"}, \"data_type\": \"<type 'dict'>\"}"}
{"message": "{\"timestamp\": 5.766797065734863, \"object_type\": \"labjack_task\", \"data\": {\"write_value\": 0, \"register\": 6001, \"mode\": \"write\"}, \"data_type\": \"<type 'dict'>\"}"}
{"message": "{\"timestamp\": 5.791731119155884, \"object_type\": \"standard\", \"data\": \"{ 'running_time':1.986147, 'x':0.3850001, 'z':1.370906E-08, 'view_angle':90.00001, 'x_mouse':1.25, 'y_mouse':-0.25, 'context':'None', 'outcome':'None'}\", \"data_type\": \"<type 'str'>\"}"}
{"message": "{\"timestamp\": 5.792539119720459, \"object_type\": \"labjack_task\", \"data\": {\"write_value\": 0, \"register\": 6002, \"mode\": \"write\"}, \"data_type\": \"<type 'dict'>\"}"}
{"message": "{\"timestamp\": 5.793164014816284, \"object_type\": \"labjack_task\", \"data\": {\"write_value\": 0, \"register\": 6000, \"mode\": \"write\"}, \"data_type\": \"<type 'dict'>\"}"}
{"message": "{\"timestamp\": 5.7936670780181885, \"object_type\": \"labjack_task\", \"data\": {\"write_value\": 0, \"register\": 6001, \"mode\": \"write\"}, \"data_type\": \"<type 'dict'>\"}"}
{"message": "{\"timestamp\": 5.819852113723755, \"object_type\": \"standard\", \"data\": \"{ 'running_time':2.014177, 'x':0.3930001, 'z':1.275539E-08, 'view_angle':90.00001, 'x_mouse':2.75, 'y_mouse':-2.15, 'context':'None', 'outcome':'None'}\", \"data_type\": \"<type 'str'>\"}"}
{"message": "{\"timestamp\": 5.820681095123291, \"object_type\": \"labjack_task\", \"data\": {\"write_value\": 0, \"register\": 6002, \"mode\": \"write\"}, \"data_type\": \"<type 'dict'>\"}"}
{"message": "{\"timestamp\": 5.821377992630005, \"object_type\": \"labjack_task\", \"data\": {\"write_value\": 0, \"register\": 6000, \"mode\": \"write\"}, \"data_type\": \"<type 'dict'>\"}"}
{"message": "{\"timestamp\": 5.821930170059204, \"object_type\": \"labjack_task\", \"data\": {\"write_value\": 0, \"register\": 6001, \"mode\": \"write\"}, \"data_type\": \"<type 'dict'>\"}"}
{"message": "{\"timestamp\": 5.847805023193359, \"object_type\": \"standard\", \"data\": \"{ 'running_time':2.042028, 'x':0.4330001, 'z':7.987014E-09, 'view_angle':90.00001, 'x_mouse':1.65, 'y_mouse':-3.35, 'context':'None', 'outcome':'None'}\", \"data_type\": \"<type 'str'>\"}"}
{"message": "{\"timestamp\": 5.84857702255249, \"object_type\": \"labjack_task\", \"data\": {\"write_value\": 0, \"register\": 6002, \"mode\": \"write\"}, \"data_type\": \"<type 'dict'>\"}"}
{"message": "{\"timestamp\": 5.849190950393677, \"object_type\": \"labjack_task\", \"data\": {\"write_value\": 0, \"register\": 6000, \"mode\": \"write\"}, \"data_type\": \"<type 'dict'>\"}"}
{"message": "{\"timestamp\": 5.84981107711792, \"object_type\": \"labjack_task\", \"data\": {\"write_value\": 0, \"register\": 6001, \"mode\": \"write\"}, \"data_type\": \"<type 'dict'>\"}"}
{"message": "{\"timestamp\": 5.871656179428101, \"object_type\": \"standard\", \"data\": \"{ 'running_time':2.06597, 'x':0.465, 'z':4.172319E-09, 'view_angle':90.00001, 'x_mouse':0.55, 'y_mouse':-0.65, 'context':'None', 'outcome':'None'}\", \"data_type\": \"<type 'str'>\"}"}
{"message": "{\"timestamp\": 5.8724470138549805, \"object_type\": \"labjack_task\", \"data\": {\"write_value\": 0, \"register\": 6002, \"mode\": \"write\"}, \"data_type\": \"<type 'dict'>\"}"}
{"message": "{\"timestamp\": 5.872929096221924, \"object_type\": \"labjack_task\", \"data\": {\"write_value\": 0, \"register\": 6000, \"mode\": \"write\"}, \"data_type\": \"<type 'dict'>\"}"}
{"message": "{\"timestamp\": 5.873427152633667, \"object_type\": \"labjack_task\", \"data\": {\"write_value\": 0, \"register\": 6001, \"mode\": \"write\"}, \"data_type\": \"<type 'dict'>\"}"}
{"message": "{\"timestamp\": 5.899784088134766, \"object_type\": \"standard\", \"data\": \"{ 'running_time':2.094052, 'x':0.505, 'z':-5.96049E-10, 'view_angle':90.00001, 'x_mouse':0.7, 'y_mouse':-0.2, 'context':'None', 'outcome':'None'}\", \"data_type\": \"<type 'str'>\"}"}
{"message": "{\"timestamp\": 5.900583028793335, \"object_type\": \"labjack_task\", \"data\": {\"write_value\": 0, \"register\": 6002, \"mode\": \"write\"}, \"data_type\": \"<type 'dict'>\"}"}
{"message": "{\"timestamp\": 5.901173114776611, \"object_type\": \"labjack_task\", \"data\": {\"write_value\": 0, \"register\": 6000, \"mode\": \"write\"}, \"data_type\": \"<type 'dict'>\"}"}
{"message": "{\"timestamp\": 5.9017369747161865, \"object_type\": \"labjack_task\", \"data\": {\"write_value\": 0, \"register\": 6001, \"mode\": \"write\"}, \"data_type\": \"<type 'dict'>\"}"}
{"message": "{\"timestamp\": 5.928126096725464, \"object_type\": \"standard\", \"data\": \"{ 'running_time':2.12233, 'x':0.609, 'z':-1.29938E-08, 'view_angle':90.00001, 'x_mouse':2.45, 'y_mouse':0, 'context':'None', 'outcome':'None'}\", \"data_type\": \"<type 'str'>\"}"}
{"message": "{\"timestamp\": 5.928913116455078, \"object_type\": \"labjack_task\", \"data\": {\"write_value\": 0, \"register\": 6002, \"mode\": \"write\"}, \"data_type\": \"<type 'dict'>\"}"}
{"message": "{\"timestamp\": 5.929555177688599, \"object_type\": \"labjack_task\", \"data\": {\"write_value\": 0, \"register\": 6000, \"mode\": \"write\"}, \"data_type\": \"<type 'dict'>\"}"}
{"message": "{\"timestamp\": 5.930191993713379, \"object_type\": \"labjack_task\", \"data\": {\"write_value\": 0, \"register\": 6001, \"mode\": \"write\"}, \"data_type\": \"<type 'dict'>\"}"}
{"message": "{\"timestamp\": 5.9515700340271, \"object_type\": \"standard\", \"data\": \"{ 'running_time':2.145927, 'x':0.6729999, 'z':-2.062319E-08, 'view_angle':90.00001, 'x_mouse':3.3, 'y_mouse':0, 'context':'None', 'outcome':'None'}\", \"data_type\": \"<type 'str'>\"}"}
{"message": "{\"timestamp\": 5.952331066131592, \"object_type\": \"labjack_task\", \"data\": {\"write_value\": 0, \"register\": 6002, \"mode\": \"write\"}, \"data_type\": \"<type 'dict'>\"}"}
{"message": "{\"timestamp\": 5.952932119369507, \"object_type\": \"labjack_task\", \"data\": {\"write_value\": 0, \"register\": 6000, \"mode\": \"write\"}, \"data_type\": \"<type 'dict'>\"}"}
{"message": "{\"timestamp\": 5.9535441398620605, \"object_type\": \"labjack_task\", \"data\": {\"write_value\": 0, \"register\": 6001, \"mode\": \"write\"}, \"data_type\": \"<type 'dict'>\"}"}
{"message": "{\"timestamp\": 5.9797680377960205, \"object_type\": \"standard\", \"data\": \"{ 'running_time':2.174107, 'x':0.7449999, 'z':-2.920625E-08, 'view_angle':90.00001, 'x_mouse':3.8, 'y_mouse':0, 'context':'None', 'outcome':'None'}\", \"data_type\": \"<type 'str'>\"}"}
{"message": "{\"timestamp\": 5.9805450439453125, \"object_type\": \"labjack_task\", \"data\": {\"write_value\": 0, \"register\": 6002, \"mode\": \"write\"}, \"data_type\": \"<type 'dict'>\"}"}
{"message": "{\"timestamp\": 5.981717109680176, \"object_type\": \"labjack_task\", \"data\": {\"write_value\": 0, \"register\": 6000, \"mode\": \"write\"}, \"data_type\": \"<type 'dict'>\"}"}
{"message": "{\"timestamp\": 5.98239803314209, \"object_type\": \"labjack_task\", \"data\": {\"write_value\": 0, \"register\": 6001, \"mode\": \"write\"}, \"data_type\": \"<type 'dict'>\"}"}
{"message": "{\"timestamp\": 6.007874965667725, \"object_type\": \"standard\", \"data\": \"{ 'running_time':2.202102, 'x':0.9129997, 'z':-4.92334E-08, 'view_angle':90.00001, 'x_mouse':5.65, 'y_mouse':0, 'context':'None', 'outcome':'None'}\", \"data_type\": \"<type 'str'>\"}"}
{"message": "{\"timestamp\": 6.008658170700073, \"object_type\": \"labjack_task\", \"data\": {\"write_value\": 0, \"register\": 6002, \"mode\": \"write\"}, \"data_type\": \"<type 'dict'>\"}"}
{"message": "{\"timestamp\": 6.00916600227356, \"object_type\": \"labjack_task\", \"data\": {\"write_value\": 0, \"register\": 6000, \"mode\": \"write\"}, \"data_type\": \"<type 'dict'>\"}"}
{"message": "{\"timestamp\": 6.009690046310425, \"object_type\": \"labjack_task\", \"data\": {\"write_value\": 0, \"register\": 6001, \"mode\": \"write\"}, \"data_type\": \"<type 'dict'>\"}"}
{"message": "{\"timestamp\": 6.025393962860107, \"object_type\": \"labjack_stream\", \"data\": {\"AIN0\": [-10.566348542076867, -10.5669790544448, -10.566348542076867, -10.566663798260834, -10.566663798260834, -10.566663798260834, -10.566348542076867, -10.566663798260834, -10.5669790544448, -10.566663798260834, -10.566663798260834, -10.5660332858929, -10.5669790544448, -10.566663798260834, -10.566663798260834, -10.566663798260834, -10.5669790544448, -10.5669790544448, -10.566348542076867, -10.566663798260834, -10.566663798260834, -10.5669790544448, -10.566663798260834, -10.566663798260834, -10.566663798260834, -10.566663798260834, -10.5660332858929, -10.566663798260834, -10.566348542076867, -10.5669790544448, -10.566663798260834, -10.566348542076867, -10.566348542076867, -10.566663798260834, -10.566348542076867, -10.566663798260834, -10.5669790544448, -10.566663798260834, -10.566663798260834, -10.5669790544448, -10.566663798260834, -10.566663798260834, -10.566663798260834, -10.566663798260834, -10.5669790544448, -10.566663798260834, -10.566663798260834, -10.566348542076867, -10.5669790544448, -10.566663798260834, -10.566348542076867, -10.5669790544448, -10.566663798260834, -10.566663798260834, -10.5669790544448, -10.5669790544448, -10.566348542076867, -10.566348542076867, -10.566348542076867, -10.566663798260834, -10.566663798260834, -10.5669790544448, -10.566663798260834, -10.566348542076867, -10.5669790544448, -10.566663798260834, -10.566663798260834, -10.566663798260834, -10.5669790544448, -10.5669790544448, -10.566663798260834, -10.566663798260834, -10.566348542076867, -10.566348542076867, -10.566663798260834, -10.5669790544448, -10.566663798260834, -10.5669790544448, -10.566348542076867, -10.566348542076867, -10.566663798260834, -10.5669790544448, -10.566663798260834, -10.566663798260834, -10.566348542076867, -10.566663798260834, -10.5669790544448, -10.566663798260834, -10.566663798260834, -10.566663798260834, -10.566663798260834, -10.566663798260834, -10.566663798260834, -10.566663798260834, -10.566663798260834, -10.566663798260834, -10.566663798260834, -10.566348542076867, -10.566663798260834, -10.566348542076867, -10.567294310628768, -10.566663798260834, -10.566663798260834, -10.566348542076867, -10.5669790544448, -10.566663798260834, -10.566663798260834, -10.5669790544448, -10.566663798260834, -10.5669790544448, -10.566663798260834, -10.566663798260834, -10.566663798260834, -10.566663798260834, -10.566663798260834, -10.566663798260834, -10.566348542076867, -10.5669790544448, -10.566663798260834, -10.566663798260834, -10.566663798260834, -10.566663798260834, -10.566348542076867, -10.5669790544448, -10.566663798260834, -10.566348542076867, -10.566663798260834, -10.566663798260834, -10.566348542076867, -10.566348542076867, -10.566663798260834, -10.566663798260834, -10.5669790544448, -10.566663798260834, -10.566663798260834, -10.566663798260834, -10.5669790544448, -10.566348542076867, -10.566663798260834, -10.566348542076867, -10.566348542076867, -10.566663798260834, -10.566348542076867, -10.5669790544448, -10.566348542076867, -10.5669790544448, -10.566663798260834, -10.566348542076867, -10.566663798260834, -10.566348542076867, -10.5669790544448, -10.566348542076867, -10.5669790544448, -10.566348542076867, -10.5669790544448, -10.566348542076867, -10.566663798260834, -10.566663798260834, -10.566663798260834, -10.566663798260834, -10.566663798260834, -10.566663798260834, -10.566663798260834, -10.566663798260834, -10.566663798260834, -10.5669790544448, -10.566663798260834, -10.566663798260834, -10.566348542076867, -10.566663798260834, -10.566663798260834, -10.5669790544448, -10.566663798260834, -10.566663798260834, -10.5669790544448, -10.566348542076867, -10.566663798260834, -10.566663798260834, -10.5669790544448, -10.566663798260834, -10.5669790544448, -10.566663798260834, -10.566348542076867, -10.566663798260834, -10.5669790544448, -10.566663798260834, -10.566663798260834, -10.566663798260834, -10.5669790544448, -10.566348542076867, -10.566663798260834, -10.566348542076867, -10.566663798260834, -10.566348542076867, -10.566663798260834, -10.5669790544448, -10.566348542076867, -10.566663798260834, -10.5669790544448, -10.566663798260834, -10.566348542076867, -10.566663798260834, -10.566348542076867, -10.566663798260834, -10.566663798260834, -10.566663798260834, -10.5669790544448, -10.5669790544448, -10.566348542076867, -10.566663798260834, -10.566663798260834, -10.566348542076867, -10.5669790544448, -10.566663798260834, -10.566663798260834, -10.566663798260834, -10.566663798260834, -10.566663798260834, -10.566348542076867, -10.5669790544448, -10.566663798260834, -10.566663798260834, -10.566348542076867, -10.566663798260834, -10.566663798260834, -10.566348542076867, -10.566663798260834, -10.5669790544448, -10.5669790544448, -10.5669790544448, -10.566663798260834, -10.5669790544448, -10.566663798260834, -10.566663798260834, -10.566663798260834, -10.5669790544448, -10.566663798260834, -10.566663798260834, -10.566663798260834, -10.566348542076867, -10.5669790544448, -10.566663798260834, -10.566663798260834, -10.566663798260834, -10.566348542076867, -10.566663798260834, -10.566663798260834, -10.566663798260834, -10.566663798260834, -10.5669790544448], \"AIN1\": [-10.5669790544448, -10.566348542076867, -10.5669790544448, -10.566663798260834, -10.5669790544448, -10.5669790544448, -10.566348542076867, -10.5669790544448, -10.566663798260834, -10.5669790544448, -10.566663798260834, -10.566663798260834, -10.566663798260834, -10.566663798260834, -10.566663798260834, -10.566663798260834, -10.566348542076867, -10.566663798260834, -10.5669790544448, -10.566663798260834, -10.566348542076867, -10.5669790544448, -10.566663798260834, -10.5669790544448, -10.566663798260834, -10.5669790544448, -10.5669790544448, -10.566663798260834, -10.566348542076867, -10.566663798260834, -10.566663798260834, -10.566663798260834, -10.566663798260834, -10.566663798260834, -10.566348542076867, -10.566663798260834, -10.566663798260834, -10.566663798260834, -10.566663798260834, -10.5669790544448, -10.566663798260834, -10.5669790544448, -10.566663798260834, -10.566348542076867, -10.566348542076867, -10.5669790544448, -10.566663798260834, -10.566663798260834, -10.566663798260834, -10.566663798260834, -10.566663798260834, -10.566663798260834, -10.566663798260834, -10.566663798260834, -10.566663798260834, -10.5669790544448, -10.5669790544448, -10.5669790544448, -10.5669790544448, -10.5669790544448, -10.5669790544448, -10.566663798260834, -10.5669790544448, -10.566348542076867, -10.566663798260834, -10.5669790544448, -10.566663798260834, -10.566663798260834, -10.566663798260834, -10.566663798260834, -10.566348542076867, -10.566348542076867, -10.566663798260834, -10.5669790544448, -10.566663798260834, -10.5669790544448, -10.5669790544448, -10.566663798260834, -10.566663798260834, -10.566663798260834, -10.566663798260834, -10.566348542076867, -10.566663798260834, -10.5669790544448, -10.5669790544448, -10.566348542076867, -10.5669790544448, -10.5669790544448, -10.566663798260834, -10.5669790544448, -10.5669790544448, -10.5669790544448, -10.566663798260834, -10.566348542076867, -10.5669790544448, -10.566663798260834, -10.566348542076867, -10.5669790544448, -10.566663798260834, -10.566663798260834, -10.566348542076867, -10.566663798260834, -10.566348542076867, -10.566663798260834, -10.5669790544448, -10.5669790544448, -10.566663798260834, -10.566663798260834, -10.5669790544448, -10.566663798260834, -10.566663798260834, -10.566348542076867, -10.5669790544448, -10.5669790544448, -10.566663798260834, -10.566663798260834, -10.566663798260834, -10.5669790544448, -10.566663798260834, -10.566348542076867, -10.566348542076867, -10.566663798260834, -10.566663798260834, -10.5669790544448, -10.566663798260834, -10.5669790544448, -10.566663798260834, -10.5669790544448, -10.566663798260834, -10.566663798260834, -10.566348542076867, -10.566663798260834, -10.566663798260834, -10.566663798260834, -10.5669790544448, -10.566663798260834, -10.566663798260834, -10.5669790544448, -10.566663798260834, -10.566663798260834, -10.5669790544448, -10.566663798260834, -10.566663798260834, -10.566663798260834, -10.5669790544448, -10.566663798260834, -10.5669790544448, -10.566663798260834, -10.566663798260834, -10.5669790544448, -10.566663798260834, -10.5669790544448, -10.5669790544448, -10.566663798260834, -10.5669790544448, -10.566663798260834, -10.566348542076867, -10.5669790544448, -10.5669790544448, -10.566348542076867, -10.566663798260834, -10.5669790544448, -10.5669790544448, -10.566663798260834, -10.566663798260834, -10.566663798260834, -10.566348542076867, -10.566348542076867, -10.566348542076867, -10.566348542076867, -10.566663798260834, -10.566663798260834, -10.566663798260834, -10.566663798260834, -10.566348542076867, -10.5669790544448, -10.566663798260834, -10.566663798260834, -10.5669790544448, -10.566348542076867, -10.566663798260834, -10.566663798260834, -10.566348542076867, -10.5669790544448, -10.566663798260834, -10.566663798260834, -10.5669790544448, -10.5669790544448, -10.5669790544448, -10.566663798260834, -10.566663798260834, -10.5669790544448, -10.5669790544448, -10.5669790544448, -10.566663798260834, -10.566663798260834, -10.566663798260834, -10.5669790544448, -10.566663798260834, -10.5669790544448, -10.566663798260834, -10.5669790544448, -10.5669790544448, -10.566348542076867, -10.5669790544448, -10.566663798260834, -10.566663798260834, -10.5669790544448, -10.566348542076867, -10.566663798260834, -10.566348542076867, -10.566663798260834, -10.5669790544448, -10.566348542076867, -10.566348542076867, -10.566663798260834, -10.566348542076867, -10.5669790544448, -10.566663798260834, -10.5669790544448, -10.566348542076867, -10.566663798260834, -10.566348542076867, -10.566663798260834, -10.566348542076867, -10.5669790544448, -10.566663798260834, -10.566663798260834, -10.5669790544448, -10.5669790544448, -10.5669790544448, -10.5669790544448, -10.566663798260834, -10.5669790544448, -10.5669790544448, -10.566663798260834, -10.566348542076867, -10.566663798260834, -10.566663798260834, -10.566663798260834, -10.566663798260834, -10.566663798260834, -10.566663798260834, -10.5669790544448, -10.566663798260834, -10.566663798260834, -10.566348542076867, -10.5669790544448, -10.566663798260834, -10.566663798260834], \"AIN2\": [-10.566663798260834, -10.5669790544448, -10.5669790544448, -10.566348542076867, -10.566663798260834, -10.5669790544448, -10.566663798260834, -10.5669790544448, -10.566348542076867, -10.5669790544448, -10.5669790544448, -10.5669790544448, -10.5669790544448, -10.566348542076867, -10.566663798260834, -10.566663798260834, -10.5669790544448, -10.566663798260834, -10.566663798260834, -10.566663798260834, -10.5669790544448, -10.566663798260834, -10.566663798260834, -10.566663798260834, -10.566663798260834, -10.566663798260834, -10.566663798260834, -10.566663798260834, -10.566663798260834, -10.566663798260834, -10.566663798260834, -10.566663798260834, -10.566348542076867, -10.5660332858929, -10.566663798260834, -10.5669790544448, -10.5669790544448, -10.5669790544448, -10.566663798260834, -10.566663798260834, -10.566663798260834, -10.566348542076867, -10.5669790544448, -10.5669790544448, -10.5669790544448, -10.566663798260834, -10.566663798260834, -10.566663798260834, -10.566663798260834, -10.566663798260834, -10.566663798260834, -10.566348542076867, -10.566663798260834, -10.566663798260834, -10.566663798260834, -10.566663798260834, -10.566348542076867, -10.5669790544448, -10.566663798260834, -10.566348542076867, -10.566663798260834, -10.5669790544448, -10.566663798260834, -10.566663798260834, -10.566663798260834, -10.5669790544448, -10.5669790544448, -10.566663798260834, -10.566663798260834, -10.5669790544448, -10.566663798260834, -10.5669790544448, -10.566663798260834, -10.566663798260834, -10.5669790544448, -10.566663798260834, -10.566663798260834, -10.566663798260834, -10.566663798260834, -10.566663798260834, -10.566348542076867, -10.566348542076867, -10.566663798260834, -10.5669790544448, -10.566348542076867, -10.566348542076867, -10.566663798260834, -10.5669790544448, -10.566663798260834, -10.566663798260834, -10.5669790544448, -10.566663798260834, -10.566663798260834, -10.566663798260834, -10.5669790544448, -10.566663798260834, -10.566663798260834, -10.566663798260834, -10.566348542076867, -10.566663798260834, -10.566348542076867, -10.566663798260834, -10.5669790544448, -10.5669790544448, -10.566663798260834, -10.5669790544448, -10.566663798260834, -10.566663798260834, -10.5669790544448, -10.566663798260834, -10.566348542076867, -10.5669790544448, -10.5669790544448, -10.566663798260834, -10.566663798260834, -10.566663798260834, -10.5669790544448, -10.566348542076867, -10.566663798260834, -10.566663798260834, -10.5669790544448, -10.566663798260834, -10.566348542076867, -10.566348542076867, -10.566663798260834, -10.566348542076867, -10.5669790544448, -10.5669790544448, -10.566348542076867, -10.5669790544448, -10.566663798260834, -10.5669790544448, -10.566663798260834, -10.5669790544448, -10.566663798260834, -10.566348542076867, -10.566663798260834, -10.566663798260834, -10.566663798260834, -10.566663798260834, -10.566663798260834, -10.5669790544448, -10.5669790544448, -10.5669790544448, -10.566663798260834, -10.566663798260834, -10.566663798260834, -10.566663798260834, -10.566348542076867, -10.566663798260834, -10.566663798260834, -10.566663798260834, -10.566663798260834, -10.566663798260834, -10.5669790544448, -10.566663798260834, -10.566663798260834, -10.566663798260834, -10.566663798260834, -10.566348542076867, -10.566663798260834, -10.566348542076867, -10.5669790544448, -10.566348542076867, -10.566663798260834, -10.566663798260834, -10.566663798260834, -10.566348542076867, -10.566663798260834, -10.5669790544448, -10.566663798260834, -10.5669790544448, -10.5669790544448, -10.566663798260834, -10.5669790544448, -10.566663798260834, -10.566663798260834, -10.566663798260834, -10.566348542076867, -10.5669790544448, -10.5669790544448, -10.566663798260834, -10.566663798260834, -10.5669790544448, -10.566663798260834, -10.566663798260834, -10.566663798260834, -10.5669790544448, -10.566348542076867, -10.5669790544448, -10.566663798260834, -10.5669790544448, -10.566348542076867, -10.566663798260834, -10.566348542076867, -10.5669790544448, -10.566348542076867, -10.566348542076867, -10.5669790544448, -10.566348542076867, -10.566663798260834, -10.566663798260834, -10.566663798260834, -10.566663798260834, -10.566663798260834, -10.566663798260834, -10.566348542076867, -10.566348542076867, -10.566663798260834, -10.5669790544448, -10.566663798260834, -10.566663798260834, -10.566663798260834, -10.566663798260834, -10.566663798260834, -10.5669790544448, -10.5669790544448, -10.5669790544448, -10.566663798260834, -10.5669790544448, -10.566663798260834, -10.5669790544448, -10.566663798260834, -10.5669790544448, -10.5669790544448, -10.566663798260834, -10.566663798260834, -10.566348542076867, -10.566663798260834, -10.566663798260834, -10.566663798260834, -10.566348542076867, -10.566663798260834, -10.566663798260834, -10.566663798260834, -10.566663798260834, -10.566663798260834, -10.566663798260834, -10.5669790544448, -10.566348542076867, -10.566663798260834, -10.566663798260834, -10.566663798260834, -10.566663798260834, -10.5669790544448, -10.566348542076867, -10.5669790544448, -10.5669790544448, -10.566663798260834, -10.566663798260834], \"AIN3\": [-10.5669790544448, -10.566663798260834, -10.5669790544448, -10.566663798260834, -10.566348542076867, -10.5669790544448, -10.566663798260834, -10.566663798260834, -10.566663798260834, -10.566348542076867, -10.566663798260834, -10.566663798260834, -10.5669790544448, -10.566348542076867, -10.566663798260834, -10.566663798260834, -10.5669790544448, -10.5669790544448, -10.566663798260834, -10.566663798260834, -10.5669790544448, -10.566348542076867, -10.566663798260834, -10.566348542076867, -10.5669790544448, -10.566663798260834, -10.566663798260834, -10.566663798260834, -10.566663798260834, -10.566663798260834, -10.566348542076867, -10.566663798260834, -10.566663798260834, -10.566663798260834, -10.566663798260834, -10.566663798260834, -10.566663798260834, -10.566663798260834, -10.5669790544448, -10.566348542076867, -10.5669790544448, -10.566348542076867, -10.566663798260834, -10.5669790544448, -10.566348542076867, -10.5669790544448, -10.566348542076867, -10.566663798260834, -10.5669790544448, -10.566663798260834, -10.5669790544448, -10.5669790544448, -10.5669790544448, -10.566663798260834, -10.566348542076867, -10.566663798260834, -10.566663798260834, -10.566663798260834, -10.566663798260834, -10.566663798260834, -10.566663798260834, -10.566663798260834, -10.566663798260834, -10.566348542076867, -10.5669790544448, -10.566663798260834, -10.566663798260834, -10.566663798260834, -10.566663798260834, -10.5669790544448, -10.566663798260834, -10.566348542076867, -10.566663798260834, -10.566663798260834, -10.566663798260834, -10.566663798260834, -10.5669790544448, -10.566663798260834, -10.566663798260834, -10.5669790544448, -10.566663798260834, -10.566663798260834, -10.5669790544448, -10.566663798260834, -10.5669790544448, -10.566663798260834, -10.566663798260834, -10.566663798260834, -10.566663798260834, -10.566663798260834, -10.566663798260834, -10.5669790544448, -10.566348542076867, -10.566663798260834, -10.5669790544448, -10.566663798260834, -10.566663798260834, -10.566663798260834, -10.566348542076867, -10.566663798260834, -10.566663798260834, -10.566663798260834, -10.566348542076867, -10.5669790544448, -10.5669790544448, -10.566348542076867, -10.566663798260834, -10.566663798260834, -10.5669790544448, -10.5669790544448, -10.566348542076867, -10.566663798260834, -10.566663798260834, -10.566663798260834, -10.566663798260834, -10.566663798260834, -10.5669790544448, -10.566663798260834, -10.566663798260834, -10.5669790544448, -10.566663798260834, -10.5669790544448, -10.5669790544448, -10.5669790544448, -10.5669790544448, -10.566348542076867, -10.566663798260834, -10.5669790544448, -10.5669790544448, -10.566663798260834, -10.566663798260834, -10.566663798260834, -10.566663798260834, -10.566348542076867, -10.5669790544448, -10.566663798260834, -10.566663798260834, -10.566348542076867, -10.566663798260834, -10.566348542076867, -10.566663798260834, -10.5669790544448, -10.5669790544448, -10.566663798260834, -10.566663798260834, -10.566663798260834, -10.566663798260834, -10.566663798260834, -10.566663798260834, -10.5669790544448, -10.566663798260834, -10.566663798260834, -10.566348542076867, -10.566663798260834, -10.566348542076867, -10.5669790544448, -10.5669790544448, -10.566663798260834, -10.566663798260834, -10.566663798260834, -10.566663798260834, -10.566348542076867, -10.566348542076867, -10.566663798260834, -10.566663798260834, -10.566348542076867, -10.566348542076867, -10.566663798260834, -10.5669790544448, -10.566348542076867, -10.566663798260834, -10.566663798260834, -10.5669790544448, -10.5669790544448, -10.5669790544448, -10.5669790544448, -10.566663798260834, -10.566663798260834, -10.566348542076867, -10.566663798260834, -10.5669790544448, -10.566663798260834, -10.566663798260834, -10.566663798260834, -10.566663798260834, -10.5669790544448, -10.566663798260834, -10.566663798260834, -10.566663798260834, -10.5669790544448, -10.566663798260834, -10.5669790544448, -10.5669790544448, -10.5669790544448, -10.566663798260834, -10.566663798260834, -10.566663798260834, -10.5669790544448, -10.566663798260834, -10.566663798260834, -10.566348542076867, -10.566663798260834, -10.5669790544448, -10.566663798260834, -10.5669790544448, -10.566663798260834, -10.566348542076867, -10.566348542076867, -10.566663798260834, -10.5669790544448, -10.566663798260834, -10.566663798260834, -10.5669790544448, -10.566663798260834, -10.566663798260834, -10.566663798260834, -10.566663798260834, -10.566348542076867, -10.566663798260834, -10.566348542076867, -10.566663798260834, -10.566663798260834, -10.566663798260834, -10.566663798260834, -10.566663798260834, -10.5669790544448, -10.566663798260834, -10.566663798260834, -10.566663798260834, -10.5669790544448, -10.566663798260834, -10.566663798260834, -10.566663798260834, -10.5669790544448, -10.566663798260834, -10.5669790544448, -10.5669790544448, -10.566348542076867, -10.566663798260834, -10.5669790544448, -10.566663798260834, -10.5669790544448, -10.5669790544448, -10.5669790544448, -10.566663798260834, -10.566663798260834, -10.566663798260834, -10.5669790544448, -10.5669790544448, -10.5669790544448]}, \"data_type\": \"<type 'collections.defaultdict'>\"}"}
{"message": "{\"timestamp\": 6.031506061553955, \"object_type\": \"standard\", \"data\": \"{ 'running_time':2.225916, 'x':1.009, 'z':-6.067747E-08, 'view_angle':90.00001, 'x_mouse':4, 'y_mouse':0, 'context':'None', 'outcome':'None'}\", \"data_type\": \"<type 'str'>\"}"}
{"message": "{\"timestamp\": 6.03226900100708, \"object_type\": \"labjack_task\", \"data\": {\"write_value\": 0, \"register\": 6002, \"mode\": \"write\"}, \"data_type\": \"<type 'dict'>\"}"}
{"message": "{\"timestamp\": 6.0327301025390625, \"object_type\": \"labjack_task\", \"data\": {\"write_value\": 0, \"register\": 6000, \"mode\": \"write\"}, \"data_type\": \"<type 'dict'>\"}"}
{"message": "{\"timestamp\": 6.033281087875366, \"object_type\": \"labjack_task\", \"data\": {\"write_value\": 0, \"register\": 6001, \"mode\": \"write\"}, \"data_type\": \"<type 'dict'>\"}"}
{"message": "{\"timestamp\": 6.05977201461792, \"object_type\": \"standard\", \"data\": \"{ 'running_time':2.25412, 'x':1.113, 'z':-7.307523E-08, 'view_angle':90.00001, 'x_mouse':3, 'y_mouse':0.5, 'context':'None', 'outcome':'None'}\", \"data_type\": \"<type 'str'>\"}"}
{"message": "{\"timestamp\": 6.06053900718689, \"object_type\": \"labjack_task\", \"data\": {\"write_value\": 0, \"register\": 6002, \"mode\": \"write\"}, \"data_type\": \"<type 'dict'>\"}"}
{"message": "{\"timestamp\": 6.061220169067383, \"object_type\": \"labjack_task\", \"data\": {\"write_value\": 0, \"register\": 6000, \"mode\": \"write\"}, \"data_type\": \"<type 'dict'>\"}"}
{"message": "{\"timestamp\": 6.061794996261597, \"object_type\": \"labjack_task\", \"data\": {\"write_value\": 0, \"register\": 6001, \"mode\": \"write\"}, \"data_type\": \"<type 'dict'>\"}"}
{"message": "{\"timestamp\": 6.087983131408691, \"object_type\": \"standard\", \"data\": \"{ 'running_time':2.282298, 'x':1.344999, 'z':-1.007317E-07, 'view_angle':90.00001, 'x_mouse':3.15, 'y_mouse':1.1, 'context':'None', 'outcome':'None'}\", \"data_type\": \"<type 'str'>\"}"}
{"message": "{\"timestamp\": 6.088766098022461, \"object_type\": \"labjack_task\", \"data\": {\"write_value\": 0, \"register\": 6002, \"mode\": \"write\"}, \"data_type\": \"<type 'dict'>\"}"}
{"message": "{\"timestamp\": 6.089401006698608, \"object_type\": \"labjack_task\", \"data\": {\"write_value\": 0, \"register\": 6000, \"mode\": \"write\"}, \"data_type\": \"<type 'dict'>\"}"}
{"message": "{\"timestamp\": 6.089897155761719, \"object_type\": \"labjack_task\", \"data\": {\"write_value\": 0, \"register\": 6001, \"mode\": \"write\"}, \"data_type\": \"<type 'dict'>\"}"}
{"message": "{\"timestamp\": 6.111567974090576, \"object_type\": \"standard\", \"data\": \"{ 'running_time':2.305945, 'x':1.472999, 'z':-1.159905E-07, 'view_angle':90.00001, 'x_mouse':3.1, 'y_mouse':0.9, 'context':'None', 'outcome':'None'}\", \"data_type\": \"<type 'str'>\"}"}
{"message": "{\"timestamp\": 6.112429141998291, \"object_type\": \"labjack_task\", \"data\": {\"write_value\": 0, \"register\": 6002, \"mode\": \"write\"}, \"data_type\": \"<type 'dict'>\"}"}
{"message": "{\"timestamp\": 6.113033056259155, \"object_type\": \"labjack_task\", \"data\": {\"write_value\": 0, \"register\": 6000, \"mode\": \"write\"}, \"data_type\": \"<type 'dict'>\"}"}
{"message": "{\"timestamp\": 6.113531112670898, \"object_type\": \"labjack_task\", \"data\": {\"write_value\": 0, \"register\": 6001, \"mode\": \"write\"}, \"data_type\": \"<type 'dict'>\"}"}
{"message": "{\"timestamp\": 6.139695167541504, \"object_type\": \"standard\", \"data\": \"{ 'running_time':2.334066, 'x':1.608999, 'z':-1.32203E-07, 'view_angle':90.00001, 'x_mouse':2.15, 'y_mouse':0.85, 'context':'None', 'outcome':'None'}\", \"data_type\": \"<type 'str'>\"}"}
{"message": "{\"timestamp\": 6.140499114990234, \"object_type\": \"labjack_task\", \"data\": {\"write_value\": 0, \"register\": 6002, \"mode\": \"write\"}, \"data_type\": \"<type 'dict'>\"}"}
{"message": "{\"timestamp\": 6.1410369873046875, \"object_type\": \"labjack_task\", \"data\": {\"write_value\": 0, \"register\": 6000, \"mode\": \"write\"}, \"data_type\": \"<type 'dict'>\"}"}
{"message": "{\"timestamp\": 6.141702175140381, \"object_type\": \"labjack_task\", \"data\": {\"write_value\": 0, \"register\": 6001, \"mode\": \"write\"}, \"data_type\": \"<type 'dict'>\"}"}
{"message": "{\"timestamp\": 6.167963981628418, \"object_type\": \"standard\", \"data\": \"{ 'running_time':2.362223, 'x':1.904999, 'z':-1.674889E-07, 'view_angle':90.00001, 'x_mouse':0.9, 'y_mouse':0.6, 'context':'None', 'outcome':'None'}\", \"data_type\": \"<type 'str'>\"}"}
{"message": "{\"timestamp\": 6.1686530113220215, \"object_type\": \"labjack_task\", \"data\": {\"write_value\": 0, \"register\": 6002, \"mode\": \"write\"}, \"data_type\": \"<type 'dict'>\"}"}
{"message": "{\"timestamp\": 6.169152021408081, \"object_type\": \"labjack_task\", \"data\": {\"write_value\": 0, \"register\": 6000, \"mode\": \"write\"}, \"data_type\": \"<type 'dict'>\"}"}
{"message": "{\"timestamp\": 6.169651985168457, \"object_type\": \"labjack_task\", \"data\": {\"write_value\": 0, \"register\": 6001, \"mode\": \"write\"}, \"data_type\": \"<type 'dict'>\"}"}
{"message": "{\"timestamp\": 6.192123174667358, \"object_type\": \"standard\", \"data\": \"{ 'running_time':2.386546, 'x':2.048998, 'z':-1.84655E-07, 'view_angle':90.00001, 'x_mouse':0, 'y_mouse':0.15, 'context':'None', 'outcome':'None'}\", \"data_type\": \"<type 'str'>\"}"}
{"message": "{\"timestamp\": 6.192852973937988, \"object_type\": \"labjack_task\", \"data\": {\"write_value\": 0, \"register\": 6002, \"mode\": \"write\"}, \"data_type\": \"<type 'dict'>\"}"}
{"message": "{\"timestamp\": 6.193406105041504, \"object_type\": \"labjack_task\", \"data\": {\"write_value\": 0, \"register\": 6000, \"mode\": \"write\"}, \"data_type\": \"<type 'dict'>\"}"}
{"message": "{\"timestamp\": 6.193900108337402, \"object_type\": \"labjack_task\", \"data\": {\"write_value\": 0, \"register\": 6001, \"mode\": \"write\"}, \"data_type\": \"<type 'dict'>\"}"}
{"message": "{\"timestamp\": 6.219647169113159, \"object_type\": \"standard\", \"data\": \"{ 'running_time':2.414024, 'x':2.184998, 'z':-2.008674E-07, 'view_angle':90.00001, 'x_mouse':-1.2, 'y_mouse':0.05, 'context':'None', 'outcome':'None'}\", \"data_type\": \"<type 'str'>\"}"}
{"message": "{\"timestamp\": 6.220523118972778, \"object_type\": \"labjack_task\", \"data\": {\"write_value\": 0, \"register\": 6002, \"mode\": \"write\"}, \"data_type\": \"<type 'dict'>\"}"}
{"message": "{\"timestamp\": 6.221157073974609, \"object_type\": \"labjack_task\", \"data\": {\"write_value\": 0, \"register\": 6000, \"mode\": \"write\"}, \"data_type\": \"<type 'dict'>\"}"}
{"message": "{\"timestamp\": 6.221778154373169, \"object_type\": \"labjack_task\", \"data\": {\"write_value\": 0, \"register\": 6001, \"mode\": \"write\"}, \"data_type\": \"<type 'dict'>\"}"}
{"message": "{\"timestamp\": 6.247321128845215, \"object_type\": \"labjack_stream\", \"data\": {\"AIN0\": [-10.566348542076867, -10.566663798260834, -10.566663798260834, -10.566663798260834, -10.5669790544448, -10.566663798260834, -10.5669790544448, -10.566663798260834, -10.566348542076867, -10.5669790544448, -10.566663798260834, -10.5669790544448, -10.566663798260834, -10.566663798260834, -10.566663798260834, -10.566663798260834, -10.5669790544448, -10.566348542076867, -10.5669790544448, -10.566663798260834, -10.566663798260834, -10.566663798260834, -10.566663798260834, -10.566663798260834, -10.566663798260834, -10.566348542076867, -10.566663798260834, -10.566348542076867, -10.566663798260834, -10.566348542076867, -10.5669790544448, -10.566663798260834, -10.566663798260834, -10.566663798260834, -10.566663798260834, -10.566663798260834, -10.5669790544448, -10.566348542076867, -10.566663798260834, -10.566663798260834, -10.5669790544448, -10.5669790544448, -10.566663798260834, -10.566663798260834, -10.5669790544448, -10.566663798260834, -10.566348542076867, -10.566663798260834, -10.566663798260834, -10.566663798260834, -10.566663798260834, -10.566663798260834, -10.566663798260834, -10.566348542076867, -10.566348542076867, -10.566663798260834, -10.566663798260834, -10.566348542076867, -10.5669790544448, -10.566663798260834, -10.566663798260834, -10.566663798260834, -10.566348542076867, -10.566663798260834, -10.566663798260834, -10.566663798260834, -10.5669790544448, -10.566348542076867, -10.566663798260834, -10.5669790544448, -10.566663798260834, -10.566663798260834, -10.5669790544448, -10.566348542076867, -10.566348542076867, -10.566663798260834, -10.566663798260834, -10.5669790544448, -10.566348542076867, -10.566663798260834, -10.566663798260834, -10.5669790544448, -10.566348542076867, -10.566663798260834, -10.5669790544448, -10.566663798260834, -10.566663798260834, -10.566348542076867, -10.566663798260834, -10.566348542076867, -10.566663798260834, -10.566663798260834, -10.566348542076867, -10.566663798260834, -10.566663798260834, -10.566663798260834, -10.566663798260834, -10.5669790544448, -10.5669790544448, -10.566663798260834, -10.566663798260834, -10.566348542076867, -10.566663798260834, -10.566348542076867, -10.566663798260834, -10.566663798260834, -10.566663798260834, -10.566663798260834, -10.566663798260834, -10.566663798260834, -10.566348542076867, -10.566663798260834, -10.566663798260834, -10.566348542076867, -10.566663798260834, -10.566663798260834, -10.566663798260834, -10.566348542076867, -10.566663798260834, -10.5669790544448, -10.566663798260834, -10.566663798260834, -10.566663798260834, -10.566663798260834, -10.566663798260834, -10.566663798260834, -10.566663798260834, -10.566663798260834, -10.566663798260834, -10.566663798260834, -10.566348542076867, -10.566663798260834, -10.566348542076867, -10.5669790544448, -10.566348542076867, -10.5669790544448, -10.566663798260834, -10.566663798260834, -10.566663798260834, -10.566348542076867, -10.566348542076867, -10.566663798260834, -10.566663798260834, -10.566663798260834, -10.5669790544448, -10.566663798260834, -10.566663798260834, -10.566348542076867, -10.566663798260834, -10.566663798260834, -10.566348542076867, -10.566348542076867, -10.566663798260834, -10.566663798260834, -10.566663798260834, -10.566663798260834, -10.566663798260834, -10.5669790544448, -10.566663798260834, -10.5669790544448, -10.566348542076867, -10.566348542076867, -10.5669790544448, -10.566663798260834, -10.566663798260834, -10.566663798260834, -10.566663798260834, -10.566663798260834, -10.5669790544448, -10.5669790544448, -10.566663798260834, -10.5669790544448, -10.566663798260834, -10.5669790544448, -10.5669790544448, -10.566663798260834, -10.5669790544448, -10.5669790544448, -10.5669790544448, -10.566663798260834, -10.566663798260834, -10.566348542076867, -10.566663798260834, -10.566663798260834, -10.566663798260834, -10.566663798260834, -10.5669790544448, -10.566348542076867, -10.566663798260834, -10.566348542076867, -10.566663798260834, -10.5669790544448, -10.566348542076867, -10.566663798260834, -10.566348542076867, -10.566663798260834, -10.566663798260834, -10.566663798260834, -10.566663798260834, -10.566663798260834, -10.5669790544448, -10.566663798260834, -10.566348542076867, -10.566663798260834, -10.5669790544448, -10.5669790544448, -10.566663798260834, -10.5669790544448, -10.566663798260834, -10.566663798260834, -10.566348542076867, -10.566663798260834, -10.566663798260834, -10.566663798260834, -10.5669790544448, -10.566348542076867, -10.566663798260834, -10.566663798260834, -10.5669790544448, -10.5669790544448, -10.566663798260834, -10.5669790544448, -10.566663798260834, -10.566663798260834, -10.566663798260834, -10.566348542076867, -10.566663798260834, -10.566663798260834, -10.566663798260834, -10.566663798260834, -10.566663798260834, -10.566663798260834, -10.566663798260834, -10.566663798260834, -10.566348542076867, -10.566663798260834, -10.566663798260834, -10.566663798260834, -10.566663798260834, -10.5669790544448, -10.566663798260834, -10.566663798260834, -10.566663798260834, -10.566348542076867, -10.566348542076867, -10.5669790544448, -10.566663798260834, -10.566663798260834, -10.566663798260834, -10.566663798260834], \"AIN1\": [-10.566663798260834, -10.566348542076867, -10.566663798260834, -10.566663798260834, -10.5669790544448, -10.5669790544448, -10.566348542076867, -10.5669790544448, -10.566663798260834, -10.566663798260834, -10.5669790544448, -10.566663798260834, -10.5669790544448, -10.566348542076867, -10.5669790544448, -10.566663798260834, -10.566663798260834, -10.5669790544448, -10.566663798260834, -10.566663798260834, -10.566663798260834, -10.5669790544448, -10.566663798260834, -10.5669790544448, -10.566348542076867, -10.5669790544448, -10.566663798260834, -10.566663798260834, -10.566663798260834, -10.566663798260834, -10.5669790544448, -10.5669790544448, -10.566663798260834, -10.566663798260834, -10.566663798260834, -10.566663798260834, -10.566663798260834, -10.566348542076867, -10.566348542076867, -10.5669790544448, -10.566663798260834, -10.566663798260834, -10.566663798260834, -10.566663798260834, -10.566663798260834, -10.5669790544448, -10.5669790544448, -10.566348542076867, -10.566663798260834, -10.566663798260834, -10.566348542076867, -10.5669790544448, -10.566663798260834, -10.566663798260834, -10.566663798260834, -10.566663798260834, -10.566663798260834, -10.5669790544448, -10.566663798260834, -10.566663798260834, -10.566663798260834, -10.566348542076867, -10.566663798260834, -10.566348542076867, -10.5669790544448, -10.566348542076867, -10.566663798260834, -10.566663798260834, -10.566663798260834, -10.566663798260834, -10.5669790544448, -10.566663798260834, -10.566663798260834, -10.566663798260834, -10.566663798260834, -10.566663798260834, -10.566663798260834, -10.566663798260834, -10.566348542076867, -10.566663798260834, -10.5669790544448, -10.566663798260834, -10.5669790544448, -10.566663798260834, -10.566663798260834, -10.566663798260834, -10.5669790544448, -10.5669790544448, -10.566348542076867, -10.566663798260834, -10.566348542076867, -10.567294310628768, -10.566663798260834, -10.566348542076867, -10.566663798260834, -10.566663798260834, -10.566348542076867, -10.566348542076867, -10.5669790544448, -10.566663798260834, -10.566663798260834, -10.5669790544448, -10.566663798260834, -10.566348542076867, -10.566663798260834, -10.566663798260834, -10.566663798260834, -10.5669790544448, -10.566348542076867, -10.5669790544448, -10.566663798260834, -10.566663798260834, -10.566663798260834, -10.566663798260834, -10.566663798260834, -10.5669790544448, -10.566348542076867, -10.566348542076867, -10.566663798260834, -10.5669790544448, -10.5669790544448, -10.566663798260834, -10.566663798260834, -10.5669790544448, -10.566348542076867, -10.566663798260834, -10.5669790544448, -10.5669790544448, -10.566663798260834, -10.566348542076867, -10.566348542076867, -10.5669790544448, -10.566663798260834, -10.5669790544448, -10.566663798260834, -10.5669790544448, -10.566663798260834, -10.566663798260834, -10.566663798260834, -10.566663798260834, -10.566663798260834, -10.566663798260834, -10.566663798260834, -10.5669790544448, -10.566663798260834, -10.566348542076867, -10.566348542076867, -10.566663798260834, -10.566663798260834, -10.5669790544448, -10.566348542076867, -10.566663798260834, -10.5669790544448, -10.5669790544448, -10.5669790544448, -10.566348542076867, -10.566348542076867, -10.5669790544448, -10.566348542076867, -10.566663798260834, -10.5669790544448, -10.566663798260834, -10.566663798260834, -10.566663798260834, -10.5669790544448, -10.566663798260834, -10.5669790544448, -10.5669790544448, -10.566663798260834, -10.5669790544448, -10.5669790544448, -10.566348542076867, -10.566663798260834, -10.5669790544448, -10.566663798260834, -10.5669790544448, -10.566348542076867, -10.5669790544448, -10.566663798260834, -10.566663798260834, -10.5669790544448, -10.566663798260834, -10.566663798260834, -10.566663798260834, -10.566663798260834, -10.566663798260834, -10.566663798260834, -10.566663798260834, -10.566663798260834, -10.566663798260834, -10.566663798260834, -10.5669790544448, -10.566663798260834, -10.566663798260834, -10.566348542076867, -10.566663798260834, -10.5669790544448, -10.566663798260834, -10.5669790544448, -10.5669790544448, -10.566663798260834, -10.566663798260834, -10.566663798260834, -10.566663798260834, -10.566663798260834, -10.566663798260834, -10.566663798260834, -10.566663798260834, -10.566663798260834, -10.566348542076867, -10.5669790544448, -10.566663798260834, -10.566663798260834, -10.566663798260834, -10.566663798260834, -10.566348542076867, -10.566663798260834, -10.566348542076867, -10.566663798260834, -10.566663798260834, -10.566663798260834, -10.5669790544448, -10.566663798260834, -10.566348542076867, -10.566663798260834, -10.566348542076867, -10.566663798260834, -10.566663798260834, -10.566663798260834, -10.566663798260834, -10.566663798260834, -10.566663798260834, -10.566663798260834, -10.566663798260834, -10.566663798260834, -10.566348542076867, -10.566663798260834, -10.566348542076867, -10.566663798260834, -10.566663798260834, -10.566663798260834, -10.566663798260834, -10.566663798260834, -10.566663798260834, -10.566663798260834, -10.5669790544448, -10.566348542076867, -10.5669790544448, -10.566348542076867, -10.566663798260834], \"AIN2\": [-10.566663798260834, -10.566663798260834, -10.566663798260834, -10.5669790544448, -10.566663798260834, -10.566663798260834, -10.566348542076867, -10.566663798260834, -10.566663798260834, -10.566348542076867, -10.566663798260834, -10.566663798260834, -10.566348542076867, -10.5669790544448, -10.566348542076867, -10.5669790544448, -10.566663798260834, -10.566663798260834, -10.566663798260834, -10.566663798260834, -10.566663798260834, -10.566663798260834, -10.5669790544448, -10.566663798260834, -10.566663798260834, -10.566348542076867, -10.566663798260834, -10.566348542076867, -10.566663798260834, -10.566663798260834, -10.566663798260834, -10.566348542076867, -10.566663798260834, -10.566348542076867, -10.566663798260834, -10.566663798260834, -10.566348542076867, -10.566348542076867, -10.566348542076867, -10.566663798260834, -10.566663798260834, -10.566663798260834, -10.566348542076867, -10.5669790544448, -10.5669790544448, -10.566663798260834, -10.5669790544448, -10.566663798260834, -10.5669790544448, -10.566663798260834, -10.566663798260834, -10.5669790544448, -10.5669790544448, -10.5669790544448, -10.5669790544448, -10.566663798260834, -10.566348542076867, -10.566348542076867, -10.566663798260834, -10.566663798260834, -10.566663798260834, -10.566663798260834, -10.566663798260834, -10.5669790544448, -10.566348542076867, -10.566663798260834, -10.566663798260834, -10.5669790544448, -10.566663798260834, -10.566663798260834, -10.5669790544448, -10.566663798260834, -10.566663798260834, -10.566663798260834, -10.566663798260834, -10.5669790544448, -10.5669790544448, -10.566663798260834, -10.566663798260834, -10.566663798260834, -10.5669790544448, -10.566663798260834, -10.5669790544448, -10.5669790544448, -10.566663798260834, -10.566663798260834, -10.566663798260834, -10.566663798260834, -10.566663798260834, -10.566663798260834, -10.5669790544448, -10.566663798260834, -10.566348542076867, -10.566348542076867, -10.566663798260834, -10.566348542076867, -10.5669790544448, -10.566348542076867, -10.566663798260834, -10.5669790544448, -10.5669790544448, -10.566663798260834, -10.5669790544448, -10.5669790544448, -10.5669790544448, -10.5669790544448, -10.5669790544448, -10.566348542076867, -10.566663798260834, -10.566663798260834, -10.566663798260834, -10.5669790544448, -10.566663798260834, -10.566663798260834, -10.566348542076867, -10.5669790544448, -10.566348542076867, -10.566663798260834, -10.566663798260834, -10.566663798260834, -10.5669790544448, -10.566348542076867, -10.566348542076867, -10.5669790544448, -10.566663798260834, -10.566663798260834, -10.5669790544448, -10.5669790544448, -10.566348542076867, -10.566663798260834, -10.566663798260834, -10.5669790544448, -10.566663798260834, -10.566663798260834, -10.566348542076867, -10.566348542076867, -10.5669790544448, -10.5669790544448, -10.5669790544448, -10.5669790544448, -10.566663798260834, -10.566663798260834, -10.566348542076867, -10.566663798260834, -10.566663798260834, -10.5669790544448, -10.5669790544448, -10.5669790544448, -10.566348542076867, -10.566663798260834, -10.5669790544448, -10.566348542076867, -10.566663798260834, -10.566663798260834, -10.566663798260834, -10.566663798260834, -10.566663798260834, -10.5669790544448, -10.566348542076867, -10.566663798260834, -10.5669790544448, -10.5669790544448, -10.5669790544448, -10.5669790544448, -10.566663798260834, -10.566663798260834, -10.566663798260834, -10.5669790544448, -10.5669790544448, -10.566663798260834, -10.566663798260834, -10.566663798260834, -10.566348542076867, -10.566663798260834, -10.566663798260834, -10.566348542076867, -10.5669790544448, -10.566663798260834, -10.566663798260834, -10.566663798260834, -10.566663798260834, -10.566663798260834, -10.566663798260834, -10.566663798260834, -10.5669790544448, -10.5669790544448, -10.5669790544448, -10.566663798260834, -10.566348542076867, -10.566348542076867, -10.566663798260834, -10.566663798260834, -10.566663798260834, -10.566663798260834, -10.566663798260834, -10.566663798260834, -10.5669790544448, -10.566348542076867, -10.566663798260834, -10.566663798260834, -10.566663798260834, -10.566348542076867, -10.566663798260834, -10.5669790544448, -10.5669790544448, -10.5669790544448, -10.566663798260834, -10.566663798260834, -10.566663798260834, -10.566663798260834, -10.5669790544448, -10.566663798260834, -10.5669790544448, -10.566663798260834, -10.566663798260834, -10.566348542076867, -10.566348542076867, -10.566663798260834, -10.5669790544448, -10.5669790544448, -10.566663798260834, -10.566663798260834, -10.5669790544448, -10.566663798260834, -10.566663798260834, -10.566348542076867, -10.566663798260834, -10.566663798260834, -10.566663798260834, -10.5669790544448, -10.566663798260834, -10.566348542076867, -10.566663798260834, -10.5669790544448, -10.566663798260834, -10.5669790544448, -10.5669790544448, -10.566663798260834, -10.5669790544448, -10.566663798260834, -10.566663798260834, -10.5669790544448, -10.5669790544448, -10.566663798260834, -10.566663798260834, -10.566663798260834, -10.566663798260834, -10.566348542076867, -10.566663798260834, -10.5669790544448], \"AIN3\": [-10.566663798260834, -10.566663798260834, -10.566663798260834, -10.566663798260834, -10.5669790544448, -10.566663798260834, -10.566663798260834, -10.5669790544448, -10.566663798260834, -10.566663798260834, -10.566348542076867, -10.5669790544448, -10.5669790544448, -10.566663798260834, -10.566663798260834, -10.566663798260834, -10.566663798260834, -10.566663798260834, -10.566663798260834, -10.5669790544448, -10.566663798260834, -10.5669790544448, -10.566663798260834, -10.5669790544448, -10.566663798260834, -10.5669790544448, -10.566663798260834, -10.566663798260834, -10.566348542076867, -10.566663798260834, -10.566348542076867, -10.5669790544448, -10.566348542076867, -10.566348542076867, -10.566663798260834, -10.566663798260834, -10.5669790544448, -10.566663798260834, -10.566348542076867, -10.566348542076867, -10.566663798260834, -10.566348542076867, -10.566663798260834, -10.566663798260834, -10.566663798260834, -10.566663798260834, -10.5669790544448, -10.566663798260834, -10.566348542076867, -10.5669790544448, -10.5669790544448, -10.566663798260834, -10.566663798260834, -10.566663798260834, -10.566663798260834, -10.566663798260834, -10.566348542076867, -10.566663798260834, -10.566348542076867, -10.566348542076867, -10.5669790544448, -10.566663798260834, -10.566348542076867, -10.566663798260834, -10.5669790544448, -10.5669790544448, -10.566348542076867, -10.5669790544448, -10.566663798260834, -10.566348542076867, -10.5669790544448, -10.5669790544448, -10.566663798260834, -10.5669790544448, -10.566663798260834, -10.566348542076867, -10.566663798260834, -10.5669790544448, -10.566348542076867, -10.566663798260834, -10.566663798260834, -10.5669790544448, -10.566663798260834, -10.5669790544448, -10.5669790544448, -10.5669790544448, -10.5669790544448, -10.566663798260834, -10.566663798260834, -10.566663798260834, -10.566348542076867, -10.566663798260834, -10.566663798260834, -10.566663798260834, -10.5669790544448, -10.566663798260834, -10.566663798260834, -10.566663798260834, -10.566663798260834, -10.5669790544448, -10.5669790544448, -10.5669790544448, -10.566348542076867, -10.566348542076867, -10.566663798260834, -10.566663798260834, -10.5669790544448, -10.566663798260834, -10.566663798260834, -10.566663798260834, -10.566663798260834, -10.566663798260834, -10.566663798260834, -10.566663798260834, -10.566663798260834, -10.5669790544448, -10.566663798260834, -10.5669790544448, -10.566663798260834, -10.5669790544448, -10.566348542076867, -10.566663798260834, -10.5669790544448, -10.566663798260834, -10.566663798260834, -10.566663798260834, -10.5669790544448, -10.5669790544448, -10.566663798260834, -10.566663798260834, -10.5669790544448, -10.5669790544448, -10.5669790544448, -10.566663798260834, -10.566663798260834, -10.566663798260834, -10.566663798260834, -10.566348542076867, -10.566348542076867, -10.5669790544448, -10.566663798260834, -10.566663798260834, -10.566348542076867, -10.566663798260834, -10.566663798260834, -10.566663798260834, -10.566663798260834, -10.566348542076867, -10.566663798260834, -10.566663798260834, -10.566348542076867, -10.566348542076867, -10.566663798260834, -10.566663798260834, -10.566663798260834, -10.5669790544448, -10.566663798260834, -10.5669790544448, -10.566663798260834, -10.566663798260834, -10.5669790544448, -10.5669790544448, -10.5669790544448, -10.5669790544448, -10.566663798260834, -10.566663798260834, -10.566348542076867, -10.566663798260834, -10.566348542076867, -10.566663798260834, -10.5669790544448, -10.5669790544448, -10.566348542076867, -10.566348542076867, -10.566663798260834, -10.566663798260834, -10.5669790544448, -10.566663798260834, -10.566663798260834, -10.566663798260834, -10.566663798260834, -10.566663798260834, -10.566663798260834, -10.566348542076867, -10.566663798260834, -10.566663798260834, -10.566663798260834, -10.566348542076867, -10.566663798260834, -10.566663798260834, -10.5669790544448, -10.5669790544448, -10.566663798260834, -10.566663798260834, -10.5669790544448, -10.566663798260834, -10.566663798260834, -10.566348542076867, -10.566663798260834, -10.5669790544448, -10.566663798260834, -10.566663798260834, -10.566348542076867, -10.566348542076867, -10.566663798260834, -10.566663798260834, -10.5669790544448, -10.5669790544448, -10.566663798260834, -10.5669790544448, -10.566663798260834, -10.566663798260834, -10.566663798260834, -10.566348542076867, -10.566663798260834, -10.5669790544448, -10.5669790544448, -10.5669790544448, -10.566663798260834, -10.5669790544448, -10.566663798260834, -10.566348542076867, -10.5669790544448, -10.566348542076867, -10.566663798260834, -10.566663798260834, -10.5669790544448, -10.5669790544448, -10.566663798260834, -10.566663798260834, -10.566663798260834, -10.566663798260834, -10.566663798260834, -10.566663798260834, -10.566663798260834, -10.566663798260834, -10.566663798260834, -10.566663798260834, -10.5669790544448, -10.566663798260834, -10.566663798260834, -10.566663798260834, -10.566348542076867, -10.566348542076867, -10.5669790544448, -10.566348542076867, -10.566663798260834, -10.566663798260834, -10.5669790544448, -10.566663798260834]}, \"data_type\": \"<type 'collections.defaultdict'>\"}"}
{"message": "{\"timestamp\": 6.2479469776153564, \"object_type\": \"standard\", \"data\": \"{ 'running_time':2.442241, 'x':2.432997, 'z':-2.304312E-07, 'view_angle':90.00001, 'x_mouse':-4.15, 'y_mouse':0, 'context':'None', 'outcome':'None'}\", \"data_type\": \"<type 'str'>\"}"}
{"message": "{\"timestamp\": 6.248610973358154, \"object_type\": \"labjack_task\", \"data\": {\"write_value\": 0, \"register\": 6002, \"mode\": \"write\"}, \"data_type\": \"<type 'dict'>\"}"}
{"message": "{\"timestamp\": 6.249166011810303, \"object_type\": \"labjack_task\", \"data\": {\"write_value\": 0, \"register\": 6000, \"mode\": \"write\"}, \"data_type\": \"<type 'dict'>\"}"}
{"message": "{\"timestamp\": 6.249787092208862, \"object_type\": \"labjack_task\", \"data\": {\"write_value\": 0, \"register\": 6001, \"mode\": \"write\"}, \"data_type\": \"<type 'dict'>\"}"}
{"message": "{\"timestamp\": 6.271765947341919, \"object_type\": \"standard\", \"data\": \"{ 'running_time':2.466178, 'x':2.544997, 'z':-2.437826E-07, 'view_angle':90.00001, 'x_mouse':-3.35, 'y_mouse':-0.35, 'context':'None', 'outcome':'None'}\", \"data_type\": \"<type 'str'>\"}"}
{"message": "{\"timestamp\": 6.2726171016693115, \"object_type\": \"labjack_task\", \"data\": {\"write_value\": 0, \"register\": 6002, \"mode\": \"write\"}, \"data_type\": \"<type 'dict'>\"}"}
{"message": "{\"timestamp\": 6.273157119750977, \"object_type\": \"labjack_task\", \"data\": {\"write_value\": 0, \"register\": 6000, \"mode\": \"write\"}, \"data_type\": \"<type 'dict'>\"}"}
{"message": "{\"timestamp\": 6.273687124252319, \"object_type\": \"labjack_task\", \"data\": {\"write_value\": 0, \"register\": 6001, \"mode\": \"write\"}, \"data_type\": \"<type 'dict'>\"}"}
{"message": "{\"timestamp\": 6.29978609085083, \"object_type\": \"standard\", \"data\": \"{ 'running_time':2.494142, 'x':2.648997, 'z':-2.561803E-07, 'view_angle':90.00001, 'x_mouse':-2.3, 'y_mouse':-0.3, 'context':'None', 'outcome':'None'}\", \"data_type\": \"<type 'str'>\"}"}
{"message": "{\"timestamp\": 6.30062198638916, \"object_type\": \"labjack_task\", \"data\": {\"write_value\": 0, \"register\": 6002, \"mode\": \"write\"}, \"data_type\": \"<type 'dict'>\"}"}
{"message": "{\"timestamp\": 6.301167011260986, \"object_type\": \"labjack_task\", \"data\": {\"write_value\": 0, \"register\": 6000, \"mode\": \"write\"}, \"data_type\": \"<type 'dict'>\"}"}
{"message": "{\"timestamp\": 6.301769018173218, \"object_type\": \"labjack_task\", \"data\": {\"write_value\": 0, \"register\": 6001, \"mode\": \"write\"}, \"data_type\": \"<type 'dict'>\"}"}
{"message": "{\"timestamp\": 6.327969074249268, \"object_type\": \"standard\", \"data\": \"{ 'running_time':2.522189, 'x':2.832996, 'z':-2.781147E-07, 'view_angle':90.00001, 'x_mouse':-1.55, 'y_mouse':-0.2, 'context':'None', 'outcome':'None'}\", \"data_type\": \"<type 'str'>\"}"}
{"message": "{\"timestamp\": 6.328763961791992, \"object_type\": \"labjack_task\", \"data\": {\"write_value\": 0, \"register\": 6002, \"mode\": \"write\"}, \"data_type\": \"<type 'dict'>\"}"}
{"message": "{\"timestamp\": 6.329398155212402, \"object_type\": \"labjack_task\", \"data\": {\"write_value\": 0, \"register\": 6000, \"mode\": \"write\"}, \"data_type\": \"<type 'dict'>\"}"}
{"message": "{\"timestamp\": 6.329898118972778, \"object_type\": \"labjack_task\", \"data\": {\"write_value\": 0, \"register\": 6001, \"mode\": \"write\"}, \"data_type\": \"<type 'dict'>\"}"}
{"message": "{\"timestamp\": 6.352097034454346, \"object_type\": \"standard\", \"data\": \"{ 'running_time':2.546513, 'x':2.912995, 'z':-2.876514E-07, 'view_angle':90.00001, 'x_mouse':-0.95, 'y_mouse':0, 'context':'None', 'outcome':'None'}\", \"data_type\": \"<type 'str'>\"}"}
{"message": "{\"timestamp\": 6.352861166000366, \"object_type\": \"labjack_task\", \"data\": {\"write_value\": 0, \"register\": 6002, \"mode\": \"write\"}, \"data_type\": \"<type 'dict'>\"}"}
{"message": "{\"timestamp\": 6.353427171707153, \"object_type\": \"labjack_task\", \"data\": {\"write_value\": 0, \"register\": 6000, \"mode\": \"write\"}, \"data_type\": \"<type 'dict'>\"}"}
{"message": "{\"timestamp\": 6.354027986526489, \"object_type\": \"labjack_task\", \"data\": {\"write_value\": 0, \"register\": 6001, \"mode\": \"write\"}, \"data_type\": \"<type 'dict'>\"}"}
{"message": "{\"timestamp\": 6.379587173461914, \"object_type\": \"standard\", \"data\": \"{ 'running_time':2.573991, 'x':2.984995, 'z':-2.962344E-07, 'view_angle':90.00001, 'x_mouse':-1.4, 'y_mouse':0.15, 'context':'None', 'outcome':'None'}\", \"data_type\": \"<type 'str'>\"}"}
{"message": "{\"timestamp\": 6.380386114120483, \"object_type\": \"labjack_task\", \"data\": {\"write_value\": 0, \"register\": 6002, \"mode\": \"write\"}, \"data_type\": \"<type 'dict'>\"}"}
{"message": "{\"timestamp\": 6.381031036376953, \"object_type\": \"labjack_task\", \"data\": {\"write_value\": 0, \"register\": 6000, \"mode\": \"write\"}, \"data_type\": \"<type 'dict'>\"}"}
{"message": "{\"timestamp\": 6.3815741539001465, \"object_type\": \"labjack_task\", \"data\": {\"write_value\": 0, \"register\": 6001, \"mode\": \"write\"}, \"data_type\": \"<type 'dict'>\"}"}
{"message": "{\"timestamp\": 6.4080140590667725, \"object_type\": \"standard\", \"data\": \"{ 'running_time':2.602256, 'x':3.104994, 'z':-3.105394E-07, 'view_angle':90.00001, 'x_mouse':-2.75, 'y_mouse':0.4, 'context':'None', 'outcome':'None'}\", \"data_type\": \"<type 'str'>\"}"}
{"message": "{\"timestamp\": 6.408787965774536, \"object_type\": \"labjack_task\", \"data\": {\"write_value\": 0, \"register\": 6002, \"mode\": \"write\"}, \"data_type\": \"<type 'dict'>\"}"}
{"message": "{\"timestamp\": 6.409430980682373, \"object_type\": \"labjack_task\", \"data\": {\"write_value\": 0, \"register\": 6000, \"mode\": \"write\"}, \"data_type\": \"<type 'dict'>\"}"}
{"message": "{\"timestamp\": 6.410037994384766, \"object_type\": \"labjack_task\", \"data\": {\"write_value\": 0, \"register\": 6001, \"mode\": \"write\"}, \"data_type\": \"<type 'dict'>\"}"}
{"message": "{\"timestamp\": 6.432037115097046, \"object_type\": \"standard\", \"data\": \"{ 'running_time':2.626426, 'x':3.152993, 'z':-3.162613E-07, 'view_angle':90.00001, 'x_mouse':-3.2, 'y_mouse':0.5, 'context':'None', 'outcome':'None'}\", \"data_type\": \"<type 'str'>\"}"}
{"message": "{\"timestamp\": 6.432741165161133, \"object_type\": \"labjack_task\", \"data\": {\"write_value\": 0, \"register\": 6002, \"mode\": \"write\"}, \"data_type\": \"<type 'dict'>\"}"}
{"message": "{\"timestamp\": 6.433411121368408, \"object_type\": \"labjack_task\", \"data\": {\"write_value\": 0, \"register\": 6000, \"mode\": \"write\"}, \"data_type\": \"<type 'dict'>\"}"}
{"message": "{\"timestamp\": 6.434025049209595, \"object_type\": \"labjack_task\", \"data\": {\"write_value\": 0, \"register\": 6001, \"mode\": \"write\"}, \"data_type\": \"<type 'dict'>\"}"}
{"message": "{\"timestamp\": 6.459630012512207, \"object_type\": \"standard\", \"data\": \"{ 'running_time':2.654004, 'x':3.192992, 'z':-3.210296E-07, 'view_angle':90.00001, 'x_mouse':-4.3, 'y_mouse':0.55, 'context':'None', 'outcome':'None'}\", \"data_type\": \"<type 'str'>\"}"}
{"message": "{\"timestamp\": 6.460425138473511, \"object_type\": \"labjack_task\", \"data\": {\"write_value\": 0, \"register\": 6002, \"mode\": \"write\"}, \"data_type\": \"<type 'dict'>\"}"}
{"message": "{\"timestamp\": 6.461038112640381, \"object_type\": \"labjack_task\", \"data\": {\"write_value\": 0, \"register\": 6000, \"mode\": \"write\"}, \"data_type\": \"<type 'dict'>\"}"}
{"message": "{\"timestamp\": 6.461701154708862, \"object_type\": \"labjack_task\", \"data\": {\"write_value\": 0, \"register\": 6001, \"mode\": \"write\"}, \"data_type\": \"<type 'dict'>\"}"}
{"message": "{\"timestamp\": 6.4880211353302, \"object_type\": \"standard\", \"data\": \"{ 'running_time':2.68224, 'x':3.248991, 'z':-3.277052E-07, 'view_angle':90.00001, 'x_mouse':-6.95, 'y_mouse':0.6, 'context':'None', 'outcome':'None'}\", \"data_type\": \"<type 'str'>\"}"}
{"message": "{\"timestamp\": 6.4887800216674805, \"object_type\": \"labjack_task\", \"data\": {\"write_value\": 0, \"register\": 6002, \"mode\": \"write\"}, \"data_type\": \"<type 'dict'>\"}"}
{"message": "{\"timestamp\": 6.489403009414673, \"object_type\": \"labjack_task\", \"data\": {\"write_value\": 0, \"register\": 6000, \"mode\": \"write\"}, \"data_type\": \"<type 'dict'>\"}"}
{"message": "{\"timestamp\": 6.489905118942261, \"object_type\": \"labjack_task\", \"data\": {\"write_value\": 0, \"register\": 6001, \"mode\": \"write\"}, \"data_type\": \"<type 'dict'>\"}"}
{"message": "{\"timestamp\": 6.512494087219238, \"object_type\": \"standard\", \"data\": \"{ 'running_time':2.706822, 'x':3.26499, 'z':-3.296124E-07, 'view_angle':90.00001, 'x_mouse':-4.95, 'y_mouse':0, 'context':'None', 'outcome':'None'}\", \"data_type\": \"<type 'str'>\"}"}
{"message": "{\"timestamp\": 6.513247013092041, \"object_type\": \"labjack_task\", \"data\": {\"write_value\": 0, \"register\": 6002, \"mode\": \"write\"}, \"data_type\": \"<type 'dict'>\"}"}
{"message": "{\"timestamp\": 6.513785123825073, \"object_type\": \"labjack_task\", \"data\": {\"write_value\": 0, \"register\": 6000, \"mode\": \"write\"}, \"data_type\": \"<type 'dict'>\"}"}
{"message": "{\"timestamp\": 6.514446973800659, \"object_type\": \"labjack_task\", \"data\": {\"write_value\": 0, \"register\": 6001, \"mode\": \"write\"}, \"data_type\": \"<type 'dict'>\"}"}
{"message": "{\"timestamp\": 6.521805047988892, \"object_type\": \"labjack_stream\", \"data\": {\"AIN0\": [-10.5669790544448, -10.566663798260834, -10.5669790544448, -10.5669790544448, -10.566663798260834, -10.566663798260834, -10.566663798260834, -10.566663798260834, -10.566663798260834, -10.566348542076867, -10.566663798260834, -10.566663798260834, -10.566663798260834, -10.566348542076867, -10.5669790544448, -10.566348542076867, -10.566348542076867, -10.566663798260834, -10.566663798260834, -10.566663798260834, -10.566663798260834, -10.566663798260834, -10.5669790544448, -10.5669790544448, -10.5669790544448, -10.566663798260834, -10.5669790544448, -10.566348542076867, -10.566663798260834, -10.5669790544448, -10.566663798260834, -10.566663798260834, -10.566663798260834, -10.566663798260834, -10.5669790544448, -10.566663798260834, -10.5669790544448, -10.566663798260834, -10.566663798260834, -10.566348542076867, -10.5669790544448, -10.566663798260834, -10.566348542076867, -10.566663798260834, -10.566663798260834, -10.566663798260834, -10.566348542076867, -10.566663798260834, -10.5669790544448, -10.566663798260834, -10.566663798260834, -10.5669790544448, -10.566348542076867, -10.566663798260834, -10.566663798260834, -10.566348542076867, -10.566663798260834, -10.566348542076867, -10.566663798260834, -10.566663798260834, -10.566663798260834, -10.566663798260834, -10.566348542076867, -10.566663798260834, -10.566663798260834, -10.566663798260834, -10.566348542076867, -10.566663798260834, -10.566663798260834, -10.5669790544448, -10.566663798260834, -10.566663798260834, -10.566663798260834, -10.566348542076867, -10.5669790544448, -10.566663798260834, -10.5669790544448, -10.566663798260834, -10.5669790544448, -10.566663798260834, -10.566348542076867, -10.5669790544448, -10.566663798260834, -10.566663798260834, -10.566663798260834, -10.566663798260834, -10.566663798260834, -10.566663798260834, -10.5669790544448, -10.566348542076867, -10.5669790544448, -10.5669790544448, -10.566663798260834, -10.566663798260834, -10.566348542076867, -10.566348542076867, -10.5669790544448, -10.566663798260834, -10.566663798260834, -10.566348542076867, -10.566348542076867, -10.5669790544448, -10.566348542076867, -10.5669790544448, -10.566663798260834, -10.566663798260834, -10.566663798260834, -10.566663798260834, -10.566663798260834, -10.566663798260834, -10.566663798260834, -10.566663798260834, -10.566348542076867, -10.566663798260834, -10.566663798260834, -10.566663798260834, -10.566663798260834, -10.566663798260834, -10.566663798260834, -10.566663798260834, -10.566663798260834, -10.566663798260834, -10.566663798260834, -10.5669790544448, -10.566663798260834, -10.566663798260834, -10.566663798260834, -10.566663798260834, -10.566348542076867, -10.566663798260834, -10.566348542076867, -10.5669790544448, -10.566348542076867, -10.566348542076867, -10.566663798260834, -10.566663798260834, -10.566663798260834, -10.566348542076867, -10.566663798260834, -10.566348542076867, -10.566348542076867, -10.566663798260834, -10.566663798260834, -10.566663798260834, -10.566663798260834, -10.566663798260834, -10.566663798260834, -10.566348542076867, -10.566663798260834, -10.566663798260834, -10.566348542076867, -10.5669790544448, -10.566663798260834, -10.566663798260834, -10.566663798260834, -10.566348542076867, -10.5669790544448, -10.566663798260834, -10.566663798260834, -10.566663798260834, -10.566663798260834, -10.566348542076867, -10.566663798260834, -10.566663798260834, -10.566348542076867, -10.566663798260834, -10.566663798260834, -10.566663798260834, -10.5669790544448, -10.566663798260834, -10.566348542076867, -10.566663798260834, -10.566348542076867, -10.566663798260834, -10.5669790544448, -10.566663798260834, -10.566663798260834, -10.5669790544448, -10.566663798260834, -10.566663798260834, -10.566663798260834, -10.566663798260834, -10.566663798260834, -10.566663798260834, -10.566663798260834, -10.566663798260834, -10.566348542076867, -10.5669790544448, -10.566348542076867, -10.566348542076867, -10.566663798260834, -10.566348542076867, -10.5669790544448, -10.566663798260834, -10.566663798260834, -10.566663798260834, -10.566663798260834, -10.566348542076867, -10.566663798260834, -10.5669790544448, -10.566663798260834, -10.5669790544448, -10.566663798260834, -10.566663798260834, -10.566663798260834, -10.566663798260834, -10.5669790544448, -10.566663798260834, -10.5669790544448, -10.566348542076867, -10.566663798260834, -10.566663798260834, -10.5669790544448, -10.566663798260834, -10.566348542076867, -10.566663798260834, -10.566663798260834, -10.566348542076867, -10.566663798260834, -10.566663798260834, -10.566663798260834, -10.566663798260834, -10.566348542076867, -10.566663798260834, -10.566663798260834, -10.566663798260834, -10.566348542076867, -10.566663798260834, -10.566663798260834, -10.566663798260834, -10.566663798260834, -10.566663798260834, -10.5669790544448, -10.566663798260834, -10.566663798260834, -10.566348542076867, -10.5669790544448, -10.5660332858929, -10.5669790544448, -10.566348542076867, -10.566663798260834, -10.566348542076867, -10.566663798260834, -10.566663798260834, -10.566663798260834, -10.566663798260834, -10.5669790544448, -10.5669790544448, -10.566663798260834, -10.5669790544448], \"AIN1\": [-10.566663798260834, -10.5669790544448, -10.566663798260834, -10.566663798260834, -10.566663798260834, -10.566663798260834, -10.566348542076867, -10.566663798260834, -10.566663798260834, -10.566663798260834, -10.566663798260834, -10.566663798260834, -10.566348542076867, -10.566663798260834, -10.566663798260834, -10.5669790544448, -10.566663798260834, -10.5669790544448, -10.566348542076867, -10.566663798260834, -10.566663798260834, -10.5669790544448, -10.5669790544448, -10.566663798260834, -10.5669790544448, -10.566348542076867, -10.5669790544448, -10.566348542076867, -10.566663798260834, -10.566663798260834, -10.566348542076867, -10.566663798260834, -10.566663798260834, -10.566663798260834, -10.566663798260834, -10.5669790544448, -10.566663798260834, -10.566663798260834, -10.5669790544448, -10.566663798260834, -10.5669790544448, -10.5669790544448, -10.566663798260834, -10.566663798260834, -10.566663798260834, -10.5669790544448, -10.566348542076867, -10.566663798260834, -10.566663798260834, -10.566663798260834, -10.566663798260834, -10.5669790544448, -10.5669790544448, -10.566348542076867, -10.5669790544448, -10.566663798260834, -10.5669790544448, -10.5669790544448, -10.5669790544448, -10.5669790544448, -10.566348542076867, -10.5669790544448, -10.566663798260834, -10.5669790544448, -10.566663798260834, -10.5669790544448, -10.566663798260834, -10.566663798260834, -10.566348542076867, -10.5669790544448, -10.5669790544448, -10.566663798260834, -10.566663798260834, -10.566663798260834, -10.5669790544448, -10.566663798260834, -10.566663798260834, -10.566348542076867, -10.566663798260834, -10.566348542076867, -10.5669790544448, -10.566663798260834, -10.5669790544448, -10.5669790544448, -10.566663798260834, -10.5669790544448, -10.566663798260834, -10.566663798260834, -10.566348542076867, -10.5669790544448, -10.5669790544448, -10.5669790544448, -10.566663798260834, -10.566663798260834, -10.5669790544448, -10.566663798260834, -10.566663798260834, -10.566663798260834, -10.566663798260834, -10.566663798260834, -10.5669790544448, -10.5669790544448, -10.566663798260834, -10.566663798260834, -10.566663798260834, -10.566663798260834, -10.566663798260834, -10.566348542076867, -10.566348542076867, -10.566348542076867, -10.566663798260834, -10.566663798260834, -10.566348542076867, -10.566663798260834, -10.5669790544448, -10.566663798260834, -10.566663798260834, -10.566663798260834, -10.5669790544448, -10.5669790544448, -10.5669790544448, -10.566663798260834, -10.566348542076867, -10.566663798260834, -10.566663798260834, -10.566663798260834, -10.566663798260834, -10.566663798260834, -10.5669790544448, -10.5669790544448, -10.5669790544448, -10.566663798260834, -10.5669790544448, -10.5669790544448, -10.566663798260834, -10.566663798260834, -10.566663798260834, -10.566663798260834, -10.566663798260834, -10.566663798260834, -10.5669790544448, -10.5669790544448, -10.566348542076867, -10.566663798260834, -10.5669790544448, -10.566663798260834, -10.566663798260834, -10.566663798260834, -10.5669790544448, -10.566348542076867, -10.566663798260834, -10.566663798260834, -10.566663798260834, -10.566663798260834, -10.566348542076867, -10.566663798260834, -10.566663798260834, -10.566348542076867, -10.566348542076867, -10.566663798260834, -10.5669790544448, -10.566348542076867, -10.566663798260834, -10.5669790544448, -10.566663798260834, -10.566348542076867, -10.566663798260834, -10.566663798260834, -10.5669790544448, -10.566348542076867, -10.566348542076867, -10.566663798260834, -10.566663798260834, -10.566663798260834, -10.5669790544448, -10.566663798260834, -10.5669790544448, -10.566663798260834, -10.5669790544448, -10.566348542076867, -10.5669790544448, -10.566663798260834, -10.5669790544448, -10.5669790544448, -10.566663798260834, -10.566663798260834, -10.5669790544448, -10.566663798260834, -10.566663798260834, -10.566663798260834, -10.566348542076867, -10.566348542076867, -10.566348542076867, -10.566663798260834, -10.5669790544448, -10.5669790544448, -10.566663798260834, -10.5669790544448, -10.566348542076867, -10.5669790544448, -10.5669790544448, -10.5669790544448, -10.566663798260834, -10.566663798260834, -10.566663798260834, -10.5669790544448, -10.566663798260834, -10.566663798260834, -10.566663798260834, -10.566348542076867, -10.566663798260834, -10.5669790544448, -10.566348542076867, -10.5669790544448, -10.566663798260834, -10.566663798260834, -10.566663798260834, -10.566663798260834, -10.5669790544448, -10.566663798260834, -10.566663798260834, -10.5669790544448, -10.5669790544448, -10.5669790544448, -10.566663798260834, -10.566663798260834, -10.5669790544448, -10.566663798260834, -10.566348542076867, -10.566663798260834, -10.5669790544448, -10.566663798260834, -10.566663798260834, -10.566663798260834, -10.566348542076867, -10.566348542076867, -10.566663798260834, -10.5669790544448, -10.5669790544448, -10.566663798260834, -10.566663798260834, -10.566663798260834, -10.566663798260834, -10.5669790544448, -10.5669790544448, -10.566663798260834, -10.566663798260834, -10.566348542076867, -10.5669790544448, -10.566348542076867], \"AIN2\": [-10.566663798260834, -10.566663798260834, -10.566663798260834, -10.566663798260834, -10.566663798260834, -10.566663798260834, -10.566663798260834, -10.5669790544448, -10.5669790544448, -10.566663798260834, -10.566348542076867, -10.5669790544448, -10.5669790544448, -10.566663798260834, -10.5669790544448, -10.566663798260834, -10.566663798260834, -10.5669790544448, -10.566348542076867, -10.566663798260834, -10.566348542076867, -10.566348542076867, -10.566663798260834, -10.566663798260834, -10.5669790544448, -10.566663798260834, -10.566663798260834, -10.566663798260834, -10.566663798260834, -10.5669790544448, -10.566348542076867, -10.566348542076867, -10.566348542076867, -10.566663798260834, -10.566663798260834, -10.566663798260834, -10.5669790544448, -10.5669790544448, -10.566663798260834, -10.566663798260834, -10.566663798260834, -10.566663798260834, -10.566663798260834, -10.566663798260834, -10.566663798260834, -10.566348542076867, -10.566663798260834, -10.566663798260834, -10.566663798260834, -10.566663798260834, -10.566663798260834, -10.5669790544448, -10.5669790544448, -10.566348542076867, -10.5669790544448, -10.5669790544448, -10.566663798260834, -10.566348542076867, -10.566663798260834, -10.5669790544448, -10.5669790544448, -10.566663798260834, -10.566663798260834, -10.5669790544448, -10.566663798260834, -10.566663798260834, -10.566663798260834, -10.566663798260834, -10.5669790544448, -10.5669790544448, -10.5669790544448, -10.566348542076867, -10.5669790544448, -10.5669790544448, -10.566663798260834, -10.5669790544448, -10.566663798260834, -10.566663798260834, -10.566663798260834, -10.5669790544448, -10.566663798260834, -10.566663798260834, -10.5669790544448, -10.566663798260834, -10.566663798260834, -10.5669790544448, -10.566348542076867, -10.566663798260834, -10.566663798260834, -10.566348542076867, -10.566663798260834, -10.5669790544448, -10.566663798260834, -10.5669790544448, -10.5669790544448, -10.5669790544448, -10.566348542076867, -10.566663798260834, -10.566663798260834, -10.566348542076867, -10.566663798260834, -10.5669790544448, -10.566663798260834, -10.566663798260834, -10.566663798260834, -10.5669790544448, -10.566663798260834, -10.566663798260834, -10.566663798260834, -10.5669790544448, -10.566663798260834, -10.566348542076867, -10.566663798260834, -10.566663798260834, -10.566663798260834, -10.566663798260834, -10.5669790544448, -10.566663798260834, -10.566663798260834, -10.566663798260834, -10.566663798260834, -10.566663798260834, -10.566348542076867, -10.566348542076867, -10.566348542076867, -10.566348542076867, -10.5669790544448, -10.566663798260834, -10.5669790544448, -10.5669790544448, -10.566663798260834, -10.566663798260834, -10.5669790544448, -10.5669790544448, -10.5669790544448, -10.566663798260834, -10.566663798260834, -10.566663798260834, -10.566663798260834, -10.5669790544448, -10.566348542076867, -10.5669790544448, -10.5669790544448, -10.566348542076867, -10.566663798260834, -10.566348542076867, -10.566348542076867, -10.5669790544448, -10.566663798260834, -10.566663798260834, -10.566348542076867, -10.5669790544448, -10.566663798260834, -10.566663798260834, -10.566663798260834, -10.566663798260834, -10.566663798260834, -10.5669790544448, -10.566663798260834, -10.5669790544448, -10.5669790544448, -10.566663798260834, -10.566663798260834, -10.566663798260834, -10.5669790544448, -10.566663798260834, -10.5669790544448, -10.5669790544448, -10.566663798260834, -10.566663798260834, -10.566663798260834, -10.5669790544448, -10.566663798260834, -10.566663798260834, -10.566663798260834, -10.566663798260834, -10.5669790544448, -10.5669790544448, -10.5669790544448, -10.566663798260834, -10.566663798260834, -10.566348542076867, -10.5669790544448, -10.566663798260834, -10.5669790544448, -10.566348542076867, -10.566348542076867, -10.566663798260834, -10.566663798260834, -10.566663798260834, -10.566663798260834, -10.566663798260834, -10.566348542076867, -10.566663798260834, -10.566663798260834, -10.566663798260834, -10.5669790544448, -10.566663798260834, -10.566663798260834, -10.566663798260834, -10.566348542076867, -10.566663798260834, -10.5669790544448, -10.5669790544448, -10.566663798260834, -10.5669790544448, -10.566663798260834, -10.566663798260834, -10.566663798260834, -10.566663798260834, -10.5669790544448, -10.5669790544448, -10.5669790544448, -10.5669790544448, -10.566663798260834, -10.566348542076867, -10.566348542076867, -10.566663798260834, -10.566348542076867, -10.5669790544448, -10.566348542076867, -10.5669790544448, -10.566663798260834, -10.566663798260834, -10.566663798260834, -10.566663798260834, -10.5669790544448, -10.566663798260834, -10.566663798260834, -10.566348542076867, -10.566663798260834, -10.566663798260834, -10.566663798260834, -10.566348542076867, -10.5669790544448, -10.566663798260834, -10.566348542076867, -10.566663798260834, -10.566663798260834, -10.566663798260834, -10.5669790544448, -10.5669790544448, -10.5669790544448, -10.5669790544448, -10.566663798260834, -10.5669790544448, -10.5669790544448, -10.566348542076867, -10.5669790544448, -10.566663798260834], \"AIN3\": [-10.5669790544448, -10.566348542076867, -10.5669790544448, -10.566663798260834, -10.566663798260834, -10.566663798260834, -10.566348542076867, -10.566663798260834, -10.566663798260834, -10.566663798260834, -10.566348542076867, -10.566348542076867, -10.566663798260834, -10.566348542076867, -10.5669790544448, -10.5669790544448, -10.566663798260834, -10.5669790544448, -10.566663798260834, -10.566663798260834, -10.566663798260834, -10.566348542076867, -10.5669790544448, -10.566348542076867, -10.566348542076867, -10.566663798260834, -10.566663798260834, -10.566348542076867, -10.566348542076867, -10.566663798260834, -10.5669790544448, -10.566663798260834, -10.566663798260834, -10.566663798260834, -10.5669790544448, -10.566663798260834, -10.5669790544448, -10.5669790544448, -10.566663798260834, -10.566663798260834, -10.566663798260834, -10.5669790544448, -10.566348542076867, -10.5669790544448, -10.566663798260834, -10.566663798260834, -10.5669790544448, -10.566348542076867, -10.566663798260834, -10.566663798260834, -10.566663798260834, -10.5669790544448, -10.566663798260834, -10.5669790544448, -10.5669790544448, -10.566663798260834, -10.566663798260834, -10.566348542076867, -10.566663798260834, -10.566663798260834, -10.566663798260834, -10.5669790544448, -10.5669790544448, -10.5669790544448, -10.566348542076867, -10.566663798260834, -10.5669790544448, -10.566663798260834, -10.566663798260834, -10.566663798260834, -10.566663798260834, -10.566348542076867, -10.566663798260834, -10.566663798260834, -10.566663798260834, -10.566663798260834, -10.5669790544448, -10.5669790544448, -10.566663798260834, -10.5669790544448, -10.566663798260834, -10.5669790544448, -10.566663798260834, -10.566663798260834, -10.566348542076867, -10.566663798260834, -10.566663798260834, -10.566663798260834, -10.5669790544448, -10.566663798260834, -10.566663798260834, -10.566663798260834, -10.566348542076867, -10.566663798260834, -10.566663798260834, -10.566348542076867, -10.5669790544448, -10.566663798260834, -10.566348542076867, -10.5669790544448, -10.5669790544448, -10.566348542076867, -10.566663798260834, -10.5669790544448, -10.5669790544448, -10.5669790544448, -10.566663798260834, -10.5669790544448, -10.5669790544448, -10.5669790544448, -10.566348542076867, -10.5669790544448, -10.5669790544448, -10.566663798260834, -10.566663798260834, -10.566663798260834, -10.566663798260834, -10.566348542076867, -10.5669790544448, -10.566348542076867, -10.5669790544448, -10.566663798260834, -10.566348542076867, -10.566663798260834, -10.566348542076867, -10.566663798260834, -10.566663798260834, -10.5669790544448, -10.566663798260834, -10.566663798260834, -10.566663798260834, -10.566663798260834, -10.5669790544448, -10.5669790544448, -10.5669790544448, -10.566663798260834, -10.5669790544448, -10.5669790544448, -10.566663798260834, -10.566663798260834, -10.566348542076867, -10.566663798260834, -10.566663798260834, -10.566663798260834, -10.5669790544448, -10.566663798260834, -10.5669790544448, -10.566663798260834, -10.5669790544448, -10.566348542076867, -10.5669790544448, -10.566663798260834, -10.566663798260834, -10.566663798260834, -10.5669790544448, -10.5669790544448, -10.566663798260834, -10.5669790544448, -10.566663798260834, -10.566663798260834, -10.5669790544448, -10.566348542076867, -10.566663798260834, -10.566663798260834, -10.566663798260834, -10.566663798260834, -10.566348542076867, -10.566663798260834, -10.5669790544448, -10.566663798260834, -10.5669790544448, -10.5669790544448, -10.566663798260834, -10.566663798260834, -10.566348542076867, -10.5669790544448, -10.566348542076867, -10.566663798260834, -10.566348542076867, -10.566663798260834, -10.5669790544448, -10.566663798260834, -10.566348542076867, -10.566348542076867, -10.566663798260834, -10.566663798260834, -10.566663798260834, -10.566663798260834, -10.566663798260834, -10.566663798260834, -10.566663798260834, -10.5669790544448, -10.566663798260834, -10.566663798260834, -10.566663798260834, -10.5669790544448, -10.5669790544448, -10.5669790544448, -10.566348542076867, -10.5669790544448, -10.566348542076867, -10.566663798260834, -10.566663798260834, -10.566663798260834, -10.566663798260834, -10.5669790544448, -10.566663798260834, -10.566663798260834, -10.566663798260834, -10.566663798260834, -10.5669790544448, -10.5669790544448, -10.5669790544448, -10.5669790544448, -10.566663798260834, -10.566663798260834, -10.5669790544448, -10.566663798260834, -10.566663798260834, -10.566663798260834, -10.566348542076867, -10.5669790544448, -10.566663798260834, -10.566663798260834, -10.566663798260834, -10.5669790544448, -10.566348542076867, -10.5669790544448, -10.566348542076867, -10.566663798260834, -10.566663798260834, -10.5669790544448, -10.566663798260834, -10.5669790544448, -10.5669790544448, -10.566663798260834, -10.566663798260834, -10.566663798260834, -10.566663798260834, -10.5669790544448, -10.5669790544448, -10.566663798260834, -10.566663798260834, -10.566663798260834, -10.566663798260834, -10.5669790544448, -10.566348542076867, -10.566348542076867, -10.566663798260834, -10.566663798260834]}, \"data_type\": \"<type 'collections.defaultdict'>\"}"}
{"message": "{\"timestamp\": 6.539781093597412, \"object_type\": \"standard\", \"data\": \"{ 'running_time':2.734133, 'x':3.272989, 'z':-3.30566E-07, 'view_angle':90.00001, 'x_mouse':-3.75, 'y_mouse':-0.2, 'context':'None', 'outcome':'None'}\", \"data_type\": \"<type 'str'>\"}"}
{"message": "{\"timestamp\": 6.540519952774048, \"object_type\": \"labjack_task\", \"data\": {\"write_value\": 0, \"register\": 6002, \"mode\": \"write\"}, \"data_type\": \"<type 'dict'>\"}"}
{"message": "{\"timestamp\": 6.541155099868774, \"object_type\": \"labjack_task\", \"data\": {\"write_value\": 0, \"register\": 6000, \"mode\": \"write\"}, \"data_type\": \"<type 'dict'>\"}"}
{"message": "{\"timestamp\": 6.541666030883789, \"object_type\": \"labjack_task\", \"data\": {\"write_value\": 0, \"register\": 6001, \"mode\": \"write\"}, \"data_type\": \"<type 'dict'>\"}"}
{"message": "{\"timestamp\": 6.568238973617554, \"object_type\": \"standard\", \"data\": \"{ 'running_time':2.762288, 'x':3.264987, 'z':-3.296121E-07, 'view_angle':90.00001, 'x_mouse':-2.25, 'y_mouse':-0.55, 'context':'None', 'outcome':'None'}\", \"data_type\": \"<type 'str'>\"}"}
{"message": "{\"timestamp\": 6.569180965423584, \"object_type\": \"labjack_task\", \"data\": {\"write_value\": 0, \"register\": 6002, \"mode\": \"write\"}, \"data_type\": \"<type 'dict'>\"}"}
{"message": "{\"timestamp\": 6.5697021484375, \"object_type\": \"labjack_task\", \"data\": {\"write_value\": 0, \"register\": 6000, \"mode\": \"write\"}, \"data_type\": \"<type 'dict'>\"}"}
{"message": "{\"timestamp\": 6.570274114608765, \"object_type\": \"labjack_task\", \"data\": {\"write_value\": 0, \"register\": 6001, \"mode\": \"write\"}, \"data_type\": \"<type 'dict'>\"}"}
{"message": "{\"timestamp\": 6.611911058425903, \"object_type\": \"standard\", \"data\": \"{ 'running_time':2.805677, 'x':3.224985, 'z':-3.248435E-07, 'view_angle':90.00001, 'x_mouse':-0.3, 'y_mouse':-0.05, 'context':'None', 'outcome':'None'}\", \"data_type\": \"<type 'str'>\"}"}
{"message": "{\"timestamp\": 6.613106966018677, \"object_type\": \"labjack_task\", \"data\": {\"write_value\": 0, \"register\": 6002, \"mode\": \"write\"}, \"data_type\": \"<type 'dict'>\"}"}
{"message": "{\"timestamp\": 6.613754987716675, \"object_type\": \"labjack_task\", \"data\": {\"write_value\": 0, \"register\": 6000, \"mode\": \"write\"}, \"data_type\": \"<type 'dict'>\"}"}
{"message": "{\"timestamp\": 6.614377975463867, \"object_type\": \"labjack_task\", \"data\": {\"write_value\": 0, \"register\": 6001, \"mode\": \"write\"}, \"data_type\": \"<type 'dict'>\"}"}
{"message": "{\"timestamp\": 6.624731063842773, \"object_type\": \"standard\", \"data\": \"{ 'running_time':2.819044, 'x':3.224985, 'z':-3.248435E-07, 'view_angle':90.00001, 'x_mouse':0, 'y_mouse':0, 'context':'None', 'outcome':'None'}\", \"data_type\": \"<type 'str'>\"}"}
{"message": "{\"timestamp\": 6.625815153121948, \"object_type\": \"labjack_task\", \"data\": {\"write_value\": 0, \"register\": 6002, \"mode\": \"write\"}, \"data_type\": \"<type 'dict'>\"}"}
{"message": "{\"timestamp\": 6.626396179199219, \"object_type\": \"labjack_task\", \"data\": {\"write_value\": 0, \"register\": 6000, \"mode\": \"write\"}, \"data_type\": \"<type 'dict'>\"}"}
{"message": "{\"timestamp\": 6.62704610824585, \"object_type\": \"labjack_task\", \"data\": {\"write_value\": 0, \"register\": 6001, \"mode\": \"write\"}, \"data_type\": \"<type 'dict'>\"}"}
{"message": "{\"timestamp\": 6.647993087768555, \"object_type\": \"standard\", \"data\": \"{ 'running_time':2.842114, 'x':3.200984, 'z':-3.219823E-07, 'view_angle':90.00001, 'x_mouse':0, 'y_mouse':0, 'context':'None', 'outcome':'None'}\", \"data_type\": \"<type 'str'>\"}"}
{"message": "{\"timestamp\": 6.648802042007446, \"object_type\": \"labjack_task\", \"data\": {\"write_value\": 0, \"register\": 6002, \"mode\": \"write\"}, \"data_type\": \"<type 'dict'>\"}"}
{"message": "{\"timestamp\": 6.649521112442017, \"object_type\": \"labjack_task\", \"data\": {\"write_value\": 0, \"register\": 6000, \"mode\": \"write\"}, \"data_type\": \"<type 'dict'>\"}"}
{"message": "{\"timestamp\": 6.649889945983887, \"object_type\": \"labjack_task\", \"data\": {\"write_value\": 0, \"register\": 6001, \"mode\": \"write\"}, \"data_type\": \"<type 'dict'>\"}"}
{"message": "{\"timestamp\": 6.691887140274048, \"object_type\": \"standard\", \"data\": \"{ 'running_time':2.885817, 'x':3.200983, 'z':-3.219822E-07, 'view_angle':90.00001, 'x_mouse':0.35, 'y_mouse':0.2, 'context':'None', 'outcome':'None'}\", \"data_type\": \"<type 'str'>\"}"}
{"message": "{\"timestamp\": 6.69264817237854, \"object_type\": \"labjack_task\", \"data\": {\"write_value\": 0, \"register\": 6002, \"mode\": \"write\"}, \"data_type\": \"<type 'dict'>\"}"}
{"message": "{\"timestamp\": 6.693263053894043, \"object_type\": \"labjack_task\", \"data\": {\"write_value\": 0, \"register\": 6000, \"mode\": \"write\"}, \"data_type\": \"<type 'dict'>\"}"}
{"message": "{\"timestamp\": 6.693995952606201, \"object_type\": \"labjack_task\", \"data\": {\"write_value\": 0, \"register\": 6001, \"mode\": \"write\"}, \"data_type\": \"<type 'dict'>\"}"}
{"message": "{\"timestamp\": 6.7049620151519775, \"object_type\": \"standard\", \"data\": \"{ 'running_time':2.899469, 'x':3.200983, 'z':-3.219822E-07, 'view_angle':90.00001, 'x_mouse':0.5, 'y_mouse':0.25, 'context':'None', 'outcome':'None'}\", \"data_type\": \"<type 'str'>\"}"}
{"message": "{\"timestamp\": 6.705746173858643, \"object_type\": \"labjack_task\", \"data\": {\"write_value\": 0, \"register\": 6002, \"mode\": \"write\"}, \"data_type\": \"<type 'dict'>\"}"}
{"message": "{\"timestamp\": 6.706405162811279, \"object_type\": \"labjack_task\", \"data\": {\"write_value\": 0, \"register\": 6000, \"mode\": \"write\"}, \"data_type\": \"<type 'dict'>\"}"}
{"message": "{\"timestamp\": 6.7068610191345215, \"object_type\": \"labjack_task\", \"data\": {\"write_value\": 0, \"register\": 6001, \"mode\": \"write\"}, \"data_type\": \"<type 'dict'>\"}"}
{"message": "{\"timestamp\": 6.728239059448242, \"object_type\": \"standard\", \"data\": \"{ 'running_time':2.922431, 'x':3.224983, 'z':-3.248432E-07, 'view_angle':90.00001, 'x_mouse':2.45, 'y_mouse':0.8, 'context':'None', 'outcome':'None'}\", \"data_type\": \"<type 'str'>\"}"}
{"message": "{\"timestamp\": 6.729001045227051, \"object_type\": \"labjack_task\", \"data\": {\"write_value\": 0, \"register\": 6002, \"mode\": \"write\"}, \"data_type\": \"<type 'dict'>\"}"}
{"message": "{\"timestamp\": 6.7295310497283936, \"object_type\": \"labjack_task\", \"data\": {\"write_value\": 0, \"register\": 6000, \"mode\": \"write\"}, \"data_type\": \"<type 'dict'>\"}"}
{"message": "{\"timestamp\": 6.730023145675659, \"object_type\": \"labjack_task\", \"data\": {\"write_value\": 0, \"register\": 6001, \"mode\": \"write\"}, \"data_type\": \"<type 'dict'>\"}"}
{"message": "{\"timestamp\": 6.744690179824829, \"object_type\": \"labjack_stream\", \"data\": {\"AIN0\": [-10.566663798260834, -10.566663798260834, -10.566663798260834, -10.566348542076867, -10.5669790544448, -10.566663798260834, -10.566348542076867, -10.566663798260834, -10.566348542076867, -10.5669790544448, -10.566663798260834, -10.566348542076867, -10.566663798260834, -10.5669790544448, -10.566663798260834, -10.566663798260834, -10.566663798260834, -10.566663798260834, -10.566663798260834, -10.566663798260834, -10.566663798260834, -10.566348542076867, -10.566663798260834, -10.566663798260834, -10.5669790544448, -10.5669790544448, -10.566663798260834, -10.5669790544448, -10.566663798260834, -10.566663798260834, -10.5669790544448, -10.566663798260834, -10.566663798260834, -10.5669790544448, -10.566663798260834, -10.566663798260834, -10.5669790544448, -10.566348542076867, -10.5669790544448, -10.566663798260834, -10.566663798260834, -10.566663798260834, -10.566663798260834, -10.566663798260834, -10.566663798260834, -10.5669790544448, -10.566348542076867, -10.566348542076867, -10.5669790544448, -10.566663798260834, -10.566663798260834, -10.566663798260834, -10.5669790544448, -10.566663798260834, -10.5669790544448, -10.566663798260834, -10.566663798260834, -10.566663798260834, -10.566348542076867, -10.566663798260834, -10.566663798260834, -10.5669790544448, -10.5669790544448, -10.566663798260834, -10.566663798260834, -10.5669790544448, -10.566663798260834, -10.5669790544448, -10.5669790544448, -10.566663798260834, -10.566663798260834, -10.566663798260834, -10.566663798260834, -10.566663798260834, -10.566663798260834, -10.566663798260834, -10.566663798260834, -10.566663798260834, -10.566663798260834, -10.5669790544448, -10.566663798260834, -10.566663798260834, -10.566663798260834, -10.566663798260834, -10.5669790544448, -10.566663798260834, -10.566348542076867, -10.566663798260834, -10.5669790544448, -10.5669790544448, -10.5669790544448, -10.5669790544448, -10.566663798260834, -10.566663798260834, -10.566663798260834, -10.5669790544448, -10.566663798260834, -10.566348542076867, -10.5669790544448, -10.566663798260834, -10.5669790544448, -10.566663798260834, -10.566663798260834, -10.5669790544448, -10.566663798260834, -10.5669790544448, -10.566348542076867, -10.566663798260834, -10.566663798260834, -10.566663798260834, -10.5669790544448, -10.566663798260834, -10.566663798260834, -10.5669790544448, -10.566663798260834, -10.566663798260834, -10.566663798260834, -10.5669790544448, -10.566663798260834, -10.566348542076867, -10.566663798260834, -10.566663798260834, -10.566348542076867, -10.5669790544448, -10.566663798260834, -10.566348542076867, -10.566663798260834, -10.5669790544448, -10.5669790544448, -10.566663798260834, -10.566663798260834, -10.566663798260834, -10.566663798260834, -10.5669790544448, -10.566663798260834, -10.566663798260834, -10.566663798260834, -10.566663798260834, -10.566348542076867, -10.566348542076867, -10.566663798260834, -10.566663798260834, -10.566663798260834, -10.5669790544448, -10.566663798260834, -10.566348542076867, -10.566663798260834, -10.5669790544448, -10.566663798260834, -10.5669790544448, -10.566663798260834, -10.5669790544448, -10.5669790544448, -10.566663798260834, -10.566663798260834, -10.566663798260834, -10.566663798260834, -10.566348542076867, -10.566348542076867, -10.566663798260834, -10.566663798260834, -10.566663798260834, -10.566663798260834, -10.5669790544448, -10.566663798260834, -10.566663798260834, -10.5669790544448, -10.566663798260834, -10.566348542076867, -10.566348542076867, -10.5669790544448, -10.566348542076867, -10.5669790544448, -10.566663798260834, -10.566663798260834, -10.566663798260834, -10.5669790544448, -10.566663798260834, -10.5669790544448, -10.566663798260834, -10.566348542076867, -10.566348542076867, -10.5669790544448, -10.566663798260834, -10.5669790544448, -10.566663798260834, -10.566348542076867, -10.567294310628768, -10.566663798260834, -10.566663798260834, -10.566663798260834, -10.566348542076867, -10.5669790544448, -10.566663798260834, -10.566663798260834, -10.5669790544448, -10.566663798260834, -10.566663798260834, -10.566663798260834, -10.566348542076867, -10.566348542076867, -10.566663798260834, -10.566663798260834, -10.566348542076867, -10.5669790544448, -10.566663798260834, -10.566348542076867, -10.566663798260834, -10.566348542076867, -10.566663798260834, -10.566348542076867, -10.566663798260834, -10.5669790544448, -10.566348542076867, -10.5669790544448, -10.566663798260834, -10.566663798260834, -10.5669790544448, -10.5669790544448, -10.566663798260834, -10.566663798260834, -10.566663798260834, -10.566348542076867, -10.566663798260834, -10.566348542076867, -10.566663798260834, -10.566348542076867, -10.566663798260834, -10.5669790544448, -10.5669790544448, -10.5669790544448, -10.5669790544448, -10.566348542076867, -10.566348542076867, -10.566348542076867, -10.566663798260834, -10.566663798260834, -10.566663798260834, -10.566663798260834, -10.566663798260834, -10.566663798260834, -10.566663798260834, -10.566348542076867, -10.566663798260834, -10.566348542076867, -10.566348542076867, -10.566348542076867, -10.566663798260834, -10.566663798260834, -10.5669790544448], \"AIN1\": [-10.566663798260834, -10.566663798260834, -10.566663798260834, -10.566663798260834, -10.566663798260834, -10.566663798260834, -10.5669790544448, -10.566663798260834, -10.566348542076867, -10.566663798260834, -10.566663798260834, -10.566348542076867, -10.566663798260834, -10.566663798260834, -10.566663798260834, -10.566663798260834, -10.566663798260834, -10.5669790544448, -10.566663798260834, -10.566348542076867, -10.5669790544448, -10.566348542076867, -10.5669790544448, -10.566663798260834, -10.566348542076867, -10.5669790544448, -10.566663798260834, -10.566663798260834, -10.5669790544448, -10.566663798260834, -10.566663798260834, -10.566663798260834, -10.5669790544448, -10.566663798260834, -10.566663798260834, -10.566663798260834, -10.5669790544448, -10.566663798260834, -10.566348542076867, -10.5669790544448, -10.566663798260834, -10.566663798260834, -10.566663798260834, -10.566348542076867, -10.566663798260834, -10.566663798260834, -10.566663798260834, -10.566663798260834, -10.5669790544448, -10.5669790544448, -10.5669790544448, -10.566663798260834, -10.5669790544448, -10.566663798260834, -10.5669790544448, -10.5669790544448, -10.566663798260834, -10.5669790544448, -10.566663798260834, -10.566663798260834, -10.566663798260834, -10.566663798260834, -10.566663798260834, -10.566663798260834, -10.566663798260834, -10.566663798260834, -10.5669790544448, -10.5669790544448, -10.566348542076867, -10.5669790544448, -10.566663798260834, -10.566663798260834, -10.5669790544448, -10.5669790544448, -10.566663798260834, -10.5669790544448, -10.566663798260834, -10.5669790544448, -10.566663798260834, -10.566663798260834, -10.566348542076867, -10.5669790544448, -10.566348542076867, -10.566663798260834, -10.566663798260834, -10.566663798260834, -10.5669790544448, -10.5669790544448, -10.5669790544448, -10.566663798260834, -10.5669790544448, -10.566663798260834, -10.566663798260834, -10.566663798260834, -10.566348542076867, -10.566663798260834, -10.566663798260834, -10.5669790544448, -10.566663798260834, -10.566348542076867, -10.566663798260834, -10.566663798260834, -10.566663798260834, -10.566663798260834, -10.566663798260834, -10.5669790544448, -10.5669790544448, -10.566663798260834, -10.566663798260834, -10.566663798260834, -10.566663798260834, -10.566663798260834, -10.566663798260834, -10.566663798260834, -10.566663798260834, -10.566663798260834, -10.5669790544448, -10.566663798260834, -10.566663798260834, -10.566663798260834, -10.566663798260834, -10.566663798260834, -10.5669790544448, -10.566663798260834, -10.5669790544448, -10.566663798260834, -10.567294310628768, -10.5669790544448, -10.566663798260834, -10.566663798260834, -10.566663798260834, -10.5669790544448, -10.566348542076867, -10.566663798260834, -10.566348542076867, -10.566663798260834, -10.566663798260834, -10.5669790544448, -10.566663798260834, -10.566348542076867, -10.566663798260834, -10.566663798260834, -10.5669790544448, -10.566663798260834, -10.5669790544448, -10.566663798260834, -10.566663798260834, -10.566663798260834, -10.566663798260834, -10.566663798260834, -10.566663798260834, -10.566663798260834, -10.566663798260834, -10.566663798260834, -10.566663798260834, -10.566663798260834, -10.566663798260834, -10.5669790544448, -10.5669790544448, -10.566663798260834, -10.5669790544448, -10.566663798260834, -10.566663798260834, -10.566663798260834, -10.566663798260834, -10.566663798260834, -10.566663798260834, -10.566348542076867, -10.5669790544448, -10.5669790544448, -10.566663798260834, -10.566663798260834, -10.566663798260834, -10.566663798260834, -10.566663798260834, -10.5669790544448, -10.566663798260834, -10.566663798260834, -10.566348542076867, -10.566663798260834, -10.566348542076867, -10.5669790544448, -10.5669790544448, -10.566663798260834, -10.566663798260834, -10.566348542076867, -10.566663798260834, -10.566663798260834, -10.566663798260834, -10.566663798260834, -10.566663798260834, -10.5669790544448, -10.566663798260834, -10.566663798260834, -10.566663798260834, -10.566663798260834, -10.566348542076867, -10.566348542076867, -10.566348542076867, -10.5669790544448, -10.566348542076867, -10.566663798260834, -10.566663798260834, -10.566348542076867, -10.566663798260834, -10.566348542076867, -10.566348542076867, -10.5669790544448, -10.5669790544448, -10.566663798260834, -10.566348542076867, -10.566663798260834, -10.566663798260834, -10.5669790544448, -10.566663798260834, -10.566663798260834, -10.566663798260834, -10.5669790544448, -10.566663798260834, -10.5669790544448, -10.566663798260834, -10.5669790544448, -10.566663798260834, -10.5669790544448, -10.566348542076867, -10.566663798260834, -10.5669790544448, -10.566663798260834, -10.5669790544448, -10.566663798260834, -10.566348542076867, -10.566348542076867, -10.5669790544448, -10.566663798260834, -10.566663798260834, -10.566663798260834, -10.5669790544448, -10.566348542076867, -10.5669790544448, -10.566663798260834, -10.566663798260834, -10.5669790544448, -10.5669790544448, -10.5669790544448, -10.566348542076867, -10.566663798260834, -10.5669790544448, -10.5669790544448, -10.566663798260834, -10.566663798260834], \"AIN2\": [-10.5669790544448, -10.566348542076867, -10.5669790544448, -10.566663798260834, -10.566348542076867, -10.5669790544448, -10.5669790544448, -10.5669790544448, -10.566663798260834, -10.5669790544448, -10.566663798260834, -10.566663798260834, -10.5669790544448, -10.566663798260834, -10.566663798260834, -10.5669790544448, -10.566348542076867, -10.5669790544448, -10.566663798260834, -10.566663798260834, -10.5669790544448, -10.566663798260834, -10.566663798260834, -10.566663798260834, -10.5669790544448, -10.566663798260834, -10.566663798260834, -10.566663798260834, -10.566663798260834, -10.566663798260834, -10.566663798260834, -10.566663798260834, -10.566663798260834, -10.566663798260834, -10.5669790544448, -10.5669790544448, -10.566663798260834, -10.566663798260834, -10.5669790544448, -10.566348542076867, -10.566663798260834, -10.5669790544448, -10.566663798260834, -10.566348542076867, -10.566663798260834, -10.566348542076867, -10.566663798260834, -10.5669790544448, -10.566663798260834, -10.566348542076867, -10.5669790544448, -10.5669790544448, -10.5669790544448, -10.566663798260834, -10.566348542076867, -10.566663798260834, -10.5669790544448, -10.5669790544448, -10.566663798260834, -10.566663798260834, -10.566663798260834, -10.566348542076867, -10.566663798260834, -10.566663798260834, -10.5669790544448, -10.5669790544448, -10.5669790544448, -10.566348542076867, -10.566663798260834, -10.5669790544448, -10.566348542076867, -10.566663798260834, -10.566663798260834, -10.566663798260834, -10.566663798260834, -10.566663798260834, -10.5669790544448, -10.5669790544448, -10.5669790544448, -10.566348542076867, -10.566348542076867, -10.566663798260834, -10.5669790544448, -10.566663798260834, -10.5669790544448, -10.566348542076867, -10.566348542076867, -10.5669790544448, -10.566663798260834, -10.566663798260834, -10.566663798260834, -10.5669790544448, -10.5669790544448, -10.566663798260834, -10.5669790544448, -10.566663798260834, -10.5669790544448, -10.5669790544448, -10.5669790544448, -10.5669790544448, -10.566663798260834, -10.566663798260834, -10.566348542076867, -10.566663798260834, -10.5669790544448, -10.566663798260834, -10.566663798260834, -10.566663798260834, -10.566663798260834, -10.566663798260834, -10.566663798260834, -10.566663798260834, -10.5669790544448, -10.5669790544448, -10.566663798260834, -10.566663798260834, -10.566663798260834, -10.566663798260834, -10.566663798260834, -10.566663798260834, -10.566663798260834, -10.566663798260834, -10.5669790544448, -10.566663798260834, -10.566663798260834, -10.566348542076867, -10.566663798260834, -10.5669790544448, -10.566348542076867, -10.566663798260834, -10.566663798260834, -10.566663798260834, -10.5669790544448, -10.566663798260834, -10.566663798260834, -10.566663798260834, -10.566663798260834, -10.5669790544448, -10.5669790544448, -10.566348542076867, -10.5669790544448, -10.566348542076867, -10.566663798260834, -10.5669790544448, -10.566663798260834, -10.5669790544448, -10.566663798260834, -10.5669790544448, -10.566663798260834, -10.5669790544448, -10.566663798260834, -10.566663798260834, -10.5669790544448, -10.566663798260834, -10.5669790544448, -10.566663798260834, -10.5669790544448, -10.566663798260834, -10.566663798260834, -10.566663798260834, -10.566663798260834, -10.566663798260834, -10.5669790544448, -10.566663798260834, -10.566348542076867, -10.5669790544448, -10.566663798260834, -10.566663798260834, -10.566663798260834, -10.566663798260834, -10.566663798260834, -10.566348542076867, -10.566663798260834, -10.566663798260834, -10.5669790544448, -10.566663798260834, -10.566663798260834, -10.5669790544448, -10.566348542076867, -10.566663798260834, -10.5669790544448, -10.566663798260834, -10.566663798260834, -10.566663798260834, -10.566663798260834, -10.566663798260834, -10.5669790544448, -10.5669790544448, -10.566663798260834, -10.566663798260834, -10.566663798260834, -10.566348542076867, -10.566663798260834, -10.5669790544448, -10.566348542076867, -10.566663798260834, -10.566663798260834, -10.566663798260834, -10.5669790544448, -10.5669790544448, -10.566663798260834, -10.5669790544448, -10.5669790544448, -10.5669790544448, -10.566663798260834, -10.566663798260834, -10.5669790544448, -10.566663798260834, -10.566348542076867, -10.5669790544448, -10.566663798260834, -10.566663798260834, -10.5669790544448, -10.566348542076867, -10.566663798260834, -10.566663798260834, -10.5669790544448, -10.566663798260834, -10.5669790544448, -10.566348542076867, -10.566663798260834, -10.566663798260834, -10.566663798260834, -10.566348542076867, -10.566663798260834, -10.566663798260834, -10.566663798260834, -10.5669790544448, -10.566663798260834, -10.566663798260834, -10.566663798260834, -10.566663798260834, -10.5669790544448, -10.566663798260834, -10.566663798260834, -10.566663798260834, -10.566348542076867, -10.566663798260834, -10.566348542076867, -10.566663798260834, -10.566663798260834, -10.566348542076867, -10.566663798260834, -10.566663798260834, -10.566663798260834, -10.566663798260834, -10.566663798260834, -10.5669790544448, -10.566663798260834, -10.566663798260834], \"AIN3\": [-10.5669790544448, -10.566663798260834, -10.566663798260834, -10.566663798260834, -10.5669790544448, -10.5669790544448, -10.566348542076867, -10.5669790544448, -10.566663798260834, -10.566663798260834, -10.566663798260834, -10.566663798260834, -10.566348542076867, -10.566663798260834, -10.566348542076867, -10.5669790544448, -10.566663798260834, -10.566348542076867, -10.566663798260834, -10.566663798260834, -10.5669790544448, -10.566663798260834, -10.5669790544448, -10.566663798260834, -10.566348542076867, -10.5669790544448, -10.566663798260834, -10.566663798260834, -10.566663798260834, -10.566663798260834, -10.5669790544448, -10.5669790544448, -10.566663798260834, -10.566348542076867, -10.566663798260834, -10.566663798260834, -10.566663798260834, -10.566348542076867, -10.566663798260834, -10.5669790544448, -10.566663798260834, -10.566663798260834, -10.5669790544448, -10.5669790544448, -10.566663798260834, -10.566348542076867, -10.566663798260834, -10.566663798260834, -10.566663798260834, -10.566663798260834, -10.5669790544448, -10.566663798260834, -10.566348542076867, -10.5669790544448, -10.566348542076867, -10.566663798260834, -10.566663798260834, -10.566663798260834, -10.566663798260834, -10.566663798260834, -10.5669790544448, -10.5669790544448, -10.566663798260834, -10.566663798260834, -10.566663798260834, -10.566348542076867, -10.566663798260834, -10.566663798260834, -10.566663798260834, -10.566348542076867, -10.566663798260834, -10.566663798260834, -10.566663798260834, -10.5669790544448, -10.5669790544448, -10.566663798260834, -10.566663798260834, -10.5669790544448, -10.566663798260834, -10.566663798260834, -10.5669790544448, -10.566663798260834, -10.5669790544448, -10.566663798260834, -10.566663798260834, -10.566348542076867, -10.566663798260834, -10.566663798260834, -10.566663798260834, -10.566663798260834, -10.566663798260834, -10.5669790544448, -10.566663798260834, -10.5669790544448, -10.566348542076867, -10.566348542076867, -10.566663798260834, -10.5669790544448, -10.566663798260834, -10.5669790544448, -10.566663798260834, -10.566663798260834, -10.5669790544448, -10.566663798260834, -10.5669790544448, -10.566348542076867, -10.566663798260834, -10.566663798260834, -10.566663798260834, -10.566663798260834, -10.566348542076867, -10.566348542076867, -10.5669790544448, -10.5669790544448, -10.5669790544448, -10.566663798260834, -10.566348542076867, -10.566663798260834, -10.5669790544448, -10.566663798260834, -10.5669790544448, -10.5669790544448, -10.566663798260834, -10.5669790544448, -10.566663798260834, -10.566663798260834, -10.566663798260834, -10.566663798260834, -10.566663798260834, -10.566663798260834, -10.566663798260834, -10.5669790544448, -10.566663798260834, -10.566663798260834, -10.566348542076867, -10.566663798260834, -10.5669790544448, -10.566348542076867, -10.566663798260834, -10.566663798260834, -10.566663798260834, -10.566348542076867, -10.566348542076867, -10.566663798260834, -10.567294310628768, -10.5669790544448, -10.5669790544448, -10.566663798260834, -10.5669790544448, -10.566663798260834, -10.566663798260834, -10.566663798260834, -10.5669790544448, -10.566348542076867, -10.566348542076867, -10.5669790544448, -10.566663798260834, -10.566348542076867, -10.566348542076867, -10.5669790544448, -10.567294310628768, -10.566663798260834, -10.566663798260834, -10.5669790544448, -10.566663798260834, -10.566663798260834, -10.5669790544448, -10.566663798260834, -10.566663798260834, -10.566663798260834, -10.566663798260834, -10.566663798260834, -10.5669790544448, -10.566663798260834, -10.566663798260834, -10.5669790544448, -10.566663798260834, -10.566663798260834, -10.566663798260834, -10.5669790544448, -10.566348542076867, -10.566348542076867, -10.566663798260834, -10.566663798260834, -10.566663798260834, -10.566663798260834, -10.566663798260834, -10.566663798260834, -10.5669790544448, -10.566663798260834, -10.566348542076867, -10.5669790544448, -10.566663798260834, -10.566663798260834, -10.566663798260834, -10.566663798260834, -10.566348542076867, -10.566663798260834, -10.566663798260834, -10.566663798260834, -10.566663798260834, -10.5669790544448, -10.566663798260834, -10.566663798260834, -10.566663798260834, -10.5669790544448, -10.566348542076867, -10.566663798260834, -10.566348542076867, -10.566348542076867, -10.5669790544448, -10.5669790544448, -10.5669790544448, -10.566663798260834, -10.566348542076867, -10.566663798260834, -10.5669790544448, -10.566663798260834, -10.566663798260834, -10.566663798260834, -10.5669790544448, -10.5669790544448, -10.566663798260834, -10.5669790544448, -10.5669790544448, -10.566348542076867, -10.566663798260834, -10.566348542076867, -10.566663798260834, -10.566663798260834, -10.566663798260834, -10.5669790544448, -10.566663798260834, -10.566663798260834, -10.566663798260834, -10.566663798260834, -10.566663798260834, -10.5669790544448, -10.566663798260834, -10.566348542076867, -10.566663798260834, -10.566348542076867, -10.566663798260834, -10.566663798260834, -10.5669790544448, -10.566663798260834, -10.5669790544448, -10.5669790544448, -10.5669790544448, -10.5669790544448]}, \"data_type\": \"<type 'collections.defaultdict'>\"}"}
{"message": "{\"timestamp\": 6.77181601524353, \"object_type\": \"standard\", \"data\": \"{ 'running_time':2.965954, 'x':3.280982, 'z':-3.315189E-07, 'view_angle':90.00001, 'x_mouse':1.25, 'y_mouse':0.7, 'context':'None', 'outcome':'None'}\", \"data_type\": \"<type 'str'>\"}"}
{"message": "{\"timestamp\": 6.772653102874756, \"object_type\": \"labjack_task\", \"data\": {\"write_value\": 0, \"register\": 6002, \"mode\": \"write\"}, \"data_type\": \"<type 'dict'>\"}"}
{"message": "{\"timestamp\": 6.773101091384888, \"object_type\": \"labjack_task\", \"data\": {\"write_value\": 0, \"register\": 6000, \"mode\": \"write\"}, \"data_type\": \"<type 'dict'>\"}"}
{"message": "{\"timestamp\": 6.77347207069397, \"object_type\": \"labjack_task\", \"data\": {\"write_value\": 0, \"register\": 6001, \"mode\": \"write\"}, \"data_type\": \"<type 'dict'>\"}"}
{"message": "{\"timestamp\": 6.785431146621704, \"object_type\": \"standard\", \"data\": \"{ 'running_time':2.979924, 'x':3.280982, 'z':-3.315189E-07, 'view_angle':90.00001, 'x_mouse':0, 'y_mouse':0, 'context':'None', 'outcome':'None'}\", \"data_type\": \"<type 'str'>\"}"}
{"message": "{\"timestamp\": 6.786102056503296, \"object_type\": \"labjack_task\", \"data\": {\"write_value\": 0, \"register\": 6002, \"mode\": \"write\"}, \"data_type\": \"<type 'dict'>\"}"}
{"message": "{\"timestamp\": 6.786473035812378, \"object_type\": \"labjack_task\", \"data\": {\"write_value\": 0, \"register\": 6000, \"mode\": \"write\"}, \"data_type\": \"<type 'dict'>\"}"}
{"message": "{\"timestamp\": 6.787018060684204, \"object_type\": \"labjack_task\", \"data\": {\"write_value\": 0, \"register\": 6001, \"mode\": \"write\"}, \"data_type\": \"<type 'dict'>\"}"}
{"message": "{\"timestamp\": 6.8080010414123535, \"object_type\": \"standard\", \"data\": \"{ 'running_time':3.002211, 'x':3.320982, 'z':-3.362872E-07, 'view_angle':90.00001, 'x_mouse':0, 'y_mouse':0, 'context':'None', 'outcome':'None'}\", \"data_type\": \"<type 'str'>\"}"}
{"message": "{\"timestamp\": 6.8087780475616455, \"object_type\": \"labjack_task\", \"data\": {\"write_value\": 0, \"register\": 6002, \"mode\": \"write\"}, \"data_type\": \"<type 'dict'>\"}"}
{"message": "{\"timestamp\": 6.809409141540527, \"object_type\": \"labjack_task\", \"data\": {\"write_value\": 0, \"register\": 6000, \"mode\": \"write\"}, \"data_type\": \"<type 'dict'>\"}"}
{"message": "{\"timestamp\": 6.80990195274353, \"object_type\": \"labjack_task\", \"data\": {\"write_value\": 0, \"register\": 6001, \"mode\": \"write\"}, \"data_type\": \"<type 'dict'>\"}"}
{"message": "{\"timestamp\": 6.851953983306885, \"object_type\": \"standard\", \"data\": \"{ 'running_time':3.046119, 'x':3.328982, 'z':-3.372408E-07, 'view_angle':90.00001, 'x_mouse':-0.45, 'y_mouse':-0.1, 'context':'None', 'outcome':'None'}\", \"data_type\": \"<type 'str'>\"}"}
{"message": "{\"timestamp\": 6.852764129638672, \"object_type\": \"labjack_task\", \"data\": {\"write_value\": 0, \"register\": 6002, \"mode\": \"write\"}, \"data_type\": \"<type 'dict'>\"}"}
{"message": "{\"timestamp\": 6.853389024734497, \"object_type\": \"labjack_task\", \"data\": {\"write_value\": 0, \"register\": 6000, \"mode\": \"write\"}, \"data_type\": \"<type 'dict'>\"}"}
{"message": "{\"timestamp\": 6.853770971298218, \"object_type\": \"labjack_task\", \"data\": {\"write_value\": 0, \"register\": 6001, \"mode\": \"write\"}, \"data_type\": \"<type 'dict'>\"}"}
{"message": "{\"timestamp\": 6.865825176239014, \"object_type\": \"standard\", \"data\": \"{ 'running_time':3.060105, 'x':3.320982, 'z':-3.362872E-07, 'view_angle':90.00001, 'x_mouse':-0.35, 'y_mouse':-0.05, 'context':'None', 'outcome':'None'}\", \"data_type\": \"<type 'str'>\"}"}
{"message": "{\"timestamp\": 6.866635084152222, \"object_type\": \"labjack_task\", \"data\": {\"write_value\": 0, \"register\": 6002, \"mode\": \"write\"}, \"data_type\": \"<type 'dict'>\"}"}
{"message": "{\"timestamp\": 6.867164134979248, \"object_type\": \"labjack_task\", \"data\": {\"write_value\": 0, \"register\": 6000, \"mode\": \"write\"}, \"data_type\": \"<type 'dict'>\"}"}
{"message": "{\"timestamp\": 6.867650032043457, \"object_type\": \"labjack_task\", \"data\": {\"write_value\": 0, \"register\": 6001, \"mode\": \"write\"}, \"data_type\": \"<type 'dict'>\"}"}
{"message": "{\"timestamp\": 6.8879029750823975, \"object_type\": \"standard\", \"data\": \"{ 'running_time':3.082239, 'x':3.304982, 'z':-3.343798E-07, 'view_angle':90.00001, 'x_mouse':-1.7, 'y_mouse':-0.2, 'context':'None', 'outcome':'None'}\", \"data_type\": \"<type 'str'>\"}"}
{"message": "{\"timestamp\": 6.8887779712677, \"object_type\": \"labjack_task\", \"data\": {\"write_value\": 0, \"register\": 6002, \"mode\": \"write\"}, \"data_type\": \"<type 'dict'>\"}"}
{"message": "{\"timestamp\": 6.889363050460815, \"object_type\": \"labjack_task\", \"data\": {\"write_value\": 0, \"register\": 6000, \"mode\": \"write\"}, \"data_type\": \"<type 'dict'>\"}"}
{"message": "{\"timestamp\": 6.889909029006958, \"object_type\": \"labjack_task\", \"data\": {\"write_value\": 0, \"register\": 6001, \"mode\": \"write\"}, \"data_type\": \"<type 'dict'>\"}"}
{"message": "{\"timestamp\": 6.932598114013672, \"object_type\": \"standard\", \"data\": \"{ 'running_time':3.126389, 'x':3.248982, 'z':-3.277042E-07, 'view_angle':90.00001, 'x_mouse':-1.2, 'y_mouse':-0.05, 'context':'None', 'outcome':'None'}\", \"data_type\": \"<type 'str'>\"}"}
{"message": "{\"timestamp\": 6.933521032333374, \"object_type\": \"labjack_task\", \"data\": {\"write_value\": 0, \"register\": 6002, \"mode\": \"write\"}, \"data_type\": \"<type 'dict'>\"}"}
{"message": "{\"timestamp\": 6.933854103088379, \"object_type\": \"labjack_task\", \"data\": {\"write_value\": 0, \"register\": 6000, \"mode\": \"write\"}, \"data_type\": \"<type 'dict'>\"}"}
{"message": "{\"timestamp\": 6.934219121932983, \"object_type\": \"labjack_task\", \"data\": {\"write_value\": 0, \"register\": 6001, \"mode\": \"write\"}, \"data_type\": \"<type 'dict'>\"}"}
{"message": "{\"timestamp\": 6.946473121643066, \"object_type\": \"standard\", \"data\": \"{ 'running_time':3.140415, 'x':3.208982, 'z':-3.229358E-07, 'view_angle':90.00001, 'x_mouse':0, 'y_mouse':0, 'context':'None', 'outcome':'None'}\", \"data_type\": \"<type 'str'>\"}"}
{"message": "{\"timestamp\": 6.947268962860107, \"object_type\": \"labjack_task\", \"data\": {\"write_value\": 0, \"register\": 6002, \"mode\": \"write\"}, \"data_type\": \"<type 'dict'>\"}"}
{"message": "{\"timestamp\": 6.947786092758179, \"object_type\": \"labjack_task\", \"data\": {\"write_value\": 0, \"register\": 6000, \"mode\": \"write\"}, \"data_type\": \"<type 'dict'>\"}"}
{"message": "{\"timestamp\": 6.948395013809204, \"object_type\": \"labjack_task\", \"data\": {\"write_value\": 0, \"register\": 6001, \"mode\": \"write\"}, \"data_type\": \"<type 'dict'>\"}"}
{"message": "{\"timestamp\": 6.9678239822387695, \"object_type\": \"standard\", \"data\": \"{ 'running_time':3.162182, 'x':3.176982, 'z':-3.191211E-07, 'view_angle':90.00001, 'x_mouse':-0.05, 'y_mouse':0.05, 'context':'None', 'outcome':'None'}\", \"data_type\": \"<type 'str'>\"}"}
{"message": "{\"timestamp\": 6.968670129776001, \"object_type\": \"labjack_task\", \"data\": {\"write_value\": 0, \"register\": 6002, \"mode\": \"write\"}, \"data_type\": \"<type 'dict'>\"}"}
{"message": "{\"timestamp\": 6.969593048095703, \"object_type\": \"labjack_task\", \"data\": {\"write_value\": 0, \"register\": 6000, \"mode\": \"write\"}, \"data_type\": \"<type 'dict'>\"}"}
{"message": "{\"timestamp\": 6.970160961151123, \"object_type\": \"labjack_task\", \"data\": {\"write_value\": 0, \"register\": 6001, \"mode\": \"write\"}, \"data_type\": \"<type 'dict'>\"}"}
{"message": "{\"timestamp\": 7.012070178985596, \"object_type\": \"standard\", \"data\": \"{ 'running_time':3.206324, 'x':3.136983, 'z':-3.143528E-07, 'view_angle':90.00001, 'x_mouse':0.05, 'y_mouse':0.4, 'context':'None', 'outcome':'None'}\", \"data_type\": \"<type 'str'>\"}"}
{"message": "{\"timestamp\": 7.012899160385132, \"object_type\": \"labjack_task\", \"data\": {\"write_value\": 0, \"register\": 6002, \"mode\": \"write\"}, \"data_type\": \"<type 'dict'>\"}"}
{"message": "{\"timestamp\": 7.013493061065674, \"object_type\": \"labjack_task\", \"data\": {\"write_value\": 0, \"register\": 6000, \"mode\": \"write\"}, \"data_type\": \"<type 'dict'>\"}"}
{"message": "{\"timestamp\": 7.019207000732422, \"object_type\": \"labjack_stream\", \"data\": {\"AIN0\": [-10.5669790544448, -10.566663798260834, -10.566663798260834, -10.566348542076867, -10.5669790544448, -10.566663798260834, -10.566663798260834, -10.5669790544448, -10.566663798260834, -10.566663798260834, -10.566663798260834, -10.566663798260834, -10.5669790544448, -10.566348542076867, -10.566663798260834, -10.566348542076867, -10.566663798260834, -10.566663798260834, -10.5669790544448, -10.566663798260834, -10.566663798260834, -10.566663798260834, -10.5669790544448, -10.566663798260834, -10.566663798260834, -10.566663798260834, -10.5669790544448, -10.566663798260834, -10.5669790544448, -10.566663798260834, -10.566663798260834, -10.566348542076867, -10.566663798260834, -10.5669790544448, -10.5669790544448, -10.566663798260834, -10.566663798260834, -10.5669790544448, -10.566663798260834, -10.566663798260834, -10.566348542076867, -10.5669790544448, -10.566348542076867, -10.566663798260834, -10.566348542076867, -10.566663798260834, -10.566348542076867, -10.566348542076867, -10.566663798260834, -10.566663798260834, -10.566663798260834, -10.566663798260834, -10.5660332858929, -10.566663798260834, -10.566663798260834, -10.566663798260834, -10.566663798260834, -10.566663798260834, -10.566663798260834, -10.566348542076867, -10.566663798260834, -10.566663798260834, -10.566348542076867, -10.566348542076867, -10.566663798260834, -10.566663798260834, -10.5669790544448, -10.566663798260834, -10.566663798260834, -10.566663798260834, -10.5669790544448, -10.566348542076867, -10.566348542076867, -10.566348542076867, -10.566663798260834, -10.566663798260834, -10.5669790544448, -10.566663798260834, -10.566348542076867, -10.566663798260834, -10.566663798260834, -10.566663798260834, -10.566663798260834, -10.566663798260834, -10.566348542076867, -10.566348542076867, -10.566663798260834, -10.5669790544448, -10.566663798260834, -10.5669790544448, -10.566663798260834, -10.566663798260834, -10.5669790544448, -10.566663798260834, -10.566663798260834, -10.566348542076867, -10.566663798260834, -10.566348542076867, -10.566663798260834, -10.566348542076867, -10.566663798260834, -10.566663798260834, -10.5669790544448, -10.566348542076867, -10.566663798260834, -10.566663798260834, -10.566663798260834, -10.566663798260834, -10.566663798260834, -10.566663798260834, -10.566663798260834, -10.566663798260834, -10.5669790544448, -10.566663798260834, -10.566663798260834, -10.566348542076867, -10.5669790544448, -10.566663798260834, -10.566348542076867, -10.566348542076867, -10.566663798260834, -10.5669790544448, -10.566663798260834, -10.5669790544448, -10.566348542076867, -10.5669790544448, -10.566663798260834, -10.566663798260834, -10.566348542076867, -10.566348542076867, -10.566348542076867, -10.5669790544448, -10.566663798260834, -10.566348542076867, -10.566663798260834, -10.566663798260834, -10.566663798260834, -10.5669790544448, -10.566348542076867, -10.5660332858929, -10.566663798260834, -10.566663798260834, -10.566348542076867, -10.566348542076867, -10.566663798260834, -10.566663798260834, -10.566663798260834, -10.566348542076867, -10.566348542076867, -10.566663798260834, -10.5669790544448, -10.566663798260834, -10.566663798260834, -10.5669790544448, -10.566663798260834, -10.5669790544448, -10.566663798260834, -10.566663798260834, -10.5669790544448, -10.566663798260834, -10.5669790544448, -10.566348542076867, -10.566348542076867, -10.566663798260834, -10.566348542076867, -10.566348542076867, -10.566663798260834, -10.5669790544448, -10.566663798260834, -10.5669790544448, -10.566663798260834, -10.566663798260834, -10.566663798260834, -10.566663798260834, -10.566663798260834, -10.566348542076867, -10.566663798260834, -10.566348542076867, -10.566348542076867, -10.566663798260834, -10.566663798260834, -10.566663798260834, -10.566348542076867, -10.566663798260834, -10.566663798260834, -10.566348542076867, -10.566663798260834, -10.5669790544448, -10.566663798260834, -10.5669790544448, -10.566663798260834, -10.5669790544448, -10.566348542076867, -10.566348542076867, -10.566663798260834, -10.566663798260834, -10.566348542076867, -10.5669790544448, -10.566663798260834, -10.566348542076867, -10.566663798260834, -10.566663798260834, -10.566663798260834, -10.566663798260834, -10.566663798260834, -10.566348542076867, -10.566348542076867, -10.566663798260834, -10.566663798260834, -10.566663798260834, -10.566663798260834, -10.5669790544448, -10.566348542076867, -10.566663798260834, -10.566663798260834, -10.5669790544448, -10.566663798260834, -10.566663798260834, -10.566663798260834, -10.566663798260834, -10.566663798260834, -10.566348542076867, -10.566663798260834, -10.566663798260834, -10.566663798260834, -10.566663798260834, -10.566663798260834, -10.566663798260834, -10.566348542076867, -10.566663798260834, -10.566663798260834, -10.566663798260834, -10.566663798260834, -10.566663798260834, -10.566663798260834, -10.5669790544448, -10.566348542076867, -10.566663798260834, -10.566663798260834, -10.566663798260834, -10.566663798260834, -10.566663798260834, -10.566663798260834, -10.5669790544448, -10.566663798260834, -10.566663798260834, -10.566348542076867, -10.566663798260834, -10.566663798260834, -10.566348542076867], \"AIN1\": [-10.566663798260834, -10.5669790544448, -10.5669790544448, -10.566663798260834, -10.566663798260834, -10.566663798260834, -10.5669790544448, -10.566663798260834, -10.566348542076867, -10.566663798260834, -10.5669790544448, -10.566663798260834, -10.5669790544448, -10.566663798260834, -10.566663798260834, -10.566663798260834, -10.566663798260834, -10.566663798260834, -10.566663798260834, -10.566663798260834, -10.5669790544448, -10.566348542076867, -10.566663798260834, -10.566348542076867, -10.566663798260834, -10.566663798260834, -10.566348542076867, -10.566663798260834, -10.566663798260834, -10.566348542076867, -10.566663798260834, -10.5669790544448, -10.566663798260834, -10.566663798260834, -10.566348542076867, -10.5669790544448, -10.566663798260834, -10.5669790544448, -10.5669790544448, -10.566663798260834, -10.566663798260834, -10.566348542076867, -10.5669790544448, -10.5669790544448, -10.566663798260834, -10.566663798260834, -10.566663798260834, -10.5669790544448, -10.566348542076867, -10.566663798260834, -10.5669790544448, -10.566663798260834, -10.566663798260834, -10.566663798260834, -10.566663798260834, -10.566663798260834, -10.566663798260834, -10.5669790544448, -10.566663798260834, -10.566663798260834, -10.566348542076867, -10.566663798260834, -10.566348542076867, -10.5669790544448, -10.566663798260834, -10.5669790544448, -10.566663798260834, -10.5669790544448, -10.5669790544448, -10.566663798260834, -10.566663798260834, -10.566348542076867, -10.5669790544448, -10.566663798260834, -10.5669790544448, -10.5669790544448, -10.566663798260834, -10.5669790544448, -10.5669790544448, -10.566663798260834, -10.5669790544448, -10.5669790544448, -10.566663798260834, -10.566348542076867, -10.566348542076867, -10.5669790544448, -10.566663798260834, -10.566663798260834, -10.566348542076867, -10.566663798260834, -10.566663798260834, -10.5669790544448, -10.566663798260834, -10.566348542076867, -10.5660332858929, -10.566663798260834, -10.5669790544448, -10.566348542076867, -10.566663798260834, -10.5669790544448, -10.566663798260834, -10.566663798260834, -10.566663798260834, -10.566663798260834, -10.566663798260834, -10.566663798260834, -10.5669790544448, -10.566663798260834, -10.566348542076867, -10.566663798260834, -10.5669790544448, -10.566348542076867, -10.5669790544448, -10.566663798260834, -10.566663798260834, -10.566663798260834, -10.566348542076867, -10.566348542076867, -10.566663798260834, -10.566663798260834, -10.566663798260834, -10.5669790544448, -10.566663798260834, -10.5669790544448, -10.5669790544448, -10.566663798260834, -10.566663798260834, -10.5669790544448, -10.566663798260834, -10.566348542076867, -10.566348542076867, -10.566663798260834, -10.566348542076867, -10.566663798260834, -10.566663798260834, -10.566663798260834, -10.566663798260834, -10.566663798260834, -10.5669790544448, -10.566663798260834, -10.5669790544448, -10.566348542076867, -10.566663798260834, -10.566663798260834, -10.566348542076867, -10.5669790544448, -10.566663798260834, -10.566663798260834, -10.5669790544448, -10.566348542076867, -10.566663798260834, -10.5669790544448, -10.5669790544448, -10.566663798260834, -10.5669790544448, -10.566663798260834, -10.566663798260834, -10.566348542076867, -10.566663798260834, -10.5669790544448, -10.566663798260834, -10.5669790544448, -10.566348542076867, -10.566348542076867, -10.566663798260834, -10.566663798260834, -10.566663798260834, -10.5669790544448, -10.5669790544448, -10.566663798260834, -10.5669790544448, -10.5669790544448, -10.566663798260834, -10.566663798260834, -10.566348542076867, -10.566663798260834, -10.566348542076867, -10.566663798260834, -10.566663798260834, -10.5669790544448, -10.566348542076867, -10.5669790544448, -10.566663798260834, -10.566663798260834, -10.566663798260834, -10.566348542076867, -10.566663798260834, -10.566663798260834, -10.566663798260834, -10.566663798260834, -10.5669790544448, -10.566348542076867, -10.566663798260834, -10.566663798260834, -10.566663798260834, -10.5669790544448, -10.566348542076867, -10.566663798260834, -10.566663798260834, -10.566663798260834, -10.5669790544448, -10.5669790544448, -10.566663798260834, -10.5669790544448, -10.5669790544448, -10.566663798260834, -10.5669790544448, -10.5669790544448, -10.5669790544448, -10.566663798260834, -10.566663798260834, -10.566663798260834, -10.5669790544448, -10.566663798260834, -10.5669790544448, -10.5669790544448, -10.566663798260834, -10.566663798260834, -10.566663798260834, -10.566663798260834, -10.566348542076867, -10.566663798260834, -10.5669790544448, -10.566663798260834, -10.566663798260834, -10.5669790544448, -10.5669790544448, -10.566663798260834, -10.566663798260834, -10.566663798260834, -10.566663798260834, -10.566663798260834, -10.566663798260834, -10.566663798260834, -10.566663798260834, -10.5669790544448, -10.5669790544448, -10.566348542076867, -10.5669790544448, -10.5669790544448, -10.566663798260834, -10.5669790544448, -10.5669790544448, -10.566663798260834, -10.566663798260834, -10.566348542076867, -10.5669790544448, -10.566663798260834, -10.566348542076867, -10.566663798260834], \"AIN2\": [-10.566348542076867, -10.566663798260834, -10.566663798260834, -10.5669790544448, -10.566663798260834, -10.566663798260834, -10.566663798260834, -10.566663798260834, -10.566663798260834, -10.5669790544448, -10.566663798260834, -10.566663798260834, -10.566348542076867, -10.566663798260834, -10.566663798260834, -10.5669790544448, -10.566348542076867, -10.5669790544448, -10.5669790544448, -10.566663798260834, -10.5669790544448, -10.566663798260834, -10.566663798260834, -10.5669790544448, -10.566663798260834, -10.566663798260834, -10.566663798260834, -10.566663798260834, -10.5669790544448, -10.566663798260834, -10.566663798260834, -10.566663798260834, -10.566663798260834, -10.566663798260834, -10.566663798260834, -10.5669790544448, -10.5669790544448, -10.566663798260834, -10.5669790544448, -10.5669790544448, -10.5669790544448, -10.566663798260834, -10.5669790544448, -10.5669790544448, -10.566663798260834, -10.566663798260834, -10.566663798260834, -10.566663798260834, -10.5669790544448, -10.566663798260834, -10.566663798260834, -10.566663798260834, -10.566663798260834, -10.5669790544448, -10.566663798260834, -10.566348542076867, -10.566663798260834, -10.5669790544448, -10.5669790544448, -10.566663798260834, -10.566663798260834, -10.5669790544448, -10.566348542076867, -10.566663798260834, -10.5669790544448, -10.566663798260834, -10.566348542076867, -10.566663798260834, -10.566663798260834, -10.5669790544448, -10.566663798260834, -10.566663798260834, -10.566663798260834, -10.566663798260834, -10.567294310628768, -10.566348542076867, -10.566663798260834, -10.5669790544448, -10.566348542076867, -10.566663798260834, -10.566348542076867, -10.566663798260834, -10.5669790544448, -10.5669790544448, -10.566663798260834, -10.566663798260834, -10.5669790544448, -10.566663798260834, -10.566663798260834, -10.566663798260834, -10.5669790544448, -10.5669790544448, -10.566663798260834, -10.566663798260834, -10.566663798260834, -10.566348542076867, -10.566663798260834, -10.566663798260834, -10.566663798260834, -10.5669790544448, -10.566663798260834, -10.566663798260834, -10.5669790544448, -10.566348542076867, -10.566663798260834, -10.566663798260834, -10.566663798260834, -10.566663798260834, -10.566663798260834, -10.566663798260834, -10.566663798260834, -10.566348542076867, -10.566663798260834, -10.566663798260834, -10.566348542076867, -10.5669790544448, -10.566663798260834, -10.566663798260834, -10.5669790544448, -10.566348542076867, -10.566663798260834, -10.5669790544448, -10.5669790544448, -10.5669790544448, -10.566663798260834, -10.566663798260834, -10.566663798260834, -10.5669790544448, -10.5669790544448, -10.5669790544448, -10.566663798260834, -10.5669790544448, -10.566663798260834, -10.566348542076867, -10.566663798260834, -10.566348542076867, -10.566663798260834, -10.566663798260834, -10.566663798260834, -10.566663798260834, -10.566348542076867, -10.5669790544448, -10.566663798260834, -10.566663798260834, -10.566663798260834, -10.566663798260834, -10.566663798260834, -10.566663798260834, -10.566663798260834, -10.5669790544448, -10.566663798260834, -10.566663798260834, -10.566348542076867, -10.566663798260834, -10.566663798260834, -10.566663798260834, -10.566663798260834, -10.566663798260834, -10.5669790544448, -10.566348542076867, -10.566663798260834, -10.566663798260834, -10.5669790544448, -10.566663798260834, -10.5669790544448, -10.566663798260834, -10.566663798260834, -10.5669790544448, -10.566663798260834, -10.5669790544448, -10.566663798260834, -10.5669790544448, -10.5669790544448, -10.566663798260834, -10.566663798260834, -10.566663798260834, -10.5669790544448, -10.5669790544448, -10.5669790544448, -10.5669790544448, -10.566663798260834, -10.5669790544448, -10.566663798260834, -10.566663798260834, -10.5669790544448, -10.566663798260834, -10.566663798260834, -10.5669790544448, -10.566348542076867, -10.566348542076867, -10.566663798260834, -10.566348542076867, -10.5669790544448, -10.5669790544448, -10.5669790544448, -10.566663798260834, -10.5669790544448, -10.566348542076867, -10.566663798260834, -10.566348542076867, -10.566663798260834, -10.566663798260834, -10.5669790544448, -10.566663798260834, -10.566663798260834, -10.566663798260834, -10.566663798260834, -10.566663798260834, -10.566348542076867, -10.566348542076867, -10.566348542076867, -10.566663798260834, -10.566348542076867, -10.566663798260834, -10.566663798260834, -10.566663798260834, -10.5669790544448, -10.566663798260834, -10.566663798260834, -10.566663798260834, -10.566663798260834, -10.5669790544448, -10.5669790544448, -10.566663798260834, -10.566663798260834, -10.566663798260834, -10.5669790544448, -10.566663798260834, -10.566348542076867, -10.566663798260834, -10.566663798260834, -10.5669790544448, -10.5669790544448, -10.566663798260834, -10.566348542076867, -10.566663798260834, -10.566663798260834, -10.566663798260834, -10.566663798260834, -10.566663798260834, -10.5669790544448, -10.5669790544448, -10.566348542076867, -10.566663798260834, -10.5669790544448, -10.566663798260834, -10.5669790544448, -10.5669790544448, -10.566663798260834, -10.566348542076867], \"AIN3\": [-10.5669790544448, -10.566663798260834, -10.566663798260834, -10.566663798260834, -10.566348542076867, -10.566663798260834, -10.566663798260834, -10.566348542076867, -10.566663798260834, -10.566663798260834, -10.566663798260834, -10.566663798260834, -10.5669790544448, -10.566663798260834, -10.566663798260834, -10.566663798260834, -10.566663798260834, -10.566663798260834, -10.566663798260834, -10.566663798260834, -10.566663798260834, -10.566663798260834, -10.5669790544448, -10.566663798260834, -10.566663798260834, -10.566663798260834, -10.566663798260834, -10.5669790544448, -10.566663798260834, -10.5669790544448, -10.566663798260834, -10.566663798260834, -10.566348542076867, -10.566348542076867, -10.5669790544448, -10.5669790544448, -10.5669790544448, -10.5669790544448, -10.566663798260834, -10.5669790544448, -10.566348542076867, -10.566663798260834, -10.566663798260834, -10.5669790544448, -10.566663798260834, -10.566348542076867, -10.566663798260834, -10.5669790544448, -10.5669790544448, -10.566348542076867, -10.566663798260834, -10.566663798260834, -10.5669790544448, -10.566663798260834, -10.5669790544448, -10.5669790544448, -10.566663798260834, -10.566348542076867, -10.5669790544448, -10.5669790544448, -10.5669790544448, -10.5669790544448, -10.566663798260834, -10.566663798260834, -10.566663798260834, -10.566663798260834, -10.567294310628768, -10.566348542076867, -10.5669790544448, -10.566663798260834, -10.566663798260834, -10.5669790544448, -10.566663798260834, -10.566348542076867, -10.566663798260834, -10.5669790544448, -10.566663798260834, -10.566663798260834, -10.566663798260834, -10.566663798260834, -10.566348542076867, -10.566348542076867, -10.5669790544448, -10.566663798260834, -10.566348542076867, -10.566663798260834, -10.566663798260834, -10.5669790544448, -10.566663798260834, -10.566348542076867, -10.566663798260834, -10.566663798260834, -10.5669790544448, -10.566348542076867, -10.5669790544448, -10.5669790544448, -10.5669790544448, -10.5669790544448, -10.566663798260834, -10.566348542076867, -10.566348542076867, -10.566348542076867, -10.5669790544448, -10.5669790544448, -10.5669790544448, -10.5660332858929, -10.566663798260834, -10.566663798260834, -10.5669790544448, -10.566663798260834, -10.566348542076867, -10.566348542076867, -10.566663798260834, -10.566663798260834, -10.566663798260834, -10.5669790544448, -10.566348542076867, -10.566348542076867, -10.566663798260834, -10.566663798260834, -10.5669790544448, -10.566663798260834, -10.566663798260834, -10.566663798260834, -10.5669790544448, -10.5669790544448, -10.566348542076867, -10.566663798260834, -10.566663798260834, -10.566663798260834, -10.5669790544448, -10.566663798260834, -10.5669790544448, -10.566348542076867, -10.5669790544448, -10.566348542076867, -10.566663798260834, -10.5669790544448, -10.5669790544448, -10.566348542076867, -10.5669790544448, -10.5669790544448, -10.566348542076867, -10.566663798260834, -10.566663798260834, -10.566663798260834, -10.566663798260834, -10.566663798260834, -10.566663798260834, -10.566663798260834, -10.566663798260834, -10.566663798260834, -10.566663798260834, -10.566663798260834, -10.566663798260834, -10.566663798260834, -10.566663798260834, -10.566663798260834, -10.566348542076867, -10.566348542076867, -10.566348542076867, -10.5669790544448, -10.566663798260834, -10.566663798260834, -10.566663798260834, -10.5669790544448, -10.566663798260834, -10.566663798260834, -10.566348542076867, -10.566663798260834, -10.566663798260834, -10.566663798260834, -10.566663798260834, -10.5669790544448, -10.5669790544448, -10.566348542076867, -10.566663798260834, -10.5669790544448, -10.566348542076867, -10.566663798260834, -10.5669790544448, -10.5669790544448, -10.566663798260834, -10.566348542076867, -10.566663798260834, -10.566663798260834, -10.5669790544448, -10.5669790544448, -10.566663798260834, -10.566348542076867, -10.566663798260834, -10.5669790544448, -10.5669790544448, -10.566663798260834, -10.566663798260834, -10.566348542076867, -10.5669790544448, -10.566663798260834, -10.5669790544448, -10.566663798260834, -10.566663798260834, -10.566663798260834, -10.5669790544448, -10.5669790544448, -10.566663798260834, -10.566663798260834, -10.566663798260834, -10.566663798260834, -10.566663798260834, -10.566663798260834, -10.566663798260834, -10.566663798260834, -10.566663798260834, -10.5669790544448, -10.5669790544448, -10.566663798260834, -10.5669790544448, -10.5669790544448, -10.5669790544448, -10.566663798260834, -10.566348542076867, -10.5669790544448, -10.566663798260834, -10.566663798260834, -10.5669790544448, -10.5669790544448, -10.566348542076867, -10.566663798260834, -10.566663798260834, -10.566663798260834, -10.566348542076867, -10.5669790544448, -10.566663798260834, -10.566663798260834, -10.566663798260834, -10.566348542076867, -10.5669790544448, -10.566663798260834, -10.566663798260834, -10.566663798260834, -10.5669790544448, -10.566663798260834, -10.566663798260834, -10.566348542076867, -10.566663798260834, -10.5669790544448, -10.5669790544448, -10.566663798260834, -10.566663798260834, -10.566663798260834]}, \"data_type\": \"<type 'collections.defaultdict'>\"}"}
{"message": "{\"timestamp\": 7.0192711353302, \"object_type\": \"labjack_task\", \"data\": {\"write_value\": 0, \"register\": 6001, \"mode\": \"write\"}, \"data_type\": \"<type 'dict'>\"}"}
{"message": "{\"timestamp\": 7.025171995162964, \"object_type\": \"standard\", \"data\": \"{ 'running_time':3.219681, 'x':3.136983, 'z':-3.143528E-07, 'view_angle':90.00001, 'x_mouse':0, 'y_mouse':0, 'context':'None', 'outcome':'None'}\", \"data_type\": \"<type 'str'>\"}"}
{"message": "{\"timestamp\": 7.026173114776611, \"object_type\": \"labjack_task\", \"data\": {\"write_value\": 0, \"register\": 6002, \"mode\": \"write\"}, \"data_type\": \"<type 'dict'>\"}"}
{"message": "{\"timestamp\": 7.026808023452759, \"object_type\": \"labjack_task\", \"data\": {\"write_value\": 0, \"register\": 6000, \"mode\": \"write\"}, \"data_type\": \"<type 'dict'>\"}"}
{"message": "{\"timestamp\": 7.027398109436035, \"object_type\": \"labjack_task\", \"data\": {\"write_value\": 0, \"register\": 6001, \"mode\": \"write\"}, \"data_type\": \"<type 'dict'>\"}"}
{"message": "{\"timestamp\": 7.047904014587402, \"object_type\": \"standard\", \"data\": \"{ 'running_time':3.242256, 'x':3.128983, 'z':-3.133992E-07, 'view_angle':90.00001, 'x_mouse':0.75, 'y_mouse':0, 'context':'None', 'outcome':'None'}\", \"data_type\": \"<type 'str'>\"}"}
{"message": "{\"timestamp\": 7.048609018325806, \"object_type\": \"labjack_task\", \"data\": {\"write_value\": 0, \"register\": 6002, \"mode\": \"write\"}, \"data_type\": \"<type 'dict'>\"}"}
{"message": "{\"timestamp\": 7.049376964569092, \"object_type\": \"labjack_task\", \"data\": {\"write_value\": 0, \"register\": 6000, \"mode\": \"write\"}, \"data_type\": \"<type 'dict'>\"}"}
{"message": "{\"timestamp\": 7.0498809814453125, \"object_type\": \"labjack_task\", \"data\": {\"write_value\": 0, \"register\": 6001, \"mode\": \"write\"}, \"data_type\": \"<type 'dict'>\"}"}
{"message": "{\"timestamp\": 7.092120170593262, \"object_type\": \"standard\", \"data\": \"{ 'running_time':3.286377, 'x':3.152983, 'z':-3.162602E-07, 'view_angle':90.00001, 'x_mouse':4, 'y_mouse':0.45, 'context':'None', 'outcome':'None'}\", \"data_type\": \"<type 'str'>\"}"}
{"message": "{\"timestamp\": 7.092897176742554, \"object_type\": \"labjack_task\", \"data\": {\"write_value\": 0, \"register\": 6002, \"mode\": \"write\"}, \"data_type\": \"<type 'dict'>\"}"}
{"message": "{\"timestamp\": 7.093475103378296, \"object_type\": \"labjack_task\", \"data\": {\"write_value\": 0, \"register\": 6000, \"mode\": \"write\"}, \"data_type\": \"<type 'dict'>\"}"}
{"message": "{\"timestamp\": 7.094146966934204, \"object_type\": \"labjack_task\", \"data\": {\"write_value\": 0, \"register\": 6001, \"mode\": \"write\"}, \"data_type\": \"<type 'dict'>\"}"}
{"message": "{\"timestamp\": 7.105394124984741, \"object_type\": \"standard\", \"data\": \"{ 'running_time':3.299706, 'x':3.152983, 'z':-3.162602E-07, 'view_angle':90.00001, 'x_mouse':0.7, 'y_mouse':0.2, 'context':'None', 'outcome':'None'}\", \"data_type\": \"<type 'str'>\"}"}
{"message": "{\"timestamp\": 7.106277942657471, \"object_type\": \"labjack_task\", \"data\": {\"write_value\": 0, \"register\": 6002, \"mode\": \"write\"}, \"data_type\": \"<type 'dict'>\"}"}
{"message": "{\"timestamp\": 7.106882095336914, \"object_type\": \"labjack_task\", \"data\": {\"write_value\": 0, \"register\": 6000, \"mode\": \"write\"}, \"data_type\": \"<type 'dict'>\"}"}
{"message": "{\"timestamp\": 7.107378005981445, \"object_type\": \"labjack_task\", \"data\": {\"write_value\": 0, \"register\": 6001, \"mode\": \"write\"}, \"data_type\": \"<type 'dict'>\"}"}
{"message": "{\"timestamp\": 7.127681016921997, \"object_type\": \"standard\", \"data\": \"{ 'running_time':3.321949, 'x':3.208983, 'z':-3.229359E-07, 'view_angle':90.00001, 'x_mouse':2.15, 'y_mouse':0.8, 'context':'None', 'outcome':'None'}\", \"data_type\": \"<type 'str'>\"}"}
{"message": "{\"timestamp\": 7.128357172012329, \"object_type\": \"labjack_task\", \"data\": {\"write_value\": 0, \"register\": 6002, \"mode\": \"write\"}, \"data_type\": \"<type 'dict'>\"}"}
{"message": "{\"timestamp\": 7.1289660930633545, \"object_type\": \"labjack_task\", \"data\": {\"write_value\": 0, \"register\": 6000, \"mode\": \"write\"}, \"data_type\": \"<type 'dict'>\"}"}
{"message": "{\"timestamp\": 7.129470109939575, \"object_type\": \"labjack_task\", \"data\": {\"write_value\": 0, \"register\": 6001, \"mode\": \"write\"}, \"data_type\": \"<type 'dict'>\"}"}
{"message": "{\"timestamp\": 7.172381162643433, \"object_type\": \"standard\", \"data\": \"{ 'running_time':3.366603, 'x':3.296983, 'z':-3.334263E-07, 'view_angle':90.00001, 'x_mouse':0.2, 'y_mouse':0.3, 'context':'None', 'outcome':'None'}\", \"data_type\": \"<type 'str'>\"}"}
{"message": "{\"timestamp\": 7.173144102096558, \"object_type\": \"labjack_task\", \"data\": {\"write_value\": 0, \"register\": 6002, \"mode\": \"write\"}, \"data_type\": \"<type 'dict'>\"}"}
{"message": "{\"timestamp\": 7.1735780239105225, \"object_type\": \"labjack_task\", \"data\": {\"write_value\": 0, \"register\": 6000, \"mode\": \"write\"}, \"data_type\": \"<type 'dict'>\"}"}
{"message": "{\"timestamp\": 7.174088954925537, \"object_type\": \"labjack_task\", \"data\": {\"write_value\": 0, \"register\": 6001, \"mode\": \"write\"}, \"data_type\": \"<type 'dict'>\"}"}
{"message": "{\"timestamp\": 7.186299085617065, \"object_type\": \"standard\", \"data\": \"{ 'running_time':3.380548, 'x':3.336982, 'z':-3.381946E-07, 'view_angle':90.00001, 'x_mouse':0, 'y_mouse':0, 'context':'None', 'outcome':'None'}\", \"data_type\": \"<type 'str'>\"}"}
{"message": "{\"timestamp\": 7.1870081424713135, \"object_type\": \"labjack_task\", \"data\": {\"write_value\": 0, \"register\": 6002, \"mode\": \"write\"}, \"data_type\": \"<type 'dict'>\"}"}
{"message": "{\"timestamp\": 7.18755316734314, \"object_type\": \"labjack_task\", \"data\": {\"write_value\": 0, \"register\": 6000, \"mode\": \"write\"}, \"data_type\": \"<type 'dict'>\"}"}
{"message": "{\"timestamp\": 7.18812894821167, \"object_type\": \"labjack_task\", \"data\": {\"write_value\": 0, \"register\": 6001, \"mode\": \"write\"}, \"data_type\": \"<type 'dict'>\"}"}
{"message": "{\"timestamp\": 7.207811117172241, \"object_type\": \"standard\", \"data\": \"{ 'running_time':3.402188, 'x':3.368982, 'z':-3.420092E-07, 'view_angle':90.00001, 'x_mouse':0, 'y_mouse':0, 'context':'None', 'outcome':'None'}\", \"data_type\": \"<type 'str'>\"}"}
{"message": "{\"timestamp\": 7.2086310386657715, \"object_type\": \"labjack_task\", \"data\": {\"write_value\": 0, \"register\": 6002, \"mode\": \"write\"}, \"data_type\": \"<type 'dict'>\"}"}
{"message": "{\"timestamp\": 7.209280967712402, \"object_type\": \"labjack_task\", \"data\": {\"write_value\": 0, \"register\": 6000, \"mode\": \"write\"}, \"data_type\": \"<type 'dict'>\"}"}
{"message": "{\"timestamp\": 7.209897041320801, \"object_type\": \"labjack_task\", \"data\": {\"write_value\": 0, \"register\": 6001, \"mode\": \"write\"}, \"data_type\": \"<type 'dict'>\"}"}
{"message": "{\"timestamp\": 7.245182037353516, \"object_type\": \"labjack_stream\", \"data\": {\"AIN0\": [-10.566663798260834, -10.566663798260834, -10.566663798260834, -10.5669790544448, -10.5669790544448, -10.566663798260834, -10.566663798260834, -10.566663798260834, -10.566663798260834, -10.566663798260834, -10.5669790544448, -10.566348542076867, -10.5669790544448, -10.566663798260834, -10.5669790544448, -10.566663798260834, -10.566663798260834, -10.566663798260834, -10.5669790544448, -10.566663798260834, -10.566663798260834, -10.566663798260834, -10.566663798260834, -10.5669790544448, -10.5669790544448, -10.566663798260834, -10.566663798260834, -10.5669790544448, -10.566663798260834, -10.566663798260834, -10.566663798260834, -10.566663798260834, -10.5669790544448, -10.566663798260834, -10.566348542076867, -10.566663798260834, -10.566663798260834, -10.566348542076867, -10.566348542076867, -10.566348542076867, -10.566663798260834, -10.5669790544448, -10.566663798260834, -10.566348542076867, -10.5669790544448, -10.5669790544448, -10.566348542076867, -10.5669790544448, -10.5669790544448, -10.566663798260834, -10.566663798260834, -10.566348542076867, -10.566348542076867, -10.5669790544448, -10.566663798260834, -10.566348542076867, -10.566663798260834, -10.566348542076867, -10.5669790544448, -10.566348542076867, -10.566663798260834, -10.5669790544448, -10.566663798260834, -10.566663798260834, -10.5669790544448, -10.5669790544448, -10.566663798260834, -10.566663798260834, -10.566348542076867, -10.566663798260834, -10.566663798260834, -10.5669790544448, -10.566663798260834, -10.566663798260834, -10.566663798260834, -10.566663798260834, -10.566663798260834, -10.566663798260834, -10.566663798260834, -10.5669790544448, -10.566348542076867, -10.566663798260834, -10.566663798260834, -10.5669790544448, -10.566348542076867, -10.566663798260834, -10.566663798260834, -10.566663798260834, -10.566663798260834, -10.566348542076867, -10.566663798260834, -10.5669790544448, -10.5669790544448, -10.566663798260834, -10.5669790544448, -10.566663798260834, -10.566663798260834, -10.566663798260834, -10.566663798260834, -10.566663798260834, -10.566663798260834, -10.566663798260834, -10.566663798260834, -10.566663798260834, -10.5669790544448, -10.566663798260834, -10.566663798260834, -10.566348542076867, -10.5669790544448, -10.566663798260834, -10.566663798260834, -10.5669790544448, -10.566663798260834, -10.566663798260834, -10.566348542076867, -10.566348542076867, -10.566663798260834, -10.5669790544448, -10.566663798260834, -10.5669790544448, -10.566663798260834, -10.5669790544448, -10.566663798260834, -10.566663798260834, -10.5669790544448, -10.566663798260834, -10.566348542076867, -10.566663798260834, -10.566663798260834, -10.566663798260834, -10.566663798260834, -10.5669790544448, -10.566348542076867, -10.566663798260834, -10.5669790544448, -10.566663798260834, -10.566663798260834, -10.566663798260834, -10.566663798260834, -10.566663798260834, -10.566663798260834, -10.566348542076867, -10.566348542076867, -10.566348542076867, -10.5669790544448, -10.566663798260834, -10.566348542076867, -10.566348542076867, -10.5669790544448, -10.566663798260834, -10.566663798260834, -10.5669790544448, -10.566663798260834, -10.566348542076867, -10.566348542076867, -10.566663798260834, -10.566663798260834, -10.566663798260834, -10.566348542076867, -10.566663798260834, -10.566663798260834, -10.5669790544448, -10.566348542076867, -10.566663798260834, -10.566663798260834, -10.5669790544448, -10.566348542076867, -10.566348542076867, -10.566348542076867, -10.566663798260834, -10.566663798260834, -10.566663798260834, -10.566663798260834, -10.5669790544448, -10.566663798260834, -10.566348542076867, -10.566663798260834, -10.5669790544448, -10.5669790544448, -10.566663798260834, -10.566663798260834, -10.566663798260834, -10.566663798260834, -10.5669790544448, -10.566348542076867, -10.566663798260834, -10.566663798260834, -10.566663798260834, -10.566663798260834, -10.5669790544448, -10.566663798260834, -10.566663798260834, -10.566663798260834, -10.566663798260834, -10.566663798260834, -10.5669790544448, -10.5669790544448, -10.566663798260834, -10.5669790544448, -10.566348542076867, -10.566663798260834, -10.566348542076867, -10.5669790544448, -10.566663798260834, -10.566663798260834, -10.566663798260834, -10.566663798260834, -10.566348542076867, -10.566348542076867, -10.5669790544448, -10.566348542076867, -10.566663798260834, -10.566663798260834, -10.566663798260834, -10.566663798260834, -10.566663798260834, -10.566663798260834, -10.566663798260834, -10.566663798260834, -10.5669790544448, -10.566348542076867, -10.566348542076867, -10.566348542076867, -10.566663798260834, -10.566663798260834, -10.566348542076867, -10.566663798260834, -10.566663798260834, -10.566663798260834, -10.566348542076867, -10.5669790544448, -10.566663798260834, -10.566663798260834, -10.566663798260834, -10.566663798260834, -10.5669790544448, -10.566663798260834, -10.566663798260834, -10.566663798260834, -10.566663798260834, -10.566663798260834, -10.566663798260834, -10.566663798260834, -10.566663798260834, -10.566663798260834, -10.5669790544448, -10.566663798260834, -10.566663798260834, -10.566663798260834, -10.566663798260834], \"AIN1\": [-10.566348542076867, -10.5669790544448, -10.5669790544448, -10.566348542076867, -10.566348542076867, -10.566663798260834, -10.566663798260834, -10.566348542076867, -10.566663798260834, -10.566663798260834, -10.566663798260834, -10.566663798260834, -10.5669790544448, -10.566663798260834, -10.5669790544448, -10.5669790544448, -10.566663798260834, -10.566663798260834, -10.566663798260834, -10.566663798260834, -10.566348542076867, -10.5669790544448, -10.566663798260834, -10.5669790544448, -10.5669790544448, -10.566663798260834, -10.566663798260834, -10.566663798260834, -10.566663798260834, -10.566348542076867, -10.5669790544448, -10.566663798260834, -10.5669790544448, -10.5669790544448, -10.566348542076867, -10.5669790544448, -10.566663798260834, -10.566663798260834, -10.566348542076867, -10.566348542076867, -10.566663798260834, -10.5669790544448, -10.566663798260834, -10.5669790544448, -10.5669790544448, -10.566663798260834, -10.566348542076867, -10.5669790544448, -10.566348542076867, -10.566663798260834, -10.566348542076867, -10.566663798260834, -10.566663798260834, -10.5669790544448, -10.566663798260834, -10.5669790544448, -10.566663798260834, -10.566663798260834, -10.566348542076867, -10.5669790544448, -10.5669790544448, -10.5669790544448, -10.5669790544448, -10.5669790544448, -10.566663798260834, -10.566663798260834, -10.566348542076867, -10.566348542076867, -10.5669790544448, -10.566663798260834, -10.566663798260834, -10.5669790544448, -10.566663798260834, -10.566348542076867, -10.5669790544448, -10.5669790544448, -10.566663798260834, -10.566663798260834, -10.566663798260834, -10.566663798260834, -10.566348542076867, -10.566663798260834, -10.5669790544448, -10.566663798260834, -10.566663798260834, -10.566348542076867, -10.5669790544448, -10.566663798260834, -10.5669790544448, -10.566348542076867, -10.566348542076867, -10.566663798260834, -10.566663798260834, -10.566348542076867, -10.566663798260834, -10.566663798260834, -10.566663798260834, -10.5669790544448, -10.5669790544448, -10.5669790544448, -10.566348542076867, -10.5669790544448, -10.566663798260834, -10.566348542076867, -10.5669790544448, -10.566663798260834, -10.566663798260834, -10.566663798260834, -10.5669790544448, -10.566663798260834, -10.566663798260834, -10.566348542076867, -10.5669790544448, -10.5669790544448, -10.566663798260834, -10.566663798260834, -10.566663798260834, -10.566663798260834, -10.566663798260834, -10.5669790544448, -10.566663798260834, -10.5669790544448, -10.566663798260834, -10.566663798260834, -10.566663798260834, -10.566663798260834, -10.566663798260834, -10.566663798260834, -10.566663798260834, -10.566663798260834, -10.5669790544448, -10.566663798260834, -10.566663798260834, -10.566348542076867, -10.566663798260834, -10.5669790544448, -10.566348542076867, -10.5669790544448, -10.566663798260834, -10.5669790544448, -10.566663798260834, -10.5669790544448, -10.5669790544448, -10.5669790544448, -10.566663798260834, -10.566663798260834, -10.566663798260834, -10.566663798260834, -10.566663798260834, -10.5669790544448, -10.566663798260834, -10.566663798260834, -10.566663798260834, -10.5669790544448, -10.5669790544448, -10.566663798260834, -10.5669790544448, -10.566663798260834, -10.566663798260834, -10.566348542076867, -10.566348542076867, -10.566663798260834, -10.566348542076867, -10.566663798260834, -10.566348542076867, -10.566663798260834, -10.566663798260834, -10.566663798260834, -10.566663798260834, -10.566663798260834, -10.566663798260834, -10.5669790544448, -10.566663798260834, -10.566663798260834, -10.566663798260834, -10.5669790544448, -10.5669790544448, -10.5669790544448, -10.566663798260834, -10.5669790544448, -10.566663798260834, -10.566663798260834, -10.566663798260834, -10.566663798260834, -10.566348542076867, -10.566663798260834, -10.566663798260834, -10.5669790544448, -10.566663798260834, -10.566663798260834, -10.566663798260834, -10.566663798260834, -10.566348542076867, -10.566663798260834, -10.566348542076867, -10.5669790544448, -10.566663798260834, -10.566663798260834, -10.566348542076867, -10.566663798260834, -10.5669790544448, -10.5669790544448, -10.566663798260834, -10.566348542076867, -10.566663798260834, -10.5669790544448, -10.5669790544448, -10.566663798260834, -10.566663798260834, -10.566348542076867, -10.566348542076867, -10.566663798260834, -10.566663798260834, -10.5669790544448, -10.5669790544448, -10.566663798260834, -10.566663798260834, -10.566663798260834, -10.5669790544448, -10.566663798260834, -10.5669790544448, -10.566348542076867, -10.566663798260834, -10.5669790544448, -10.5669790544448, -10.566663798260834, -10.566663798260834, -10.5669790544448, -10.566663798260834, -10.566663798260834, -10.566663798260834, -10.566663798260834, -10.566348542076867, -10.566663798260834, -10.5669790544448, -10.566663798260834, -10.566663798260834, -10.566663798260834, -10.566663798260834, -10.5669790544448, -10.566663798260834, -10.566663798260834, -10.566663798260834, -10.566663798260834, -10.5669790544448, -10.566663798260834, -10.566663798260834, -10.566663798260834, -10.5669790544448, -10.566663798260834], \"AIN2\": [-10.5669790544448, -10.566663798260834, -10.566348542076867, -10.566348542076867, -10.566663798260834, -10.566663798260834, -10.5669790544448, -10.5669790544448, -10.5669790544448, -10.566663798260834, -10.566663798260834, -10.5669790544448, -10.566663798260834, -10.566348542076867, -10.5669790544448, -10.566663798260834, -10.5669790544448, -10.566663798260834, -10.566348542076867, -10.566663798260834, -10.5669790544448, -10.5669790544448, -10.566348542076867, -10.566663798260834, -10.566663798260834, -10.566663798260834, -10.566348542076867, -10.566663798260834, -10.5669790544448, -10.566348542076867, -10.566348542076867, -10.566663798260834, -10.566663798260834, -10.566663798260834, -10.566663798260834, -10.566663798260834, -10.5669790544448, -10.566663798260834, -10.566348542076867, -10.5669790544448, -10.566663798260834, -10.566348542076867, -10.566663798260834, -10.566663798260834, -10.566663798260834, -10.566663798260834, -10.566663798260834, -10.566663798260834, -10.5669790544448, -10.566663798260834, -10.566663798260834, -10.566663798260834, -10.566663798260834, -10.566663798260834, -10.5669790544448, -10.5669790544448, -10.5669790544448, -10.566663798260834, -10.566348542076867, -10.566663798260834, -10.5669790544448, -10.566663798260834, -10.566663798260834, -10.566663798260834, -10.5669790544448, -10.566663798260834, -10.566348542076867, -10.5669790544448, -10.566348542076867, -10.566663798260834, -10.566663798260834, -10.566663798260834, -10.566663798260834, -10.566663798260834, -10.5669790544448, -10.566348542076867, -10.566663798260834, -10.566348542076867, -10.566663798260834, -10.566663798260834, -10.566663798260834, -10.566663798260834, -10.566663798260834, -10.5669790544448, -10.566348542076867, -10.5669790544448, -10.566348542076867, -10.566663798260834, -10.566663798260834, -10.566348542076867, -10.5669790544448, -10.5669790544448, -10.566348542076867, -10.566663798260834, -10.5669790544448, -10.566663798260834, -10.566663798260834, -10.566663798260834, -10.566663798260834, -10.566663798260834, -10.566348542076867, -10.566663798260834, -10.566663798260834, -10.566348542076867, -10.566663798260834, -10.566348542076867, -10.566663798260834, -10.5669790544448, -10.566663798260834, -10.5669790544448, -10.566663798260834, -10.566663798260834, -10.5669790544448, -10.566663798260834, -10.566348542076867, -10.566663798260834, -10.566663798260834, -10.5669790544448, -10.566663798260834, -10.566663798260834, -10.566663798260834, -10.566663798260834, -10.5669790544448, -10.5669790544448, -10.566663798260834, -10.566663798260834, -10.5669790544448, -10.566663798260834, -10.566663798260834, -10.5669790544448, -10.566663798260834, -10.5669790544448, -10.5669790544448, -10.5669790544448, -10.566663798260834, -10.566663798260834, -10.5669790544448, -10.5669790544448, -10.566663798260834, -10.566663798260834, -10.566663798260834, -10.566663798260834, -10.566663798260834, -10.566663798260834, -10.566663798260834, -10.566663798260834, -10.566663798260834, -10.566663798260834, -10.5669790544448, -10.566663798260834, -10.566663798260834, -10.566348542076867, -10.566663798260834, -10.5669790544448, -10.566348542076867, -10.566663798260834, -10.566663798260834, -10.5669790544448, -10.567294310628768, -10.5669790544448, -10.5669790544448, -10.566663798260834, -10.5669790544448, -10.5669790544448, -10.566663798260834, -10.566663798260834, -10.566663798260834, -10.5669790544448, -10.566663798260834, -10.566663798260834, -10.566663798260834, -10.566663798260834, -10.5669790544448, -10.566663798260834, -10.5669790544448, -10.5669790544448, -10.566663798260834, -10.5669790544448, -10.5669790544448, -10.566663798260834, -10.566663798260834, -10.566663798260834, -10.566663798260834, -10.566348542076867, -10.566663798260834, -10.566663798260834, -10.566663798260834, -10.566663798260834, -10.5669790544448, -10.5669790544448, -10.5669790544448, -10.566663798260834, -10.566663798260834, -10.5669790544448, -10.566663798260834, -10.566348542076867, -10.566663798260834, -10.5669790544448, -10.566663798260834, -10.566663798260834, -10.566663798260834, -10.566663798260834, -10.5669790544448, -10.566663798260834, -10.566663798260834, -10.566348542076867, -10.566663798260834, -10.5669790544448, -10.566348542076867, -10.566663798260834, -10.566663798260834, -10.5669790544448, -10.566663798260834, -10.566663798260834, -10.566663798260834, -10.5669790544448, -10.566348542076867, -10.5669790544448, -10.5669790544448, -10.566663798260834, -10.566663798260834, -10.5669790544448, -10.5669790544448, -10.566663798260834, -10.5669790544448, -10.5669790544448, -10.566663798260834, -10.566663798260834, -10.5669790544448, -10.566663798260834, -10.566663798260834, -10.566663798260834, -10.5669790544448, -10.5669790544448, -10.5669790544448, -10.566663798260834, -10.566663798260834, -10.5669790544448, -10.5669790544448, -10.566663798260834, -10.566663798260834, -10.566663798260834, -10.566663798260834, -10.566663798260834, -10.566348542076867, -10.566663798260834, -10.566663798260834, -10.5669790544448, -10.566663798260834, -10.566663798260834], \"AIN3\": [-10.566663798260834, -10.566348542076867, -10.566663798260834, -10.5669790544448, -10.5669790544448, -10.5669790544448, -10.566663798260834, -10.5669790544448, -10.5669790544448, -10.5669790544448, -10.5669790544448, -10.5669790544448, -10.566663798260834, -10.566663798260834, -10.566663798260834, -10.566663798260834, -10.566663798260834, -10.5669790544448, -10.566663798260834, -10.5669790544448, -10.5669790544448, -10.566663798260834, -10.566663798260834, -10.566348542076867, -10.566348542076867, -10.566663798260834, -10.566663798260834, -10.566663798260834, -10.566663798260834, -10.5669790544448, -10.566663798260834, -10.566663798260834, -10.566348542076867, -10.566663798260834, -10.566348542076867, -10.566663798260834, -10.566663798260834, -10.566663798260834, -10.566663798260834, -10.5669790544448, -10.566663798260834, -10.566348542076867, -10.566663798260834, -10.566663798260834, -10.566663798260834, -10.566348542076867, -10.566663798260834, -10.566663798260834, -10.566348542076867, -10.566663798260834, -10.566663798260834, -10.566663798260834, -10.566663798260834, -10.566663798260834, -10.566663798260834, -10.566663798260834, -10.566663798260834, -10.566663798260834, -10.566663798260834, -10.566663798260834, -10.566663798260834, -10.5669790544448, -10.5669790544448, -10.5669790544448, -10.5660332858929, -10.566663798260834, -10.566663798260834, -10.566663798260834, -10.566348542076867, -10.566663798260834, -10.566663798260834, -10.5669790544448, -10.566663798260834, -10.5669790544448, -10.5669790544448, -10.566663798260834, -10.566348542076867, -10.5669790544448, -10.5669790544448, -10.566348542076867, -10.566663798260834, -10.566663798260834, -10.5669790544448, -10.5669790544448, -10.566663798260834, -10.566663798260834, -10.5669790544448, -10.566663798260834, -10.566348542076867, -10.566663798260834, -10.5669790544448, -10.566663798260834, -10.566663798260834, -10.5669790544448, -10.566663798260834, -10.5669790544448, -10.5669790544448, -10.566348542076867, -10.566663798260834, -10.5669790544448, -10.5669790544448, -10.566348542076867, -10.566663798260834, -10.5669790544448, -10.5669790544448, -10.566663798260834, -10.5669790544448, -10.566663798260834, -10.566663798260834, -10.566348542076867, -10.566663798260834, -10.566663798260834, -10.566663798260834, -10.566663798260834, -10.5669790544448, -10.566663798260834, -10.566348542076867, -10.566348542076867, -10.566663798260834, -10.5669790544448, -10.566663798260834, -10.5669790544448, -10.566663798260834, -10.566663798260834, -10.5669790544448, -10.566663798260834, -10.5669790544448, -10.566663798260834, -10.5669790544448, -10.566663798260834, -10.5669790544448, -10.566663798260834, -10.566663798260834, -10.566663798260834, -10.5669790544448, -10.566663798260834, -10.566348542076867, -10.566663798260834, -10.566348542076867, -10.566663798260834, -10.566663798260834, -10.5669790544448, -10.566663798260834, -10.566663798260834, -10.566663798260834, -10.566348542076867, -10.5669790544448, -10.5669790544448, -10.566663798260834, -10.566348542076867, -10.566663798260834, -10.566663798260834, -10.5669790544448, -10.566348542076867, -10.5669790544448, -10.566663798260834, -10.566663798260834, -10.566663798260834, -10.566663798260834, -10.5669790544448, -10.566663798260834, -10.566663798260834, -10.5669790544448, -10.566663798260834, -10.5669790544448, -10.566663798260834, -10.566663798260834, -10.5660332858929, -10.5669790544448, -10.566663798260834, -10.567294310628768, -10.5669790544448, -10.566663798260834, -10.566663798260834, -10.566663798260834, -10.5669790544448, -10.566663798260834, -10.566348542076867, -10.5669790544448, -10.566663798260834, -10.566348542076867, -10.566663798260834, -10.566348542076867, -10.566663798260834, -10.566663798260834, -10.566663798260834, -10.566663798260834, -10.566663798260834, -10.566663798260834, -10.566663798260834, -10.566663798260834, -10.566663798260834, -10.5669790544448, -10.566663798260834, -10.566663798260834, -10.566663798260834, -10.566348542076867, -10.566663798260834, -10.5669790544448, -10.566348542076867, -10.566663798260834, -10.5669790544448, -10.5669790544448, -10.566348542076867, -10.5669790544448, -10.566663798260834, -10.5669790544448, -10.5669790544448, -10.566663798260834, -10.566663798260834, -10.566663798260834, -10.5669790544448, -10.566663798260834, -10.566663798260834, -10.5669790544448, -10.566663798260834, -10.566663798260834, -10.566663798260834, -10.566348542076867, -10.5669790544448, -10.566663798260834, -10.566663798260834, -10.5669790544448, -10.566348542076867, -10.566663798260834, -10.567294310628768, -10.566663798260834, -10.566348542076867, -10.566348542076867, -10.566348542076867, -10.5669790544448, -10.5669790544448, -10.5669790544448, -10.566663798260834, -10.566663798260834, -10.5669790544448, -10.566663798260834, -10.5669790544448, -10.5669790544448, -10.566348542076867, -10.567294310628768, -10.566663798260834, -10.566663798260834, -10.566348542076867, -10.5669790544448, -10.5669790544448, -10.5669790544448, -10.566348542076867, -10.566663798260834, -10.5669790544448]}, \"data_type\": \"<type 'collections.defaultdict'>\"}"}
{"message": "{\"timestamp\": 7.252583980560303, \"object_type\": \"standard\", \"data\": \"{ 'running_time':3.446742, 'x':3.408981, 'z':-3.467775E-07, 'view_angle':90.00001, 'x_mouse':0, 'y_mouse':0, 'context':'None', 'outcome':'None'}\", \"data_type\": \"<type 'str'>\"}"}
{"message": "{\"timestamp\": 7.253538131713867, \"object_type\": \"labjack_task\", \"data\": {\"write_value\": 0, \"register\": 6002, \"mode\": \"write\"}, \"data_type\": \"<type 'dict'>\"}"}
{"message": "{\"timestamp\": 7.25409197807312, \"object_type\": \"labjack_task\", \"data\": {\"write_value\": 0, \"register\": 6000, \"mode\": \"write\"}, \"data_type\": \"<type 'dict'>\"}"}
{"message": "{\"timestamp\": 7.254630088806152, \"object_type\": \"labjack_task\", \"data\": {\"write_value\": 0, \"register\": 6001, \"mode\": \"write\"}, \"data_type\": \"<type 'dict'>\"}"}
{"message": "{\"timestamp\": 7.266520023345947, \"object_type\": \"standard\", \"data\": \"{ 'running_time':3.460749, 'x':3.416981, 'z':-3.477311E-07, 'view_angle':90.00001, 'x_mouse':-0.05, 'y_mouse':0, 'context':'None', 'outcome':'None'}\", \"data_type\": \"<type 'str'>\"}"}
{"message": "{\"timestamp\": 7.267529010772705, \"object_type\": \"labjack_task\", \"data\": {\"write_value\": 0, \"register\": 6002, \"mode\": \"write\"}, \"data_type\": \"<type 'dict'>\"}"}
{"message": "{\"timestamp\": 7.268283128738403, \"object_type\": \"labjack_task\", \"data\": {\"write_value\": 0, \"register\": 6000, \"mode\": \"write\"}, \"data_type\": \"<type 'dict'>\"}"}
{"message": "{\"timestamp\": 7.268877029418945, \"object_type\": \"labjack_task\", \"data\": {\"write_value\": 0, \"register\": 6001, \"mode\": \"write\"}, \"data_type\": \"<type 'dict'>\"}"}
{"message": "{\"timestamp\": 7.2877280712127686, \"object_type\": \"standard\", \"data\": \"{ 'running_time':3.482111, 'x':3.41698, 'z':-3.477311E-07, 'view_angle':90.00001, 'x_mouse':-0.35, 'y_mouse':0, 'context':'None', 'outcome':'None'}\", \"data_type\": \"<type 'str'>\"}"}
{"message": "{\"timestamp\": 7.288512945175171, \"object_type\": \"labjack_task\", \"data\": {\"write_value\": 0, \"register\": 6002, \"mode\": \"write\"}, \"data_type\": \"<type 'dict'>\"}"}
{"message": "{\"timestamp\": 7.289268970489502, \"object_type\": \"labjack_task\", \"data\": {\"write_value\": 0, \"register\": 6000, \"mode\": \"write\"}, \"data_type\": \"<type 'dict'>\"}"}
{"message": "{\"timestamp\": 7.289895057678223, \"object_type\": \"labjack_task\", \"data\": {\"write_value\": 0, \"register\": 6001, \"mode\": \"write\"}, \"data_type\": \"<type 'dict'>\"}"}
{"message": "{\"timestamp\": 7.333266973495483, \"object_type\": \"standard\", \"data\": \"{ 'running_time':3.527054, 'x':3.392979, 'z':-3.448699E-07, 'view_angle':90.00001, 'x_mouse':-0.3, 'y_mouse':0.05, 'context':'None', 'outcome':'None'}\", \"data_type\": \"<type 'str'>\"}"}
{"message": "{\"timestamp\": 7.334325075149536, \"object_type\": \"labjack_task\", \"data\": {\"write_value\": 0, \"register\": 6002, \"mode\": \"write\"}, \"data_type\": \"<type 'dict'>\"}"}
{"message": "{\"timestamp\": 7.334855079650879, \"object_type\": \"labjack_task\", \"data\": {\"write_value\": 0, \"register\": 6000, \"mode\": \"write\"}, \"data_type\": \"<type 'dict'>\"}"}
{"message": "{\"timestamp\": 7.335493087768555, \"object_type\": \"labjack_task\", \"data\": {\"write_value\": 0, \"register\": 6001, \"mode\": \"write\"}, \"data_type\": \"<type 'dict'>\"}"}
{"message": "{\"timestamp\": 7.346840143203735, \"object_type\": \"standard\", \"data\": \"{ 'running_time':3.540974, 'x':3.368979, 'z':-3.420089E-07, 'view_angle':90.00001, 'x_mouse':0, 'y_mouse':0, 'context':'None', 'outcome':'None'}\", \"data_type\": \"<type 'str'>\"}"}
{"message": "{\"timestamp\": 7.34780216217041, \"object_type\": \"labjack_task\", \"data\": {\"write_value\": 0, \"register\": 6002, \"mode\": \"write\"}, \"data_type\": \"<type 'dict'>\"}"}
{"message": "{\"timestamp\": 7.348422050476074, \"object_type\": \"labjack_task\", \"data\": {\"write_value\": 0, \"register\": 6000, \"mode\": \"write\"}, \"data_type\": \"<type 'dict'>\"}"}
{"message": "{\"timestamp\": 7.3489930629730225, \"object_type\": \"labjack_task\", \"data\": {\"write_value\": 0, \"register\": 6001, \"mode\": \"write\"}, \"data_type\": \"<type 'dict'>\"}"}
{"message": "{\"timestamp\": 7.367660045623779, \"object_type\": \"standard\", \"data\": \"{ 'running_time':3.562023, 'x':3.352978, 'z':-3.401015E-07, 'view_angle':90.00001, 'x_mouse':-0.15, 'y_mouse':0.3, 'context':'None', 'outcome':'None'}\", \"data_type\": \"<type 'str'>\"}"}
{"message": "{\"timestamp\": 7.368381977081299, \"object_type\": \"labjack_task\", \"data\": {\"write_value\": 0, \"register\": 6002, \"mode\": \"write\"}, \"data_type\": \"<type 'dict'>\"}"}
{"message": "{\"timestamp\": 7.3690080642700195, \"object_type\": \"labjack_task\", \"data\": {\"write_value\": 0, \"register\": 6000, \"mode\": \"write\"}, \"data_type\": \"<type 'dict'>\"}"}
{"message": "{\"timestamp\": 7.369626998901367, \"object_type\": \"labjack_task\", \"data\": {\"write_value\": 0, \"register\": 6001, \"mode\": \"write\"}, \"data_type\": \"<type 'dict'>\"}"}
{"message": "{\"timestamp\": 7.412940979003906, \"object_type\": \"standard\", \"data\": \"{ 'running_time':3.607104, 'x':3.316978, 'z':-3.358099E-07, 'view_angle':90.00001, 'x_mouse':-0.05, 'y_mouse':0.5, 'context':'None', 'outcome':'None'}\", \"data_type\": \"<type 'str'>\"}"}
{"message": "{\"timestamp\": 7.413839101791382, \"object_type\": \"labjack_task\", \"data\": {\"write_value\": 0, \"register\": 6002, \"mode\": \"write\"}, \"data_type\": \"<type 'dict'>\"}"}
{"message": "{\"timestamp\": 7.414255142211914, \"object_type\": \"labjack_task\", \"data\": {\"write_value\": 0, \"register\": 6000, \"mode\": \"write\"}, \"data_type\": \"<type 'dict'>\"}"}
{"message": "{\"timestamp\": 7.414792060852051, \"object_type\": \"labjack_task\", \"data\": {\"write_value\": 0, \"register\": 6001, \"mode\": \"write\"}, \"data_type\": \"<type 'dict'>\"}"}
{"message": "{\"timestamp\": 7.440068960189819, \"object_type\": \"standard\", \"data\": \"{ 'running_time':3.634114, 'x':3.306978, 'z':-3.346179E-07, 'view_angle':90.00001, 'x_mouse':0, 'y_mouse':0.4, 'context':'None', 'outcome':'None'}\", \"data_type\": \"<type 'str'>\"}"}
{"message": "{\"timestamp\": 7.4412760734558105, \"object_type\": \"labjack_task\", \"data\": {\"write_value\": 0, \"register\": 6002, \"mode\": \"write\"}, \"data_type\": \"<type 'dict'>\"}"}
{"message": "{\"timestamp\": 7.441873073577881, \"object_type\": \"labjack_task\", \"data\": {\"write_value\": 0, \"register\": 6000, \"mode\": \"write\"}, \"data_type\": \"<type 'dict'>\"}"}
{"message": "{\"timestamp\": 7.442482948303223, \"object_type\": \"labjack_task\", \"data\": {\"write_value\": 0, \"register\": 6001, \"mode\": \"write\"}, \"data_type\": \"<type 'dict'>\"}"}
{"message": "{\"timestamp\": 7.453912973403931, \"object_type\": \"standard\", \"data\": \"{ 'running_time':3.648083, 'x':3.304979, 'z':-3.343795E-07, 'view_angle':90.00001, 'x_mouse':0, 'y_mouse':0.15, 'context':'None', 'outcome':'None'}\", \"data_type\": \"<type 'str'>\"}"}
{"message": "{\"timestamp\": 7.454770088195801, \"object_type\": \"labjack_task\", \"data\": {\"write_value\": 0, \"register\": 6002, \"mode\": \"write\"}, \"data_type\": \"<type 'dict'>\"}"}
{"message": "{\"timestamp\": 7.455425977706909, \"object_type\": \"labjack_task\", \"data\": {\"write_value\": 0, \"register\": 6000, \"mode\": \"write\"}, \"data_type\": \"<type 'dict'>\"}"}
{"message": "{\"timestamp\": 7.456046104431152, \"object_type\": \"labjack_task\", \"data\": {\"write_value\": 0, \"register\": 6001, \"mode\": \"write\"}, \"data_type\": \"<type 'dict'>\"}"}
{"message": "{\"timestamp\": 7.493345022201538, \"object_type\": \"standard\", \"data\": \"{ 'running_time':3.687418, 'x':3.304979, 'z':-3.343795E-07, 'view_angle':90.00001, 'x_mouse':0, 'y_mouse':0.05, 'context':'None', 'outcome':'None'}\", \"data_type\": \"<type 'str'>\"}"}
{"message": "{\"timestamp\": 7.494789123535156, \"object_type\": \"labjack_task\", \"data\": {\"write_value\": 0, \"register\": 6002, \"mode\": \"write\"}, \"data_type\": \"<type 'dict'>\"}"}
{"message": "{\"timestamp\": 7.495362043380737, \"object_type\": \"labjack_task\", \"data\": {\"write_value\": 0, \"register\": 6000, \"mode\": \"write\"}, \"data_type\": \"<type 'dict'>\"}"}
{"message": "{\"timestamp\": 7.495989084243774, \"object_type\": \"labjack_task\", \"data\": {\"write_value\": 0, \"register\": 6001, \"mode\": \"write\"}, \"data_type\": \"<type 'dict'>\"}"}
{"message": "{\"timestamp\": 7.520533084869385, \"object_type\": \"labjack_stream\", \"data\": {\"AIN0\": [-10.566663798260834, -10.566663798260834, -10.566663798260834, -10.566663798260834, -10.5669790544448, -10.566663798260834, -10.566663798260834, -10.566663798260834, -10.566663798260834, -10.5669790544448, -10.5669790544448, -10.566663798260834, -10.566663798260834, -10.566663798260834, -10.566348542076867, -10.566663798260834, -10.5669790544448, -10.566663798260834, -10.566663798260834, -10.5669790544448, -10.566663798260834, -10.566663798260834, -10.566663798260834, -10.566663798260834, -10.566663798260834, -10.5669790544448, -10.566348542076867, -10.566348542076867, -10.566663798260834, -10.566663798260834, -10.566663798260834, -10.566663798260834, -10.566663798260834, -10.566663798260834, -10.566663798260834, -10.566348542076867, -10.5669790544448, -10.566663798260834, -10.566663798260834, -10.5669790544448, -10.566663798260834, -10.566348542076867, -10.5669790544448, -10.566663798260834, -10.566663798260834, -10.566348542076867, -10.5669790544448, -10.566348542076867, -10.566348542076867, -10.566348542076867, -10.566663798260834, -10.566348542076867, -10.5669790544448, -10.566663798260834, -10.5669790544448, -10.566663798260834, -10.5669790544448, -10.566663798260834, -10.566663798260834, -10.566663798260834, -10.566663798260834, -10.5669790544448, -10.5669790544448, -10.566663798260834, -10.566663798260834, -10.566663798260834, -10.5669790544448, -10.566663798260834, -10.566663798260834, -10.566663798260834, -10.566348542076867, -10.5660332858929, -10.5669790544448, -10.5669790544448, -10.566348542076867, -10.566348542076867, -10.566663798260834, -10.566348542076867, -10.5669790544448, -10.566663798260834, -10.566663798260834, -10.566663798260834, -10.566663798260834, -10.5669790544448, -10.566663798260834, -10.5669790544448, -10.566663798260834, -10.566663798260834, -10.566663798260834, -10.5669790544448, -10.566348542076867, -10.566663798260834, -10.5669790544448, -10.566663798260834, -10.566663798260834, -10.5669790544448, -10.566663798260834, -10.566663798260834, -10.566663798260834, -10.5669790544448, -10.5669790544448, -10.566348542076867, -10.566663798260834, -10.566663798260834, -10.566663798260834, -10.566663798260834, -10.5669790544448, -10.566348542076867, -10.567294310628768, -10.566348542076867, -10.566663798260834, -10.566663798260834, -10.5669790544448, -10.5669790544448, -10.566663798260834, -10.566663798260834, -10.566663798260834, -10.5669790544448, -10.566663798260834, -10.566348542076867, -10.566663798260834, -10.566348542076867, -10.566663798260834, -10.566348542076867, -10.566663798260834, -10.566348542076867, -10.566663798260834, -10.566663798260834, -10.566663798260834, -10.566663798260834, -10.566348542076867, -10.5669790544448, -10.566663798260834, -10.566663798260834, -10.566663798260834, -10.566348542076867, -10.566348542076867, -10.566663798260834, -10.566663798260834, -10.566663798260834, -10.566663798260834, -10.5669790544448, -10.566663798260834, -10.566663798260834, -10.566348542076867, -10.566663798260834, -10.566663798260834, -10.5669790544448, -10.5669790544448, -10.566663798260834, -10.566663798260834, -10.566663798260834, -10.566348542076867, -10.566348542076867, -10.566348542076867, -10.566663798260834, -10.566663798260834, -10.566663798260834, -10.5669790544448, -10.566663798260834, -10.566663798260834, -10.5660332858929, -10.566663798260834, -10.566348542076867, -10.566348542076867, -10.566663798260834, -10.5669790544448, -10.566663798260834, -10.566663798260834, -10.566663798260834, -10.566348542076867, -10.5669790544448, -10.566663798260834, -10.566663798260834, -10.5669790544448, -10.566663798260834, -10.5669790544448, -10.5669790544448, -10.566663798260834, -10.5669790544448, -10.566663798260834, -10.5669790544448, -10.566348542076867, -10.566663798260834, -10.566348542076867, -10.566348542076867, -10.566663798260834, -10.566663798260834, -10.566663798260834, -10.566348542076867, -10.5669790544448, -10.566663798260834, -10.566663798260834, -10.566663798260834, -10.5669790544448, -10.566348542076867, -10.566663798260834, -10.566348542076867, -10.566348542076867, -10.5669790544448, -10.566663798260834, -10.566663798260834, -10.566663798260834, -10.566663798260834, -10.566663798260834, -10.5669790544448, -10.566663798260834, -10.566663798260834, -10.566663798260834, -10.5669790544448, -10.566663798260834, -10.566663798260834, -10.566348542076867, -10.5669790544448, -10.566348542076867, -10.566348542076867, -10.566663798260834, -10.5669790544448, -10.566348542076867, -10.566348542076867, -10.566663798260834, -10.566663798260834, -10.5669790544448, -10.5669790544448, -10.566663798260834, -10.566663798260834, -10.566663798260834, -10.566663798260834, -10.566663798260834, -10.566663798260834, -10.5669790544448, -10.566663798260834, -10.566663798260834, -10.5669790544448, -10.566663798260834, -10.566663798260834, -10.566348542076867, -10.566663798260834, -10.5669790544448, -10.566663798260834, -10.566348542076867, -10.566663798260834, -10.566348542076867, -10.5669790544448, -10.566663798260834, -10.5669790544448, -10.566663798260834, -10.566663798260834, -10.566348542076867, -10.566663798260834], \"AIN1\": [-10.566663798260834, -10.5669790544448, -10.566663798260834, -10.566663798260834, -10.566663798260834, -10.566663798260834, -10.5669790544448, -10.5669790544448, -10.566663798260834, -10.566348542076867, -10.5669790544448, -10.566663798260834, -10.566663798260834, -10.566348542076867, -10.5669790544448, -10.566348542076867, -10.566663798260834, -10.5669790544448, -10.566348542076867, -10.566663798260834, -10.5669790544448, -10.566663798260834, -10.5669790544448, -10.566663798260834, -10.566663798260834, -10.566663798260834, -10.566663798260834, -10.5669790544448, -10.566663798260834, -10.566663798260834, -10.566663798260834, -10.566348542076867, -10.566663798260834, -10.566663798260834, -10.5669790544448, -10.5669790544448, -10.566663798260834, -10.566663798260834, -10.566663798260834, -10.566663798260834, -10.5669790544448, -10.566663798260834, -10.5669790544448, -10.5669790544448, -10.566663798260834, -10.566663798260834, -10.566663798260834, -10.566663798260834, -10.566663798260834, -10.566663798260834, -10.566663798260834, -10.5669790544448, -10.566663798260834, -10.5669790544448, -10.566663798260834, -10.566663798260834, -10.566663798260834, -10.566348542076867, -10.5669790544448, -10.566663798260834, -10.566663798260834, -10.566663798260834, -10.566663798260834, -10.566663798260834, -10.5669790544448, -10.5669790544448, -10.5669790544448, -10.566663798260834, -10.5669790544448, -10.5669790544448, -10.5669790544448, -10.5669790544448, -10.566348542076867, -10.566663798260834, -10.566663798260834, -10.566663798260834, -10.566663798260834, -10.566663798260834, -10.566348542076867, -10.566348542076867, -10.566663798260834, -10.5669790544448, -10.566663798260834, -10.5669790544448, -10.5669790544448, -10.5669790544448, -10.566663798260834, -10.566663798260834, -10.5669790544448, -10.566663798260834, -10.566348542076867, -10.5669790544448, -10.566348542076867, -10.566663798260834, -10.566348542076867, -10.566663798260834, -10.566663798260834, -10.566663798260834, -10.566663798260834, -10.566663798260834, -10.566663798260834, -10.566663798260834, -10.566663798260834, -10.566348542076867, -10.566348542076867, -10.566663798260834, -10.566663798260834, -10.5669790544448, -10.5669790544448, -10.566663798260834, -10.566663798260834, -10.566663798260834, -10.5669790544448, -10.566663798260834, -10.566348542076867, -10.566663798260834, -10.566663798260834, -10.566348542076867, -10.5669790544448, -10.5669790544448, -10.566663798260834, -10.566663798260834, -10.5669790544448, -10.566663798260834, -10.566663798260834, -10.566663798260834, -10.566663798260834, -10.5669790544448, -10.566663798260834, -10.566663798260834, -10.566663798260834, -10.566663798260834, -10.566348542076867, -10.566348542076867, -10.566663798260834, -10.566663798260834, -10.5669790544448, -10.5669790544448, -10.566663798260834, -10.566348542076867, -10.566663798260834, -10.566663798260834, -10.566348542076867, -10.566663798260834, -10.5669790544448, -10.566663798260834, -10.5669790544448, -10.566663798260834, -10.566348542076867, -10.566663798260834, -10.566663798260834, -10.5669790544448, -10.5669790544448, -10.566663798260834, -10.566663798260834, -10.566348542076867, -10.566348542076867, -10.566663798260834, -10.566663798260834, -10.566348542076867, -10.566663798260834, -10.566663798260834, -10.5669790544448, -10.5669790544448, -10.5669790544448, -10.566663798260834, -10.566663798260834, -10.566348542076867, -10.566663798260834, -10.566663798260834, -10.5669790544448, -10.5669790544448, -10.566663798260834, -10.566348542076867, -10.5669790544448, -10.566663798260834, -10.566348542076867, -10.5669790544448, -10.566348542076867, -10.566663798260834, -10.566663798260834, -10.566663798260834, -10.5669790544448, -10.5669790544448, -10.5669790544448, -10.5669790544448, -10.566663798260834, -10.5669790544448, -10.566348542076867, -10.566663798260834, -10.567294310628768, -10.566663798260834, -10.566663798260834, -10.566663798260834, -10.566348542076867, -10.566663798260834, -10.566348542076867, -10.566663798260834, -10.5669790544448, -10.5669790544448, -10.566663798260834, -10.566663798260834, -10.566663798260834, -10.5669790544448, -10.566663798260834, -10.566663798260834, -10.566663798260834, -10.566663798260834, -10.566663798260834, -10.5669790544448, -10.566663798260834, -10.566348542076867, -10.566663798260834, -10.5669790544448, -10.566663798260834, -10.566663798260834, -10.5669790544448, -10.5669790544448, -10.5669790544448, -10.566663798260834, -10.5669790544448, -10.5669790544448, -10.566663798260834, -10.566348542076867, -10.5669790544448, -10.566663798260834, -10.5669790544448, -10.566663798260834, -10.566663798260834, -10.566348542076867, -10.566663798260834, -10.566663798260834, -10.566663798260834, -10.566663798260834, -10.566663798260834, -10.5669790544448, -10.566663798260834, -10.566663798260834, -10.566348542076867, -10.566663798260834, -10.566663798260834, -10.566348542076867, -10.566663798260834, -10.566663798260834, -10.566348542076867, -10.566663798260834, -10.566348542076867, -10.566663798260834, -10.566663798260834, -10.566348542076867], \"AIN2\": [-10.566663798260834, -10.566663798260834, -10.566348542076867, -10.566663798260834, -10.566348542076867, -10.566663798260834, -10.566348542076867, -10.566663798260834, -10.566348542076867, -10.566663798260834, -10.566348542076867, -10.5669790544448, -10.566663798260834, -10.5669790544448, -10.566663798260834, -10.566663798260834, -10.566663798260834, -10.566663798260834, -10.566663798260834, -10.566663798260834, -10.566348542076867, -10.566663798260834, -10.5669790544448, -10.566348542076867, -10.566663798260834, -10.566663798260834, -10.566663798260834, -10.5669790544448, -10.5669790544448, -10.566663798260834, -10.566663798260834, -10.5669790544448, -10.566348542076867, -10.566663798260834, -10.566663798260834, -10.566663798260834, -10.566663798260834, -10.566348542076867, -10.566663798260834, -10.566663798260834, -10.566663798260834, -10.5669790544448, -10.5669790544448, -10.566663798260834, -10.5669790544448, -10.566663798260834, -10.5669790544448, -10.5669790544448, -10.566663798260834, -10.5669790544448, -10.566663798260834, -10.566348542076867, -10.566348542076867, -10.5669790544448, -10.5669790544448, -10.566663798260834, -10.566663798260834, -10.566663798260834, -10.566348542076867, -10.5669790544448, -10.566663798260834, -10.566663798260834, -10.5669790544448, -10.566663798260834, -10.566663798260834, -10.5669790544448, -10.566663798260834, -10.5669790544448, -10.5669790544448, -10.566663798260834, -10.566663798260834, -10.566348542076867, -10.566663798260834, -10.566663798260834, -10.5669790544448, -10.5669790544448, -10.5669790544448, -10.5669790544448, -10.566663798260834, -10.566663798260834, -10.566348542076867, -10.566663798260834, -10.566663798260834, -10.566663798260834, -10.566348542076867, -10.566663798260834, -10.5669790544448, -10.566663798260834, -10.5669790544448, -10.566663798260834, -10.566663798260834, -10.566663798260834, -10.566663798260834, -10.566663798260834, -10.5669790544448, -10.5669790544448, -10.566663798260834, -10.566348542076867, -10.566663798260834, -10.567294310628768, -10.566663798260834, -10.566663798260834, -10.5660332858929, -10.5669790544448, -10.566663798260834, -10.566348542076867, -10.5669790544448, -10.566348542076867, -10.566663798260834, -10.566663798260834, -10.566663798260834, -10.566348542076867, -10.566663798260834, -10.566348542076867, -10.566348542076867, -10.566348542076867, -10.5669790544448, -10.566663798260834, -10.566348542076867, -10.5669790544448, -10.5669790544448, -10.566663798260834, -10.566663798260834, -10.566663798260834, -10.566663798260834, -10.5669790544448, -10.566663798260834, -10.566663798260834, -10.566663798260834, -10.5669790544448, -10.566663798260834, -10.566663798260834, -10.566663798260834, -10.566348542076867, -10.566663798260834, -10.566663798260834, -10.5669790544448, -10.566348542076867, -10.566348542076867, -10.5669790544448, -10.566663798260834, -10.5669790544448, -10.566663798260834, -10.566663798260834, -10.566663798260834, -10.566663798260834, -10.5669790544448, -10.566348542076867, -10.566663798260834, -10.566663798260834, -10.566663798260834, -10.566663798260834, -10.5669790544448, -10.566663798260834, -10.566663798260834, -10.5669790544448, -10.566348542076867, -10.566663798260834, -10.566663798260834, -10.566348542076867, -10.5669790544448, -10.566663798260834, -10.5669790544448, -10.566663798260834, -10.566663798260834, -10.5669790544448, -10.566663798260834, -10.566663798260834, -10.5669790544448, -10.566663798260834, -10.5669790544448, -10.566663798260834, -10.566663798260834, -10.566663798260834, -10.566663798260834, -10.566663798260834, -10.5669790544448, -10.5669790544448, -10.566663798260834, -10.566348542076867, -10.566663798260834, -10.5669790544448, -10.566348542076867, -10.566663798260834, -10.566663798260834, -10.566663798260834, -10.566663798260834, -10.5669790544448, -10.5669790544448, -10.566663798260834, -10.566663798260834, -10.566348542076867, -10.566663798260834, -10.5669790544448, -10.566663798260834, -10.566348542076867, -10.566663798260834, -10.5669790544448, -10.566663798260834, -10.566348542076867, -10.566663798260834, -10.566663798260834, -10.566663798260834, -10.566348542076867, -10.566663798260834, -10.566663798260834, -10.5669790544448, -10.566663798260834, -10.566663798260834, -10.566663798260834, -10.566663798260834, -10.566663798260834, -10.5669790544448, -10.5669790544448, -10.5669790544448, -10.566663798260834, -10.566663798260834, -10.5669790544448, -10.566663798260834, -10.566663798260834, -10.566348542076867, -10.566663798260834, -10.566663798260834, -10.566663798260834, -10.566663798260834, -10.5669790544448, -10.566663798260834, -10.5669790544448, -10.566348542076867, -10.566348542076867, -10.566348542076867, -10.566663798260834, -10.566663798260834, -10.566663798260834, -10.566663798260834, -10.566663798260834, -10.5669790544448, -10.566663798260834, -10.566663798260834, -10.566663798260834, -10.566663798260834, -10.5669790544448, -10.566663798260834, -10.566663798260834, -10.566663798260834, -10.566663798260834, -10.566663798260834, -10.5669790544448, -10.5669790544448, -10.5669790544448], \"AIN3\": [-10.566663798260834, -10.5669790544448, -10.566663798260834, -10.566663798260834, -10.566663798260834, -10.5669790544448, -10.566663798260834, -10.566663798260834, -10.5669790544448, -10.5669790544448, -10.566663798260834, -10.566663798260834, -10.566663798260834, -10.566348542076867, -10.566663798260834, -10.5669790544448, -10.5669790544448, -10.566663798260834, -10.566663798260834, -10.5669790544448, -10.566348542076867, -10.5669790544448, -10.566663798260834, -10.566663798260834, -10.5669790544448, -10.5669790544448, -10.5669790544448, -10.566663798260834, -10.566348542076867, -10.566663798260834, -10.5669790544448, -10.566348542076867, -10.566663798260834, -10.566348542076867, -10.5669790544448, -10.566663798260834, -10.566348542076867, -10.566348542076867, -10.566663798260834, -10.5669790544448, -10.566663798260834, -10.5669790544448, -10.567294310628768, -10.566663798260834, -10.566348542076867, -10.566663798260834, -10.5669790544448, -10.566348542076867, -10.5669790544448, -10.566663798260834, -10.566663798260834, -10.566663798260834, -10.566663798260834, -10.566663798260834, -10.566663798260834, -10.566348542076867, -10.5669790544448, -10.566663798260834, -10.566663798260834, -10.566663798260834, -10.5669790544448, -10.566663798260834, -10.566663798260834, -10.5669790544448, -10.566663798260834, -10.566663798260834, -10.566348542076867, -10.566348542076867, -10.5669790544448, -10.5669790544448, -10.566663798260834, -10.566348542076867, -10.566663798260834, -10.5669790544448, -10.566663798260834, -10.5669790544448, -10.566663798260834, -10.566663798260834, -10.566663798260834, -10.566663798260834, -10.566663798260834, -10.566663798260834, -10.566663798260834, -10.5669790544448, -10.5669790544448, -10.566663798260834, -10.566348542076867, -10.566663798260834, -10.566663798260834, -10.566663798260834, -10.566663798260834, -10.566663798260834, -10.566348542076867, -10.566663798260834, -10.566348542076867, -10.566348542076867, -10.566663798260834, -10.566663798260834, -10.566348542076867, -10.566348542076867, -10.566663798260834, -10.566663798260834, -10.566348542076867, -10.5669790544448, -10.566663798260834, -10.566663798260834, -10.566663798260834, -10.5669790544448, -10.5669790544448, -10.566663798260834, -10.567294310628768, -10.566348542076867, -10.566663798260834, -10.5669790544448, -10.5669790544448, -10.5669790544448, -10.566663798260834, -10.566663798260834, -10.566348542076867, -10.5669790544448, -10.566663798260834, -10.566663798260834, -10.566663798260834, -10.5669790544448, -10.566663798260834, -10.566663798260834, -10.566663798260834, -10.566348542076867, -10.566663798260834, -10.566663798260834, -10.566663798260834, -10.566663798260834, -10.566663798260834, -10.5669790544448, -10.566663798260834, -10.566663798260834, -10.566348542076867, -10.566663798260834, -10.566663798260834, -10.566663798260834, -10.566348542076867, -10.566663798260834, -10.5669790544448, -10.566663798260834, -10.5669790544448, -10.566348542076867, -10.566663798260834, -10.566663798260834, -10.566348542076867, -10.566663798260834, -10.566663798260834, -10.566348542076867, -10.566663798260834, -10.566663798260834, -10.566663798260834, -10.566663798260834, -10.566348542076867, -10.566663798260834, -10.566663798260834, -10.5669790544448, -10.566663798260834, -10.566663798260834, -10.566348542076867, -10.5669790544448, -10.566663798260834, -10.566663798260834, -10.566663798260834, -10.566663798260834, -10.5669790544448, -10.5669790544448, -10.566663798260834, -10.566663798260834, -10.566663798260834, -10.566663798260834, -10.566663798260834, -10.566348542076867, -10.5669790544448, -10.566663798260834, -10.566348542076867, -10.566663798260834, -10.566663798260834, -10.5669790544448, -10.5669790544448, -10.566663798260834, -10.566663798260834, -10.566348542076867, -10.566663798260834, -10.566663798260834, -10.566663798260834, -10.566663798260834, -10.566348542076867, -10.566663798260834, -10.566348542076867, -10.566663798260834, -10.566663798260834, -10.566663798260834, -10.566663798260834, -10.566348542076867, -10.5669790544448, -10.566348542076867, -10.566348542076867, -10.566663798260834, -10.566348542076867, -10.5669790544448, -10.5669790544448, -10.5669790544448, -10.566348542076867, -10.566348542076867, -10.566348542076867, -10.566348542076867, -10.566663798260834, -10.566663798260834, -10.5669790544448, -10.5669790544448, -10.566663798260834, -10.566663798260834, -10.566348542076867, -10.566663798260834, -10.566663798260834, -10.566663798260834, -10.566663798260834, -10.566663798260834, -10.566663798260834, -10.566663798260834, -10.566663798260834, -10.5669790544448, -10.566663798260834, -10.5669790544448, -10.566663798260834, -10.566663798260834, -10.566348542076867, -10.566663798260834, -10.566663798260834, -10.566663798260834, -10.566663798260834, -10.566663798260834, -10.566663798260834, -10.566663798260834, -10.5669790544448, -10.5669790544448, -10.566663798260834, -10.566348542076867, -10.566663798260834, -10.566663798260834, -10.566663798260834, -10.566348542076867, -10.566348542076867, -10.566663798260834, -10.566663798260834, -10.566663798260834]}, \"data_type\": \"<type 'collections.defaultdict'>\"}"}
{"message": "{\"timestamp\": 7.525629997253418, \"object_type\": \"standard\", \"data\": \"{ 'running_time':3.713828, 'x':3.304979, 'z':-3.343795E-07, 'view_angle':90.00001, 'x_mouse':0, 'y_mouse':0, 'context':'None', 'outcome':'None'}\", \"data_type\": \"<type 'str'>\"}"}
{"message": "{\"timestamp\": 7.526384115219116, \"object_type\": \"labjack_task\", \"data\": {\"write_value\": 0, \"register\": 6002, \"mode\": \"write\"}, \"data_type\": \"<type 'dict'>\"}"}
{"message": "{\"timestamp\": 7.5270140171051025, \"object_type\": \"labjack_task\", \"data\": {\"write_value\": 0, \"register\": 6000, \"mode\": \"write\"}, \"data_type\": \"<type 'dict'>\"}"}
{"message": "{\"timestamp\": 7.5276031494140625, \"object_type\": \"labjack_task\", \"data\": {\"write_value\": 0, \"register\": 6001, \"mode\": \"write\"}, \"data_type\": \"<type 'dict'>\"}"}
{"message": "{\"timestamp\": 7.547791957855225, \"object_type\": \"standard\", \"data\": \"{ 'running_time':3.742223, 'x':3.304979, 'z':-3.343795E-07, 'view_angle':90.00001, 'x_mouse':0, 'y_mouse':0, 'context':'None', 'outcome':'None'}\", \"data_type\": \"<type 'str'>\"}"}
{"message": "{\"timestamp\": 7.5485100746154785, \"object_type\": \"labjack_task\", \"data\": {\"write_value\": 0, \"register\": 6002, \"mode\": \"write\"}, \"data_type\": \"<type 'dict'>\"}"}
{"message": "{\"timestamp\": 7.549098014831543, \"object_type\": \"labjack_task\", \"data\": {\"write_value\": 0, \"register\": 6000, \"mode\": \"write\"}, \"data_type\": \"<type 'dict'>\"}"}
{"message": "{\"timestamp\": 7.549463987350464, \"object_type\": \"labjack_task\", \"data\": {\"write_value\": 0, \"register\": 6001, \"mode\": \"write\"}, \"data_type\": \"<type 'dict'>\"}"}
{"message": "{\"timestamp\": 7.562188148498535, \"object_type\": \"standard\", \"data\": \"{ 'running_time':3.756525, 'x':3.304979, 'z':-3.343795E-07, 'view_angle':90.00001, 'x_mouse':0, 'y_mouse':0, 'context':'None', 'outcome':'None'}\", \"data_type\": \"<type 'str'>\"}"}
{"message": "{\"timestamp\": 7.563591003417969, \"object_type\": \"labjack_task\", \"data\": {\"write_value\": 0, \"register\": 6002, \"mode\": \"write\"}, \"data_type\": \"<type 'dict'>\"}"}
{"message": "{\"timestamp\": 7.564267158508301, \"object_type\": \"labjack_task\", \"data\": {\"write_value\": 0, \"register\": 6000, \"mode\": \"write\"}, \"data_type\": \"<type 'dict'>\"}"}
{"message": "{\"timestamp\": 7.56501317024231, \"object_type\": \"labjack_task\", \"data\": {\"write_value\": 0, \"register\": 6001, \"mode\": \"write\"}, \"data_type\": \"<type 'dict'>\"}"}
{"message": "{\"timestamp\": 7.6001951694488525, \"object_type\": \"standard\", \"data\": \"{ 'running_time':3.794277, 'x':3.304979, 'z':-3.343795E-07, 'view_angle':90.00001, 'x_mouse':0, 'y_mouse':0, 'context':'None', 'outcome':'None'}\", \"data_type\": \"<type 'str'>\"}"}
{"message": "{\"timestamp\": 7.601328134536743, \"object_type\": \"labjack_task\", \"data\": {\"write_value\": 0, \"register\": 6002, \"mode\": \"write\"}, \"data_type\": \"<type 'dict'>\"}"}
{"message": "{\"timestamp\": 7.602028131484985, \"object_type\": \"labjack_task\", \"data\": {\"write_value\": 0, \"register\": 6000, \"mode\": \"write\"}, \"data_type\": \"<type 'dict'>\"}"}
{"message": "{\"timestamp\": 7.602609157562256, \"object_type\": \"labjack_task\", \"data\": {\"write_value\": 0, \"register\": 6001, \"mode\": \"write\"}, \"data_type\": \"<type 'dict'>\"}"}
{"message": "{\"timestamp\": 7.626957178115845, \"object_type\": \"standard\", \"data\": \"{ 'running_time':3.820942, 'x':3.304979, 'z':-3.343795E-07, 'view_angle':90.00001, 'x_mouse':0, 'y_mouse':0, 'context':'None', 'outcome':'None'}\", \"data_type\": \"<type 'str'>\"}"}
{"message": "{\"timestamp\": 7.628293991088867, \"object_type\": \"labjack_task\", \"data\": {\"write_value\": 0, \"register\": 6002, \"mode\": \"write\"}, \"data_type\": \"<type 'dict'>\"}"}
{"message": "{\"timestamp\": 7.629202127456665, \"object_type\": \"labjack_task\", \"data\": {\"write_value\": 0, \"register\": 6000, \"mode\": \"write\"}, \"data_type\": \"<type 'dict'>\"}"}
{"message": "{\"timestamp\": 7.629924058914185, \"object_type\": \"labjack_task\", \"data\": {\"write_value\": 0, \"register\": 6001, \"mode\": \"write\"}, \"data_type\": \"<type 'dict'>\"}"}
{"message": "{\"timestamp\": 7.653120040893555, \"object_type\": \"standard\", \"data\": \"{ 'running_time':3.847536, 'x':3.304979, 'z':-3.343795E-07, 'view_angle':90.00001, 'x_mouse':0, 'y_mouse':0, 'context':'None', 'outcome':'None'}\", \"data_type\": \"<type 'str'>\"}"}
{"message": "{\"timestamp\": 7.654200077056885, \"object_type\": \"labjack_task\", \"data\": {\"write_value\": 0, \"register\": 6002, \"mode\": \"write\"}, \"data_type\": \"<type 'dict'>\"}"}
{"message": "{\"timestamp\": 7.654723167419434, \"object_type\": \"labjack_task\", \"data\": {\"write_value\": 0, \"register\": 6000, \"mode\": \"write\"}, \"data_type\": \"<type 'dict'>\"}"}
{"message": "{\"timestamp\": 7.65526008605957, \"object_type\": \"labjack_task\", \"data\": {\"write_value\": 0, \"register\": 6001, \"mode\": \"write\"}, \"data_type\": \"<type 'dict'>\"}"}
{"message": "{\"timestamp\": 7.6805830001831055, \"object_type\": \"standard\", \"data\": \"{ 'running_time':3.874815, 'x':3.304979, 'z':-3.343795E-07, 'view_angle':90.00001, 'x_mouse':0, 'y_mouse':0, 'context':'None', 'outcome':'None'}\", \"data_type\": \"<type 'str'>\"}"}
{"message": "{\"timestamp\": 7.6818389892578125, \"object_type\": \"labjack_task\", \"data\": {\"write_value\": 0, \"register\": 6002, \"mode\": \"write\"}, \"data_type\": \"<type 'dict'>\"}"}
{"message": "{\"timestamp\": 7.6825339794158936, \"object_type\": \"labjack_task\", \"data\": {\"write_value\": 0, \"register\": 6000, \"mode\": \"write\"}, \"data_type\": \"<type 'dict'>\"}"}
{"message": "{\"timestamp\": 7.683356046676636, \"object_type\": \"labjack_task\", \"data\": {\"write_value\": 0, \"register\": 6001, \"mode\": \"write\"}, \"data_type\": \"<type 'dict'>\"}"}
{"message": "{\"timestamp\": 7.706959009170532, \"object_type\": \"standard\", \"data\": \"{ 'running_time':3.901078, 'x':3.304979, 'z':-3.343795E-07, 'view_angle':90.00001, 'x_mouse':0, 'y_mouse':-0.05, 'context':'None', 'outcome':'None'}\", \"data_type\": \"<type 'str'>\"}"}
{"message": "{\"timestamp\": 7.707905054092407, \"object_type\": \"labjack_task\", \"data\": {\"write_value\": 0, \"register\": 6002, \"mode\": \"write\"}, \"data_type\": \"<type 'dict'>\"}"}
{"message": "{\"timestamp\": 7.708511114120483, \"object_type\": \"labjack_task\", \"data\": {\"write_value\": 0, \"register\": 6000, \"mode\": \"write\"}, \"data_type\": \"<type 'dict'>\"}"}
{"message": "{\"timestamp\": 7.709128141403198, \"object_type\": \"labjack_task\", \"data\": {\"write_value\": 0, \"register\": 6001, \"mode\": \"write\"}, \"data_type\": \"<type 'dict'>\"}"}
{"message": "{\"timestamp\": 7.733426094055176, \"object_type\": \"standard\", \"data\": \"{ 'running_time':3.927717, 'x':3.304979, 'z':-3.343795E-07, 'view_angle':90.00001, 'x_mouse':0, 'y_mouse':0, 'context':'None', 'outcome':'None'}\", \"data_type\": \"<type 'str'>\"}"}
{"message": "{\"timestamp\": 7.734256982803345, \"object_type\": \"labjack_task\", \"data\": {\"write_value\": 0, \"register\": 6002, \"mode\": \"write\"}, \"data_type\": \"<type 'dict'>\"}"}
{"message": "{\"timestamp\": 7.734869003295898, \"object_type\": \"labjack_task\", \"data\": {\"write_value\": 0, \"register\": 6000, \"mode\": \"write\"}, \"data_type\": \"<type 'dict'>\"}"}
{"message": "{\"timestamp\": 7.7354841232299805, \"object_type\": \"labjack_task\", \"data\": {\"write_value\": 0, \"register\": 6001, \"mode\": \"write\"}, \"data_type\": \"<type 'dict'>\"}"}
{"message": "{\"timestamp\": 7.74481201171875, \"object_type\": \"labjack_stream\", \"data\": {\"AIN0\": [-10.566663798260834, -10.566663798260834, -10.5669790544448, -10.5669790544448, -10.5669790544448, -10.566348542076867, -10.566663798260834, -10.566663798260834, -10.566348542076867, -10.566348542076867, -10.566348542076867, -10.5669790544448, -10.566663798260834, -10.566348542076867, -10.566663798260834, -10.566663798260834, -10.566663798260834, -10.566663798260834, -10.566663798260834, -10.566348542076867, -10.566663798260834, -10.566663798260834, -10.5669790544448, -10.566348542076867, -10.566663798260834, -10.5669790544448, -10.566348542076867, -10.566663798260834, -10.5669790544448, -10.566663798260834, -10.566663798260834, -10.566663798260834, -10.5669790544448, -10.566663798260834, -10.566348542076867, -10.5669790544448, -10.566348542076867, -10.566663798260834, -10.5669790544448, -10.566663798260834, -10.566663798260834, -10.566663798260834, -10.5669790544448, -10.566663798260834, -10.566663798260834, -10.566348542076867, -10.5669790544448, -10.566663798260834, -10.5669790544448, -10.566663798260834, -10.5669790544448, -10.566663798260834, -10.566663798260834, -10.566663798260834, -10.566663798260834, -10.566663798260834, -10.5669790544448, -10.566663798260834, -10.566663798260834, -10.566663798260834, -10.5660332858929, -10.5669790544448, -10.566663798260834, -10.566348542076867, -10.5669790544448, -10.566663798260834, -10.566663798260834, -10.566663798260834, -10.5669790544448, -10.566348542076867, -10.566663798260834, -10.566663798260834, -10.566348542076867, -10.5669790544448, -10.5669790544448, -10.566663798260834, -10.566663798260834, -10.566663798260834, -10.566663798260834, -10.566663798260834, -10.566663798260834, -10.566348542076867, -10.566348542076867, -10.566663798260834, -10.566348542076867, -10.566663798260834, -10.5669790544448, -10.566663798260834, -10.566663798260834, -10.5669790544448, -10.566663798260834, -10.566663798260834, -10.566348542076867, -10.5669790544448, -10.5669790544448, -10.566348542076867, -10.566348542076867, -10.566663798260834, -10.566663798260834, -10.566663798260834, -10.566348542076867, -10.566348542076867, -10.566663798260834, -10.5669790544448, -10.566663798260834, -10.566348542076867, -10.566663798260834, -10.566348542076867, -10.5669790544448, -10.566663798260834, -10.566348542076867, -10.5669790544448, -10.5669790544448, -10.5669790544448, -10.566663798260834, -10.5669790544448, -10.5669790544448, -10.566663798260834, -10.5669790544448, -10.566663798260834, -10.5669790544448, -10.566663798260834, -10.5669790544448, -10.5669790544448, -10.5669790544448, -10.5669790544448, -10.566348542076867, -10.566663798260834, -10.566348542076867, -10.566663798260834, -10.5669790544448, -10.566663798260834, -10.566663798260834, -10.566663798260834, -10.5669790544448, -10.566663798260834, -10.566663798260834, -10.566663798260834, -10.5669790544448, -10.566348542076867, -10.566348542076867, -10.566663798260834, -10.566348542076867, -10.566348542076867, -10.5669790544448, -10.566663798260834, -10.566348542076867, -10.5669790544448, -10.566663798260834, -10.566348542076867, -10.5669790544448, -10.5669790544448, -10.566348542076867, -10.566348542076867, -10.566663798260834, -10.566663798260834, -10.566663798260834, -10.566663798260834, -10.566663798260834, -10.566663798260834, -10.5669790544448, -10.566663798260834, -10.566663798260834, -10.5669790544448, -10.566348542076867, -10.5669790544448, -10.566663798260834, -10.5669790544448, -10.566663798260834, -10.566663798260834, -10.566663798260834, -10.566663798260834, -10.566663798260834, -10.5669790544448, -10.5669790544448, -10.566663798260834, -10.566663798260834, -10.566663798260834, -10.566663798260834, -10.566663798260834, -10.566663798260834, -10.566663798260834, -10.5669790544448, -10.566348542076867, -10.566663798260834, -10.566663798260834, -10.566663798260834, -10.566348542076867, -10.566663798260834, -10.566348542076867, -10.5669790544448, -10.566663798260834, -10.566663798260834, -10.566663798260834, -10.566663798260834, -10.566663798260834, -10.566663798260834, -10.566663798260834, -10.566663798260834, -10.5669790544448, -10.566663798260834, -10.5669790544448, -10.5669790544448, -10.5669790544448, -10.566663798260834, -10.566663798260834, -10.566663798260834, -10.566663798260834, -10.566663798260834, -10.566663798260834, -10.566348542076867, -10.5660332858929, -10.566663798260834, -10.566663798260834, -10.566348542076867, -10.5669790544448, -10.566663798260834, -10.5669790544448, -10.566348542076867, -10.566663798260834, -10.566663798260834, -10.566663798260834, -10.566663798260834, -10.566663798260834, -10.566663798260834, -10.5669790544448, -10.566663798260834, -10.566663798260834, -10.566348542076867, -10.5669790544448, -10.566348542076867, -10.5669790544448, -10.566663798260834, -10.5669790544448, -10.566663798260834, -10.5669790544448, -10.566663798260834, -10.566348542076867, -10.566663798260834, -10.5669790544448, -10.566663798260834, -10.566663798260834, -10.566663798260834, -10.566348542076867, -10.5669790544448, -10.566663798260834, -10.566663798260834, -10.566663798260834, -10.566348542076867, -10.566663798260834], \"AIN1\": [-10.566663798260834, -10.566663798260834, -10.566348542076867, -10.566348542076867, -10.566663798260834, -10.566663798260834, -10.566663798260834, -10.566663798260834, -10.566663798260834, -10.566663798260834, -10.566663798260834, -10.566663798260834, -10.566663798260834, -10.566663798260834, -10.566663798260834, -10.566663798260834, -10.566663798260834, -10.566663798260834, -10.566348542076867, -10.566663798260834, -10.566663798260834, -10.566663798260834, -10.566348542076867, -10.566663798260834, -10.566663798260834, -10.566348542076867, -10.5669790544448, -10.5669790544448, -10.5669790544448, -10.5669790544448, -10.566663798260834, -10.5669790544448, -10.566663798260834, -10.566663798260834, -10.566663798260834, -10.5669790544448, -10.5669790544448, -10.566663798260834, -10.566663798260834, -10.566348542076867, -10.566663798260834, -10.5669790544448, -10.566348542076867, -10.566348542076867, -10.5669790544448, -10.566348542076867, -10.5669790544448, -10.566663798260834, -10.5669790544448, -10.566663798260834, -10.5669790544448, -10.566663798260834, -10.5669790544448, -10.566348542076867, -10.566663798260834, -10.566348542076867, -10.566663798260834, -10.5669790544448, -10.566663798260834, -10.566348542076867, -10.566663798260834, -10.566663798260834, -10.566663798260834, -10.566663798260834, -10.5669790544448, -10.566348542076867, -10.566663798260834, -10.566663798260834, -10.566663798260834, -10.5669790544448, -10.5669790544448, -10.5669790544448, -10.566663798260834, -10.566663798260834, -10.566663798260834, -10.566663798260834, -10.566348542076867, -10.566663798260834, -10.566663798260834, -10.566348542076867, -10.566348542076867, -10.566663798260834, -10.566663798260834, -10.5669790544448, -10.566348542076867, -10.5669790544448, -10.5669790544448, -10.566663798260834, -10.5669790544448, -10.5669790544448, -10.566348542076867, -10.5669790544448, -10.5669790544448, -10.566663798260834, -10.5669790544448, -10.566348542076867, -10.566663798260834, -10.566663798260834, -10.566663798260834, -10.566348542076867, -10.566348542076867, -10.566663798260834, -10.566348542076867, -10.566663798260834, -10.566663798260834, -10.566663798260834, -10.566348542076867, -10.566663798260834, -10.566663798260834, -10.566663798260834, -10.566663798260834, -10.5669790544448, -10.566663798260834, -10.566663798260834, -10.5669790544448, -10.566663798260834, -10.566663798260834, -10.5669790544448, -10.566663798260834, -10.566663798260834, -10.566663798260834, -10.566663798260834, -10.566663798260834, -10.566663798260834, -10.566663798260834, -10.5669790544448, -10.566348542076867, -10.566663798260834, -10.5669790544448, -10.5669790544448, -10.5669790544448, -10.566663798260834, -10.5669790544448, -10.566663798260834, -10.566663798260834, -10.566663798260834, -10.566663798260834, -10.566663798260834, -10.5669790544448, -10.5669790544448, -10.566663798260834, -10.5669790544448, -10.566663798260834, -10.5669790544448, -10.566663798260834, -10.566663798260834, -10.5669790544448, -10.5669790544448, -10.5669790544448, -10.566663798260834, -10.566663798260834, -10.566348542076867, -10.566348542076867, -10.5669790544448, -10.5669790544448, -10.566663798260834, -10.566348542076867, -10.5669790544448, -10.566663798260834, -10.566663798260834, -10.566663798260834, -10.566663798260834, -10.566663798260834, -10.5669790544448, -10.5669790544448, -10.566663798260834, -10.566663798260834, -10.566663798260834, -10.566663798260834, -10.5669790544448, -10.566663798260834, -10.566663798260834, -10.566663798260834, -10.566663798260834, -10.566663798260834, -10.5669790544448, -10.566663798260834, -10.566663798260834, -10.566348542076867, -10.566663798260834, -10.5669790544448, -10.566663798260834, -10.566663798260834, -10.566663798260834, -10.566663798260834, -10.566663798260834, -10.5669790544448, -10.5669790544448, -10.566663798260834, -10.566663798260834, -10.566663798260834, -10.566663798260834, -10.566663798260834, -10.5669790544448, -10.566663798260834, -10.566663798260834, -10.566663798260834, -10.566348542076867, -10.566663798260834, -10.566663798260834, -10.566663798260834, -10.566663798260834, -10.566663798260834, -10.566663798260834, -10.566663798260834, -10.566663798260834, -10.566663798260834, -10.566663798260834, -10.5669790544448, -10.566663798260834, -10.566663798260834, -10.566663798260834, -10.566663798260834, -10.5669790544448, -10.5669790544448, -10.566348542076867, -10.5669790544448, -10.566663798260834, -10.566663798260834, -10.5669790544448, -10.566663798260834, -10.566663798260834, -10.566663798260834, -10.566348542076867, -10.566348542076867, -10.566663798260834, -10.566348542076867, -10.566663798260834, -10.566663798260834, -10.566663798260834, -10.5669790544448, -10.5669790544448, -10.566663798260834, -10.5669790544448, -10.5669790544448, -10.566663798260834, -10.5669790544448, -10.566663798260834, -10.5669790544448, -10.566663798260834, -10.566663798260834, -10.566663798260834, -10.5669790544448, -10.566663798260834, -10.5669790544448, -10.566348542076867, -10.566663798260834, -10.5669790544448, -10.566663798260834, -10.566348542076867], \"AIN2\": [-10.566663798260834, -10.566348542076867, -10.566663798260834, -10.566663798260834, -10.5669790544448, -10.566663798260834, -10.566663798260834, -10.566663798260834, -10.566663798260834, -10.5669790544448, -10.566348542076867, -10.5669790544448, -10.566663798260834, -10.5669790544448, -10.5669790544448, -10.566663798260834, -10.5669790544448, -10.566348542076867, -10.566663798260834, -10.566663798260834, -10.5669790544448, -10.566663798260834, -10.566663798260834, -10.566663798260834, -10.5669790544448, -10.566663798260834, -10.5669790544448, -10.566663798260834, -10.5669790544448, -10.566663798260834, -10.566663798260834, -10.566348542076867, -10.567294310628768, -10.566663798260834, -10.566348542076867, -10.566663798260834, -10.5669790544448, -10.5669790544448, -10.566663798260834, -10.566663798260834, -10.566663798260834, -10.5669790544448, -10.566663798260834, -10.5669790544448, -10.5669790544448, -10.566663798260834, -10.566663798260834, -10.566348542076867, -10.5669790544448, -10.5669790544448, -10.5669790544448, -10.5669790544448, -10.566663798260834, -10.566663798260834, -10.5669790544448, -10.566663798260834, -10.5669790544448, -10.5669790544448, -10.5669790544448, -10.5669790544448, -10.566348542076867, -10.566663798260834, -10.5669790544448, -10.566663798260834, -10.566663798260834, -10.566348542076867, -10.566663798260834, -10.566663798260834, -10.566348542076867, -10.566663798260834, -10.5669790544448, -10.566663798260834, -10.566663798260834, -10.566663798260834, -10.566663798260834, -10.5669790544448, -10.566663798260834, -10.566663798260834, -10.566663798260834, -10.566663798260834, -10.566663798260834, -10.566663798260834, -10.566663798260834, -10.566663798260834, -10.566348542076867, -10.5669790544448, -10.566348542076867, -10.5669790544448, -10.5669790544448, -10.566348542076867, -10.566348542076867, -10.566663798260834, -10.5669790544448, -10.5669790544448, -10.566663798260834, -10.566663798260834, -10.566663798260834, -10.566663798260834, -10.566348542076867, -10.566663798260834, -10.566663798260834, -10.5669790544448, -10.5669790544448, -10.566348542076867, -10.5669790544448, -10.566348542076867, -10.566663798260834, -10.566663798260834, -10.5669790544448, -10.566663798260834, -10.566663798260834, -10.566348542076867, -10.566348542076867, -10.566663798260834, -10.566663798260834, -10.566663798260834, -10.566663798260834, -10.566663798260834, -10.566348542076867, -10.5669790544448, -10.566663798260834, -10.566663798260834, -10.566663798260834, -10.566663798260834, -10.566663798260834, -10.5669790544448, -10.5669790544448, -10.5669790544448, -10.566663798260834, -10.566663798260834, -10.566663798260834, -10.566663798260834, -10.5669790544448, -10.5669790544448, -10.5669790544448, -10.566663798260834, -10.5669790544448, -10.566348542076867, -10.566663798260834, -10.566348542076867, -10.5669790544448, -10.566663798260834, -10.5669790544448, -10.566663798260834, -10.566663798260834, -10.5669790544448, -10.5669790544448, -10.566663798260834, -10.566663798260834, -10.5669790544448, -10.566663798260834, -10.5669790544448, -10.566663798260834, -10.5669790544448, -10.566348542076867, -10.566663798260834, -10.566663798260834, -10.566663798260834, -10.566663798260834, -10.566663798260834, -10.5669790544448, -10.566663798260834, -10.566663798260834, -10.566348542076867, -10.5669790544448, -10.566663798260834, -10.566348542076867, -10.566348542076867, -10.566663798260834, -10.566663798260834, -10.566663798260834, -10.566348542076867, -10.5669790544448, -10.5669790544448, -10.566663798260834, -10.566663798260834, -10.566663798260834, -10.566663798260834, -10.566663798260834, -10.566663798260834, -10.566663798260834, -10.566663798260834, -10.5669790544448, -10.566663798260834, -10.5669790544448, -10.566348542076867, -10.5669790544448, -10.566663798260834, -10.566348542076867, -10.566663798260834, -10.5669790544448, -10.566348542076867, -10.566663798260834, -10.566663798260834, -10.566663798260834, -10.566663798260834, -10.566348542076867, -10.566663798260834, -10.566348542076867, -10.566348542076867, -10.566663798260834, -10.566663798260834, -10.566663798260834, -10.566663798260834, -10.566348542076867, -10.5669790544448, -10.566663798260834, -10.5669790544448, -10.5669790544448, -10.5669790544448, -10.566663798260834, -10.566663798260834, -10.5669790544448, -10.566663798260834, -10.566663798260834, -10.5669790544448, -10.566348542076867, -10.5669790544448, -10.566348542076867, -10.566663798260834, -10.566663798260834, -10.566663798260834, -10.566348542076867, -10.566348542076867, -10.5669790544448, -10.566663798260834, -10.566663798260834, -10.566663798260834, -10.566663798260834, -10.566663798260834, -10.5669790544448, -10.566663798260834, -10.5660332858929, -10.566663798260834, -10.5669790544448, -10.566663798260834, -10.5669790544448, -10.5669790544448, -10.566663798260834, -10.5669790544448, -10.566348542076867, -10.566663798260834, -10.566663798260834, -10.5669790544448, -10.5669790544448, -10.566663798260834, -10.566663798260834, -10.5669790544448, -10.5669790544448, -10.566663798260834], \"AIN3\": [-10.5669790544448, -10.566348542076867, -10.566663798260834, -10.566663798260834, -10.566663798260834, -10.566663798260834, -10.5669790544448, -10.5669790544448, -10.566663798260834, -10.5669790544448, -10.566663798260834, -10.5669790544448, -10.566348542076867, -10.566663798260834, -10.566663798260834, -10.566663798260834, -10.566348542076867, -10.566348542076867, -10.5669790544448, -10.566348542076867, -10.5669790544448, -10.566663798260834, -10.566663798260834, -10.566663798260834, -10.566663798260834, -10.5669790544448, -10.5669790544448, -10.5669790544448, -10.566348542076867, -10.5669790544448, -10.566663798260834, -10.566663798260834, -10.566663798260834, -10.566663798260834, -10.566663798260834, -10.566663798260834, -10.5669790544448, -10.566663798260834, -10.566663798260834, -10.566663798260834, -10.566663798260834, -10.5669790544448, -10.5669790544448, -10.566663798260834, -10.566663798260834, -10.566663798260834, -10.566663798260834, -10.566663798260834, -10.566663798260834, -10.566663798260834, -10.566663798260834, -10.5669790544448, -10.5669790544448, -10.5669790544448, -10.5669790544448, -10.566663798260834, -10.566663798260834, -10.566663798260834, -10.566663798260834, -10.566663798260834, -10.5669790544448, -10.566663798260834, -10.5669790544448, -10.566663798260834, -10.5669790544448, -10.566663798260834, -10.566663798260834, -10.5669790544448, -10.5669790544448, -10.5669790544448, -10.566663798260834, -10.566663798260834, -10.566663798260834, -10.566663798260834, -10.566663798260834, -10.566663798260834, -10.566663798260834, -10.566663798260834, -10.566348542076867, -10.566663798260834, -10.566663798260834, -10.566663798260834, -10.566348542076867, -10.566663798260834, -10.5669790544448, -10.566663798260834, -10.566663798260834, -10.5669790544448, -10.566663798260834, -10.5669790544448, -10.566663798260834, -10.566348542076867, -10.566663798260834, -10.566663798260834, -10.566663798260834, -10.566348542076867, -10.5669790544448, -10.5669790544448, -10.566663798260834, -10.566663798260834, -10.5669790544448, -10.566348542076867, -10.566348542076867, -10.5669790544448, -10.566663798260834, -10.5669790544448, -10.5669790544448, -10.566663798260834, -10.5669790544448, -10.5669790544448, -10.566663798260834, -10.566348542076867, -10.566348542076867, -10.566663798260834, -10.5669790544448, -10.5669790544448, -10.566663798260834, -10.5669790544448, -10.5669790544448, -10.5669790544448, -10.566663798260834, -10.5669790544448, -10.566663798260834, -10.5669790544448, -10.5669790544448, -10.566663798260834, -10.566663798260834, -10.566663798260834, -10.566663798260834, -10.566663798260834, -10.566663798260834, -10.566663798260834, -10.566663798260834, -10.566663798260834, -10.566663798260834, -10.5669790544448, -10.566663798260834, -10.566663798260834, -10.566663798260834, -10.566663798260834, -10.566348542076867, -10.566663798260834, -10.5669790544448, -10.567294310628768, -10.566663798260834, -10.566663798260834, -10.5669790544448, -10.566348542076867, -10.5669790544448, -10.566663798260834, -10.566663798260834, -10.566663798260834, -10.566348542076867, -10.5669790544448, -10.5669790544448, -10.5669790544448, -10.566663798260834, -10.566663798260834, -10.566663798260834, -10.566348542076867, -10.566663798260834, -10.566663798260834, -10.566348542076867, -10.5669790544448, -10.566663798260834, -10.566663798260834, -10.5669790544448, -10.5669790544448, -10.566348542076867, -10.566663798260834, -10.566663798260834, -10.566663798260834, -10.5669790544448, -10.566663798260834, -10.566663798260834, -10.566663798260834, -10.566663798260834, -10.566663798260834, -10.5669790544448, -10.566663798260834, -10.5669790544448, -10.566663798260834, -10.566663798260834, -10.5669790544448, -10.566663798260834, -10.566663798260834, -10.566663798260834, -10.566663798260834, -10.5669790544448, -10.566663798260834, -10.5669790544448, -10.5669790544448, -10.566663798260834, -10.5669790544448, -10.566663798260834, -10.566663798260834, -10.566663798260834, -10.566663798260834, -10.566663798260834, -10.5669790544448, -10.566663798260834, -10.566663798260834, -10.566663798260834, -10.566663798260834, -10.566348542076867, -10.566663798260834, -10.566348542076867, -10.5669790544448, -10.566663798260834, -10.5669790544448, -10.566348542076867, -10.566663798260834, -10.566348542076867, -10.566348542076867, -10.566663798260834, -10.566663798260834, -10.5669790544448, -10.5669790544448, -10.566663798260834, -10.5669790544448, -10.566663798260834, -10.5669790544448, -10.566348542076867, -10.566663798260834, -10.566348542076867, -10.566663798260834, -10.5669790544448, -10.566663798260834, -10.5669790544448, -10.5669790544448, -10.566348542076867, -10.566663798260834, -10.5669790544448, -10.566663798260834, -10.566348542076867, -10.5669790544448, -10.5669790544448, -10.566663798260834, -10.566663798260834, -10.566663798260834, -10.566663798260834, -10.566663798260834, -10.566663798260834, -10.566663798260834, -10.566663798260834, -10.5669790544448, -10.566663798260834, -10.566348542076867, -10.5669790544448, -10.566663798260834]}, \"data_type\": \"<type 'collections.defaultdict'>\"}"}
{"message": "{\"timestamp\": 7.760378122329712, \"object_type\": \"standard\", \"data\": \"{ 'running_time':3.954459, 'x':3.304979, 'z':-3.343795E-07, 'view_angle':90.00001, 'x_mouse':0, 'y_mouse':-0.05, 'context':'None', 'outcome':'None'}\", \"data_type\": \"<type 'str'>\"}"}
{"message": "{\"timestamp\": 7.761414051055908, \"object_type\": \"labjack_task\", \"data\": {\"write_value\": 0, \"register\": 6002, \"mode\": \"write\"}, \"data_type\": \"<type 'dict'>\"}"}
{"message": "{\"timestamp\": 7.7619969844818115, \"object_type\": \"labjack_task\", \"data\": {\"write_value\": 0, \"register\": 6000, \"mode\": \"write\"}, \"data_type\": \"<type 'dict'>\"}"}
{"message": "{\"timestamp\": 7.762331962585449, \"object_type\": \"labjack_task\", \"data\": {\"write_value\": 0, \"register\": 6001, \"mode\": \"write\"}, \"data_type\": \"<type 'dict'>\"}"}
{"message": "{\"timestamp\": 7.774039030075073, \"object_type\": \"standard\", \"data\": \"{ 'running_time':3.968392, 'x':3.304979, 'z':-3.343795E-07, 'view_angle':90.00001, 'x_mouse':0.05, 'y_mouse':-0.1, 'context':'None', 'outcome':'None'}\", \"data_type\": \"<type 'str'>\"}"}
{"message": "{\"timestamp\": 7.774748086929321, \"object_type\": \"labjack_task\", \"data\": {\"write_value\": 0, \"register\": 6002, \"mode\": \"write\"}, \"data_type\": \"<type 'dict'>\"}"}
{"message": "{\"timestamp\": 7.775249004364014, \"object_type\": \"labjack_task\", \"data\": {\"write_value\": 0, \"register\": 6000, \"mode\": \"write\"}, \"data_type\": \"<type 'dict'>\"}"}
{"message": "{\"timestamp\": 7.775747060775757, \"object_type\": \"labjack_task\", \"data\": {\"write_value\": 0, \"register\": 6001, \"mode\": \"write\"}, \"data_type\": \"<type 'dict'>\"}"}
{"message": "{\"timestamp\": 7.81416916847229, \"object_type\": \"standard\", \"data\": \"{ 'running_time':4.007952, 'x':3.316979, 'z':-3.3581E-07, 'view_angle':90.00001, 'x_mouse':0, 'y_mouse':0, 'context':'None', 'outcome':'None'}\", \"data_type\": \"<type 'str'>\"}"}
{"message": "{\"timestamp\": 7.815168142318726, \"object_type\": \"labjack_task\", \"data\": {\"write_value\": 0, \"register\": 6002, \"mode\": \"write\"}, \"data_type\": \"<type 'dict'>\"}"}
{"message": "{\"timestamp\": 7.815737962722778, \"object_type\": \"labjack_task\", \"data\": {\"write_value\": 0, \"register\": 6000, \"mode\": \"write\"}, \"data_type\": \"<type 'dict'>\"}"}
{"message": "{\"timestamp\": 7.816354990005493, \"object_type\": \"labjack_task\", \"data\": {\"write_value\": 0, \"register\": 6001, \"mode\": \"write\"}, \"data_type\": \"<type 'dict'>\"}"}
{"message": "{\"timestamp\": 7.840695142745972, \"object_type\": \"standard\", \"data\": \"{ 'running_time':4.034899, 'x':3.316979, 'z':-3.3581E-07, 'view_angle':90.00001, 'x_mouse':0, 'y_mouse':0, 'context':'None', 'outcome':'None'}\", \"data_type\": \"<type 'str'>\"}"}
{"message": "{\"timestamp\": 7.841822147369385, \"object_type\": \"labjack_task\", \"data\": {\"write_value\": 0, \"register\": 6002, \"mode\": \"write\"}, \"data_type\": \"<type 'dict'>\"}"}
{"message": "{\"timestamp\": 7.842497110366821, \"object_type\": \"labjack_task\", \"data\": {\"write_value\": 0, \"register\": 6000, \"mode\": \"write\"}, \"data_type\": \"<type 'dict'>\"}"}
{"message": "{\"timestamp\": 7.843130111694336, \"object_type\": \"labjack_task\", \"data\": {\"write_value\": 0, \"register\": 6001, \"mode\": \"write\"}, \"data_type\": \"<type 'dict'>\"}"}
{"message": "{\"timestamp\": 7.867014169692993, \"object_type\": \"standard\", \"data\": \"{ 'running_time':4.061244, 'x':3.316979, 'z':-3.3581E-07, 'view_angle':90.00001, 'x_mouse':0, 'y_mouse':0, 'context':'None', 'outcome':'None'}\", \"data_type\": \"<type 'str'>\"}"}
{"message": "{\"timestamp\": 7.8682050704956055, \"object_type\": \"labjack_task\", \"data\": {\"write_value\": 0, \"register\": 6002, \"mode\": \"write\"}, \"data_type\": \"<type 'dict'>\"}"}
{"message": "{\"timestamp\": 7.868860960006714, \"object_type\": \"labjack_task\", \"data\": {\"write_value\": 0, \"register\": 6000, \"mode\": \"write\"}, \"data_type\": \"<type 'dict'>\"}"}
{"message": "{\"timestamp\": 7.869485139846802, \"object_type\": \"labjack_task\", \"data\": {\"write_value\": 0, \"register\": 6001, \"mode\": \"write\"}, \"data_type\": \"<type 'dict'>\"}"}
{"message": "{\"timestamp\": 7.894315004348755, \"object_type\": \"standard\", \"data\": \"{ 'running_time':4.088518, 'x':3.316979, 'z':-3.3581E-07, 'view_angle':90.00001, 'x_mouse':0, 'y_mouse':0, 'context':'None', 'outcome':'None'}\", \"data_type\": \"<type 'str'>\"}"}
{"message": "{\"timestamp\": 7.8959081172943115, \"object_type\": \"labjack_task\", \"data\": {\"write_value\": 0, \"register\": 6002, \"mode\": \"write\"}, \"data_type\": \"<type 'dict'>\"}"}
{"message": "{\"timestamp\": 7.89654016494751, \"object_type\": \"labjack_task\", \"data\": {\"write_value\": 0, \"register\": 6000, \"mode\": \"write\"}, \"data_type\": \"<type 'dict'>\"}"}
{"message": "{\"timestamp\": 7.897133111953735, \"object_type\": \"labjack_task\", \"data\": {\"write_value\": 0, \"register\": 6001, \"mode\": \"write\"}, \"data_type\": \"<type 'dict'>\"}"}
{"message": "{\"timestamp\": 7.921734094619751, \"object_type\": \"standard\", \"data\": \"{ 'running_time':4.115993, 'x':3.316979, 'z':-3.3581E-07, 'view_angle':90.00001, 'x_mouse':0, 'y_mouse':0, 'context':'None', 'outcome':'None'}\", \"data_type\": \"<type 'str'>\"}"}
{"message": "{\"timestamp\": 7.922827959060669, \"object_type\": \"labjack_task\", \"data\": {\"write_value\": 0, \"register\": 6002, \"mode\": \"write\"}, \"data_type\": \"<type 'dict'>\"}"}
{"message": "{\"timestamp\": 7.923485040664673, \"object_type\": \"labjack_task\", \"data\": {\"write_value\": 0, \"register\": 6000, \"mode\": \"write\"}, \"data_type\": \"<type 'dict'>\"}"}
{"message": "{\"timestamp\": 7.924158096313477, \"object_type\": \"labjack_task\", \"data\": {\"write_value\": 0, \"register\": 6001, \"mode\": \"write\"}, \"data_type\": \"<type 'dict'>\"}"}
{"message": "{\"timestamp\": 7.948225021362305, \"object_type\": \"standard\", \"data\": \"{ 'running_time':4.142396, 'x':3.316979, 'z':-3.3581E-07, 'view_angle':90.00001, 'x_mouse':0, 'y_mouse':0, 'context':'None', 'outcome':'None'}\", \"data_type\": \"<type 'str'>\"}"}
{"message": "{\"timestamp\": 7.949422121047974, \"object_type\": \"labjack_task\", \"data\": {\"write_value\": 0, \"register\": 6002, \"mode\": \"write\"}, \"data_type\": \"<type 'dict'>\"}"}
{"message": "{\"timestamp\": 7.9500181674957275, \"object_type\": \"labjack_task\", \"data\": {\"write_value\": 0, \"register\": 6000, \"mode\": \"write\"}, \"data_type\": \"<type 'dict'>\"}"}
{"message": "{\"timestamp\": 7.950662136077881, \"object_type\": \"labjack_task\", \"data\": {\"write_value\": 0, \"register\": 6001, \"mode\": \"write\"}, \"data_type\": \"<type 'dict'>\"}"}
{"message": "{\"timestamp\": 7.974534034729004, \"object_type\": \"standard\", \"data\": \"{ 'running_time':4.168944, 'x':3.316979, 'z':-3.3581E-07, 'view_angle':90.00001, 'x_mouse':0, 'y_mouse':0, 'context':'None', 'outcome':'None'}\", \"data_type\": \"<type 'str'>\"}"}
{"message": "{\"timestamp\": 7.975545167922974, \"object_type\": \"labjack_task\", \"data\": {\"write_value\": 0, \"register\": 6002, \"mode\": \"write\"}, \"data_type\": \"<type 'dict'>\"}"}
{"message": "{\"timestamp\": 7.976120948791504, \"object_type\": \"labjack_task\", \"data\": {\"write_value\": 0, \"register\": 6000, \"mode\": \"write\"}, \"data_type\": \"<type 'dict'>\"}"}
{"message": "{\"timestamp\": 7.976737976074219, \"object_type\": \"labjack_task\", \"data\": {\"write_value\": 0, \"register\": 6001, \"mode\": \"write\"}, \"data_type\": \"<type 'dict'>\"}"}
{"message": "{\"timestamp\": 8.002547025680542, \"object_type\": \"standard\", \"data\": \"{ 'running_time':4.196875, 'x':3.316979, 'z':-3.3581E-07, 'view_angle':90.00001, 'x_mouse':0, 'y_mouse':0, 'context':'None', 'outcome':'None'}\", \"data_type\": \"<type 'str'>\"}"}
{"message": "{\"timestamp\": 8.00341510772705, \"object_type\": \"labjack_task\", \"data\": {\"write_value\": 0, \"register\": 6002, \"mode\": \"write\"}, \"data_type\": \"<type 'dict'>\"}"}
{"message": "{\"timestamp\": 8.003997087478638, \"object_type\": \"labjack_task\", \"data\": {\"write_value\": 0, \"register\": 6000, \"mode\": \"write\"}, \"data_type\": \"<type 'dict'>\"}"}
{"message": "{\"timestamp\": 8.004632949829102, \"object_type\": \"labjack_task\", \"data\": {\"write_value\": 0, \"register\": 6001, \"mode\": \"write\"}, \"data_type\": \"<type 'dict'>\"}"}
{"message": "{\"timestamp\": 8.025000095367432, \"object_type\": \"labjack_stream\", \"data\": {\"AIN0\": [-10.566663798260834, -10.566348542076867, -10.566348542076867, -10.566663798260834, -10.566663798260834, -10.566348542076867, -10.5669790544448, -10.566348542076867, -10.5669790544448, -10.566348542076867, -10.566663798260834, -10.566663798260834, -10.5669790544448, -10.566348542076867, -10.566663798260834, -10.566663798260834, -10.566663798260834, -10.5669790544448, -10.5669790544448, -10.566663798260834, -10.5669790544448, -10.5669790544448, -10.566663798260834, -10.566663798260834, -10.566663798260834, -10.566663798260834, -10.566663798260834, -10.5669790544448, -10.566663798260834, -10.566663798260834, -10.566348542076867, -10.566663798260834, -10.566663798260834, -10.566348542076867, -10.566663798260834, -10.566663798260834, -10.5669790544448, -10.5669790544448, -10.566663798260834, -10.566663798260834, -10.566348542076867, -10.566663798260834, -10.566663798260834, -10.566663798260834, -10.566663798260834, -10.5669790544448, -10.566663798260834, -10.566663798260834, -10.566348542076867, -10.5669790544448, -10.566348542076867, -10.566663798260834, -10.566348542076867, -10.5669790544448, -10.566663798260834, -10.566348542076867, -10.566663798260834, -10.566663798260834, -10.566663798260834, -10.5669790544448, -10.566663798260834, -10.566663798260834, -10.566663798260834, -10.566663798260834, -10.566663798260834, -10.566663798260834, -10.566663798260834, -10.566663798260834, -10.566663798260834, -10.566663798260834, -10.566663798260834, -10.566663798260834, -10.566348542076867, -10.566663798260834, -10.566663798260834, -10.566348542076867, -10.5660332858929, -10.566663798260834, -10.5660332858929, -10.5669790544448, -10.566663798260834, -10.5669790544448, -10.566663798260834, -10.566348542076867, -10.566348542076867, -10.566663798260834, -10.566663798260834, -10.566663798260834, -10.566663798260834, -10.566663798260834, -10.566663798260834, -10.566663798260834, -10.566348542076867, -10.566663798260834, -10.566663798260834, -10.566663798260834, -10.566663798260834, -10.5669790544448, -10.566663798260834, -10.566348542076867, -10.566348542076867, -10.5669790544448, -10.5669790544448, -10.566663798260834, -10.5669790544448, -10.566663798260834, -10.566663798260834, -10.566663798260834, -10.566663798260834, -10.566663798260834, -10.566348542076867, -10.5669790544448, -10.5669790544448, -10.566663798260834, -10.5669790544448, -10.566348542076867, -10.566663798260834, -10.566663798260834, -10.566663798260834, -10.566663798260834, -10.566348542076867, -10.566663798260834, -10.566348542076867, -10.566663798260834, -10.566663798260834, -10.566663798260834, -10.566348542076867, -10.566348542076867, -10.566663798260834, -10.566663798260834, -10.566663798260834, -10.566663798260834, -10.5669790544448, -10.566663798260834, -10.566663798260834, -10.566663798260834, -10.566663798260834, -10.566663798260834, -10.566663798260834, -10.5669790544448, -10.566663798260834, -10.566663798260834, -10.566663798260834, -10.566663798260834, -10.566663798260834, -10.566663798260834, -10.566663798260834, -10.566663798260834, -10.5669790544448, -10.566663798260834, -10.566663798260834, -10.5669790544448, -10.566663798260834, -10.566663798260834, -10.566663798260834, -10.566663798260834, -10.566348542076867, -10.566663798260834, -10.566663798260834, -10.566663798260834, -10.566663798260834, -10.5669790544448, -10.566663798260834, -10.566663798260834, -10.5669790544448, -10.566663798260834, -10.566663798260834, -10.566348542076867, -10.566663798260834, -10.566348542076867, -10.566663798260834, -10.566663798260834, -10.566663798260834, -10.566663798260834, -10.566663798260834, -10.566663798260834, -10.566663798260834, -10.566348542076867, -10.566663798260834, -10.566663798260834, -10.5669790544448, -10.566663798260834, -10.566663798260834, -10.5669790544448, -10.5669790544448, -10.566663798260834, -10.5669790544448, -10.566663798260834, -10.566348542076867, -10.566663798260834, -10.566663798260834, -10.566663798260834, -10.566663798260834, -10.566663798260834, -10.566663798260834, -10.566663798260834, -10.566663798260834, -10.566663798260834, -10.566663798260834, -10.566663798260834, -10.566663798260834, -10.566663798260834, -10.5669790544448, -10.566348542076867, -10.5669790544448, -10.566663798260834, -10.566348542076867, -10.5669790544448, -10.566663798260834, -10.5669790544448, -10.566348542076867, -10.566663798260834, -10.566663798260834, -10.5669790544448, -10.566663798260834, -10.566663798260834, -10.566663798260834, -10.566663798260834, -10.5669790544448, -10.5669790544448, -10.5669790544448, -10.566663798260834, -10.566348542076867, -10.566348542076867, -10.5669790544448, -10.566663798260834, -10.566663798260834, -10.5669790544448, -10.566663798260834, -10.566663798260834, -10.566663798260834, -10.566348542076867, -10.566663798260834, -10.566663798260834, -10.566663798260834, -10.566663798260834, -10.566348542076867, -10.566663798260834, -10.566663798260834, -10.566663798260834, -10.566663798260834, -10.5669790544448, -10.566348542076867, -10.566348542076867, -10.5669790544448, -10.566348542076867, -10.566663798260834, -10.5669790544448, -10.5669790544448, -10.566348542076867], \"AIN1\": [-10.566663798260834, -10.566663798260834, -10.566663798260834, -10.566663798260834, -10.566348542076867, -10.566348542076867, -10.5669790544448, -10.566663798260834, -10.566663798260834, -10.566663798260834, -10.5669790544448, -10.566663798260834, -10.5669790544448, -10.5669790544448, -10.566663798260834, -10.566663798260834, -10.566348542076867, -10.566663798260834, -10.566663798260834, -10.5669790544448, -10.566663798260834, -10.566348542076867, -10.566663798260834, -10.566663798260834, -10.566663798260834, -10.5669790544448, -10.566663798260834, -10.566348542076867, -10.566663798260834, -10.566663798260834, -10.566663798260834, -10.566663798260834, -10.566348542076867, -10.566348542076867, -10.5669790544448, -10.5669790544448, -10.566663798260834, -10.566663798260834, -10.566663798260834, -10.566663798260834, -10.566663798260834, -10.566348542076867, -10.566663798260834, -10.566663798260834, -10.566348542076867, -10.5669790544448, -10.566663798260834, -10.566663798260834, -10.566663798260834, -10.566348542076867, -10.566663798260834, -10.566663798260834, -10.566663798260834, -10.566663798260834, -10.566663798260834, -10.566663798260834, -10.5669790544448, -10.5669790544448, -10.5669790544448, -10.566663798260834, -10.566663798260834, -10.566348542076867, -10.566663798260834, -10.566663798260834, -10.566663798260834, -10.566663798260834, -10.566663798260834, -10.566663798260834, -10.566348542076867, -10.566663798260834, -10.566663798260834, -10.566348542076867, -10.566348542076867, -10.566663798260834, -10.566663798260834, -10.566663798260834, -10.566663798260834, -10.5669790544448, -10.566348542076867, -10.5669790544448, -10.566663798260834, -10.566663798260834, -10.5669790544448, -10.5669790544448, -10.5669790544448, -10.566663798260834, -10.566348542076867, -10.566663798260834, -10.566663798260834, -10.566663798260834, -10.566663798260834, -10.5669790544448, -10.5669790544448, -10.566663798260834, -10.566663798260834, -10.566663798260834, -10.566663798260834, -10.566348542076867, -10.5669790544448, -10.566663798260834, -10.566663798260834, -10.566663798260834, -10.566663798260834, -10.5669790544448, -10.5669790544448, -10.566663798260834, -10.5669790544448, -10.566663798260834, -10.566663798260834, -10.5669790544448, -10.566663798260834, -10.5669790544448, -10.566663798260834, -10.566663798260834, -10.566348542076867, -10.566663798260834, -10.5669790544448, -10.566663798260834, -10.5669790544448, -10.566663798260834, -10.566663798260834, -10.566663798260834, -10.5669790544448, -10.566663798260834, -10.5669790544448, -10.5669790544448, -10.566348542076867, -10.566348542076867, -10.566663798260834, -10.566348542076867, -10.5669790544448, -10.5669790544448, -10.566663798260834, -10.5669790544448, -10.5669790544448, -10.566663798260834, -10.566348542076867, -10.566663798260834, -10.5669790544448, -10.566348542076867, -10.566663798260834, -10.5669790544448, -10.5669790544448, -10.566663798260834, -10.566663798260834, -10.566663798260834, -10.566663798260834, -10.566663798260834, -10.566348542076867, -10.566663798260834, -10.566663798260834, -10.566663798260834, -10.566663798260834, -10.566663798260834, -10.5669790544448, -10.5669790544448, -10.566663798260834, -10.566663798260834, -10.5669790544448, -10.5669790544448, -10.566663798260834, -10.5669790544448, -10.566348542076867, -10.566663798260834, -10.5669790544448, -10.5669790544448, -10.566663798260834, -10.566663798260834, -10.5669790544448, -10.566663798260834, -10.566663798260834, -10.566663798260834, -10.566663798260834, -10.566663798260834, -10.566663798260834, -10.566663798260834, -10.5669790544448, -10.566348542076867, -10.5669790544448, -10.566348542076867, -10.5669790544448, -10.5669790544448, -10.5669790544448, -10.566348542076867, -10.5669790544448, -10.566663798260834, -10.566348542076867, -10.566663798260834, -10.566663798260834, -10.566348542076867, -10.566663798260834, -10.566663798260834, -10.566663798260834, -10.566348542076867, -10.566663798260834, -10.566663798260834, -10.5669790544448, -10.5669790544448, -10.566663798260834, -10.5669790544448, -10.5669790544448, -10.566663798260834, -10.566663798260834, -10.566663798260834, -10.566663798260834, -10.566663798260834, -10.566663798260834, -10.5669790544448, -10.566663798260834, -10.5669790544448, -10.566663798260834, -10.566663798260834, -10.566663798260834, -10.5669790544448, -10.566663798260834, -10.566663798260834, -10.566348542076867, -10.5669790544448, -10.5669790544448, -10.566663798260834, -10.566663798260834, -10.566348542076867, -10.566663798260834, -10.566663798260834, -10.566663798260834, -10.566663798260834, -10.566663798260834, -10.566663798260834, -10.5669790544448, -10.566663798260834, -10.5669790544448, -10.566663798260834, -10.566663798260834, -10.566663798260834, -10.566663798260834, -10.566663798260834, -10.566663798260834, -10.5669790544448, -10.566663798260834, -10.566663798260834, -10.566348542076867, -10.566663798260834, -10.566348542076867, -10.5669790544448, -10.5660332858929, -10.566663798260834, -10.566663798260834, -10.566663798260834, -10.566348542076867, -10.566663798260834], \"AIN2\": [-10.566663798260834, -10.5669790544448, -10.566663798260834, -10.566663798260834, -10.566663798260834, -10.5669790544448, -10.5669790544448, -10.566663798260834, -10.566663798260834, -10.566348542076867, -10.566663798260834, -10.5669790544448, -10.5669790544448, -10.5669790544448, -10.566663798260834, -10.566663798260834, -10.566663798260834, -10.566348542076867, -10.566348542076867, -10.566663798260834, -10.566663798260834, -10.566663798260834, -10.5669790544448, -10.5669790544448, -10.566663798260834, -10.5669790544448, -10.566663798260834, -10.566663798260834, -10.566663798260834, -10.566663798260834, -10.566663798260834, -10.566663798260834, -10.566663798260834, -10.566663798260834, -10.5669790544448, -10.566348542076867, -10.566663798260834, -10.566348542076867, -10.5669790544448, -10.566663798260834, -10.566663798260834, -10.566663798260834, -10.5669790544448, -10.566663798260834, -10.566663798260834, -10.566663798260834, -10.5669790544448, -10.566663798260834, -10.566348542076867, -10.566663798260834, -10.566663798260834, -10.566348542076867, -10.566348542076867, -10.566663798260834, -10.566348542076867, -10.566663798260834, -10.5669790544448, -10.5669790544448, -10.566663798260834, -10.566663798260834, -10.566663798260834, -10.566663798260834, -10.566663798260834, -10.566663798260834, -10.566663798260834, -10.5669790544448, -10.566663798260834, -10.566348542076867, -10.566348542076867, -10.566348542076867, -10.5669790544448, -10.566663798260834, -10.566348542076867, -10.566348542076867, -10.566348542076867, -10.5669790544448, -10.5669790544448, -10.566663798260834, -10.5669790544448, -10.566348542076867, -10.5669790544448, -10.566663798260834, -10.566663798260834, -10.566663798260834, -10.566663798260834, -10.566663798260834, -10.566348542076867, -10.566348542076867, -10.566663798260834, -10.566663798260834, -10.566663798260834, -10.566663798260834, -10.566663798260834, -10.566663798260834, -10.566663798260834, -10.5669790544448, -10.566663798260834, -10.5669790544448, -10.566663798260834, -10.566348542076867, -10.566348542076867, -10.566663798260834, -10.566663798260834, -10.5669790544448, -10.566348542076867, -10.566663798260834, -10.5669790544448, -10.566663798260834, -10.5669790544448, -10.566348542076867, -10.5669790544448, -10.5669790544448, -10.566663798260834, -10.5669790544448, -10.566663798260834, -10.566348542076867, -10.566663798260834, -10.566663798260834, -10.566348542076867, -10.566663798260834, -10.5669790544448, -10.5669790544448, -10.566663798260834, -10.566663798260834, -10.566663798260834, -10.5669790544448, -10.5669790544448, -10.566663798260834, -10.5669790544448, -10.566663798260834, -10.5669790544448, -10.566348542076867, -10.566663798260834, -10.566663798260834, -10.566663798260834, -10.566663798260834, -10.566663798260834, -10.566348542076867, -10.5669790544448, -10.566663798260834, -10.566348542076867, -10.566348542076867, -10.566663798260834, -10.5669790544448, -10.566663798260834, -10.566663798260834, -10.566663798260834, -10.5669790544448, -10.566663798260834, -10.566348542076867, -10.5669790544448, -10.5669790544448, -10.5669790544448, -10.566663798260834, -10.566663798260834, -10.566663798260834, -10.566663798260834, -10.566663798260834, -10.566663798260834, -10.566663798260834, -10.566663798260834, -10.566663798260834, -10.566663798260834, -10.566663798260834, -10.566663798260834, -10.566663798260834, -10.5669790544448, -10.566663798260834, -10.566663798260834, -10.566663798260834, -10.566663798260834, -10.566663798260834, -10.566663798260834, -10.566663798260834, -10.566663798260834, -10.566663798260834, -10.566348542076867, -10.5669790544448, -10.566663798260834, -10.5669790544448, -10.5669790544448, -10.5669790544448, -10.566663798260834, -10.566663798260834, -10.5669790544448, -10.566348542076867, -10.5669790544448, -10.5669790544448, -10.566663798260834, -10.566348542076867, -10.566663798260834, -10.5669790544448, -10.5669790544448, -10.566663798260834, -10.566663798260834, -10.566348542076867, -10.5669790544448, -10.566663798260834, -10.566663798260834, -10.5669790544448, -10.566663798260834, -10.5669790544448, -10.566663798260834, -10.566348542076867, -10.566348542076867, -10.566663798260834, -10.566663798260834, -10.5669790544448, -10.566663798260834, -10.5669790544448, -10.566663798260834, -10.5669790544448, -10.5669790544448, -10.566663798260834, -10.5669790544448, -10.5669790544448, -10.566663798260834, -10.5669790544448, -10.5669790544448, -10.5669790544448, -10.5669790544448, -10.566663798260834, -10.5669790544448, -10.566663798260834, -10.566348542076867, -10.566348542076867, -10.566348542076867, -10.5669790544448, -10.566348542076867, -10.566663798260834, -10.566663798260834, -10.566663798260834, -10.566663798260834, -10.5669790544448, -10.566663798260834, -10.5669790544448, -10.567294310628768, -10.566348542076867, -10.566663798260834, -10.5669790544448, -10.566663798260834, -10.566663798260834, -10.566348542076867, -10.566663798260834, -10.566663798260834, -10.566663798260834, -10.566348542076867, -10.5669790544448, -10.566663798260834, -10.566663798260834], \"AIN3\": [-10.5669790544448, -10.566663798260834, -10.566348542076867, -10.566663798260834, -10.5669790544448, -10.566663798260834, -10.5669790544448, -10.5669790544448, -10.5669790544448, -10.5669790544448, -10.5669790544448, -10.566663798260834, -10.566663798260834, -10.566663798260834, -10.5669790544448, -10.566663798260834, -10.566663798260834, -10.566348542076867, -10.566348542076867, -10.5669790544448, -10.5669790544448, -10.5669790544448, -10.566663798260834, -10.566663798260834, -10.566663798260834, -10.566663798260834, -10.566663798260834, -10.566663798260834, -10.5669790544448, -10.5669790544448, -10.566663798260834, -10.566663798260834, -10.566663798260834, -10.566663798260834, -10.5669790544448, -10.566348542076867, -10.566663798260834, -10.5669790544448, -10.5669790544448, -10.5669790544448, -10.566663798260834, -10.566663798260834, -10.566663798260834, -10.566663798260834, -10.566663798260834, -10.566663798260834, -10.5669790544448, -10.566663798260834, -10.566663798260834, -10.566663798260834, -10.566348542076867, -10.5669790544448, -10.566348542076867, -10.5669790544448, -10.566348542076867, -10.566663798260834, -10.566348542076867, -10.566348542076867, -10.566663798260834, -10.566663798260834, -10.5669790544448, -10.566663798260834, -10.566348542076867, -10.566663798260834, -10.566663798260834, -10.566348542076867, -10.566663798260834, -10.566348542076867, -10.566663798260834, -10.566663798260834, -10.5669790544448, -10.566663798260834, -10.566348542076867, -10.5669790544448, -10.5669790544448, -10.5669790544448, -10.566663798260834, -10.566663798260834, -10.566348542076867, -10.566663798260834, -10.566663798260834, -10.5669790544448, -10.566663798260834, -10.566663798260834, -10.566663798260834, -10.566663798260834, -10.566663798260834, -10.5669790544448, -10.566663798260834, -10.566348542076867, -10.5669790544448, -10.566348542076867, -10.5669790544448, -10.5669790544448, -10.566663798260834, -10.5669790544448, -10.566663798260834, -10.566663798260834, -10.566348542076867, -10.566348542076867, -10.5669790544448, -10.566663798260834, -10.566663798260834, -10.566663798260834, -10.566663798260834, -10.566663798260834, -10.566663798260834, -10.566348542076867, -10.5669790544448, -10.566348542076867, -10.5669790544448, -10.566663798260834, -10.566663798260834, -10.5669790544448, -10.566663798260834, -10.566663798260834, -10.566663798260834, -10.566663798260834, -10.566663798260834, -10.5669790544448, -10.566663798260834, -10.5669790544448, -10.566663798260834, -10.5669790544448, -10.566663798260834, -10.566663798260834, -10.566663798260834, -10.566663798260834, -10.566663798260834, -10.566663798260834, -10.566663798260834, -10.5669790544448, -10.5669790544448, -10.5669790544448, -10.566663798260834, -10.5669790544448, -10.566663798260834, -10.566663798260834, -10.566663798260834, -10.566663798260834, -10.5669790544448, -10.566663798260834, -10.566663798260834, -10.566663798260834, -10.566663798260834, -10.5669790544448, -10.566348542076867, -10.566663798260834, -10.566663798260834, -10.5669790544448, -10.566348542076867, -10.5669790544448, -10.566663798260834, -10.5669790544448, -10.5669790544448, -10.566663798260834, -10.5669790544448, -10.566663798260834, -10.566663798260834, -10.5669790544448, -10.566663798260834, -10.566663798260834, -10.5669790544448, -10.566663798260834, -10.566348542076867, -10.566348542076867, -10.566663798260834, -10.5669790544448, -10.566348542076867, -10.566663798260834, -10.5669790544448, -10.566663798260834, -10.566663798260834, -10.566663798260834, -10.5669790544448, -10.566663798260834, -10.566663798260834, -10.566663798260834, -10.566663798260834, -10.566663798260834, -10.566663798260834, -10.5669790544448, -10.5669790544448, -10.566663798260834, -10.5669790544448, -10.5669790544448, -10.566348542076867, -10.566663798260834, -10.566663798260834, -10.566663798260834, -10.5669790544448, -10.5669790544448, -10.566663798260834, -10.566663798260834, -10.566663798260834, -10.5669790544448, -10.5669790544448, -10.5669790544448, -10.566663798260834, -10.566663798260834, -10.566663798260834, -10.566663798260834, -10.5669790544448, -10.566663798260834, -10.566663798260834, -10.566663798260834, -10.5669790544448, -10.566663798260834, -10.566663798260834, -10.566348542076867, -10.566663798260834, -10.566663798260834, -10.566663798260834, -10.566348542076867, -10.5669790544448, -10.566663798260834, -10.566663798260834, -10.5669790544448, -10.566348542076867, -10.566663798260834, -10.5669790544448, -10.5669790544448, -10.5669790544448, -10.5669790544448, -10.566663798260834, -10.5669790544448, -10.566348542076867, -10.566663798260834, -10.566663798260834, -10.566663798260834, -10.566663798260834, -10.566663798260834, -10.5669790544448, -10.5669790544448, -10.566663798260834, -10.566663798260834, -10.5669790544448, -10.566663798260834, -10.566663798260834, -10.566348542076867, -10.5669790544448, -10.5669790544448, -10.5669790544448, -10.566663798260834, -10.5669790544448, -10.566348542076867, -10.566663798260834, -10.566663798260834, -10.566663798260834, -10.5669790544448]}, \"data_type\": \"<type 'collections.defaultdict'>\"}"}
{"message": "{\"timestamp\": 8.027637958526611, \"object_type\": \"standard\", \"data\": \"{ 'running_time':4.222075, 'x':3.316979, 'z':-3.3581E-07, 'view_angle':90.00001, 'x_mouse':0, 'y_mouse':0, 'context':'None', 'outcome':'None'}\", \"data_type\": \"<type 'str'>\"}"}
{"message": "{\"timestamp\": 8.028393983840942, \"object_type\": \"labjack_task\", \"data\": {\"write_value\": 0, \"register\": 6002, \"mode\": \"write\"}, \"data_type\": \"<type 'dict'>\"}"}
{"message": "{\"timestamp\": 8.028831958770752, \"object_type\": \"labjack_task\", \"data\": {\"write_value\": 0, \"register\": 6000, \"mode\": \"write\"}, \"data_type\": \"<type 'dict'>\"}"}
{"message": "{\"timestamp\": 8.02920413017273, \"object_type\": \"labjack_task\", \"data\": {\"write_value\": 0, \"register\": 6001, \"mode\": \"write\"}, \"data_type\": \"<type 'dict'>\"}"}
{"message": "{\"timestamp\": 8.054671049118042, \"object_type\": \"standard\", \"data\": \"{ 'running_time':4.249189, 'x':3.316979, 'z':-3.3581E-07, 'view_angle':90.00001, 'x_mouse':0, 'y_mouse':0, 'context':'None', 'outcome':'None'}\", \"data_type\": \"<type 'str'>\"}"}
{"message": "{\"timestamp\": 8.05548906326294, \"object_type\": \"labjack_task\", \"data\": {\"write_value\": 0, \"register\": 6002, \"mode\": \"write\"}, \"data_type\": \"<type 'dict'>\"}"}
{"message": "{\"timestamp\": 8.056060075759888, \"object_type\": \"labjack_task\", \"data\": {\"write_value\": 0, \"register\": 6000, \"mode\": \"write\"}, \"data_type\": \"<type 'dict'>\"}"}
{"message": "{\"timestamp\": 8.056434154510498, \"object_type\": \"labjack_task\", \"data\": {\"write_value\": 0, \"register\": 6001, \"mode\": \"write\"}, \"data_type\": \"<type 'dict'>\"}"}
{"message": "{\"timestamp\": 8.084058046340942, \"object_type\": \"standard\", \"data\": \"{ 'running_time':4.278392, 'x':3.316979, 'z':-3.3581E-07, 'view_angle':90.00001, 'x_mouse':0, 'y_mouse':0, 'context':'None', 'outcome':'None'}\", \"data_type\": \"<type 'str'>\"}"}
{"message": "{\"timestamp\": 8.085160970687866, \"object_type\": \"labjack_task\", \"data\": {\"write_value\": 0, \"register\": 6002, \"mode\": \"write\"}, \"data_type\": \"<type 'dict'>\"}"}
{"message": "{\"timestamp\": 8.085910081863403, \"object_type\": \"labjack_task\", \"data\": {\"write_value\": 0, \"register\": 6000, \"mode\": \"write\"}, \"data_type\": \"<type 'dict'>\"}"}
{"message": "{\"timestamp\": 8.086467027664185, \"object_type\": \"labjack_task\", \"data\": {\"write_value\": 0, \"register\": 6001, \"mode\": \"write\"}, \"data_type\": \"<type 'dict'>\"}"}
{"message": "{\"timestamp\": 8.098495960235596, \"object_type\": \"standard\", \"data\": \"{ 'running_time':4.292635, 'x':3.316979, 'z':-3.3581E-07, 'view_angle':90.00001, 'x_mouse':0, 'y_mouse':0, 'context':'None', 'outcome':'None'}\", \"data_type\": \"<type 'str'>\"}"}
{"message": "{\"timestamp\": 8.099682092666626, \"object_type\": \"labjack_task\", \"data\": {\"write_value\": 0, \"register\": 6002, \"mode\": \"write\"}, \"data_type\": \"<type 'dict'>\"}"}
{"message": "{\"timestamp\": 8.100458145141602, \"object_type\": \"labjack_task\", \"data\": {\"write_value\": 0, \"register\": 6000, \"mode\": \"write\"}, \"data_type\": \"<type 'dict'>\"}"}
{"message": "{\"timestamp\": 8.10112714767456, \"object_type\": \"labjack_task\", \"data\": {\"write_value\": 0, \"register\": 6001, \"mode\": \"write\"}, \"data_type\": \"<type 'dict'>\"}"}
{"message": "{\"timestamp\": 8.135344982147217, \"object_type\": \"standard\", \"data\": \"{ 'running_time':4.329494, 'x':3.316979, 'z':-3.3581E-07, 'view_angle':90.00001, 'x_mouse':0, 'y_mouse':0, 'context':'None', 'outcome':'None'}\", \"data_type\": \"<type 'str'>\"}"}
{"message": "{\"timestamp\": 8.136393070220947, \"object_type\": \"labjack_task\", \"data\": {\"write_value\": 0, \"register\": 6002, \"mode\": \"write\"}, \"data_type\": \"<type 'dict'>\"}"}
{"message": "{\"timestamp\": 8.13697099685669, \"object_type\": \"labjack_task\", \"data\": {\"write_value\": 0, \"register\": 6000, \"mode\": \"write\"}, \"data_type\": \"<type 'dict'>\"}"}
{"message": "{\"timestamp\": 8.137606143951416, \"object_type\": \"labjack_task\", \"data\": {\"write_value\": 0, \"register\": 6001, \"mode\": \"write\"}, \"data_type\": \"<type 'dict'>\"}"}
{"message": "{\"timestamp\": 8.16249394416809, \"object_type\": \"standard\", \"data\": \"{ 'running_time':4.356758, 'x':3.316979, 'z':-3.3581E-07, 'view_angle':90.00001, 'x_mouse':0, 'y_mouse':0, 'context':'None', 'outcome':'None'}\", \"data_type\": \"<type 'str'>\"}"}
{"message": "{\"timestamp\": 8.163527965545654, \"object_type\": \"labjack_task\", \"data\": {\"write_value\": 0, \"register\": 6002, \"mode\": \"write\"}, \"data_type\": \"<type 'dict'>\"}"}
{"message": "{\"timestamp\": 8.164088010787964, \"object_type\": \"labjack_task\", \"data\": {\"write_value\": 0, \"register\": 6000, \"mode\": \"write\"}, \"data_type\": \"<type 'dict'>\"}"}
{"message": "{\"timestamp\": 8.164711952209473, \"object_type\": \"labjack_task\", \"data\": {\"write_value\": 0, \"register\": 6001, \"mode\": \"write\"}, \"data_type\": \"<type 'dict'>\"}"}
{"message": "{\"timestamp\": 8.18923306465149, \"object_type\": \"standard\", \"data\": \"{ 'running_time':4.383389, 'x':3.316979, 'z':-3.3581E-07, 'view_angle':90.00001, 'x_mouse':0, 'y_mouse':0, 'context':'None', 'outcome':'None'}\", \"data_type\": \"<type 'str'>\"}"}
{"message": "{\"timestamp\": 8.190561056137085, \"object_type\": \"labjack_task\", \"data\": {\"write_value\": 0, \"register\": 6002, \"mode\": \"write\"}, \"data_type\": \"<type 'dict'>\"}"}
{"message": "{\"timestamp\": 8.191267013549805, \"object_type\": \"labjack_task\", \"data\": {\"write_value\": 0, \"register\": 6000, \"mode\": \"write\"}, \"data_type\": \"<type 'dict'>\"}"}
{"message": "{\"timestamp\": 8.191883087158203, \"object_type\": \"labjack_task\", \"data\": {\"write_value\": 0, \"register\": 6001, \"mode\": \"write\"}, \"data_type\": \"<type 'dict'>\"}"}
{"message": "{\"timestamp\": 8.21586298942566, \"object_type\": \"standard\", \"data\": \"{ 'running_time':4.410159, 'x':3.316979, 'z':-3.3581E-07, 'view_angle':90.00001, 'x_mouse':0, 'y_mouse':0, 'context':'None', 'outcome':'None'}\", \"data_type\": \"<type 'str'>\"}"}
{"message": "{\"timestamp\": 8.21708607673645, \"object_type\": \"labjack_task\", \"data\": {\"write_value\": 0, \"register\": 6002, \"mode\": \"write\"}, \"data_type\": \"<type 'dict'>\"}"}
{"message": "{\"timestamp\": 8.217726945877075, \"object_type\": \"labjack_task\", \"data\": {\"write_value\": 0, \"register\": 6000, \"mode\": \"write\"}, \"data_type\": \"<type 'dict'>\"}"}
{"message": "{\"timestamp\": 8.218333959579468, \"object_type\": \"labjack_task\", \"data\": {\"write_value\": 0, \"register\": 6001, \"mode\": \"write\"}, \"data_type\": \"<type 'dict'>\"}"}
{"message": "{\"timestamp\": 8.24271297454834, \"object_type\": \"standard\", \"data\": \"{ 'running_time':4.437041, 'x':3.316979, 'z':-3.3581E-07, 'view_angle':90.00001, 'x_mouse':0, 'y_mouse':0, 'context':'None', 'outcome':'None'}\", \"data_type\": \"<type 'str'>\"}"}
{"message": "{\"timestamp\": 8.24363112449646, \"object_type\": \"labjack_task\", \"data\": {\"write_value\": 0, \"register\": 6002, \"mode\": \"write\"}, \"data_type\": \"<type 'dict'>\"}"}
{"message": "{\"timestamp\": 8.251243114471436, \"object_type\": \"labjack_stream\", \"data\": {\"AIN0\": [-10.566663798260834, -10.566348542076867, -10.566663798260834, -10.566663798260834, -10.566663798260834, -10.5669790544448, -10.566663798260834, -10.566663798260834, -10.566663798260834, -10.566663798260834, -10.566348542076867, -10.5669790544448, -10.566348542076867, -10.566348542076867, -10.566348542076867, -10.566663798260834, -10.566663798260834, -10.566348542076867, -10.566663798260834, -10.566348542076867, -10.566348542076867, -10.566663798260834, -10.5669790544448, -10.566348542076867, -10.566348542076867, -10.566348542076867, -10.566663798260834, -10.566663798260834, -10.5669790544448, -10.566663798260834, -10.566348542076867, -10.566663798260834, -10.5669790544448, -10.566663798260834, -10.566663798260834, -10.566348542076867, -10.5669790544448, -10.566663798260834, -10.566348542076867, -10.5669790544448, -10.566663798260834, -10.566348542076867, -10.566663798260834, -10.5669790544448, -10.5669790544448, -10.5669790544448, -10.566663798260834, -10.566663798260834, -10.5669790544448, -10.5669790544448, -10.5669790544448, -10.566663798260834, -10.566663798260834, -10.5669790544448, -10.566348542076867, -10.566663798260834, -10.566348542076867, -10.566348542076867, -10.566663798260834, -10.566663798260834, -10.5669790544448, -10.566348542076867, -10.566663798260834, -10.566663798260834, -10.5669790544448, -10.566663798260834, -10.566663798260834, -10.566663798260834, -10.566348542076867, -10.566663798260834, -10.5669790544448, -10.566663798260834, -10.566348542076867, -10.566663798260834, -10.566348542076867, -10.566663798260834, -10.566663798260834, -10.566348542076867, -10.566663798260834, -10.566663798260834, -10.566348542076867, -10.5669790544448, -10.566663798260834, -10.566663798260834, -10.566348542076867, -10.566663798260834, -10.5669790544448, -10.5669790544448, -10.566663798260834, -10.566663798260834, -10.566663798260834, -10.5669790544448, -10.566663798260834, -10.5669790544448, -10.566663798260834, -10.566663798260834, -10.566663798260834, -10.5669790544448, -10.5669790544448, -10.566663798260834, -10.566663798260834, -10.566663798260834, -10.566663798260834, -10.566663798260834, -10.566348542076867, -10.566663798260834, -10.5669790544448, -10.5669790544448, -10.566663798260834, -10.566663798260834, -10.566348542076867, -10.566663798260834, -10.5669790544448, -10.5669790544448, -10.566663798260834, -10.566348542076867, -10.566663798260834, -10.566348542076867, -10.566663798260834, -10.566663798260834, -10.5669790544448, -10.566348542076867, -10.566663798260834, -10.5669790544448, -10.566663798260834, -10.566348542076867, -10.5669790544448, -10.566663798260834, -10.566663798260834, -10.566348542076867, -10.566663798260834, -10.566663798260834, -10.566348542076867, -10.566348542076867, -10.5669790544448, -10.5669790544448, -10.566663798260834, -10.5669790544448, -10.5669790544448, -10.566348542076867, -10.566663798260834, -10.566663798260834, -10.566663798260834, -10.566663798260834, -10.566663798260834, -10.566348542076867, -10.566663798260834, -10.566663798260834, -10.5669790544448, -10.566663798260834, -10.566348542076867, -10.566663798260834, -10.566663798260834, -10.566663798260834, -10.5669790544448, -10.566663798260834, -10.566348542076867, -10.566663798260834, -10.566663798260834, -10.566663798260834, -10.566663798260834, -10.5669790544448, -10.566663798260834, -10.566663798260834, -10.5669790544448, -10.5669790544448, -10.566663798260834, -10.566663798260834, -10.566663798260834, -10.566663798260834, -10.5669790544448, -10.566348542076867, -10.566663798260834, -10.566663798260834, -10.5669790544448, -10.566663798260834, -10.566663798260834, -10.566663798260834, -10.5669790544448, -10.5669790544448, -10.5669790544448, -10.566348542076867, -10.566663798260834, -10.566348542076867, -10.566348542076867, -10.5669790544448, -10.566663798260834, -10.566663798260834, -10.566663798260834, -10.5660332858929, -10.566663798260834, -10.566663798260834, -10.566663798260834, -10.5669790544448, -10.566663798260834, -10.566663798260834, -10.566663798260834, -10.566663798260834, -10.566663798260834, -10.5669790544448, -10.566663798260834, -10.566663798260834, -10.566348542076867, -10.566663798260834, -10.566348542076867, -10.566663798260834, -10.566663798260834, -10.566348542076867, -10.566663798260834, -10.566663798260834, -10.5669790544448, -10.566663798260834, -10.5669790544448, -10.566663798260834, -10.566663798260834, -10.5669790544448, -10.5669790544448, -10.5669790544448, -10.5669790544448, -10.5669790544448, -10.566663798260834, -10.5669790544448, -10.5669790544448, -10.566348542076867, -10.566663798260834, -10.566663798260834, -10.566663798260834, -10.566663798260834, -10.566348542076867, -10.566663798260834, -10.566663798260834, -10.566663798260834, -10.566663798260834, -10.566663798260834, -10.566348542076867, -10.566348542076867, -10.566348542076867, -10.5669790544448, -10.566663798260834, -10.566663798260834, -10.566348542076867, -10.566663798260834, -10.5669790544448, -10.566663798260834, -10.5669790544448, -10.566663798260834, -10.566663798260834, -10.566348542076867, -10.566663798260834, -10.566663798260834], \"AIN1\": [-10.566663798260834, -10.5669790544448, -10.566663798260834, -10.566663798260834, -10.566663798260834, -10.5669790544448, -10.566663798260834, -10.566348542076867, -10.566663798260834, -10.566663798260834, -10.566663798260834, -10.5669790544448, -10.566663798260834, -10.566348542076867, -10.566348542076867, -10.566663798260834, -10.566663798260834, -10.5669790544448, -10.5669790544448, -10.5669790544448, -10.566663798260834, -10.566663798260834, -10.5669790544448, -10.5669790544448, -10.5669790544448, -10.5669790544448, -10.566663798260834, -10.566663798260834, -10.566663798260834, -10.566663798260834, -10.5669790544448, -10.566663798260834, -10.5669790544448, -10.566663798260834, -10.566663798260834, -10.566663798260834, -10.566663798260834, -10.5669790544448, -10.566663798260834, -10.566663798260834, -10.566663798260834, -10.5669790544448, -10.566663798260834, -10.566663798260834, -10.566663798260834, -10.566348542076867, -10.566348542076867, -10.5669790544448, -10.566663798260834, -10.5669790544448, -10.566348542076867, -10.566348542076867, -10.566348542076867, -10.566663798260834, -10.566663798260834, -10.566663798260834, -10.566663798260834, -10.566663798260834, -10.566348542076867, -10.566663798260834, -10.566663798260834, -10.566348542076867, -10.566663798260834, -10.5669790544448, -10.5669790544448, -10.5669790544448, -10.566348542076867, -10.566663798260834, -10.566348542076867, -10.5669790544448, -10.566663798260834, -10.566663798260834, -10.5669790544448, -10.566663798260834, -10.5669790544448, -10.5669790544448, -10.5669790544448, -10.5669790544448, -10.566663798260834, -10.566663798260834, -10.566663798260834, -10.566348542076867, -10.566663798260834, -10.566663798260834, -10.566348542076867, -10.5669790544448, -10.566663798260834, -10.566663798260834, -10.566663798260834, -10.566663798260834, -10.566663798260834, -10.5669790544448, -10.566663798260834, -10.566663798260834, -10.566348542076867, -10.566348542076867, -10.5669790544448, -10.5669790544448, -10.566663798260834, -10.5669790544448, -10.5669790544448, -10.5669790544448, -10.566663798260834, -10.566663798260834, -10.5669790544448, -10.566663798260834, -10.566663798260834, -10.566663798260834, -10.5669790544448, -10.5669790544448, -10.566348542076867, -10.5669790544448, -10.566348542076867, -10.566663798260834, -10.566663798260834, -10.566663798260834, -10.5669790544448, -10.566663798260834, -10.566663798260834, -10.566663798260834, -10.566663798260834, -10.566663798260834, -10.566348542076867, -10.566348542076867, -10.5669790544448, -10.566663798260834, -10.5669790544448, -10.5669790544448, -10.566663798260834, -10.566348542076867, -10.566663798260834, -10.566663798260834, -10.5669790544448, -10.566348542076867, -10.566663798260834, -10.566348542076867, -10.566348542076867, -10.5669790544448, -10.566663798260834, -10.566663798260834, -10.5669790544448, -10.5669790544448, -10.566348542076867, -10.5669790544448, -10.566663798260834, -10.566663798260834, -10.566663798260834, -10.566663798260834, -10.566663798260834, -10.5669790544448, -10.5669790544448, -10.566663798260834, -10.5669790544448, -10.566348542076867, -10.566663798260834, -10.566663798260834, -10.5669790544448, -10.566663798260834, -10.566348542076867, -10.5669790544448, -10.5669790544448, -10.5669790544448, -10.566348542076867, -10.5669790544448, -10.566663798260834, -10.5669790544448, -10.5669790544448, -10.566663798260834, -10.5669790544448, -10.5669790544448, -10.5669790544448, -10.566663798260834, -10.566663798260834, -10.5669790544448, -10.566663798260834, -10.5669790544448, -10.5669790544448, -10.566663798260834, -10.566348542076867, -10.566663798260834, -10.566348542076867, -10.5669790544448, -10.566663798260834, -10.566663798260834, -10.566348542076867, -10.5669790544448, -10.566663798260834, -10.566663798260834, -10.5669790544448, -10.5669790544448, -10.566663798260834, -10.5669790544448, -10.566663798260834, -10.566663798260834, -10.566348542076867, -10.566663798260834, -10.566663798260834, -10.566348542076867, -10.566663798260834, -10.566663798260834, -10.5669790544448, -10.566348542076867, -10.566663798260834, -10.5669790544448, -10.566663798260834, -10.5669790544448, -10.566348542076867, -10.5669790544448, -10.566348542076867, -10.566663798260834, -10.5669790544448, -10.566663798260834, -10.566348542076867, -10.566663798260834, -10.566348542076867, -10.5669790544448, -10.5669790544448, -10.5669790544448, -10.566663798260834, -10.566663798260834, -10.566663798260834, -10.566663798260834, -10.566663798260834, -10.566663798260834, -10.566663798260834, -10.566663798260834, -10.566348542076867, -10.5669790544448, -10.5669790544448, -10.566663798260834, -10.5669790544448, -10.566663798260834, -10.566663798260834, -10.566663798260834, -10.5669790544448, -10.566663798260834, -10.5669790544448, -10.566348542076867, -10.5669790544448, -10.566663798260834, -10.566663798260834, -10.566663798260834, -10.5669790544448, -10.567294310628768, -10.566663798260834, -10.5669790544448, -10.566663798260834, -10.566348542076867, -10.5669790544448, -10.566663798260834], \"AIN2\": [-10.5669790544448, -10.5669790544448, -10.566663798260834, -10.566663798260834, -10.5669790544448, -10.566663798260834, -10.5669790544448, -10.566663798260834, -10.566663798260834, -10.566348542076867, -10.566663798260834, -10.566663798260834, -10.566663798260834, -10.5669790544448, -10.566348542076867, -10.5669790544448, -10.566663798260834, -10.566663798260834, -10.566663798260834, -10.566348542076867, -10.566663798260834, -10.5669790544448, -10.566348542076867, -10.566663798260834, -10.5669790544448, -10.5669790544448, -10.5669790544448, -10.5669790544448, -10.5669790544448, -10.566663798260834, -10.566348542076867, -10.5669790544448, -10.566663798260834, -10.566663798260834, -10.566663798260834, -10.566663798260834, -10.566663798260834, -10.5669790544448, -10.566663798260834, -10.5669790544448, -10.5669790544448, -10.5669790544448, -10.566348542076867, -10.566663798260834, -10.566663798260834, -10.566663798260834, -10.566663798260834, -10.566663798260834, -10.566663798260834, -10.566663798260834, -10.5669790544448, -10.566348542076867, -10.566663798260834, -10.5669790544448, -10.566348542076867, -10.5669790544448, -10.5669790544448, -10.5669790544448, -10.5669790544448, -10.566348542076867, -10.566663798260834, -10.566663798260834, -10.566663798260834, -10.566663798260834, -10.566663798260834, -10.566348542076867, -10.5669790544448, -10.5669790544448, -10.566663798260834, -10.566663798260834, -10.566663798260834, -10.566663798260834, -10.566663798260834, -10.5669790544448, -10.566348542076867, -10.566663798260834, -10.5669790544448, -10.566663798260834, -10.5669790544448, -10.566663798260834, -10.566348542076867, -10.566663798260834, -10.5669790544448, -10.566663798260834, -10.5669790544448, -10.566348542076867, -10.566663798260834, -10.5669790544448, -10.566348542076867, -10.566348542076867, -10.566663798260834, -10.5669790544448, -10.5669790544448, -10.566663798260834, -10.566663798260834, -10.566348542076867, -10.566663798260834, -10.566663798260834, -10.566663798260834, -10.5669790544448, -10.566663798260834, -10.566663798260834, -10.566348542076867, -10.566663798260834, -10.566663798260834, -10.566663798260834, -10.566663798260834, -10.566663798260834, -10.5669790544448, -10.566663798260834, -10.566663798260834, -10.566663798260834, -10.566663798260834, -10.566663798260834, -10.566663798260834, -10.5669790544448, -10.566663798260834, -10.566348542076867, -10.566663798260834, -10.566663798260834, -10.5669790544448, -10.566663798260834, -10.5669790544448, -10.566663798260834, -10.5669790544448, -10.566348542076867, -10.566663798260834, -10.566348542076867, -10.5669790544448, -10.5669790544448, -10.5669790544448, -10.566663798260834, -10.566663798260834, -10.566348542076867, -10.566663798260834, -10.5669790544448, -10.566663798260834, -10.566663798260834, -10.566663798260834, -10.5669790544448, -10.566663798260834, -10.5669790544448, -10.566663798260834, -10.5669790544448, -10.566663798260834, -10.566663798260834, -10.5669790544448, -10.5669790544448, -10.566348542076867, -10.566348542076867, -10.566663798260834, -10.566663798260834, -10.566663798260834, -10.566348542076867, -10.566663798260834, -10.566348542076867, -10.566348542076867, -10.566663798260834, -10.566663798260834, -10.566663798260834, -10.566348542076867, -10.566663798260834, -10.566663798260834, -10.5669790544448, -10.566663798260834, -10.5669790544448, -10.5669790544448, -10.566663798260834, -10.566663798260834, -10.5669790544448, -10.5669790544448, -10.566663798260834, -10.566663798260834, -10.566663798260834, -10.566663798260834, -10.566663798260834, -10.5669790544448, -10.566663798260834, -10.5669790544448, -10.5669790544448, -10.566663798260834, -10.566663798260834, -10.566663798260834, -10.5669790544448, -10.566663798260834, -10.566663798260834, -10.566663798260834, -10.566663798260834, -10.566663798260834, -10.566348542076867, -10.566663798260834, -10.566663798260834, -10.566663798260834, -10.566663798260834, -10.566663798260834, -10.566663798260834, -10.566663798260834, -10.566663798260834, -10.566663798260834, -10.566663798260834, -10.5669790544448, -10.566663798260834, -10.5669790544448, -10.5669790544448, -10.566663798260834, -10.5669790544448, -10.566663798260834, -10.566663798260834, -10.566663798260834, -10.566663798260834, -10.566663798260834, -10.566348542076867, -10.566663798260834, -10.566663798260834, -10.566663798260834, -10.5669790544448, -10.566663798260834, -10.566663798260834, -10.5669790544448, -10.566663798260834, -10.5669790544448, -10.566348542076867, -10.566663798260834, -10.566348542076867, -10.566348542076867, -10.566663798260834, -10.5669790544448, -10.566663798260834, -10.5669790544448, -10.5669790544448, -10.5669790544448, -10.566663798260834, -10.566663798260834, -10.5669790544448, -10.566663798260834, -10.566663798260834, -10.566663798260834, -10.566663798260834, -10.566663798260834, -10.566663798260834, -10.566663798260834, -10.5669790544448, -10.566663798260834, -10.5669790544448, -10.566663798260834, -10.5669790544448, -10.5669790544448, -10.566663798260834, -10.566663798260834, -10.566663798260834], \"AIN3\": [-10.566663798260834, -10.566348542076867, -10.566663798260834, -10.566663798260834, -10.566663798260834, -10.566663798260834, -10.566348542076867, -10.566348542076867, -10.566663798260834, -10.5669790544448, -10.566348542076867, -10.566663798260834, -10.566663798260834, -10.566663798260834, -10.566663798260834, -10.5669790544448, -10.566663798260834, -10.566663798260834, -10.567294310628768, -10.566663798260834, -10.566663798260834, -10.566663798260834, -10.566663798260834, -10.566348542076867, -10.5669790544448, -10.5669790544448, -10.566663798260834, -10.566348542076867, -10.5660332858929, -10.566663798260834, -10.566348542076867, -10.566348542076867, -10.5669790544448, -10.566348542076867, -10.566663798260834, -10.5669790544448, -10.5669790544448, -10.5669790544448, -10.566663798260834, -10.5669790544448, -10.566663798260834, -10.5669790544448, -10.566663798260834, -10.5669790544448, -10.567294310628768, -10.566663798260834, -10.566663798260834, -10.566663798260834, -10.566348542076867, -10.566663798260834, -10.566348542076867, -10.566663798260834, -10.5669790544448, -10.566663798260834, -10.566348542076867, -10.566348542076867, -10.566663798260834, -10.5669790544448, -10.5669790544448, -10.566663798260834, -10.566663798260834, -10.566348542076867, -10.566348542076867, -10.5669790544448, -10.566663798260834, -10.5669790544448, -10.566663798260834, -10.566348542076867, -10.5669790544448, -10.566348542076867, -10.5669790544448, -10.566348542076867, -10.566663798260834, -10.5669790544448, -10.566348542076867, -10.566663798260834, -10.5669790544448, -10.566663798260834, -10.566663798260834, -10.566663798260834, -10.566348542076867, -10.566663798260834, -10.5669790544448, -10.566663798260834, -10.566663798260834, -10.566663798260834, -10.566663798260834, -10.566663798260834, -10.566348542076867, -10.566663798260834, -10.566663798260834, -10.5669790544448, -10.5669790544448, -10.566663798260834, -10.566663798260834, -10.566663798260834, -10.5669790544448, -10.566663798260834, -10.566663798260834, -10.566348542076867, -10.5669790544448, -10.566663798260834, -10.5669790544448, -10.566663798260834, -10.5669790544448, -10.566663798260834, -10.566663798260834, -10.566663798260834, -10.5669790544448, -10.5669790544448, -10.5669790544448, -10.566663798260834, -10.5669790544448, -10.566663798260834, -10.566663798260834, -10.566663798260834, -10.566663798260834, -10.566663798260834, -10.5669790544448, -10.5669790544448, -10.566663798260834, -10.566663798260834, -10.5669790544448, -10.566663798260834, -10.566663798260834, -10.566663798260834, -10.5669790544448, -10.5669790544448, -10.566663798260834, -10.566348542076867, -10.566348542076867, -10.566663798260834, -10.566663798260834, -10.566663798260834, -10.5669790544448, -10.566348542076867, -10.566663798260834, -10.566348542076867, -10.566663798260834, -10.566663798260834, -10.566348542076867, -10.566663798260834, -10.566348542076867, -10.5669790544448, -10.566663798260834, -10.566663798260834, -10.566348542076867, -10.566348542076867, -10.566663798260834, -10.5669790544448, -10.5669790544448, -10.566663798260834, -10.566663798260834, -10.566663798260834, -10.566663798260834, -10.566348542076867, -10.566663798260834, -10.566663798260834, -10.566663798260834, -10.566348542076867, -10.566663798260834, -10.566663798260834, -10.566663798260834, -10.566663798260834, -10.566663798260834, -10.566348542076867, -10.566663798260834, -10.5669790544448, -10.566663798260834, -10.566348542076867, -10.566348542076867, -10.566663798260834, -10.566663798260834, -10.566663798260834, -10.566663798260834, -10.5669790544448, -10.566663798260834, -10.5669790544448, -10.5669790544448, -10.566663798260834, -10.5669790544448, -10.566348542076867, -10.566663798260834, -10.566663798260834, -10.566663798260834, -10.5669790544448, -10.566663798260834, -10.566663798260834, -10.566663798260834, -10.566348542076867, -10.5669790544448, -10.566663798260834, -10.566663798260834, -10.5669790544448, -10.5669790544448, -10.5669790544448, -10.566663798260834, -10.566663798260834, -10.566663798260834, -10.566663798260834, -10.566663798260834, -10.566663798260834, -10.5669790544448, -10.566348542076867, -10.566663798260834, -10.566663798260834, -10.566663798260834, -10.5669790544448, -10.566663798260834, -10.566663798260834, -10.566663798260834, -10.5669790544448, -10.566663798260834, -10.566348542076867, -10.566348542076867, -10.566663798260834, -10.5669790544448, -10.5669790544448, -10.5669790544448, -10.566663798260834, -10.5669790544448, -10.566663798260834, -10.566663798260834, -10.5669790544448, -10.566663798260834, -10.5669790544448, -10.5669790544448, -10.566663798260834, -10.5669790544448, -10.5669790544448, -10.566348542076867, -10.566663798260834, -10.566663798260834, -10.566663798260834, -10.566663798260834, -10.566663798260834, -10.566663798260834, -10.5669790544448, -10.566348542076867, -10.5669790544448, -10.5669790544448, -10.566663798260834, -10.566663798260834, -10.5669790544448, -10.5669790544448, -10.566663798260834, -10.566663798260834, -10.5669790544448, -10.5669790544448, -10.566348542076867]}, \"data_type\": \"<type 'collections.defaultdict'>\"}"}
{"message": "{\"timestamp\": 8.251322984695435, \"object_type\": \"labjack_task\", \"data\": {\"write_value\": 0, \"register\": 6000, \"mode\": \"write\"}, \"data_type\": \"<type 'dict'>\"}"}
{"message": "{\"timestamp\": 8.252182960510254, \"object_type\": \"labjack_task\", \"data\": {\"write_value\": 0, \"register\": 6001, \"mode\": \"write\"}, \"data_type\": \"<type 'dict'>\"}"}
{"message": "{\"timestamp\": 8.269500017166138, \"object_type\": \"standard\", \"data\": \"{ 'running_time':4.463679, 'x':3.316979, 'z':-3.3581E-07, 'view_angle':90.00001, 'x_mouse':0, 'y_mouse':0, 'context':'None', 'outcome':'None'}\", \"data_type\": \"<type 'str'>\"}"}
{"message": "{\"timestamp\": 8.270538091659546, \"object_type\": \"labjack_task\", \"data\": {\"write_value\": 0, \"register\": 6002, \"mode\": \"write\"}, \"data_type\": \"<type 'dict'>\"}"}
{"message": "{\"timestamp\": 8.271301031112671, \"object_type\": \"labjack_task\", \"data\": {\"write_value\": 0, \"register\": 6000, \"mode\": \"write\"}, \"data_type\": \"<type 'dict'>\"}"}
{"message": "{\"timestamp\": 8.271996974945068, \"object_type\": \"labjack_task\", \"data\": {\"write_value\": 0, \"register\": 6001, \"mode\": \"write\"}, \"data_type\": \"<type 'dict'>\"}"}
{"message": "{\"timestamp\": 8.29596209526062, \"object_type\": \"standard\", \"data\": \"{ 'running_time':4.490429, 'x':3.316979, 'z':-3.3581E-07, 'view_angle':90.00001, 'x_mouse':0, 'y_mouse':0, 'context':'None', 'outcome':'None'}\", \"data_type\": \"<type 'str'>\"}"}
{"message": "{\"timestamp\": 8.296765089035034, \"object_type\": \"labjack_task\", \"data\": {\"write_value\": 0, \"register\": 6002, \"mode\": \"write\"}, \"data_type\": \"<type 'dict'>\"}"}
{"message": "{\"timestamp\": 8.297434091567993, \"object_type\": \"labjack_task\", \"data\": {\"write_value\": 0, \"register\": 6000, \"mode\": \"write\"}, \"data_type\": \"<type 'dict'>\"}"}
{"message": "{\"timestamp\": 8.29783010482788, \"object_type\": \"labjack_task\", \"data\": {\"write_value\": 0, \"register\": 6001, \"mode\": \"write\"}, \"data_type\": \"<type 'dict'>\"}"}
